[2026-09-10 09:31] GH     UR    UR reclaim 157.89 > VWAP 157.45 | low 156.32@09:30 (-0.84 ADR, undercut PDL 159.94) | stop 156.32 (1.0%) | still below 9 EMA 162.58 | -0.6 ADR vs 21 EMA | vol pace 0.1x | SPY < VWAP (-0.01%)
[2026-09-10 09:32] TSLA   UR    UR reclaim 361.22 > VWAP 359.12 | low 357.68@09:31 (-0.73 ADR, undercut PDL 366.00) | stop 357.68 (1.0%) | +0.5 ADR vs 21 EMA | vol pace 0.1x | SPY < VWAP (-0.01%)
[2026-09-10 09:32] QCOM   UR    UR reclaim 174.20 > VWAP 173.47 | low 172.00@09:30 (-0.78 ADR, undercut PDL 173.32) | stop 172.00 (1.3%) | +1.3 ADR vs 21 EMA | vol pace 0.3x | SPY < VWAP (-0.03%)
[2026-09-10 09:32] DE     UR    UR reclaim 679.00 > VWAP 674.97 | low 671.40@09:31 (-0.29 ADR, undercut PDL 672.62) | stop 671.40 (1.1%) | +1.5 ADR vs 21 EMA | vol pace 2.5x | SPY < VWAP (-0.03%)
[2026-09-10 09:33] MSFT   UR    UR reclaim 488.16 > VWAP 487.54 | low 486.22@09:32 (-0.60 ADR, undercut PDL 489.80) | stop 486.22 (0.4%) | still below 9 EMA 497.71 | -0.2 ADR vs 21 EMA | vol pace 0.2x | SPY > VWAP (+0.01%)
[2026-09-10 09:33] IREN   UR    UR reclaim 44.54 > VWAP 44.05 | low 43.47@09:32 (-0.57 ADR, undercut PDL 45.09) | stop 43.47 (2.5%) | +1.0 ADR vs 21 EMA | vol pace 0.1x | SPY > VWAP (+0.01%)
[2026-09-10 09:33] NBIS   UR    UR reclaim 235.98 > VWAP 234.59 | low 230.89@09:32 (-0.54 ADR, undercut PDL 240.20) | stop 230.89 (2.2%) | +1.0 ADR vs 21 EMA | vol pace 0.3x | SPY > VWAP (+0.01%)
[2026-09-10 09:33] BE     UR    UR reclaim 265.62 > VWAP 264.79 | low 259.83@09:30 (-0.48 ADR, undercut PDL 268.58) | stop 259.83 (2.2%) | +2.1 ADR vs 21 EMA | vol pace 0.4x | SPY > VWAP (+0.01%)
[2026-09-10 09:33] ANET   UR    UR reclaim 189.10 > VWAP 188.89 | low 188.07@09:30 (-0.71 ADR, undercut PDL 192.05) | stop 188.07 (0.5%) | still below 9 EMA 192.96 | -0.4 ADR vs 21 EMA | vol pace 0.3x | SPY > VWAP (+0.03%)
[2026-09-10 09:33] HALO   UR    UR reclaim 106.99 > VWAP 106.73 | low 106.36@09:30 (-0.37 ADR, undercut PDL 106.62) | stop 106.36 (0.6%) | still below 9 EMA 108.06 | +1.0 ADR vs 21 EMA | vol pace 0.2x | SPY > VWAP (+0.03%)
[2026-09-10 09:34] GLW    UR    UR reclaim 165.09 > VWAP 164.57 | low 163.50@09:33 (-0.65 ADR, undercut PDL 167.36) | stop 163.50 (1.0%) | +1.4 ADR vs 21 EMA | vol pace 0.2x | SPY < VWAP (-0.04%)
[2026-09-10 09:34] COHR   UR    UR reclaim 298.77 > VWAP 295.73 | low 290.26@09:33 (-0.67 ADR, undercut PDL 301.86) | stop 290.26 (2.9%) | +0.3 ADR vs 21 EMA | vol pace 0.2x | SPY < VWAP (-0.04%)
[2026-09-10 09:34] NTRA   UR    UR reclaim 324.84 > VWAP 324.16 | low 320.65@09:30 (-0.91 ADR, undercut PDL 321.19) | stop 320.65 (1.3%) | still below 9 EMA 326.77 | +0.5 ADR vs 21 EMA | vol pace 0.5x | SPY < VWAP (-0.04%)
[2026-09-10 09:34] CBRS   UR    UR reclaim 193.01 > VWAP 191.59 | low 190.50@09:32 (-0.37 ADR, undercut PDL 194.56) | stop 190.50 (1.3%) | still below 9 EMA 194.45 | -0.4 ADR vs 21 EMA | vol pace 0.2x | SPY < VWAP (-0.01%)
[2026-09-10 09:35] ORCL   UR    UR reclaim 157.67 > VWAP 157.19 | low 156.31@09:34 (-0.82 ADR, undercut PDL 160.36) | stop 156.31 (0.9%) | +1.3 ADR vs 21 EMA | vol pace 0.3x | SPY > VWAP (+0.01%)
[2026-09-10 09:35] LRCX   UR    UR reclaim 304.27 > VWAP 303.87 | low 302.14@09:30 (-1.09 ADR, undercut PDL 312.76) | stop 302.14 (0.7%) | still below 9 EMA 307.92 | -0.5 ADR vs 21 EMA | vol pace 0.2x | SPY > VWAP (+0.00%)
[2026-09-10 09:35] HPE    UR    UR reclaim 57.26 > VWAP 56.99 | low 56.60@09:34 (-0.69 ADR, deep flush) | stop 56.60 (1.2%) | +1.2 ADR vs 21 EMA | vol pace 0.1x | SPY > VWAP (+0.00%)
[2026-09-10 09:35] LITE   UR    UR reclaim 964.13 > VWAP 959.70 | low 951.13@09:33 (-0.51 ADR, undercut PDL 978.11) | stop 951.13 (1.4%) | +1.1 ADR vs 21 EMA | vol pace 0.4x | SPY > VWAP (+0.00%)
[2026-09-10 09:35] CRCL   UR    UR reclaim 90.41 > VWAP 90.08 | low 89.55@09:30 (-0.51 ADR, undercut PDL 92.81) | stop 89.55 (1.0%) | still below 9 EMA 93.77 | +0.5 ADR vs 21 EMA | vol pace 0.2x | SPY > VWAP (+0.00%)
[2026-09-10 09:35] AXTI   UR    UR reclaim 66.44 > VWAP 65.91 | low 64.73@09:32 (-0.58 ADR, undercut PDL 68.18) | stop 64.73 (2.6%) | +0.1 ADR vs 21 EMA | vol pace 0.4x | SPY > VWAP (+0.00%)
[2026-09-10 09:36] HOOD   UR    UR reclaim 113.42 > VWAP 112.62 | low 111.95@09:34 (-0.50 ADR, undercut PDL 115.09) | stop 111.95 (1.3%) | +1.0 ADR vs 21 EMA | vol pace 0.3x | SPY > VWAP (+0.05%)
[2026-09-10 09:36] IBIT   UR    UR reclaim 43.62 > VWAP 43.50 | low 43.42@09:31 (-0.79 ADR, undercut PDL 44.16) | stop 43.42 (0.5%) | still below 9 EMA 44.24 | +1.2 ADR vs 21 EMA | vol pace 0.2x | SPY > VWAP (+0.05%)
[2026-09-10 09:36] WDC    UR    UR reclaim 461.46 > VWAP 460.84 | low 457.11@09:33 (-0.90 ADR, undercut PDL 471.72) | stop 457.11 (1.0%) | still below 9 EMA 465.18 | -0.3 ADR vs 21 EMA | vol pace 0.3x | SPY > VWAP (+0.05%)
[2026-09-10 09:36] TXG    UR    UR reclaim 65.17 > VWAP 64.88 | low 64.03@09:30 (-0.82 ADR, deep flush) | stop 64.03 (1.8%) | +1.2 ADR vs 21 EMA | vol pace 0.4x | SPY > VWAP (+0.06%)
[2026-09-10 09:36] HNGE   UR    UR reclaim 88.21 > VWAP 87.83 | low 86.78@09:32 (-1.03 ADR, undercut PDL 89.07) | stop 86.78 (1.6%) | still below 9 EMA 91.15 | -0.2 ADR vs 21 EMA | vol pace 0.5x | SPY > VWAP (+0.03%)
[2026-09-10 09:39] TSM    UR    UR reclaim 427.63 > VWAP 427.19 | low 425.31@09:33 (-1.14 ADR, undercut PDL 431.87) | stop 425.31 (0.5%) | +0.7 ADR vs 21 EMA | vol pace 0.3x | SPY > VWAP (+0.05%)
[2026-09-10 09:39] MU     UR    UR reclaim 994.31 > VWAP 989.53 | low 982.33@09:33 (-0.98 ADR, undercut PDL 992.29) | stop 982.33 (1.2%) | +0.9 ADR vs 21 EMA | vol pace 0.3x | SPY > VWAP (+0.05%)
[2026-09-10 09:39] SKHY   UR    UR reclaim 191.05 > VWAP 190.08 | low 188.79@09:37 (-1.07 ADR, deep flush) | stop 188.79 (1.2%) | +3.2 ADR vs 21 EMA | vol pace 0.5x | SPY > VWAP (+0.05%)
[2026-09-10 09:39] SNDK   UR    UR reclaim 1706.78 > VWAP 1702.57 | low 1687.12@09:33 (-0.63 ADR, undercut PDL 1728.02) | stop 1687.12 (1.2%) | +1.2 ADR vs 21 EMA | vol pace 0.4x | SPY > VWAP (+0.05%)
[2026-09-10 09:39] INTC   UR    UR reclaim 102.10 > VWAP 101.74 | low 101.04@09:34 (-1.10 ADR, undercut PDL 102.70) | stop 101.04 (1.0%) | +1.5 ADR vs 21 EMA | vol pace 0.2x | SPY > VWAP (+0.05%)
[2026-09-10 09:39] MRVL   UR    UR reclaim 232.57 > VWAP 230.46 | low 228.22@09:30 (-0.52 ADR, deep flush) | stop 228.22 (1.9%) | +0.8 ADR vs 21 EMA | vol pace 0.3x | SPY > VWAP (+0.05%)
[2026-09-10 09:39] AMD    UR    UR reclaim 511.11 > VWAP 510.54 | low 507.85@09:30 (-0.71 ADR, deep flush) | stop 507.85 (0.6%) | +1.7 ADR vs 21 EMA | vol pace 0.4x | SPY > VWAP (+0.05%)
[2026-09-10 09:39] ASML   UR    UR reclaim 1694.19 > VWAP 1687.27 | low 1681.58@09:34 (-1.24 ADR, undercut PDL 1722.92) | stop 1681.58 (0.8%) | still below 9 EMA 1717.98 | -0.9 ADR vs 21 EMA | vol pace 0.4x | SPY > VWAP (+0.05%)
[2026-09-10 09:39] TER    UR    UR reclaim 370.54 > VWAP 369.05 | low 366.31@09:33 (-0.91 ADR, undercut PDL 368.48) | stop 366.31 (1.2%) | +0.2 ADR vs 21 EMA | vol pace 0.2x | SPY > VWAP (+0.05%)
[2026-09-10 09:39] DRAM   UR    UR reclaim 59.51 > VWAP 59.19 | low 58.84@09:33 (-1.20 ADR, undercut PDL 60.71) | stop 58.84 (1.1%) | +1.2 ADR vs 21 EMA | vol pace 0.2x | SPY > VWAP (+0.05%)
[2026-09-10 09:39] DELL   UR    UR reclaim 524.02 > VWAP 523.13 | low 517.33@09:33 (-0.55 ADR, undercut PDL 532.39) | stop 517.33 (1.3%) | +1.6 ADR vs 21 EMA | vol pace 0.5x | SPY > VWAP (+0.05%)
[2026-09-10 09:40] ALAB   UR    UR reclaim 286.34 > VWAP 285.40 | low 282.06@09:38 (-0.96 ADR, undercut PDL 286.11) | stop 282.06 (1.5%) | still below 9 EMA 293.17 | -0.6 ADR vs 21 EMA | vol pace 1.3x | SPY > VWAP (+0.05%)
[2026-09-10 09:40] CRM    UR    UR reclaim 244.78 > VWAP 244.26 | low 242.46@09:33 (-0.26 ADR, undercut PDL 243.45) | stop 242.46 (1.0%) | still below 9 EMA 246.90 | +1.6 ADR vs 21 EMA | vol pace 0.2x | SPY > VWAP (+0.05%)
[2026-09-10 09:40] SMTC   UR    UR reclaim 158.87 > VWAP 158.58 | low 156.51@09:38 (-0.60 ADR, undercut PDL 162.36) | stop 156.51 (1.5%) | +1.9 ADR vs 21 EMA | vol pace 0.2x | SPY > VWAP (+0.05%)
[2026-09-10 09:40] RVMD   UR    UR reclaim 204.95 > VWAP 204.59 | low 203.01@09:32 (-0.58 ADR, undercut PDL 204.46) | stop 203.01 (1.0%) | still below 9 EMA 209.28 | -0.3 ADR vs 21 EMA | vol pace 0.3x | SPY > VWAP (+0.08%)
[2026-09-10 09:49] DE     ORB9  ORB9 5-min close 680.96 > OR high 680.00 | open 675.03 (-0.3%) held 9 EMA 671.30 | stop 677.01 (0.6%) | +1.6 ADR vs 21 EMA | vol pace 1.4x | 15d high 705.88 | SPY > VWAP (+0.04%)
[2026-09-10 09:54] AAPL   BIR   BIR short 319.10 < prior 5m low 319.30 | bounce 316.58->323.10@09:35 (0.95 ADR) into PDH 319.15 | stop 323.79 (1.5%, 0.68 ADR) | +0.4 ADR vs 21 EMA | vol pace 0.3x | SPY < VWAP (-0.11%)
[2026-09-10 09:54] AAPL   FBO   FBO short 319.10 < PDH 319.15 and VWAP 319.97 after high 323.10 | stop 323.79 (1.5%, 0.68 ADR) | +0.4 ADR vs 21 EMA | vol pace 0.3x | SPY < VWAP (-0.11%)
[2026-09-10 09:54] AAOI   BIR   BIR short 104.95 < prior 5m low 106.07 | bounce 103.78->108.94@09:40 (0.59 ADR) into 9 EMA 108.65 | stop 109.86 (4.7%, 0.56 ADR) | -0.9 ADR vs 21 EMA | vol pace 0.5x | SPY < VWAP (-0.11%)
[2026-09-10 09:54] DINO   FBO   FBO short 108.74 < PDH 109.08 and VWAP 109.03 after high 109.98 | stop 110.38 (1.5%, 0.41 ADR) | +2.7 ADR vs 21 EMA | vol pace 0.3x | SPY < VWAP (-0.12%)
[2026-09-10 09:54] CF     FBO   FBO short 138.49 < PDH 139.50 and VWAP 139.85 after high 141.66 | stop 142.20 (2.7%, 0.71 ADR) | +1.9 ADR vs 21 EMA | vol pace 0.6x | SPY < VWAP (-0.11%)
[2026-09-10 10:04] UNH    BIR   BIR short 395.75 < prior 5m low 396.40 | bounce 393.75->399.26@09:45 (0.63 ADR) into 21 EMA 398.94 | stop 400.15 (1.1%, 0.50 ADR) | -0.4 ADR vs 21 EMA | vol pace 0.5x | SPY < VWAP (-0.08%)
[2026-09-10 10:04] NOW    FBO   FBO short 133.01 < OR 133.38 and VWAP 133.02 after high 134.62 | stop 135.23 (1.7%, 0.37 ADR, STOP IN NOISE -- size to it) | +0.2 ADR vs 21 EMA | vol pace 0.5x | SPY < VWAP (-0.08%)
[2026-09-10 10:09] SPCX   FBO   FBO short 151.21 < PDH 153.00 and VWAP 151.50 after high 154.69 | stop 155.46 (2.8%, 0.57 ADR) | +1.4 ADR vs 21 EMA | vol pace 0.4x | SPY < VWAP (-0.12%)
[2026-09-10 10:09] CRWD   BIR   BIR short 210.44 < prior 5m low 211.14 | bounce 204.27->212.96@09:45 (0.80 ADR) into PDH 212.77 | stop 214.10 (1.7%, 0.33 ADR, STOP IN NOISE -- size to it) | +0.2 ADR vs 21 EMA | vol pace 0.4x | SPY < VWAP (-0.12%)
[2026-09-10 10:09] SPCX   FBO   FBO short 151.17 < OR 151.28 and VWAP 151.50 after high 154.69 | stop 155.46 (2.8%, 0.57 ADR) | +1.4 ADR vs 21 EMA | vol pace 0.4x | SPY < VWAP (-0.12%)
[2026-09-10 10:09] NOW    BIR   BIR short 131.79 < prior 5m low 132.67 | bounce 131.05->134.62@09:45 (0.61 ADR) into PDH 134.60 | stop 135.23 (2.6%, 0.58 ADR) | -0.0 ADR vs 21 EMA | vol pace 0.5x | SPY < VWAP (-0.12%)
[2026-09-10 10:09] CRM    FBO   FBO short 245.00 < OR 246.33 and VWAP 245.75 after high 248.14 | stop 249.14 (1.7%, 0.42 ADR) | +1.7 ADR vs 21 EMA | vol pace 0.3x | SPY < VWAP (-0.11%)
[2026-09-10 10:09] MSFT   FBO   FBO short 488.64 < OR 489.70 and VWAP 488.84 after high 491.65 | stop 492.56 (0.8%, 0.43 ADR) | -0.1 ADR vs 21 EMA | vol pace 0.4x | SPY < VWAP (-0.11%)
[2026-09-10 10:09] PANW   BIR   BIR short 340.20 < prior 5m low 340.49 | bounce 330.30->344.14@09:45 (0.90 ADR) into 9 EMA 344.25 | stop 345.74 (1.6%, 0.35 ADR, STOP IN NOISE -- size to it) | -0.6 ADR vs 21 EMA | vol pace 0.9x | SPY < VWAP (-0.13%)
[2026-09-10 10:14] PANW   FBO   FBO short 339.27 < PDH 339.83 and VWAP 339.35 after high 344.14 | stop 345.74 (1.9%, 0.41 ADR) | -0.7 ADR vs 21 EMA | vol pace 0.9x | SPY < VWAP (-0.04%)
[2026-09-10 10:19] BMNR   UR    UR reclaim 24.26 > VWAP 24.21 | low 23.36@09:30 (-0.55 ADR, undercut PDL 24.12) | stop 23.36 (3.9%) | still below 9 EMA 24.30 | +1.1 ADR vs 21 EMA | vol pace 0.3x | SPY > VWAP (+0.04%)
[2026-09-10 10:19] OKTA   ORB9  ORB9 5-min close 178.50 > OR high 175.86 | open 172.78 (+0.0%) held 9 EMA 165.16 | stop 176.67 (1.0%) | +2.6 ADR vs 21 EMA | vol pace 1.1x (light vol) | 15d high 174.85 | SPY > VWAP (+0.04%)
[2026-09-10 10:19] CRWD   FBO   FBO short 209.72 < OR 210.38 and VWAP 210.09 after high 212.96 | stop 214.10 (2.1%, 0.39 ADR, STOP IN NOISE -- size to it) | +0.1 ADR vs 21 EMA | vol pace 0.4x | SPY > VWAP (+0.04%)
[2026-09-10 10:19] CRCL   FBO   FBO short 91.19 < OR 91.35 and VWAP 91.38 after high 92.96 | stop 93.64 (2.7%, 0.37 ADR, STOP IN NOISE -- size to it) | +0.6 ADR vs 21 EMA | vol pace 0.6x | SPY > VWAP (+0.04%)
[2026-09-10 10:19] PANW   FBO   FBO short 337.52 < OR 340.46 and VWAP 339.25 after high 344.14 | stop 345.74 (2.4%, 0.53 ADR) | -0.8 ADR vs 21 EMA | vol pace 0.9x | SPY > VWAP (+0.04%)
[2026-09-10 10:22] NVDA   UR    UR reclaim 218.62 > VWAP 218.31 | low 217.21@09:56 (-1.11 ADR, undercut PDL 223.46) | stop 217.21 (0.6%) | still below 9 EMA 223.50 | -0.2 ADR vs 21 EMA | vol pace 0.3x | SPY > VWAP (+0.12%)
[2026-09-10 10:24] FTNT   FBO   FBO short 159.12 < OR 159.86 and VWAP 159.49 after high 161.39 | stop 162.05 (1.8%, 0.45 ADR) | +0.0 ADR vs 21 EMA | vol pace 0.6x | SPY > VWAP (+0.23%)
[2026-09-10 10:29] RVMD   FBO   FBO short 205.42 < OR 206.19 and VWAP 205.61 after high 207.84 | stop 208.64 (1.6%, 0.41 ADR) | -0.2 ADR vs 21 EMA | vol pace 0.7x | SPY > VWAP (+0.12%)
[2026-09-10 10:30] INTC   UR    UR reclaim 100.80 > VWAP 100.67 | low 99.34@09:56 (-1.46 ADR, undercut PDL 102.70) | stop 99.34 (1.5%) | +1.2 ADR vs 21 EMA | vol pace 0.4x | SPY > VWAP (+0.12%)
[2026-09-10 10:43] DINO   UR    UR reclaim 108.53 > VWAP 108.34 | low 107.38@10:26 (-0.61 ADR, deep flush) | stop 107.38 (1.1%) | +2.6 ADR vs 21 EMA | vol pace 0.4x | SPY > VWAP (+0.10%)
[2026-09-10 10:44] GOOGL  BIR   BIR short 330.92 < prior 5m low 331.11 | bounce 327.75->331.70@10:35 (0.71 ADR) into PDH 331.85 | stop 332.27 (0.4%, 0.24 ADR, STOP IN NOISE -- size to it) | -1.9 ADR vs 21 EMA | vol pace 0.6x | SPY > VWAP (+0.10%)
[2026-09-10 10:54] AAOI   BIR   BIR short 108.47 < prior 5m low 108.67 | bounce 103.78->109.78@10:35 (0.69 ADR) into 9 EMA 108.65 | stop 110.70 (2.0%, 0.24 ADR, STOP IN NOISE -- size to it) | -0.5 ADR vs 21 EMA | vol pace 0.7x | SPY > VWAP (+0.14%)
[2026-09-10 11:07] HPE    UR    UR reclaim 56.56 > VWAP 56.50 | low 55.69@10:43 (-0.96 ADR, undercut PDL 56.55) | stop 55.69 (1.6%) | +0.9 ADR vs 21 EMA | vol pace 0.4x | SPY > VWAP (+0.13%)
[2026-09-10 11:09] PLTR   FBO   FBO short 166.92 < OR 167.52 and VWAP 167.37 after high 169.00 | stop 169.70 (1.7%, 0.40 ADR) | -0.7 ADR vs 21 EMA | vol pace 0.7x | SPY > VWAP (+0.09%)
[2026-09-10 11:09] OKTA   FBO   FBO short 175.43 < OR 175.86 and VWAP 176.93 after high 179.44 | stop 180.38 (2.8%, 0.54 ADR) | +2.3 ADR vs 21 EMA | vol pace 1.3x | was an ORB9 long | SPY > VWAP (+0.09%)
[2026-09-10 11:09] GH     FBO   FBO short 161.25 < OR 161.52 and VWAP 161.37 after high 164.17 | stop 164.94 (2.3%, 0.49 ADR) | -0.1 ADR vs 21 EMA | vol pace 0.4x | SPY > VWAP (+0.11%)
[2026-09-10 11:19] IWM    FBO   FBO short 288.55 < OR 288.85 and VWAP 288.56 after high 289.82 | stop 290.07 (0.5%, 0.61 ADR) | -3.0 ADR vs 21 EMA | vol pace 0.4x | SPY > VWAP (+0.10%)
[2026-09-10 11:19] GLW    FBO   FBO short 165.78 < OR 167.08 and VWAP 165.84 after high 168.42 | stop 169.18 (2.0%, 0.46 ADR) | +1.5 ADR vs 21 EMA | vol pace 0.7x | SPY > VWAP (+0.09%)
[2026-09-10 11:24] OKTA   FBO   FBO short 173.73 < PDH 173.74 and VWAP 176.73 after high 179.44 | stop 180.38 (3.8%, 0.73 ADR) | +2.1 ADR vs 21 EMA | vol pace 1.3x | was an ORB9 long | SPY > VWAP (+0.12%)
[2026-09-10 11:29] GOOGL  FBO   FBO short 329.99 < OR 330.37 and VWAP 330.03 after high 331.70 | stop 332.27 (0.7%, 0.41 ADR) | -2.1 ADR vs 21 EMA | vol pace 0.7x | SPY > VWAP (+0.10%)
[2026-09-10 11:29] HOOD   FBO   FBO short 114.25 < OR 114.29 and VWAP 114.73 after high 116.30 | stop 116.97 (2.4%, 0.41 ADR) | +1.1 ADR vs 21 EMA | vol pace 0.7x | SPY > VWAP (+0.10%)
[2026-09-10 11:29] IBIT   FBO   FBO short 43.63 < OR 43.63 and VWAP 43.64 after high 43.84 | stop 43.94 (0.7%, 0.29 ADR, STOP IN NOISE -- size to it) | +1.2 ADR vs 21 EMA | vol pace 0.3x | SPY > VWAP (+0.10%)
[2026-09-10 11:29] HALO   FBO   FBO short 107.32 < OR 107.38 and VWAP 107.32 after high 107.84 | stop 108.12 (0.7%, 0.29 ADR, STOP IN NOISE -- size to it) | +1.1 ADR vs 21 EMA | vol pace 0.6x | SPY > VWAP (+0.11%)
[2026-09-10 11:39] SKHY   ORB9  ORB9 5-min close 191.88 > OR high 191.45 | open 189.44 (-4.6%) held 9 EMA 174.94 | stop 191.41 (0.2%) | +3.3 ADR vs 21 EMA | vol pace 1.0x (light vol) | 15d high 199.87 | SPY > VWAP (+0.09%)
[2026-09-10 11:44] PANW   BIR   BIR short 342.33 < prior 5m low 342.53 | bounce 330.30->344.79@11:35 (0.95 ADR) into 9 EMA 344.25 | stop 346.39 (1.2%, 0.26 ADR, STOP IN NOISE -- size to it) | -0.5 ADR vs 21 EMA | vol pace 1.1x | SPY > VWAP (+0.13%)
[2026-09-10 11:49] QCOM   ORB9  ORB9 5-min close 178.14 > OR high 175.00 | open 172.13 (-2.4%) held 9 EMA 169.87 | stop 177.59 (0.3%) | +2.0 ADR vs 21 EMA | vol pace 1.0x (light vol) | 15d high 183.49 | SPY > VWAP (+0.08%)
[2026-09-10 11:54] SPCX   UR    UR reclaim 151.59 > VWAP 150.56 | low 144.89@09:30 (-0.36 ADR, undercut PDL 145.55) | stop 144.89 (4.6%) | +1.5 ADR vs 21 EMA | vol pace 0.6x | SPY > VWAP (+0.01%)
[2026-09-10 11:59] CRWD   BIR   BIR short 212.16 < prior 5m low 212.74 | bounce 204.27->214.66@11:35 (0.95 ADR) into PDH 212.77 | stop 215.81 (1.7%, 0.32 ADR, STOP IN NOISE -- size to it) | +0.4 ADR vs 21 EMA | vol pace 0.5x | SPY < VWAP (-0.00%)
[2026-09-10 13:34] GOOGL  BIR   BIR short 331.47 < prior 5m low 331.73 | bounce 327.75->332.39@13:20 (0.83 ADR) into PDH 331.85 | stop 332.96 (0.5%, 0.26 ADR, STOP IN NOISE -- size to it) | -1.8 ADR vs 21 EMA | vol pace 0.7x | SPY > VWAP (+0.01%)
