1,968 house trades (precision tier, close entry, risk >= 2%), 554 names, 837 entry dates, 2019-10-23 -> 2026-09-17

=== R cap none | diff = arm - BASE, paired, t clustered by entry date | giveback = % of trades that closed >= +1R and still ended <= 0 ===
       arm  meanR   medR    win  t_arm   diff  t_diff  diff_h1  diff_h2  giveback   p95  held
      BASE  0.628 -1.080 30.285  3.931  0.000     NaN    0.000    0.000    38.820 8.785   9.0
     BE_1R  0.545 -1.026 26.677  3.607 -0.083  -2.003   -0.129   -0.054    46.170 8.069   7.0
     BE_2R  0.638 -1.063 29.675  4.010  0.010   1.341    0.005    0.014    40.062 8.768   9.0
LOCK_2R_1R  0.533 -1.056 34.299  3.620 -0.095  -1.556   -0.012   -0.148    30.642 7.944   8.0
   BE_EXT2  0.442 -0.487 20.224  2.998 -0.186  -2.820   -0.098   -0.242    59.006 6.087   4.0
EMA10_EXT2  0.158 -0.904 33.130  1.586 -0.470  -4.808   -0.253   -0.609    33.747 5.927   7.0
   TRIM_2R  0.366 -1.047 37.348  3.721 -0.262  -3.751   -0.060   -0.392    24.431 5.943   9.0
 TRIM_EXT2  0.301 -0.491 36.687  3.498 -0.327  -4.218   -0.072   -0.490    27.122 4.935   9.0
 TRIM_EXT3  0.379 -0.855 34.451  3.567 -0.249  -3.811   -0.052   -0.375    30.745 6.622   9.0

=== R cap 20 | diff = arm - BASE, paired, t clustered by entry date | giveback = % of trades that closed >= +1R and still ended <= 0 ===
       arm  meanR   medR    win  t_arm   diff  t_diff  diff_h1  diff_h2  giveback   p95  held
      BASE  0.393 -1.080 30.285  3.292  0.000     NaN    0.000    0.000    38.820 8.785   9.0
     BE_1R  0.310 -1.026 26.677  2.849 -0.083  -2.003   -0.129   -0.054    46.170 8.069   7.0
     BE_2R  0.403 -1.063 29.675  3.406  0.010   1.341    0.005    0.014    40.062 8.768   9.0
LOCK_2R_1R  0.327 -1.056 34.299  2.937 -0.066  -1.572   -0.012   -0.100    30.642 7.944   8.0
   BE_EXT2  0.227 -0.487 20.224  2.111 -0.166  -2.809   -0.098   -0.209    59.006 6.087   4.0
EMA10_EXT2  0.129 -0.904 33.130  1.371 -0.264  -4.255   -0.252   -0.272    33.747 5.927   7.0
   TRIM_2R  0.319 -1.047 37.348  3.537 -0.074  -1.298   -0.049   -0.090    24.431 5.943   9.0
 TRIM_EXT2  0.261 -0.491 36.687  3.328 -0.132  -2.354   -0.061   -0.177    27.122 4.935   9.0
 TRIM_EXT3  0.326 -0.855 34.451  3.361 -0.067  -1.608   -0.040   -0.083    30.745 6.622   9.0

=== R cap 10 | diff = arm - BASE, paired, t clustered by entry date | giveback = % of trades that closed >= +1R and still ended <= 0 ===
       arm  meanR   medR    win  t_arm   diff  t_diff  diff_h1  diff_h2  giveback   p95  held
      BASE  0.148 -1.080 30.285  1.507  0.000     NaN    0.000    0.000    38.820 8.785   9.0
     BE_1R  0.085 -1.026 26.677  1.020 -0.063  -1.709   -0.104   -0.037    46.170 8.069   7.0
     BE_2R  0.159 -1.063 29.675  1.656  0.011   1.373    0.005    0.014    40.062 8.768   9.0
LOCK_2R_1R  0.120 -1.056 34.299  1.294 -0.028  -0.921   -0.009   -0.040    30.642 7.944   8.0
   BE_EXT2  0.036 -0.487 20.224  0.198 -0.113  -2.342   -0.084   -0.131    59.006 6.087   4.0
EMA10_EXT2  0.048 -0.904 33.130  0.646 -0.100  -1.959   -0.166   -0.057    33.747 5.927   7.0
   TRIM_2R  0.221 -1.047 37.348  2.762  0.073   3.403    0.043    0.092    24.431 5.943   9.0
 TRIM_EXT2  0.176 -0.491 36.687  2.605  0.027   1.315    0.037    0.021    27.122 4.935   9.0
 TRIM_EXT3  0.205 -0.855 34.451  2.421  0.056   2.601    0.034    0.070    30.745 6.622   9.0

=== by year: arm - BASE, mean R (no cap) ===
      BE_1R  BE_2R  LOCK_2R_1R  BE_EXT2  EMA10_EXT2  TRIM_2R  TRIM_EXT2  TRIM_EXT3    n
date                                                                                   
2019  0.000  0.000       0.000   -0.108      -0.360   -0.323      0.007     -0.015   16
2020 -0.132 -0.022      -0.050   -0.230      -0.358   -0.145     -0.226     -0.168  310
2021 -0.102  0.015       0.013   -0.018       0.022    0.119      0.100      0.080  289
2022 -0.186  0.039       0.016    0.017      -0.549   -0.199     -0.095     -0.068  154
2023  0.030  0.020       0.046   -0.111       0.124   -0.081     -0.189     -0.147  139
2024 -0.043  0.017      -0.112   -0.705      -1.184   -0.561     -0.666     -0.524  176
2025 -0.107  0.020      -0.340   -0.295      -1.124   -0.813     -0.971     -0.865  314
2026 -0.049  0.008      -0.101   -0.102      -0.325   -0.183     -0.244     -0.115  570

=== decomposition: arm - BASE summed R, by BASE outcome bucket (no cap) ===
         BE_1R  BE_2R  LOCK_2R_1R  BE_EXT2  EMA10_EXT2  TRIM_2R  TRIM_EXT2  TRIM_EXT3     n
BASE                                                                                       
BASE<=0  165.3   60.9       170.5    546.9       296.8    286.5      664.2      296.3  1372
0-2R     -42.4  -11.1         1.0    -99.4        77.4    175.3       -2.0       60.7   262
2-5R     -71.0  -11.6       -67.5   -200.3       -80.0    -44.1     -203.1      -20.2   167
>5R     -216.0  -18.3      -290.7   -613.4     -1218.5   -933.6    -1102.0     -826.5   167

=== fixed 1R/trade equity curve (no cap): total R, max drawdown R, worst month R ===
       arm  totalR  maxDD  worst_month  pos_months
      BASE  1235.8  162.1        -56.4        41.0
     BE_1R  1071.8  182.0        -87.8        37.3
     BE_2R  1255.7  156.8        -57.1        42.2
LOCK_2R_1R  1049.2  173.7        -88.8        41.0
   BE_EXT2   869.6  122.1        -67.8        38.6
EMA10_EXT2   311.5  184.0        -66.4        38.6
   TRIM_2R   719.9  120.8        -49.5        41.0
 TRIM_EXT2   593.0   97.4        -37.7        41.0
 TRIM_EXT3   746.2  112.4        -32.2        45.8
