
####################################################################################################
# tenor W (~7 DTE)  strike rule y  | 100,914 trades, 326 names, 2018-01-05 -> 2026-02-20  | t clustered by week
####################################################################################################
                                          n   csp   med    win  worst1pct  t_csp  stock_d  excess  t_excess  assigned  delta   yld
ALL                                100914.0  0.03  0.67  82.13     -15.44   0.58     0.07   -0.04     -1.70     22.42   0.25  0.74
earnings in window                   7027.0  0.10  0.71  86.68     -16.71   1.47     0.10   -0.00      0.39     16.08   0.18  0.79
earnings clear                      77328.0  0.03  0.66  81.75     -14.64   0.62     0.07   -0.04     -1.49     22.90   0.26  0.74
tech4 (trend+macd+stoch+vol)        12893.0  0.03  0.65  81.27     -13.98   0.50     0.04   -0.01     -0.81     24.49   0.28  0.69
tech4 + rs                          10748.0  0.04  0.66  82.07     -14.88   0.39     0.05   -0.00     -0.74     23.53   0.27  0.71
IV 30-60%                           44342.0  0.04  0.70  84.10     -15.99   0.19     0.09   -0.05     -2.15     19.38   0.22  0.74
BCI full (tech4+rs+IV+earn clear)    3416.0  0.05  0.69  83.84     -15.98  -0.04     0.04    0.01     -0.74     20.58   0.24  0.73
RSI >= 70                            7359.0  0.04  0.64  81.59     -14.69   1.70     0.03    0.01      1.10     23.94   0.27  0.70
RSI >= 70 & earnings clear           5819.0  0.05  0.63  81.41     -13.96   1.16     0.02    0.02      0.89     24.40   0.28  0.71
not BCI, earnings clear             73912.0  0.03  0.66  81.65     -14.57   0.63     0.07   -0.04     -1.49     23.01   0.26  0.74

contrasts (y = csp return / y = excess over delta-matched stock):
  earn_in  csp:    pooled +0.07 (t +1.46) | within-week +0.07 (t +1.68)
  earn_in  excess: pooled +0.04 (t +1.18) | within-week +0.04 (t +1.12)
  bci      csp:    pooled +0.01 (t +0.22) | within-week -0.03 (t -0.50)
  bci      excess: pooled +0.05 (t +1.09) | within-week -0.00 (t -0.08)
  rsi70    csp:    pooled +0.01 (t +0.16) | within-week +0.06 (t +1.54)
  rsi70    excess: pooled +0.06 (t +1.62) | within-week +0.06 (t +1.79)
  tech4    csp:    pooled -0.00 (t -0.08) | within-week +0.01 (t +0.44)
  tech4    excess: pooled +0.03 (t +1.10) | within-week +0.01 (t +0.55)

by year (mean csp %, mean excess %):
      ALL csp  ALL excess  BCI n  BCI csp  BCI excess  clear csp  earn-in csp
y                                                                            
2018    -0.19       -0.13    209    -0.13        0.04      -0.17        -0.29
2019     0.11       -0.00    196     0.36        0.35       0.11         0.00
2020    -0.09       -0.17    478    -0.02       -0.15      -0.09         0.12
2021     0.11        0.01    612     0.14        0.08       0.10         0.31
2022     0.05        0.08    430    -0.06        0.08       0.05         0.23
2023     0.08       -0.01    488     0.03        0.04       0.08         0.16
2024     0.06       -0.08    403    -0.03       -0.11       0.05         0.13
2025     0.07       -0.06    469     0.08       -0.07       0.08         0.10
2026     0.11       -0.06    131     0.35        0.10       0.15         0.12

crash windows (entries inside):
                             n   csp  worst  stock_d  excess
2020-02-14..03-20 ALL   1377.0 -2.49 -89.42    -1.28   -1.21
2020-02-14..03-20 BCI     22.0 -3.55 -15.90    -1.49   -2.05
2022 (all) ALL         12701.0  0.05 -94.91    -0.03    0.08
2022 (all) BCI           430.0 -0.06 -18.49    -0.13    0.08
2025-03-28..04-11 ALL    823.0 -1.35 -27.09    -0.49   -0.86
2025-03-28..04-11 BCI      5.0 -0.42  -5.26    -0.45    0.03

equal-weight weekly book, 100% of collateral each week, compounded (W, this rule):
             weeks  mean_wk  sd_wk  worst_wk   cagr  max_dd
ALL          412.0     0.03   0.96     -9.53   1.18  -20.82
BCI          382.0    -0.00   2.01    -28.92  -1.41  -33.98
SPY next wk  412.0     0.23   2.58    -15.05  10.51  -32.23

####################################################################################################
# tenor W (~7 DTE)  strike rule 30  | 101,205 trades, 326 names, 2018-01-05 -> 2026-02-20  | t clustered by week
####################################################################################################
                                          n   csp   med    win  worst1pct  t_csp  stock_d  excess  t_excess  assigned  delta   yld
ALL                                101205.0  0.06  0.67  78.77     -19.16   0.87     0.12   -0.06     -1.84     27.06    0.3  1.11
earnings in window                   7039.0  0.26  1.16  78.46     -22.26   2.86     0.24    0.02      1.02     27.84    0.3  1.78
earnings clear                      77531.0  0.05  0.66  78.73     -17.79   0.80     0.10   -0.05     -1.55     27.10    0.3  1.06
tech4 (trend+macd+stoch+vol)        12941.0  0.07  0.57  79.63     -16.25   1.00     0.08   -0.02     -0.72     26.47    0.3  0.91
tech4 + rs                          10784.0  0.08  0.60  79.90     -17.33   0.87     0.09   -0.01     -0.72     26.29    0.3  0.96
IV 30-60%                           44372.0  0.05  0.89  78.86     -18.09   0.14     0.12   -0.07     -2.57     27.01    0.3  1.14
BCI full (tech4+rs+IV+earn clear)    3419.0  0.07  0.84  79.29     -17.24   0.24     0.04    0.03     -0.66     27.08    0.3  1.03
RSI >= 70                            7389.0  0.07  0.57  79.50     -18.21   2.18     0.07    0.00      1.38     26.95    0.3  1.00
RSI >= 70 & earnings clear           5842.0  0.06  0.57  79.49     -17.36   1.23     0.05    0.01      1.14     26.96    0.3  0.96
not BCI, earnings clear             74112.0  0.05  0.65  78.71     -17.80   0.81     0.10   -0.05     -1.57     27.10    0.3  1.06

contrasts (y = csp return / y = excess over delta-matched stock):
  earn_in  csp:    pooled +0.21 (t +2.69) | within-week +0.19 (t +3.60)
  earn_in  excess: pooled +0.07 (t +1.49) | within-week +0.06 (t +1.31)
  bci      csp:    pooled +0.00 (t +0.06) | within-week -0.04 (t -0.70)
  bci      excess: pooled +0.08 (t +1.56) | within-week +0.01 (t +0.27)
  rsi70    csp:    pooled +0.01 (t +0.18) | within-week +0.08 (t +1.65)
  rsi70    excess: pooled +0.06 (t +1.19) | within-week +0.05 (t +1.03)
  tech4    csp:    pooled +0.00 (t +0.08) | within-week +0.03 (t +0.74)
  tech4    excess: pooled +0.05 (t +1.18) | within-week +0.01 (t +0.36)

by year (mean csp %, mean excess %):
      ALL csp  ALL excess  BCI n  BCI csp  BCI excess  clear csp  earn-in csp
y                                                                            
2018    -0.20       -0.14    209    -0.18        0.02      -0.17        -0.36
2019     0.14       -0.00    196     0.42        0.42       0.13         0.11
2020    -0.10       -0.29    479     0.04       -0.14      -0.14         0.34
2021     0.18        0.01    614     0.13        0.06       0.15         0.46
2022     0.02        0.07    430    -0.07        0.15       0.01         0.44
2023     0.13       -0.02    489     0.05        0.06       0.12         0.37
2024     0.10       -0.08    402    -0.04       -0.10       0.09         0.37
2025     0.15       -0.04    469     0.17       -0.04       0.16         0.25
2026     0.18       -0.03    131     0.38        0.10       0.20         0.43

crash windows (entries inside):
                             n   csp  worst  stock_d  excess
2020-02-14..03-20 ALL   1388.0 -3.86 -91.46    -2.18   -1.68
2020-02-14..03-20 BCI     22.0 -4.34 -19.49    -2.05   -2.29
2022 (all) ALL         12706.0  0.02 -94.98    -0.05    0.07
2022 (all) BCI           430.0 -0.07 -19.84    -0.22    0.15
2025-03-28..04-11 ALL    823.0 -1.05 -27.09    -0.49   -0.55
2025-03-28..04-11 BCI      5.0 -0.21  -5.26    -0.39    0.18

equal-weight weekly book, 100% of collateral each week, compounded (W, this rule):
             weeks  mean_wk  sd_wk  worst_wk   cagr  max_dd
ALL          412.0     0.06   1.33    -10.89   2.52  -28.03
BCI          382.0     0.03   2.18    -28.74   0.02  -32.96
SPY next wk  412.0     0.23   2.58    -15.05  10.51  -32.23

####################################################################################################
# tenor M (~28 DTE)  strike rule y  | 100,038 trades, 326 names, 2018-01-05 -> 2026-02-20  | t clustered by month
####################################################################################################
                                          n   csp   med    win  worst1pct  t_csp  stock_d  excess  t_excess  assigned  delta   yld
ALL                                100038.0  0.26  2.14  77.66     -38.80   0.88     0.45   -0.19     -1.42     30.29   0.33  2.43
earnings in window                  25803.0  0.43  2.48  78.96     -36.21   1.58     0.61   -0.18     -1.50     28.33   0.32  2.62
earnings clear                      57812.0  0.22  2.01  77.00     -37.84   0.88     0.37   -0.16     -1.16     31.27   0.34  2.39
tech4 (trend+macd+stoch+vol)        12790.0  0.00  1.82  76.33     -41.52  -0.63     0.22   -0.22     -1.30     32.44   0.36  2.25
tech4 + rs                          10651.0  0.06  1.96  76.98     -42.84  -0.54     0.26   -0.20     -1.19     31.59   0.35  2.31
IV 30-60%                           44499.0  0.32  2.63  78.31     -41.54   0.61     0.52   -0.20     -1.75     29.18   0.33  2.74
BCI full (tech4+rs+IV+earn clear)    2504.0  0.12  2.61  78.27     -50.54  -0.84     0.26   -0.14     -1.10     30.59   0.34  2.72
RSI >= 70                            7269.0  0.16  1.90  76.74     -39.48  -0.14     0.23   -0.06     -0.13     32.45   0.35  2.28
RSI >= 70 & earnings clear           4403.0  0.21  1.83  77.29     -38.90  -0.08     0.18    0.02      0.48     32.39   0.35  2.24
not BCI, earnings clear             55308.0  0.22  1.98  76.94     -37.20   0.96     0.38   -0.16     -1.16     31.30   0.34  2.37

contrasts (y = csp return / y = excess over delta-matched stock):
  earn_in  csp:    pooled +0.21 (t +1.26) | within-week +0.13 (t +1.62)
  earn_in  excess: pooled -0.02 (t -0.32) | within-week -0.04 (t -0.63)
  bci      csp:    pooled -0.17 (t -0.57) | within-week -0.35 (t -1.38)
  bci      excess: pooled +0.02 (t +0.13) | within-week -0.12 (t -0.73)
  rsi70    csp:    pooled -0.10 (t -0.52) | within-week +0.12 (t +1.02)
  rsi70    excess: pooled +0.14 (t +1.31) | within-week +0.10 (t +1.13)
  tech4    csp:    pooled -0.30 (t -2.01) | within-week -0.05 (t -0.52)
  tech4    excess: pooled -0.04 (t -0.41) | within-week -0.01 (t -0.13)

by year (mean csp %, mean excess %):
      ALL csp  ALL excess  BCI n  BCI csp  BCI excess  clear csp  earn-in csp
y                                                                            
2018    -0.47       -0.21    133    -0.41        0.69      -0.40        -0.46
2019     0.52       -0.06    131     0.89        0.69       0.71        -0.11
2020    -0.64       -1.09    396    -0.08       -0.48      -0.83        -0.10
2021     0.87        0.18    467     0.40        0.22       0.80         1.14
2022     0.15        0.16    321    -1.33       -0.42       0.01         0.84
2023     0.61        0.05    340     0.97        0.33       0.55         0.73
2024     0.46       -0.33    287     0.02       -0.67       0.35         0.60
2025     0.55       -0.23    357     0.85       -0.44       0.53         0.68
2026    -0.55       -0.38     72    -1.94       -0.99      -0.64         0.09

crash windows (entries inside):
                             n    csp  worst  stock_d  excess
2020-02-14..03-20 ALL   1351.0 -13.85 -95.45    -5.35   -8.51
2020-02-14..03-20 BCI     20.0 -15.50 -42.09    -6.39   -9.11
2022 (all) ALL         12525.0   0.15 -95.11    -0.02    0.16
2022 (all) BCI           321.0  -1.33 -69.77    -0.91   -0.42
2025-03-28..04-11 ALL    821.0   2.07 -33.09     2.11   -0.04
2025-03-28..04-11 BCI      0.0    NaN    NaN      NaN     NaN

####################################################################################################
# tenor M (~28 DTE)  strike rule 30  | 100,644 trades, 326 names, 2018-01-05 -> 2026-02-20  | t clustered by month
####################################################################################################
                                          n   csp   med    win  worst1pct  t_csp  stock_d  excess  t_excess  assigned  delta   yld
ALL                                100644.0  0.36  1.56  79.57     -40.98   1.26     0.56   -0.20     -1.40     26.81    0.3  2.51
earnings in window                  25941.0  0.60  1.87  79.86     -38.97   2.24     0.70   -0.10     -0.63     26.56    0.3  2.90
earnings clear                      58183.0  0.29  1.48  79.33     -39.78   1.20     0.43   -0.14     -0.95     27.08    0.3  2.37
tech4 (trend+macd+stoch+vol)        12835.0  0.04  1.35  79.18     -42.49  -0.36     0.26   -0.21     -1.10     26.87    0.3  2.06
tech4 + rs                          10686.0  0.11  1.43  79.63     -44.31  -0.31     0.29   -0.19     -1.04     26.39    0.3  2.16
IV 30-60%                           44552.0  0.31  2.10  79.93     -41.62   0.57     0.50   -0.19     -1.63     26.47    0.3  2.52
BCI full (tech4+rs+IV+earn clear)    2506.0  0.09  2.02  80.29     -50.54  -0.82     0.23   -0.14     -1.06     25.98    0.3  2.39
RSI >= 70                            7303.0  0.22  1.36  79.09     -41.76   0.17     0.28   -0.06      0.09     27.48    0.3  2.24
RSI >= 70 & earnings clear           4418.0  0.24  1.32  79.56     -41.16   0.21     0.23    0.02      0.62     27.07    0.3  2.15
not BCI, earnings clear             55677.0  0.30  1.46  79.29     -39.24   1.29     0.44   -0.14     -0.94     27.13    0.3  2.37

contrasts (y = csp return / y = excess over delta-matched stock):
  earn_in  csp:    pooled +0.31 (t +1.74) | within-week +0.22 (t +2.33)
  earn_in  excess: pooled +0.04 (t +0.43) | within-week +0.04 (t +0.59)
  bci      csp:    pooled -0.30 (t -1.00) | within-week -0.45 (t -1.85)
  bci      excess: pooled -0.01 (t -0.07) | within-week -0.13 (t -0.77)
  rsi70    csp:    pooled -0.16 (t -0.76) | within-week +0.10 (t +0.79)
  rsi70    excess: pooled +0.15 (t +1.24) | within-week +0.08 (t +0.85)
  tech4    csp:    pooled -0.36 (t -2.61) | within-week -0.09 (t -0.96)
  tech4    excess: pooled -0.02 (t -0.18) | within-week -0.01 (t -0.12)

by year (mean csp %, mean excess %):
      ALL csp  ALL excess  BCI n  BCI csp  BCI excess  clear csp  earn-in csp
y                                                                            
2018    -0.36       -0.18    133    -0.16        0.80      -0.28        -0.34
2019     0.47       -0.08    130     0.83        0.68       0.62        -0.12
2020    -0.26       -1.40    396    -0.09       -0.48      -0.55         0.49
2021     0.89        0.20    467     0.35        0.20       0.81         1.18
2022     0.25        0.21    321    -1.24       -0.39       0.06         1.06
2023     0.69        0.12    342     0.96        0.31       0.56         0.98
2024     0.56       -0.26    287    -0.16       -0.73       0.43         0.79
2025     0.66       -0.23    358     0.73       -0.42       0.68         0.72
2026    -0.62       -0.33     72    -1.88       -1.05      -0.81         0.02

crash windows (entries inside):
                             n    csp  worst  stock_d  excess
2020-02-14..03-20 ALL   1384.0 -13.62 -95.89    -4.54   -9.08
2020-02-14..03-20 BCI     20.0 -15.22 -42.09    -6.12   -9.10
2022 (all) ALL         12609.0   0.25 -95.05     0.04    0.21
2022 (all) BCI           321.0  -1.24 -69.19    -0.85   -0.39
2025-03-28..04-11 ALL    824.0   3.18 -31.78     3.08    0.10
2025-03-28..04-11 BCI      0.0    NaN    NaN      NaN     NaN
