signals: 1,858 on 880 names, 2019-02-28 -> 2026-09-08 | median drop 4.8 ADR, bounces 2, tight 0.50

=== BOUNCY BALL (daily), 1,811 trades vs 5,427 control entries — R per trade ===
                  n  meanR   medR     win      t   ctrl   edge
stop_close   1811.0 -0.108 -0.403  41.248  0.565  0.480 -0.588
t1R          1811.0 -0.338 -0.126  47.874 -4.290 -0.002 -0.336
t2R          1811.0 -0.227 -0.296  43.898 -1.912  0.170 -0.397
trail_highs  1811.0 -0.111 -0.407  37.714  0.053  0.404 -0.515
ema20        1811.0 -0.108 -0.403  41.248  0.569  0.341 -0.448

=== by half ===
             2019-22   n1  2023-26    n2
stop_close    -0.032  697   -0.156  1114
t1R           -0.307  697   -0.357  1114
t2R           -0.186  697   -0.253  1114
trail_highs   -0.126  697   -0.102  1114
ema20         -0.032  697   -0.155  1114

=== by year (trail_highs / ema20) ===
     trail_highs       ema20     
            mean size   mean size
year                             
2019      -0.342  132 -0.362  132
2020       0.738  128  1.146  128
2021      -0.237  148 -0.131  148
2022      -0.353  289 -0.351  289
2023      -0.095  237 -0.131  237
2024      -0.020  239 -0.096  239
2025      -0.425  281 -0.441  281
2026       0.092  357  0.014  357

=== by depth of the down leg (ADR units) ===
           stop_close    t1R    t2R  trail_highs  ema20    n
drop_adr                                                    
(3, 5]         -0.074 -0.343 -0.230       -0.074 -0.074  993
(5, 8]         -0.200 -0.388 -0.275       -0.183 -0.200  722
(8, 12]         0.238  0.090  0.164        0.049  0.238   94
(12, 100]       0.066  0.066  0.066       -0.203  0.066    2
