panel 43,970 breakouts, 1,809 sessions, 2019-02-13 -> 2026-09-11, pooled meanR +0.0142
multiple testing: 72 cells, Sidak alpha 0.05 -> |t| >= 3.38 (the house |t| >= 3 alone is NOT enough here)

==============================================================================================================
PRIMARY (declared in advance): composite rank (near 21 EMA + high rvol), N = 2, bar |t| >= 3
==============================================================================================================
  dates 1,442   selected meanR +0.0477   day meanR +0.0503
  delta -0.0026R   t -0.11   halves +0.0069 / -0.0121   -> FAIL
  extension diagnostic: picks sit -0.144 ADR vs the day's mean candidate

==============================================================================================================
EXPLORATORY: all 72 cells, sorted by t (prior direction in brackets)
==============================================================================================================
            feature  dir prior on_prior  N  dates  sel_meanR  day_meanR   delta       t      h1      h2  both_halves  passes  ext_vs_day
        dolvol_musd desc     -           2   1442     0.1391     0.0503  0.0888  3.4833  0.0435  0.1342         True    True      0.3608
        dolvol_musd desc     -           1   1442     0.1744     0.0503  0.1241  3.3425  0.0701  0.1782         True   False      0.3760
        dolvol_musd desc     -           3   1359     0.1099     0.0486  0.0613  2.9664  0.0343  0.0883         True   False      0.3319
        dolvol_musd desc     -           5   1100     0.0989     0.0514  0.0475  2.7683  0.0321  0.0629         True   False      0.2866
   pct_off_52w_high  asc   asc      yes  2   1420     0.1056     0.0508  0.0548  2.2020  0.0838  0.0257         True   False     -0.0047
   pct_off_52w_high  asc   asc      yes  1   1420     0.1159     0.0508  0.0651  1.8224  0.0830  0.0471         True   False      0.0017
            gap_ADR  asc     -           3   1359     0.0819     0.0486  0.0334  1.7433  0.0309  0.0358         True   False     -0.1612
            adr_pct desc  desc      yes  1   1442     0.1093     0.0503  0.0590  1.5948  0.0842  0.0338         True   False      0.0384
     dist_21ema_ADR desc   asc       no  1   1442     0.1101     0.0503  0.0599  1.5098  0.0854  0.0343         True   False      1.1540
            adr_pct desc  desc      yes  2   1442     0.0852     0.0503  0.0349  1.3806  0.0581  0.0118         True   False      0.0346
        sma_stacked desc     -           2   1442     0.0824     0.0503  0.0321  1.3539  0.0315  0.0326         True   False      0.0128
        sma_stacked desc     -           5   1100     0.0710     0.0514  0.0196  1.2236  0.0308  0.0084         True   False     -0.0031
        sma_stacked desc     -           1   1442     0.0921     0.0503  0.0418  1.1985  0.0291  0.0546         True   False      0.0353
            adr_pct desc  desc      yes  3   1359     0.0729     0.0486  0.0243  1.1723  0.0361  0.0125         True   False      0.0188
            gap_ADR  asc     -           1   1442     0.0889     0.0503  0.0386  1.1470  0.0203  0.0569         True   False     -0.1389
            adr_pct  asc  desc       no  5   1100     0.0679     0.0514  0.0165  1.0148  0.0522 -0.0192        False   False     -0.0059
            adr_pct desc  desc      yes  5   1100     0.0694     0.0514  0.0180  0.9896  0.0075  0.0285         True   False      0.0163
            adr_pct  asc  desc       no  2   1442     0.0730     0.0503  0.0227  0.9723  0.0897 -0.0442        False   False     -0.0300
            gap_ADR desc     -           5   1100     0.0669     0.0514  0.0155  0.9284  0.0284  0.0026         True   False      0.5107
            gap_ADR  asc     -           2   1442     0.0713     0.0503  0.0210  0.9085  0.0113  0.0308         True   False     -0.1582
   pct_off_52w_high  asc   asc      yes  3   1344     0.0670     0.0494  0.0176  0.8637  0.0410 -0.0057        False   False     -0.0164
        sma_stacked  asc     -           3   1359     0.0615     0.0486  0.0129  0.7138  0.0298 -0.0039        False   False      0.0118
            adr_pct  asc  desc       no  3   1359     0.0619     0.0486  0.0134  0.6999  0.0549 -0.0281        False   False     -0.0245
            gap_ADR  asc     -           5   1100     0.0627     0.0514  0.0114  0.6958  0.0164  0.0064         True   False     -0.1612
             rvol20 desc  desc      yes  5   1100     0.0629     0.0514  0.0116  0.6611  0.0136  0.0095         True   False      0.6457
ext_above_level_ADR desc   asc       no  5   1100     0.0624     0.0514  0.0110  0.6425  0.0178  0.0042         True   False      0.9546
          range_pos  asc     -           2   1442     0.0641     0.0503  0.0139  0.6277  0.0333 -0.0055        False   False     -0.0790
            adr_pct  asc  desc       no  1   1442     0.0705     0.0503  0.0202  0.6213  0.1182 -0.0778        False   False     -0.0524
        sma_stacked  asc     -           2   1442     0.0638     0.0503  0.0135  0.6087  0.0166  0.0104         True   False      0.0184
            gap_ADR desc     -           2   1442     0.0634     0.0503  0.0132  0.5383  0.0441 -0.0177        False   False      0.8141
          range_pos  asc     -           5   1100     0.0591     0.0514  0.0077  0.5028  0.0058  0.0097         True   False     -0.1076
     dist_21ema_ADR  asc   asc      yes  3   1359     0.0582     0.0486  0.0096  0.5012  0.0470 -0.0277        False   False     -0.3055
ext_above_level_ADR desc   asc       no  1   1442     0.0691     0.0503  0.0188  0.4957 -0.0108  0.0484        False   False      1.8169
             rvol20 desc  desc      yes  2   1442     0.0629     0.0503  0.0126  0.4890  0.0422 -0.0170        False   False      0.9571
             rvol20 desc  desc      yes  3   1359     0.0583     0.0486  0.0098  0.4645  0.0154  0.0041         True   False      0.7872
        sma_stacked desc     -           3   1359     0.0572     0.0486  0.0087  0.4558  0.0084  0.0089         True   False      0.0063
   pct_off_52w_high desc   asc       no  5   1086     0.0599     0.0521  0.0078  0.4533 -0.0075  0.0231        False   False      0.0464
             rvol20 desc  desc      yes  1   1442     0.0665     0.0503  0.0162  0.4226  0.0392 -0.0068        False   False      1.2941
        sma_stacked  asc     -           5   1100     0.0582     0.0514  0.0069  0.4161  0.0194 -0.0057        False   False      0.0035
          range_pos  asc     -           3   1359     0.0553     0.0486  0.0067  0.3717  0.0202 -0.0068        False   False     -0.0867
            gap_ADR desc     -           3   1359     0.0557     0.0486  0.0071  0.3617  0.0146 -0.0005        False   False      0.6523
     dist_21ema_ADR  asc   asc      yes  5   1100     0.0572     0.0514  0.0058  0.3435  0.0396 -0.0281        False   False     -0.2987
     dist_21ema_ADR  asc   asc      yes  2   1442     0.0549     0.0503  0.0046  0.2029  0.0412 -0.0319        False   False     -0.3158
          range_pos desc     -           5   1100     0.0533     0.0514  0.0019  0.1116  0.0261 -0.0224        False   False      0.1335
ext_above_level_ADR desc   asc       no  3   1359     0.0503     0.0486  0.0018  0.0852  0.0114 -0.0079        False   False      1.1286
     dist_21ema_ADR  asc   asc      yes  1   1442     0.0528     0.0503  0.0026  0.0746  0.0324 -0.0272        False   False     -0.3276
          range_pos  asc     -           1   1442     0.0509     0.0503  0.0006  0.0189  0.0179 -0.0166        False   False     -0.0822
          range_pos desc     -           2   1442     0.0492     0.0503 -0.0011 -0.0475  0.0069 -0.0091        False   False      0.1185
          range_pos desc     -           3   1359     0.0471     0.0486 -0.0015 -0.0753  0.0065 -0.0094        False   False      0.1287
     dist_21ema_ADR desc   asc       no  2   1442     0.0469     0.0503 -0.0034 -0.1346 -0.0015 -0.0052        False   False      0.8636
            gap_ADR desc     -           1   1442     0.0436     0.0503 -0.0067 -0.1859  0.0711 -0.0845        False   False      1.1757
          range_pos desc     -           1   1442     0.0431     0.0503 -0.0072 -0.2123  0.0411 -0.0554        False   False      0.1385
   pct_off_52w_high  asc   asc      yes  5   1086     0.0466     0.0521 -0.0055 -0.2921  0.0337 -0.0447        False   False     -0.0235
ext_above_level_ADR desc   asc       no  2   1442     0.0377     0.0503 -0.0126 -0.5111 -0.0111 -0.0141        False   False      1.3498
   pct_off_52w_high desc   asc       no  3   1344     0.0364     0.0494 -0.0130 -0.6804 -0.0474  0.0215        False   False      0.0478
     dist_21ema_ADR desc   asc       no  5   1100     0.0358     0.0514 -0.0155 -0.8825 -0.0358  0.0047        False   False      0.5922
   pct_off_52w_high desc   asc       no  1   1420     0.0211     0.0508 -0.0297 -0.8891 -0.0807  0.0213        False   False      0.0894
     dist_21ema_ADR desc   asc       no  3   1359     0.0303     0.0486 -0.0183 -0.8980 -0.0350 -0.0015        False   False      0.7041
ext_above_level_ADR  asc   asc      yes  5   1100     0.0370     0.0514 -0.0143 -0.9473 -0.0056 -0.0231        False   False     -0.4425
        dolvol_musd  asc     -           1   1442     0.0186     0.0503 -0.0316 -1.0203 -0.0520 -0.0112        False   False     -0.2613
   pct_off_52w_high desc   asc       no  2   1420     0.0237     0.0508 -0.0271 -1.1861 -0.0620  0.0077        False   False      0.0550
        sma_stacked  asc     -           1   1442     0.0042     0.0503 -0.0461 -1.5218 -0.0482 -0.0439        False   False      0.0181
ext_above_level_ADR  asc   asc      yes  3   1359     0.0207     0.0486 -0.0278 -1.5440 -0.0249 -0.0308        False   False     -0.4470
ext_above_level_ADR  asc   asc      yes  2   1442     0.0160     0.0503 -0.0343 -1.6367 -0.0127 -0.0559        False   False     -0.4585
        dolvol_musd  asc     -           2   1442     0.0136     0.0503 -0.0367 -1.7904 -0.0111 -0.0622        False   False     -0.2431
             rvol20  asc  desc       no  1   1442    -0.0010     0.0503 -0.0513 -1.8280 -0.0331 -0.0695        False   False     -0.3072
        dolvol_musd  asc     -           5   1100     0.0244     0.0514 -0.0270 -1.8316 -0.0226 -0.0314        False   False     -0.2137
        dolvol_musd  asc     -           3   1359     0.0174     0.0486 -0.0312 -1.8548 -0.0203 -0.0419        False   False     -0.2260
ext_above_level_ADR  asc   asc      yes  1   1442    -0.0120     0.0503 -0.0622 -2.0559 -0.0642 -0.0602        False   False     -0.4767
             rvol20  asc  desc       no  5   1100     0.0119     0.0514 -0.0394 -2.7267 -0.0294 -0.0495        False   False     -0.2814
             rvol20  asc  desc       no  2   1442    -0.0043     0.0503 -0.0545 -2.8709 -0.0405 -0.0685        False   False     -0.2979
             rvol20  asc  desc       no  3   1359    -0.0028     0.0486 -0.0513 -3.0331 -0.0259 -0.0767        False   False     -0.2857

cells clearing the corrected bar (|t| >= 3.38 AND both halves positive): 1 of 72
expected under pure noise at this threshold: 0.05 cells

wrote /Users/gmerton/v2/options_playground/data/studies/breakout_within_date_rank_2026-09-22.csv
