pulled 249,257 rows, 19 names, 2010-01-15 -> 2019-12-27; iv present 100.0%
holdout entries 5,895 · 19 names · 2010-01-15..2019-09-27 · 117 months; dropped {'legs': 1045, 'spot': 245, 'bad': 160}; Saturday-dated expiries settled on the prior Friday: 19.2%
                      cut    n  months    call   stock  call_vs_stock     t     h1     h2  put_vs_stock  t_put
          ALL (PRIMARY 1) 5895     117   23.46   36.33          -9.38 -1.27   4.28 -23.76        -16.93  -3.43
SPY < 200 SMA (PRIMARY 2)  788      25    3.62   53.17         -35.17 -1.88 -12.20 -53.22          2.76   0.24
            SPY > 200 SMA 5107     106   26.52   33.73          -4.59 -0.59   6.00 -16.01        -21.50  -4.04
              down months 1529      34 -121.18 -128.34           8.49  0.59   4.86  13.10        -37.70  -3.18
                up months 4366      83   74.12   94.00         -16.70 -1.96   4.02 -36.93         -8.42  -1.78
                  VIX low 1976      48   14.79   26.41          -4.81 -0.30  22.40 -19.73        -21.23  -1.95
                  VIX mid 1962      67   27.92   31.67          -9.26 -0.90  -6.45 -11.68        -32.36  -3.05
                 VIX high 1957      68   27.75   51.01          -7.95 -0.58  11.11 -36.89         -7.04  -1.12
                year 2010  207      12   25.20   48.29         -24.74 -1.34 -24.74    NaN         15.49   1.53
                year 2011  285      12    3.89  -16.82          15.04  0.69  15.04    NaN        -23.65  -1.57
                year 2012  279      12   17.01   10.53           8.59  0.43   8.59    NaN        -17.97  -1.02
                year 2013  503      12   52.16   51.90           1.42  0.07   1.42    NaN         -7.91  -0.56
                year 2014  696      12    8.28  -21.48          21.11  0.66  21.11    NaN        -11.90  -0.64
                year 2015  701      12   43.74   31.12          14.09  0.51    NaN  14.09        -18.36  -1.45
                year 2016  833      12   25.16   49.27         -25.09 -1.91    NaN -25.09        -18.19  -2.20
                year 2017  845      12   53.10   97.41         -43.72 -3.05    NaN -43.72        -23.81  -2.06
                year 2018  877      12   -7.98   14.12         -21.16 -0.84    NaN -21.16        -53.00  -2.63
                year 2019  669       9    8.59   55.79         -49.31 -1.34    NaN -49.31         -7.69  -0.32

PASS 1 (ALL > 0, t >= 3, both halves): no
PASS 2 (SPY < 200 SMA > 0, t >= 2): no
VERDICT: FAIL

exploratory POOLED 2010-2026: call vs stock +33 $/contract, t 1.85 (193 months); SPY < 200 SMA +47, t 0.86 (46 months)
