6,858 earnings reactions on 241 names | good 25% | of the good ones, muted 29%

=== earnings drift, good+MUTED (daily) — 437 signals, 178 names, 2019-10-03 -> 2026-09-04 ===
               n  meanR   medR     win    p90      t   ctrl   edge
stop_hold  437.0  0.269  0.196  56.979  1.791  2.596  0.253  0.016
t1R        437.0  0.041  0.291  59.268  1.000  0.398  0.089 -0.048
t2R        437.0  0.149  0.201  57.666  2.000  2.075  0.179 -0.030
trail_bar  437.0  0.205 -0.087  45.309  1.440  2.120  0.113  0.092
ema20      437.0  0.160 -0.030  47.597  1.463  1.623  0.101  0.059

by half (n 169 / 268):
           <2023-01-01  >=2023-01-01
stop_hold        0.186         0.322
t1R              0.020         0.055
t2R              0.089         0.187
trail_bar        0.191         0.213
ema20            0.053         0.228

best arm by edge: trail_bar | passes the bar (beats control, both halves positive, |t|>=3): no

=== earnings drift, good+BIG (daily) — 1,069 signals, 229 names, 2019-10-18 -> 2026-09-10 ===
                n  meanR   medR     win    p90      t   ctrl   edge
stop_hold  1069.0  0.048  0.055  54.443  0.924  2.513  0.258 -0.209
t1R        1069.0  0.039  0.094  56.688  1.000  2.009  0.217 -0.178
t2R        1069.0  0.039  0.063  54.724  0.949  2.278  0.262 -0.222
trail_bar  1069.0  0.007 -0.089  42.095  0.667  1.177  0.117 -0.109
ema20      1069.0  0.028 -0.018  48.737  0.805  1.893  0.105 -0.076

by half (n 450 / 619):
           <2023-01-01  >=2023-01-01
stop_hold        0.044         0.051
t1R              0.041         0.038
t2R              0.032         0.045
trail_bar       -0.011         0.021
ema20            0.028         0.029

best arm by edge: ema20 | passes the bar (beats control, both halves positive, |t|>=3): no

=== earnings drift, bad reaction (daily) — 3,684 signals, 241 names, 2019-10-11 -> 2026-09-15 ===
                n  meanR   medR     win    p90      t   ctrl   edge
stop_hold  3684.0  0.097 -0.155  46.173  2.484  0.384 -0.090  0.187
t1R        3684.0 -0.145  0.151  53.692  1.000 -6.184 -0.180  0.035
t2R        3684.0 -0.051 -0.035  49.131  2.000 -3.074 -0.123  0.073
trail_bar  3684.0  0.046 -0.219  38.654  1.841 -0.351 -0.099  0.145
ema20      3684.0  0.041 -0.155  42.454  1.486 -0.336 -0.118  0.159

by half (n 1668 / 2016):
           <2023-01-01  >=2023-01-01
stop_hold        0.099         0.096
t1R             -0.187        -0.110
t2R             -0.081        -0.026
trail_bar        0.013         0.074
ema20           -0.011         0.084

best arm by edge: stop_hold | passes the bar (beats control, both halves positive, |t|>=3): no

[good+MUTED] delayed breaks: 397 of 491 reactions (81% eventually cleared the reaction high in 3-20 sessions)

=== delayed bump after good+MUTED earnings (daily) — 335 signals, 157 names, 2019-10-08 -> 2026-09-11 ===
               n  meanR   medR     win    p90      t   ctrl   edge
stop_hold  335.0  0.225 -0.836  43.881  3.204  1.388  0.692 -0.467
t1R        335.0 -0.190  0.501  54.328  1.000 -2.238  0.052 -0.242
t2R        335.0 -0.033 -0.195  48.358  2.000 -0.215  0.301 -0.333
trail_bar  335.0  0.111 -0.436  37.910  2.547  0.987  0.482 -0.371
ema20      335.0  0.232 -0.627  41.493  3.163  1.492  0.505 -0.273

by half (n 129 / 206):
           <2023-01-01  >=2023-01-01
stop_hold        0.460         0.079
t1R             -0.133        -0.226
t2R              0.014        -0.062
trail_bar        0.379        -0.057
ema20            0.487         0.072

best arm by edge: t1R | passes the bar (beats control, both halves positive, |t|>=3): no

[good+BIG] delayed breaks: 938 of 1,221 reactions (77% eventually cleared the reaction high in 3-20 sessions)

=== delayed bump after good+BIG earnings (daily) — 796 signals, 222 names, 2019-10-23 -> 2026-09-14 ===
               n  meanR   medR     win    p90      t   ctrl   edge
stop_hold  796.0  0.031 -1.079  38.568  3.807  0.004  0.696 -0.665
t1R        796.0 -0.361 -0.004  50.000  1.000 -5.773 -0.139 -0.222
t2R        796.0 -0.249 -0.880  44.095  2.000 -3.170  0.116 -0.365
trail_bar  796.0 -0.069 -0.547  32.915  2.527 -0.473  0.446 -0.515
ema20      796.0  0.051 -1.005  38.191  3.756  0.385  0.530 -0.479

by half (n 339 / 457):
           <2023-01-01  >=2023-01-01
stop_hold       -0.320         0.292
t1R             -0.428        -0.312
t2R             -0.418        -0.124
trail_bar       -0.313         0.111
ema20           -0.283         0.298

best arm by edge: t1R | passes the bar (beats control, both halves positive, |t|>=3): no
