4,477 events with straddle marks
  pulled 191,157 rows -> data/cache/earnings_term_structure.parquet
  term structure on 3,221 events (>=3 expiries)
  fully scored: 3,163 events, 284 names

========================================================================================================
  calculator.py GATES vs the short-straddle premium (% of spot)
========================================================================================================
  gate                                    n   share      MID  vs base      BID  vs base  win(bid)
  -- no gate (baseline) --            3,163    100%   +0.598            -0.065              57.8%
  avg_volume >= 1.5M                  2,349     74%   +0.595   -0.004   +0.163   +0.228     59.0%
  iv30_rv30 >= 1.25                   1,534     48%   +0.462   -0.136   -0.318   -0.253     56.2%
  ts_slope <= -0.00406                2,862     90%   +0.616   +0.018   -0.029   +0.036     58.4%
  ALL THREE (the recommendation)        973     31%   +0.536   -0.062   +0.086   +0.151     58.6%

  quintiles of each continuous variable (mean premium, % of spot):

--- iv30_rv30 ---
                  n    MID    BID
iv30_rv30                        
(0.297, 1.033]  633  1.167  0.618
(1.033, 1.177]  632  0.250 -0.330
(1.177, 1.311]  633  0.591  0.050
(1.311, 1.526]  632  0.053 -0.489
(1.526, 7.322]  633  0.928 -0.175

--- ts_slope_0_45 ---
                       n    MID    BID
ts_slope                              
(-0.0961, -0.0234]   633  1.181  0.159
(-0.0234, -0.0146]   632  0.538 -0.038
(-0.0146, -0.00999]  633  0.381 -0.218
(-0.00999, -0.0061]  632  0.415 -0.042
(-0.0061, 0.0363]    633  0.475 -0.186

--- avg_volume ---
                                     n    MID    BID
avg_volume                                          
(61736.666000000005, 1228014.053]  633  0.686 -0.760
(1228014.053, 2305398.0]           632  0.595 -0.190
(2305398.0, 3882878.667]           633  0.498  0.057
(3882878.667, 8699223.333]         632  0.685  0.334
(8699223.333, 189600600.0]         633  0.526  0.235
