3,163 events with a usable back expiry | median front 2 DTE, back gap 7d
  entry quotes 12,594 rows | exit marks 6,304 rows
  fully quoted both legs at entry AND the back leg at front expiry: 3,118 events (284 names)

================================================================================================
  EARNINGS CALENDAR — long the back, short the front (% of spot)
================================================================================================

  call calendar  (n 3,064, median debit $0.55)
    MID pricing          mean  +0.092%  median  -0.091%  win  45.5%  worst   -8.10%
    paying the spread    mean  -0.777%  median  -0.504%  win  23.8%  worst  -26.88%
    by year (real): {2019: -0.49, 2020: -0.9, 2021: -0.8, 2022: -0.85, 2023: -0.51, 2024: -0.69, 2025: -0.89, 2026: -1.69}  negative years 8/8

  put calendar  (n 3,067, median debit $0.52)
    MID pricing          mean  +0.228%  median  +0.037%  win  52.2%  worst  -11.09%
    paying the spread    mean  -0.767%  median  -0.452%  win  27.6%  worst  -28.61%
    by year (real): {2019: -0.58, 2020: -0.82, 2021: -0.74, 2022: -0.84, 2023: -0.48, 2024: -0.66, 2025: -0.92, 2026: -1.82}  negative years 8/8

  DOUBLE calendar  (n 3,082, median debit $1.07)
    MID pricing          mean  +0.326%  median  +0.002%  win  50.1%  worst  -17.43%
    paying the spread    mean  -1.530%  median  -0.941%  win  25.1%  worst  -55.49%
    by year (real): {2019: -1.06, 2020: -1.7, 2021: -1.55, 2022: -1.69, 2023: -0.99, 2024: -1.29, 2025: -1.79, 2026: -3.47}  negative years 8/8

================================================================================================
  DOES ts_slope SORT THE CALENDAR? (the gate on its own vehicle)
================================================================================================
                        n    MID   REAL
slope                                  
(-0.0813, -0.0231]    617  0.397 -1.801
(-0.0231, -0.0144]    616  0.309 -1.512
(-0.0144, -0.00984]   616  0.363 -1.321
(-0.00984, -0.00603]  616  0.322 -1.077
(-0.00603, 0.0363]    617  0.236 -1.936

  gate ts_slope <= -0.00406: n 2,787 (90%)  MID +0.351  REAL -1.417   vs ungated MID +0.326  REAL -1.530
