back leg: nearest to front+45d  (accepted gap 33-57d)
2,983 events with a usable back expiry | median front 2 DTE, back gap 42d
  entry quotes 9,576 rows | exit marks 3,620 rows
  fully quoted both legs at entry AND the back leg at front expiry: 1,793 events (267 names)

================================================================================================
  EARNINGS CALENDAR — long the back, short the front (% of spot)  [back = +45d]
================================================================================================

  call calendar  (n 1,780, median debit $1.50)
    MID pricing          mean  +0.196%  median  +0.128%  win  54.0%  worst   -9.32%
    paying the spread    mean  -1.283%  median  -0.768%  win  30.6%  worst  -82.35%
    by year (real): {2019: -0.73, 2020: -1.28, 2021: -1.14, 2022: -1.1, 2023: -0.56, 2024: -1.31, 2025: -1.93, 2026: -3.21}  negative years 8/8

  put calendar  (n 1,783, median debit $1.47)
    MID pricing          mean  +0.354%  median  +0.262%  win  57.6%  worst   -7.22%
    paying the spread    mean  -1.192%  median  -0.653%  win  33.0%  worst  -36.63%
    by year (real): {2019: -0.74, 2020: -1.01, 2021: -1.11, 2022: -1.38, 2023: -0.39, 2024: -1.12, 2025: -1.7, 2026: -3.25}  negative years 8/8

  DOUBLE calendar  (n 1,786, median debit $2.95)
    MID pricing          mean  +0.558%  median  +0.436%  win  56.0%  worst  -12.78%
    paying the spread    mean  -2.415%  median  -1.463%  win  31.5%  worst  -74.95%
    by year (real): {2019: -1.47, 2020: -2.2, 2021: -2.27, 2022: -2.63, 2023: -0.95, 2024: -2.33, 2025: -3.36, 2026: -6.3}  negative years 8/8

================================================================================================
  DOES ts_slope SORT THE CALENDAR? (the gate on its own vehicle)
================================================================================================
                                   n    MID   REAL
slope                                             
(-0.09230000000000001, -0.0228]  358  0.833 -3.010
(-0.0228, -0.0146]               357  0.555 -2.149
(-0.0146, -0.00986]              357  0.626 -1.884
(-0.00986, -0.00587]             357  0.438 -1.821
(-0.00587, 0.0363]               357  0.336 -3.211

  gate ts_slope <= -0.00406: n 1,584 (89%)  MID +0.589  REAL -2.225   vs ungated MID +0.558  REAL -2.415
