
=== 2016-11-08  R sweep (Trump I) ===  (%; 'after' windows start the day AFTER the election)
  top 5 by 60-session move after the result:
                   pre20  day1  after20  after60  rel60
   TSLA             -2.6  -2.5      1.6     35.6   29.2
   regional banks    2.5   5.6     18.5     20.3   13.9
   metals/mining     7.5   7.7     16.3     17.9   11.5
   financials        2.3   4.3     12.7     13.8    7.4
   small caps       -2.6   3.1     10.9     11.3    4.9
  bottom 5:
                   pre20  day1  after20  after60  rel60
   20y treasuries   -1.9  -4.2     -3.2     -3.2   -9.7
   gold              1.7  -0.1     -8.0     -3.2   -9.6
   MSTR              9.8   1.0      3.4     -0.8   -7.2
   biotech          -5.6   8.9     -6.6     -0.5   -6.9
   retail           -3.8   2.1     11.5      0.3   -6.1
  S&P: day1 +1.1%, +20 +3.8%, +60 +6.4% | dispersion of rel60 across vehicles: 9.0pp, range -9.7 to +29.2

=== 2018-11-06  split (D House) ===  (%; 'after' windows start the day AFTER the election)
  top 5 by 60-session move after the result:
                   pre20  day1  after20  after60  rel60
   solar             3.6   3.0     -0.9     10.9   13.2
   clean energy      0.5   2.8      1.6     10.1   12.4
   20y treasuries   -1.0   0.1      5.3      8.3   10.5
   gold              3.1  -0.0      1.0      7.1    9.4
   MSTR             -3.4   2.8     -1.7      1.8    4.0
  bottom 5:
            pre20  day1  after20  after60  rel60
   E&P      -16.1   2.6    -16.2    -19.3  -17.0
   retail     0.5   0.9     -8.3     -8.3   -6.1
   TSLA      29.8   2.1      4.3     -7.7   -5.5
   energy   -11.3   1.6     -8.1     -6.3   -4.0
   staples    3.8   0.6     -1.8     -4.3   -2.0
  S&P: day1 +2.1%, +20 -4.0%, +60 -2.2% | dispersion of rel60 across vehicles: 6.7pp, range -17.0 to +13.2

=== 2020-11-03  D sweep (Biden) ===  (%; 'after' windows start the day AFTER the election)
  top 5 by 60-session move after the result:
           pre20  day1  after20  after60  rel60
   MSTR     14.6   0.3     86.2    267.8  257.8
   PLTR      6.1   2.1    110.0    216.8  206.8
   TSLA      2.4  -0.7     35.1     99.5   89.5
   solar    -3.0  -2.1     21.2     63.3   53.3
   retail    1.4  -0.2     16.3     59.1   49.2
  bottom 5:
                   pre20  day1  after20  after60  rel60
   20y treasuries   -1.6   2.2     -2.9     -5.3  -15.3
   dollar           -0.3  -0.2     -2.6     -2.7  -12.7
   gold              0.9  -0.1     -4.1     -2.6  -12.5
   utilities         4.4  -1.5      0.0     -1.1  -11.1
   staples           0.3   0.0      4.1      0.6   -9.4
  S&P: day1 +2.2%, +20 +6.8%, +60 +10.0% | dispersion of rel60 across vehicles: 68.1pp, range -15.3 to +257.8

=== 2022-11-08  split (R House) ===  (%; 'after' windows start the day AFTER the election)
  top 5 by 60-session move after the result:
                  pre20  day1  after20  after60  rel60
   MSTR            -2.1 -19.6     13.6     65.6   55.5
   retail           5.0  -3.5      9.2     22.5   12.4
   metals/mining   11.6  -5.4      9.1     19.2    9.1
   PLTR           -10.3  -3.2      1.3     19.1    9.0
   nasdaq           2.6  -2.3      6.5     15.6    5.5
  bottom 5:
                pre20  day1  after20  after60  rel60
   E&P           15.2  -6.6     -8.6    -10.4  -20.5
   dollar        -3.0   0.7     -4.6     -5.2  -15.3
   energy        17.1  -4.9     -3.9     -2.3  -12.4
   health care    8.5  -1.1      5.4      0.8   -9.2
   staples        8.0  -1.1      5.8      2.9   -7.1
  S&P: day1 -2.1%, +20 +5.1%, +60 +10.0% | dispersion of rel60 across vehicles: 14.4pp, range -20.5 to +55.5

=== 2024-11-05  R sweep (Trump II) ===  (%; 'after' windows start the day AFTER the election)
  top 5 by 60-session move after the result:
           pre20  day1  after20  after60  rel60
   PLTR     23.4   8.6     25.8     87.0   84.8
   TSLA      2.8  14.8     24.1     35.9   33.8
   MSTR     18.5  13.2     57.5     35.1   32.9
   gold      4.6  -3.0     -0.4      6.8    4.7
   nasdaq    0.6   2.7      3.5      3.9    1.7
  bottom 5:
                  pre20  day1  after20  after60  rel60
   metals/mining    3.1   8.1     -3.5    -13.4  -15.6
   solar            3.1 -10.9     -3.3     -8.4  -10.5
   clean energy    -3.3  -7.3     -3.0     -8.2  -10.4
   biotech          1.4   1.1     -3.8     -5.3   -7.4
   small caps       3.1   5.8      1.5     -4.1   -6.2
  S&P: day1 +2.5%, +20 +2.8%, +60 +2.2% | dispersion of rel60 across vehicles: 21.1pp, range -15.6 to +84.8

=== how much of the 60-session move happened on day 1? (median across vehicles) ===
                               median_share_day1     n
2016-11-08 R sweep (Trump I)                0.29  17.0
2018-11-06 split (D House)                 -0.14  14.0
2020-11-03 D sweep (Biden)                 -0.00  22.0
2022-11-08 split (R House)                 -0.19  19.0
2024-11-05 R sweep (Trump II)               0.48  18.0
