16,236 call purchases | 3,951 event / 12,285 control

=== 0.12d (far OTM) — event (1,974) ===
                  n   mean  median   p_2x   p_5x  p_10x  p_total_loss     best
hold_expiry  1968.0  34.69  -96.95   8.79   6.91   4.27         61.08  6828.57
tp_100       1973.0 -19.75  -90.91  36.85   0.00   0.00         43.39   100.00
tp_200       1973.0 -11.48  -94.96  27.07   0.00   0.00         49.97   200.00
tp_500       1973.0   8.71  -96.30  17.23  15.86   0.00         56.26   500.00
sell_5d      1974.0  30.65  -51.00  14.64   5.32   1.98          4.10  3976.23
sell_10d     1974.0  27.97  -76.19  12.92   6.03   2.53         20.82  6118.75

=== 0.12d (far OTM) — control (6,109) ===
                  n   mean  median   p_2x   p_5x  p_10x  p_total_loss     best
hold_expiry  6101.0  19.48  -97.30   8.15   6.11   3.54         63.28  9244.26
tp_100       6106.0 -30.82  -94.12  31.22   0.00   0.00         47.95   100.00
tp_200       6106.0 -25.06  -96.11  22.50   0.00   0.00         54.08   200.00
tp_500       6106.0 -12.63  -96.97  13.58  12.58   0.00         60.17   500.00
sell_5d      6109.0  -3.60  -52.13  10.30   2.60   0.67          1.88  4085.71
sell_10d     6109.0   5.63  -75.00  10.87   4.57   1.80         15.26  7553.33

=== 0.25d — event (1,977) ===
                  n   mean  median   p_2x   p_5x  p_10x  p_total_loss      best
hold_expiry  1969.0  27.92  -98.25  14.42   8.99   3.91         65.92   4072.84
tp_100       1972.0 -17.11  -94.67  39.45   0.00   0.00         49.49    100.00
tp_200       1972.0  -4.88  -97.14  29.97   0.00   0.00         56.29    200.00
tp_500       1970.0   8.54  -98.11  18.48  14.77   0.00         64.01    500.00
sell_5d      1977.0  23.33  -38.95  16.89   3.89   0.86          4.70   2116.61
sell_10d     1977.0  34.60  -70.81  15.93   5.67   1.92         20.64  26400.00

=== 0.25d — control (6,176) ===
                  n   mean  median   p_2x   p_5x  p_10x  p_total_loss     best
hold_expiry  6166.0  17.69  -98.53  13.40   8.32   3.26         69.66  4866.39
tp_100       6171.0 -26.58  -96.77  34.87   0.00   0.00         54.04   100.00
tp_200       6169.0 -20.25  -98.04  25.08   0.00   0.00         61.71   200.00
tp_500       6166.0  -5.43  -98.46  16.25  12.80   0.00         67.92   500.00
sell_5d      6176.0  -0.30  -40.00  11.17   1.91   0.32          1.30  2170.97
sell_10d     6176.0   5.73  -66.88  13.63   4.45   1.10         14.65  2835.48

=== event minus control (percentage points) ===

0.12d (far OTM):
             mean_pp  p5x_pp  p10x_pp
hold_expiry    15.21    0.78     0.72
tp_100         11.08    0.00     0.00
tp_200         13.59    0.00     0.00
tp_500         21.34    3.28     0.00
sell_5d        34.25    2.72     1.30
sell_10d       22.34    1.46     0.73

0.25d:
             mean_pp  p5x_pp  p10x_pp
hold_expiry    10.23    0.65     0.64
tp_100          9.47    0.00     0.00
tp_200         15.37    0.00     0.00
tp_500         13.97    1.94     0.00
sell_5d        23.63    1.98     0.54
sell_10d       28.87    1.21     0.82

=== the 3 election-eve dates only (230 purchases) ===
                 n    mean  median   p_2x   p_5x  p_10x  p_total_loss     best
hold_expiry  230.0  206.51  -96.39  29.13  20.00   9.13         53.91  6388.37
tp_100       230.0   27.01  100.00  62.17   0.00   0.00         31.74   100.00
tp_200       230.0   70.89  200.00  56.09   0.00   0.00         36.96   200.00
tp_500       230.0  127.61  -93.10  39.13  33.91   0.00         48.26   500.00
sell_5d      230.0  189.79   58.95  46.09  18.70   6.52          3.48  2413.74
sell_10d     230.0   82.11  -58.27  23.04   7.83   3.91         23.48  3832.10
