
=== ALL BREAKOUTS (n=7,954, 2019-10-07 -> 2026-09-09) — R per trade ===
                     n  meanR  medR    win     t   p90   p10
scalp_close     7954.0  -0.03 -0.06  46.35  1.08  0.87 -0.97
scalp_strength  7954.0  -0.02 -0.05  47.03  1.16  0.89 -0.96
hold_2          7954.0   0.01 -0.07  46.59  1.15  1.38 -1.41
hold_3          7954.0  -0.08 -0.06  47.42  1.10  1.76 -1.81
hold_5          7954.0  -0.07 -0.06  47.89  1.68  2.30 -2.38
trail           7953.0   0.13 -1.09  28.32  1.54  3.20 -2.16
book_close      7953.0   0.20 -1.09  29.13  3.79  3.39 -1.99
  mean R by year:
         scalp_close  scalp_strength  hold_2  hold_3  hold_5  trail  book_close
   year                                                                        
   2019        -0.03           -0.01   -0.12   -0.04    0.33  -0.30       -0.24
   2020        -0.10           -0.08   -0.12   -0.50   -0.28  -0.12        0.08
   2021        -0.02           -0.01    0.01    0.10    0.11  -0.10       -0.20
   2022        -0.08            0.01   -0.15   -0.32   -0.43  -0.50       -0.36
   2023         0.01           -0.00    0.02    0.15    0.34   0.35        0.24
   2024         0.04            0.05    0.20    0.09    0.07   0.61        0.48
   2025         0.11            0.06    0.26   -0.05   -0.25   0.60        0.67
   2026        -0.11           -0.11   -0.12   -0.02   -0.02   0.04        0.23
  median trail hold: 9 sessions; share where scalp_close beat trail: 64%

=== PRECISION TIER (n=1,962, 2019-10-23 -> 2026-09-09) — R per trade ===
                     n  meanR  medR    win     t   p90   p10
scalp_close     1962.0  -0.13 -0.05  46.74 -0.30  0.84 -0.96
scalp_strength  1962.0  -0.12 -0.04  47.25  0.12  0.91 -0.96
hold_2          1962.0  -0.09 -0.09  46.28  0.13  1.38 -1.33
hold_3          1962.0  -0.04 -0.06  48.22  0.88  1.81 -1.74
hold_5          1962.0  -0.04 -0.04  48.57  0.26  2.35 -2.20
trail           1962.0   0.89 -1.08  30.78  2.88  4.22 -2.11
book_close      1962.0   0.79 -1.08  31.24  4.30  4.52 -1.94
  mean R by year:
         scalp_close  scalp_strength  hold_2  hold_3  hold_5  trail  book_close
   year                                                                        
   2019        -0.25           -0.24   -0.31   -0.30    0.88  -0.57       -0.42
   2020        -0.14           -0.12    0.05   -0.04    0.16   0.44        0.52
   2021        -0.19           -0.19   -0.15   -0.10   -0.06  -0.37       -0.25
   2022         0.01            0.03   -0.18   -0.31   -0.45  -0.01        0.13
   2023         0.00            0.03    0.01    0.35   -0.03   0.39        0.53
   2024        -0.03            0.01    0.09    0.09    0.18   1.48        1.48
   2025         0.05            0.07    0.04    0.04   -0.34   3.60        1.99
   2026        -0.30           -0.31   -0.24   -0.10    0.05   0.48        0.87
  median trail hold: 10 sessions; share where scalp_close beat trail: 62%
