=== INDEX: mean % return around the 55 scheduled FOMC decisions ===

SPY:
                 n   mean     win      t
T-5 -> T0     55.0  0.467  67.273  1.462
T-3 -> T0     55.0  0.388  52.727  1.532
T-1 -> T0     55.0  0.112  49.091  0.651
decision day  55.0  0.112  49.091  0.651
T0 -> T+1     55.0 -0.081  52.727 -0.430
T0 -> T+5     54.0  0.275  53.704  0.776
T-5 -> T+5    54.0  0.755  62.963  1.845

QQQ:
                 n   mean     win      t
T-5 -> T0     55.0  0.654  61.818  1.556
T-3 -> T0     55.0  0.630  58.182  1.902
T-1 -> T0     55.0  0.348  60.000  1.523
decision day  55.0  0.348  60.000  1.523
T0 -> T+1     55.0 -0.079  56.364 -0.323
T0 -> T+5     54.0  0.480  55.556  0.985
T-5 -> T+5    54.0  1.144  70.370  2.118

=== ARCHETYPE D on high-beta names (ADR>=4): buy T-k close -> sell decision-day close ===
         events   mean     win      t  control   edge     h1     h2
buy T-1    55.0  0.497  61.818  1.501   -0.006  0.503  0.855  0.200
buy T-2    55.0  0.309  58.182  0.688    0.323 -0.014  0.654  0.022
buy T-3    55.0  0.659  56.364  1.353    0.432  0.227  1.058  0.326
buy T-5    55.0  0.595  58.182  0.932    1.191 -0.596  0.378  0.777

=== the two UNSCHEDULED 2020 meetings (not tradeable ex ante, shown for context) ===
  SPY 2020-03-02: day +4.33%  T0->T+5 -11.28%
  SPY 2020-03-15: day -10.94%  T0->T+5 -6.50%
  QQQ 2020-03-02: day +5.16%  T0->T+5 -10.56%
  QQQ 2020-03-15: day -11.98%  T0->T+5 +0.90%
