
SPY POS by year (mean return on max risk %, n):
day   2016  2017  2018  2019  2020   2021  2022  2023   2024   2025  2026
mean   4.8   6.4  -7.9   8.0   0.8    5.3  -1.2   8.3    6.7   12.0   2.6
n     34.0  67.0  63.0  96.0  89.0  114.0  27.0  95.0  147.0  113.0  12.0

QQQ POS by year (mean return on max risk %, n):
day   2016  2017  2018  2019  2020  2021  2022   2023   2024   2025  2026
mean   8.5   6.5  25.6   1.6  14.3   9.9   5.5    8.0    5.8    9.8   5.1
n     22.0  23.0   7.0  25.0  25.0  56.0  18.0  122.0  150.0  139.0  12.0

== w = 2.0, 2016-01 -> 2026-02, return on max risk at the real fill (%); halves split 2021-01-01 ==
 tk            gamma    n  ret_risk     t    h1    t1  n1    h2    t2   n2  t_month   win  usd_mean  worst_usd
SPY              POS  857      5.44  3.01  2.68  0.94 349  7.34  3.15  508     3.67 60.91     20.26    -708.85
SPY              NEG  844     -5.15 -2.65 -2.35 -0.69 268 -6.46 -2.72  576    -2.90 50.36    -20.43   -2048.35
SPY              ALL 1701      0.19  0.14  0.50  0.23 617  0.01  0.00 1084     0.02 55.67      0.07   -2048.35
SPY POS weekday-only  676      4.40  2.12  2.48  0.75 278  5.73  2.15  398     2.82 59.76     17.26    -708.85
QQQ              POS  599      8.07  3.64  8.95  1.85 102  7.89  3.17  497     3.17 61.27     30.57   -1003.60
QQQ              NEG  715     -6.51 -3.00 -6.41 -1.38 160 -6.54 -2.67  555    -2.89 50.21    -23.63   -1838.60
QQQ              ALL 1314      0.14  0.09 -0.43 -0.13 262  0.28  0.16 1052     0.19 55.25      1.08   -1838.60
QQQ POS weekday-only  503      8.02  3.35  8.95  1.85 102  7.78  2.83  401     2.78 61.03     29.15   -1003.60
PASS SPY (POS: mean > 0, t >= 3.2, both halves > 0, POS > NEG): no
PASS QQQ (POS: mean > 0, t >= 3.2, both halves > 0, POS > NEG): YES
