window 2012-03-23 -> 2026-02-27: 3,429 sessions; negative-GEX 51.6%; VIX tercile cuts [14.18, 18.39]

-- by gamma quintile (Q1 = most negative trailing rank); net bps/session --
     n  mean_bps  neg_gex_pct  vix_mean  traded_pct     t  h1_bps  h2_bps
q                                                                        
1  695      3.74       100.00     20.20       71.80  1.42    2.03    5.09
2  686      0.50        90.67     19.69       64.87  0.22   -1.15    1.64
3  680      8.04        54.26     17.65       53.24  4.38    2.99   11.23
4  687      0.49        11.64     16.18       54.00  0.35    0.52    0.47
5  681     -3.10         0.44     14.79       52.57 -2.70   -5.36   -1.45

-- PRIMARY 1: net_bps ~ score (NW 5) --
slope +1.362 bps per quintile step, t 2.24; halves +1.313 (t 1.90) / +1.424 (t 1.54)

-- PRIMARY 2: net_bps ~ score + VIX-tercile dummies (NW 5) --
==============================================================================
                 coef    std err          z      P>|z|      [0.025      0.975]
------------------------------------------------------------------------------
const         -1.7585      1.223     -1.438      0.150      -4.155       0.638
score          1.0747      0.576      1.865      0.062      -0.055       2.204
midVIX         1.7953      1.524      1.178      0.239      -1.191       4.782
highVIX        2.8137      2.078      1.354      0.176      -1.259       6.886
==============================================================================

PASS condition 1 (dose slope t >= 3.2, both halves > 0): no
PASS condition 2 (slope beyond VIX t >= 3.2): no
VERDICT: FAIL

-- exploratory: slope within each VIX tercile; Q1 and Q5 mean bps --
lowVIX   n  1144  slope +1.359 t  1.57  Q1 +6.18  Q5 -3.44
midVIX   n  1143  slope +1.465 t  1.81  Q1 -1.48  Q5 -2.53
highVIX  n  1142  slope +0.295 t  0.21  Q1 +5.65  Q5 -3.45

-- exploratory: sign split on this window --
NEG: n 1,769  mean +4.57 bps  t 3.07
POS: n 1,660  mean -0.88 bps  t -1.03

-- exploratory: per-year mean bps by quintile --
q        1     2     3    4     5  Q1-Q5
yr                                      
2012   8.4   9.0  15.4 -5.3  -5.5   13.9
2013   2.4   4.4  -4.3  0.6  -7.4    9.8
2014   2.9  -6.9   8.2 -0.4  -1.5    4.4
2015  -2.5   2.8   5.4 -2.7   1.3   -3.8
2016   3.9 -16.1   0.0  1.1  -9.1   13.0
2017   0.9  -5.9  -1.6  5.7  -4.7    5.6
2018  30.0  11.9  -0.6  4.7  -1.8   31.8
2019   6.9  -1.1   6.1 -6.5  -1.2    8.1
2020  10.7  -9.2   2.8  3.7  -3.3   14.0
2021  -1.3   4.4   3.8  5.3  -2.1    0.8
2022  -2.9  -6.8  39.3  0.4 -30.3   27.4
2023  -4.2   5.7  18.4  9.8   2.0   -6.2
2024  -8.1   5.0  11.0 -2.5   4.0  -12.1
2025   9.5   7.0   9.6 -7.1  -2.8   12.3
2026  -9.5  -0.5  -4.2  0.0 -28.7   19.2
