
====================================================================================================
SPY: 3,985 days 2010-01-05 -> 2026-02-27; negative-GEX days 57.4%

-- Test 1: log realised vol on NEG, controlling for log VIX(t-1) and log RV(t-1) (Newey-West, 5 lags) --
   sample  days  neg_days  b_NEG  t_NEG  pct_effect  b_noctrl  t_noctrl  b_range  t_range  rv_neg  rv_pos
     full  3985      2287  0.078  7.713       8.122     0.476    20.081    0.132    8.651   0.835   0.494
2010-2017  1975      1290  0.063  4.584       6.535     0.491    15.675    0.142    6.498   0.734   0.431
2018-2026  2010       997  0.091  5.949       9.525     0.530    15.663    0.149    6.744   0.965   0.537

-- Test 2: r_last(15:30->close) on r_first(prev close->10:00) and r_first x NEG (Newey-West, 5 lags) --
   sample  days  b_first  t_first  g_interact  t_interact
     full  3985  -0.0233  -1.5455      0.0566      2.0124
2010-2017  1975   0.0028   0.1445      0.0397      1.4005
2018-2026  2010  -0.0304  -1.6131      0.0578      1.3820

-- Test 3: attraction of the close toward the largest-|GEX| strike vs a random strike (bps; > 0 = pulled toward) --
     half  expiry_day  days  gex_vs_random      t  oi_vs_random   t_oi
2010-2017       False  1561         -2.720 -1.963        -2.898 -2.108
2010-2017        True   414         -5.785 -2.623        -2.420 -1.029
2018-2026       False   490         -5.854 -1.968        -0.714 -0.243
2018-2026        True  1520         -5.283 -3.483        -3.246 -2.066
     full       False  2051         -3.468 -2.728        -2.375 -1.886
     full        True  1934         -5.391 -4.205        -3.069 -2.303

====================================================================================================
QQQ: 3,680 days 2010-11-23 -> 2026-02-27; negative-GEX days 52.6%

-- Test 1: log realised vol on NEG, controlling for log VIX(t-1) and log RV(t-1) (Newey-West, 5 lags) --
   sample  days  neg_days  b_NEG  t_NEG  pct_effect  b_noctrl  t_noctrl  b_range  t_range  rv_neg  rv_pos
     full  3680      1936  0.039  4.144       3.991     0.396    16.733    0.102    6.850   1.053   0.672
2010-2017  1673       806  0.021  1.777       2.118     0.307     9.695    0.107    5.134   0.867   0.613
2018-2026  2007      1130  0.062  4.306       6.374     0.437    14.220    0.110    5.417   1.185   0.732

-- Test 2: r_last(15:30->close) on r_first(prev close->10:00) and r_first x NEG (Newey-West, 5 lags) --
   sample  days  b_first  t_first  g_interact  t_interact
     full  3680  -0.0164  -1.4376      0.0508      1.6802
2010-2017  1673   0.0139   1.1290      0.0069      0.2111
2018-2026  2007  -0.0362  -2.2042      0.0752      1.9144

-- Test 3: attraction of the close toward the largest-|GEX| strike vs a random strike (bps; > 0 = pulled toward) --
     half  expiry_day  days  gex_vs_random      t  oi_vs_random   t_oi
2010-2017       False  1173         -4.012 -2.344        -1.520 -0.863
2010-2017        True   281         -6.351 -1.931        -1.968 -0.601
2018-2026       False   805         -1.381 -0.505        -3.178 -1.175
2018-2026        True  1202         -3.879 -1.813        -2.635 -1.219
     full       False  1978         -2.941 -1.952        -2.195 -1.446
     full        True  1483         -4.347 -2.359        -2.508 -1.350


== SUMMARY (pass = pre-registered bar; SPY primary, QQQ robustness) ==
 tk  days  neg_share  T1_pass  T1_b  T1_t  T1_pct  T2_pass  T2_g  T2_t  T3_pass  T3_edge   T3_t  T3_days
SPY  3985      0.574     True 0.078 7.713   8.122    False 0.057 2.012    False   -5.391 -4.205     1934
QQQ  3680      0.526     True 0.039 4.144   3.991    False 0.051 1.680    False   -4.347 -2.359     1483
