
====================================================================================================
CELL Q: data/cache/gex/noise_band_qqq_game_daily.csv
window 2010-01-05 -> 2026-02-27: 3,983 sessions; SPY negative-GEX 57.4%
          arm  sessions  mean_bps     t  sharpe  ann_own  ann_window  h1_bps  t_h1  h2_bps  t_h2
        A all      3983      1.24  1.53    0.39     3.13        3.13   -1.01 -1.08    3.46  2.64
N neg SPY GEX      2286      2.75  2.16    0.72     6.94        3.98   -0.34 -0.25    6.75  2.85
P pos SPY GEX      1697     -0.79 -0.98   -0.38    -2.00       -0.85   -2.28 -2.12    0.21  0.19
N minus P: +3.55 bps/session (Welch t 2.35)
PASS cell Q (N: mean > 0, t >= 3.4, both halves > 0, beats A): no
by year (summed net % of $10k):
yr       2010   2011   2012   2013   2014   2015   2016  2017   2018  2019  2020  2021   2022   2023  2024   2025  2026
N_net%  -11.4   -2.3    3.9   -4.0    5.3    4.7   -3.6   3.0   23.8   2.0  -0.9  -3.4   18.3   12.2   3.4   13.8  -1.9
N_days  206.0  227.0  192.0  116.0  154.0  186.0  131.0  78.0  131.0  91.0  98.0  70.0  209.0  148.0  98.0  128.0  23.0
P_net%   -2.1    2.7   -0.2   -0.9   -3.1   -2.8   -5.1  -4.2    3.6  -3.6   3.2   6.4   -3.7    0.9   3.1   -6.4  -1.3
A_net%  -13.5    0.4    3.7   -4.9    2.2    2.0   -8.6  -1.2   27.4  -1.6   2.2   3.0   14.5   13.1   6.5    7.4  -3.2

====================================================================================================
CELL S: data/cache/gex/noise_band_spy_game_daily.csv
window 2010-01-05 -> 2026-02-27: 3,985 sessions; SPY negative-GEX 57.4%
          arm  sessions  mean_bps     t  sharpe  ann_own  ann_window  h1_bps  t_h1  h2_bps  t_h2
        A all      3985      0.30  0.47    0.12     0.77        0.77   -0.84 -1.02    1.43  1.44
N neg SPY GEX      2287      1.04  1.01    0.34     2.62        1.50   -0.33 -0.28    2.81  1.56
P pos SPY GEX      1698     -0.69 -1.10   -0.43    -1.73       -0.74   -1.81 -2.14    0.07  0.08
N minus P: +1.73 bps/session (Welch t 1.44)
PASS cell S (N: mean > 0, t >= 3.4, both halves > 0, beats A): no
by year (summed net % of $10k):
yr       2010   2011   2012   2013   2014   2015   2016  2017   2018  2019  2020  2021   2022   2023  2024   2025  2026
N_net%   -2.4    4.6    3.0   -0.8   -2.4    0.9   -6.6  -0.8   13.7  -1.1  -8.7   3.1   11.3    7.1   2.4    1.8  -1.6
N_days  206.0  227.0  192.0  116.0  154.0  186.0  131.0  78.0  131.0  92.0  98.0  70.0  209.0  148.0  98.0  128.0  23.0
P_net%   -3.4    2.0   -1.1    0.6   -0.6   -0.3   -2.9  -6.7    2.2  -1.5   3.9  -0.1    0.4   -0.9  -0.6   -2.7  -0.1
A_net%   -5.7    6.6    1.9   -0.2   -3.0    0.6   -9.5  -7.5   15.9  -2.6  -4.8   3.0   11.7    6.2   1.8   -0.9  -1.7

exploratory: SPY and QQQ prior-close gamma signs agree on 76.8% of 3,679 days
