# IV efficiency by option liquidity (pre-registration in the md). month-ends 194

=== PRIMARY: RV from real closes (liquid + small-cap panels) ===
rows 213,448, tickers 2,415, months 169
 decile     n  names  med_optvol  beta  beta_se  bias_log_iv_rv  r2_F  r2_F_iv  rv_minus_iv_Q5_Q1
      1 21419   1212      15.000 0.314    0.037           0.228 0.385    0.440            -28.827
      2 21335   1437      60.905 0.504    0.052           0.149 0.408    0.502            -17.191
      3 21323   1559     143.524 0.589    0.051           0.127 0.439    0.548            -13.809
      4 21339   1598     287.952 0.660    0.059           0.108 0.466    0.585            -10.857
      5 21352   1608     546.667 0.694    0.054           0.102 0.497    0.618            -10.111
      6 21299   1554     998.333 0.722    0.057           0.092 0.521    0.643             -8.263
      7 21325   1403    1841.190 0.761    0.055           0.091 0.528    0.658             -6.883
      8 21337   1193    3628.095 0.772    0.056           0.086 0.538    0.665             -6.098
      9 21323    957    8425.714 0.811    0.050           0.087 0.552    0.685             -4.875
     10 21396    587   33482.500 0.922    0.061           0.065 0.632    0.755             -2.977
PRIMARY beta(D10) - beta(D1) = +0.609 (t +17.17); halves +0.631 (t +16.40) / +0.536 (t +15.05) -> PASS: IV less efficient in illiquid options

=== ROBUSTNESS: RV from chain-spot closes (noisier for illiquid options) ===
rows 172,453, tickers 2,235, months 156
 decile     n  names  med_optvol  beta  beta_se  bias_log_iv_rv  r2_F  r2_F_iv  rv_minus_iv_Q5_Q1
      1 14675    928      17.381 0.454    0.035           0.094 0.398    0.481            -17.887
      2 17252   1165      64.048 0.556    0.048           0.099 0.429    0.529            -13.416
      3 17500   1296     145.595 0.606    0.049           0.103 0.453    0.557            -11.941
      4 17556   1346     284.738 0.660    0.055           0.098 0.460    0.576            -10.043
      5 17375   1385     528.190 0.713    0.053           0.094 0.477    0.600             -8.958
      6 17432   1351     964.000 0.732    0.056           0.089 0.500    0.627             -7.704
      7 17639   1238    1775.905 0.770    0.055           0.087 0.512    0.644             -6.428
      8 17822   1040    3508.310 0.825    0.055           0.081 0.517    0.656             -5.008
      9 17656    827    8323.167 0.869    0.052           0.080 0.532    0.679             -3.959
     10 17546    511   32948.810 0.948    0.059           0.063 0.617    0.748             -2.239
PRIMARY beta(D10) - beta(D1) = +0.494 (t +13.87); halves +0.529 (t +11.72) / +0.445 (t +11.51) -> PASS: IV less efficient in illiquid options
