6,419 spreads · 20 names · 365 dates · 90 months
corr(cw, ivr) +0.136   corr(cw, iv) +0.474   corr(ivr, ivp) +0.842

== marginal quintiles of CREDIT/WIDTH (adopted) ==
      n  sort  net_roc    win    iv
q                                  
0  1300  0.15    -1.69  80.38  0.26
1  1268  0.19     3.98  82.33  0.27
2  1284  0.20     3.56  79.67  0.29
3  1287  0.22     4.67  79.18  0.35
4  1280  0.25     4.36  75.86  0.49
  top−bottom +7.84pp  month-clustered t +3.56  halves +9.16 / +6.40

== marginal quintiles of IV RANK (Sosnoff) ==
      n  sort  net_roc    win    iv
q                                  
0  1284  0.04     6.37  83.49  0.25
1  1284  0.17     1.53  78.97  0.27
2  1283  0.30     6.80  82.77  0.32
3  1284  0.47    -0.93  75.47  0.37
4  1284  0.85     1.03  76.71  0.45
  top−bottom +13.32pp  month-clustered t +3.47  halves +16.24 / +11.24

== marginal quintiles of IV percentile (our straddle-gate form) ==
      n  sort  net_roc    win    iv
q                                  
0  1363  0.06     5.60  82.76  0.25
1  1290  0.27     2.34  79.61  0.28
2  1256  0.51     2.18  78.34  0.32
3  1250  0.73     0.24  76.32  0.36
4  1260  0.93     4.22  80.08  0.45
  top−bottom +9.94pp  month-clustered t +1.60  halves +3.30 / +14.21

== 5x5 double sort: mean net ROC % (rows = cw quintile, cols = ivr quintile) ==
qivr     0     1      2      3     4
qcw                                 
0     2.51 -3.29   5.20 -13.29 -3.93
1     5.15  5.98   6.53   0.15 -0.14
2     8.43  3.66   4.35  -2.26  2.86
3     8.81  1.70   6.34   5.14  1.65
4     9.83  0.78  11.49   0.94  2.30

   cell counts:
qivr    0    1    2    3    4
qcw                          
0     326  353  253  184  184
1     300  279  280  228  181
2     281  255  252  243  253
3     248  241  239  279  280
4     129  156  259  350  386

================================================================================================
PRIMARY — month-clustered joint regression, net ROC on both standardised sorts
================================================================================================
  roc ~ zcw              zcw +2.36pp (t +2.40)
  roc ~ zivr             zivr -1.54pp (t -1.00)
  roc ~ zcw + zivr       zcw +2.62pp (t +2.81) zivr -1.89pp (t -1.25)

  within-date (date-demeaned — the market's own IV level removed):
   zcw_dm +2.97pp (t +4.01)  zivr_dm +0.25pp (t +0.22)

VERDICT  cw survives the joint fit: True   ivr survives the joint fit: False
wrote data/studies/ivrank_vs_cw_2026-09-22.csv
