=== 1. daily beta to crude (2015-2026), and to crude lagged ===
                  beta_same_day  beta_lag1  beta_lag2   corr       n
USO (oil ETF)             0.187      0.069      0.017  0.503  2944.0
XLE energy                0.074     -0.001     -0.009  0.275  2944.0
XOP E&P                   0.089     -0.012     -0.010  0.239  2944.0
OIH services              0.096     -0.001     -0.014  0.249  2944.0
VDE energy broad          0.075     -0.001     -0.009  0.273  2944.0
CRAK refiners             0.042      0.011     -0.008  0.208  2787.0
XES equip                 0.104      0.001     -0.010  0.251  2944.0
AMLP midstream            0.051     -0.005     -0.015  0.192  2944.0
SPY                       0.021      0.003     -0.002  0.129  2944.0

=== 2. episodes: crude +10% or more over 20 sessions (non-overlapping) ===
56 episodes: 2015-02, 2015-04, 2015-09, 2016-02, 2016-03, 2016-04, 2016-05, 2016-08, 2016-09, 2016-12, 2017-04, 2017-07, 2017-09, 2017-11, 2018-01, 2018-04, 2018-06, 2018-10, 2019-01, 2019-04, 2019-07, 2019-09, 2019-12, 2020-05, 2020-06, 2020-07, 2020-10, 2020-11, 2021-01, 2021-02, 2021-03, 2021-05, 2021-06, 2021-09, 2021-10, 2021-12, 2022-01, 2022-02, 2022-05, 2022-06, 2022-10, 2023-04, 2023-07, 2023-08, 2023-09, 2024-04, 2024-07, 2024-10, 2025-01, 2025-06, 2026-01, 2026-03, 2026-04, 2026-05, 2026-07, 2026-09
                  during_mean  during_med  next20_mean  next20_med  next20_win     n
crude front             13.30       11.77         2.35        1.60       58.18  55.0
USO (oil ETF)           10.89       10.97         2.38        1.61       58.18  55.0
XLE energy               7.21        6.75         1.50        1.41       58.18  55.0
XOP E&P                 10.46        9.45         1.25       -0.03       49.09  55.0
OIH services             9.94        9.15         1.30        1.84       56.36  55.0
VDE energy broad         7.51        6.79         1.46        1.37       58.18  55.0
CRAK refiners            5.27        4.69         1.27        2.08       61.82  55.0
XES equip               10.63        9.87         1.36        3.23       56.36  55.0
AMLP midstream           5.09        4.42         1.53        0.90       58.18  55.0
SPY                      1.81        2.35         1.15        1.51       63.64  55.0

=== 3. capture ratio: vehicle move / crude move during the episode (median) ===
                  median_capture   p25   p75
USO (oil ETF)               0.94  0.81  1.06
XLE energy                  0.47  0.27  0.75
XOP E&P                     0.67  0.38  1.20
OIH services                0.59  0.20  1.09
VDE energy broad            0.52  0.31  0.80
CRAK refiners               0.39  0.18  0.62
XES equip                   0.81  0.28  1.28
AMLP midstream              0.34  0.11  0.62
SPY                         0.18  0.03  0.30

=== 4. 'am I late?' next-20-session return, split by how much the vehicle already moved ===
  XLE:
              size  mean  median
   already                      
   (-100, 0]     5  3.84    4.14
   (0, 5]       16  1.87    1.30
   (5, 10]      19  2.91    1.49
   (10, 100]    15 -1.46   -0.87
  XOP:
              size  mean  median
   already                      
   (-100, 0]     5  4.79    3.71
   (0, 5]        9  6.45    0.15
   (5, 10]      15 -1.08   -0.75
   (10, 100]    26  0.11   -0.68

=== 5. today ===
  as of 2026-09-18: crude 20-session move +8.7%
    crude front          20d   +8.7%   5d   -4.6%
    USO (oil ETF)        20d  +15.4%   5d   +0.3%
    XLE energy           20d   +1.1%   5d   -1.0%
    XOP E&P              20d   +2.7%   5d   -1.6%
    OIH services         20d   -3.7%   5d   -4.8%
    VDE energy broad     20d   +0.7%   5d   -1.4%
    CRAK refiners        20d  +11.2%   5d   +1.2%
    XES equip            20d   -4.1%   5d   -4.4%
    AMLP midstream       20d   +0.2%   5d   -1.6%
    SPY                  20d   +0.0%   5d   -0.2%
