12,232 earnings events on 456 names, 2019-01-02 -> 2026-09-18
  surprise: p25 -0.3%  median +6.9%  p75 +21.4%
  reaction | surprise: beat>10% +2.54%  inline -1.00%  miss<-10% -2.05%
  corr(surprise, reaction) = 0.203   <- if ~0 the tape-reaction proxy was NOT measuring surprise

control = post (6,513 control trades)

=== PEAD surprise BEAT >10% (daily) — 4,017 signals, 436 names, 2019-10-07 -> 2026-09-11 ===
                n  meanR   medR     win    p90      t   ctrl   edge
stop_hold  4017.0  0.023 -0.040  48.345  1.687 -0.927 -0.100  0.123
t1R        4017.0 -0.119  0.074  53.199  1.000 -6.280 -0.162  0.042
t2R        4017.0 -0.054  0.003  50.087  2.000 -3.476 -0.114  0.060
trail_bar  4017.0 -0.007 -0.159  39.457  1.246 -1.814 -0.105  0.098
ema20      4017.0 -0.008 -0.118  43.415  1.160 -2.230 -0.066  0.058

by half (n 1893 / 2124):
           <2023-01-01  >=2023-01-01
stop_hold        0.013         0.031
t1R             -0.126        -0.113
t2R             -0.052        -0.056
trail_bar       -0.030         0.014
ema20           -0.018         0.000

best arm by edge: stop_hold | passes the bar (beats control, both halves positive, |t|>=3): no
control = post (4,718 control trades)

=== PEAD surprise beat 2-10% (daily) — 2,310 signals, 386 names, 2019-10-17 -> 2026-09-11 ===
                n  meanR   medR     win    p90      t   ctrl   edge
stop_hold  2310.0  0.093 -0.036  48.961  1.801  0.928  0.000  0.093
t1R        2310.0 -0.110  0.108  53.333  1.000 -4.566 -0.125  0.016
t2R        2310.0 -0.038  0.007  50.173  2.000 -2.378 -0.080  0.041
trail_bar  2310.0  0.011 -0.178  39.870  1.315 -0.063 -0.010  0.021
ema20      2310.0  0.008 -0.098  44.805  1.191 -1.147 -0.023  0.031

by half (n 871 / 1439):
           <2023-01-01  >=2023-01-01
stop_hold        0.165         0.050
t1R             -0.120        -0.103
t2R             -0.015        -0.053
trail_bar        0.039        -0.006
ema20           -0.006         0.017

best arm by edge: stop_hold | passes the bar (beats control, both halves positive, |t|>=3): no
control = post (2,084 control trades)

=== PEAD surprise INLINE -2..2% (daily) — 981 signals, 316 names, 2019-10-16 -> 2026-09-14 ===
               n  meanR   medR     win    p90      t   ctrl   edge
stop_hold  981.0  0.129 -0.108  45.872  2.182  1.730 -0.127  0.255
t1R        981.0 -0.091  0.118  52.701  1.000 -2.270 -0.206  0.115
t2R        981.0 -0.029 -0.046  48.012  2.000 -0.619 -0.160  0.131
trail_bar  981.0  0.117 -0.153  40.673  1.650  2.023 -0.111  0.229
ema20      981.0 -0.002 -0.138  41.692  1.286  0.070 -0.117  0.114

by half (n 371 / 610):
           <2023-01-01  >=2023-01-01
stop_hold        0.090         0.152
t1R             -0.110        -0.079
t2R             -0.060        -0.010
trail_bar        0.045         0.161
ema20           -0.064         0.035

best arm by edge: stop_hold | passes the bar (beats control, both halves positive, |t|>=3): no
control = post (1,752 control trades)

=== PEAD surprise MISS <-10% (daily) — 1,284 signals, 315 names, 2019-10-18 -> 2026-08-20 ===
                n  meanR   medR     win    p90      t   ctrl   edge
stop_hold  1284.0 -0.011 -0.260  43.614  2.191 -0.573  0.042 -0.053
t1R        1284.0 -0.235 -0.005  49.922  1.000 -4.826 -0.185 -0.050
t2R        1284.0 -0.133 -0.148  46.184  2.000 -2.310 -0.109 -0.024
trail_bar  1284.0 -0.080 -0.269  35.358  1.481 -1.508 -0.028 -0.052
ema20      1284.0 -0.036 -0.146  40.187  1.231 -0.621 -0.009 -0.027

by half (n 606 / 678):
           <2023-01-01  >=2023-01-01
stop_hold        0.066        -0.080
t1R             -0.222        -0.246
t2R             -0.100        -0.163
trail_bar       -0.051        -0.106
ema20           -0.078         0.002

best arm by edge: t2R | passes the bar (beats control, both halves positive, |t|>=3): no
control = post (4,035 control trades)

=== PEAD BEAT>10% + MUTED reaction (<=4%) (daily) — 2,446 signals, 421 names, 2019-10-07 -> 2026-09-11 ===
                n  meanR   medR     win    p90      t   ctrl   edge
stop_hold  2446.0 -0.030 -0.237  44.235  2.121 -2.118 -0.117  0.087
t1R        2446.0 -0.213  0.051  51.267  1.000 -7.642 -0.208 -0.005
t2R        2446.0 -0.134 -0.112  46.934  2.000 -5.316 -0.143  0.009
trail_bar  2446.0 -0.038 -0.255  37.776  1.685 -2.091 -0.111  0.073
ema20      2446.0 -0.065 -0.210  39.697  1.335 -3.225 -0.096  0.031

by half (n 1239 / 1207):
           <2023-01-01  >=2023-01-01
stop_hold       -0.035        -0.026
t1R             -0.212        -0.214
t2R             -0.121        -0.148
trail_bar       -0.063        -0.012
ema20           -0.073        -0.056

best arm by edge: stop_hold | passes the bar (beats control, both halves positive, |t|>=3): no
control = post (2,478 control trades)

=== PEAD BEAT>10% + BIG reaction (>4%) (daily) — 1,571 signals, 393 names, 2019-10-23 -> 2026-09-11 ===
                n  meanR   medR     win    p90      t   ctrl   edge
stop_hold  1571.0  0.106  0.065  54.742  1.081  3.015 -0.036  0.141
t1R        1571.0  0.027  0.089  56.206  1.000  0.807 -0.063  0.090
t2R        1571.0  0.070  0.067  54.997  1.182  2.265 -0.046  0.116
trail_bar  1571.0  0.041 -0.093  42.075  0.861  1.150 -0.041  0.082
ema20      1571.0  0.080 -0.012  49.204  0.971  2.368 -0.029  0.109

by half (n 654 / 917):
           <2023-01-01  >=2023-01-01
stop_hold        0.104         0.107
t1R              0.036         0.021
t2R              0.079         0.064
trail_bar        0.032         0.048
ema20            0.087         0.074

best arm by edge: stop_hold | passes the bar (beats control, both halves positive, |t|>=3): YES


====================================================================================
DECOMPOSITION — same events, OLD tape-reaction definition
====================================================================================
  good_tape: 25% of events | mean surprise when good_tape +10.2% vs +5.8% otherwise
control = post (1,690 control trades)

=== OLD-DEF good_tape + MUTED (<=4%) (daily) — 873 signals, 347 names, 2019-10-07 -> 2026-09-14 ===
               n  meanR   medR     win    p90      t   ctrl   edge
stop_hold  873.0  0.060  0.040  50.745  1.515  0.944 -0.021  0.082
t1R        873.0 -0.019  0.153  55.212  1.000 -0.293 -0.088  0.069
t2R        873.0  0.037  0.077  52.463  2.000  0.516 -0.053  0.090
trail_bar  873.0  0.028 -0.161  38.946  1.195  0.669 -0.039  0.067
ema20      873.0  0.032 -0.117  43.299  1.237  0.911  0.008  0.024

by half (n 348 / 525):
           <2023-01-01  >=2023-01-01
stop_hold       -0.058         0.139
t1R             -0.067         0.013
t2R             -0.039         0.088
trail_bar       -0.035         0.070
ema20           -0.036         0.077

best arm by edge: t2R | passes the bar (beats control, both halves positive, |t|>=3): no
control = post (3,045 control trades)

=== OLD-DEF good_tape + BIG (>4%) (daily) — 1,726 signals, 417 names, 2019-10-18 -> 2026-09-10 ===
                n  meanR   medR     win    p90      t   ctrl   edge
stop_hold  1726.0  0.072  0.043  53.360  1.011  2.115 -0.019  0.091
t1R        1726.0  0.005  0.062  54.287  1.000 -0.013 -0.040  0.044
t2R        1726.0  0.042  0.044  53.476  1.045  1.286 -0.026  0.068
trail_bar  1726.0  0.026 -0.098  41.251  0.774  0.920 -0.013  0.040
ema20      1726.0  0.050 -0.027  48.494  0.872  1.528 -0.004  0.054

by half (n 635 / 1091):
           <2023-01-01  >=2023-01-01
stop_hold        0.072         0.072
t1R              0.032        -0.012
t2R              0.050         0.037
trail_bar        0.032         0.023
ema20            0.050         0.050

best arm by edge: stop_hold | passes the bar (beats control, both halves positive, |t|>=3): no
