entries x holds: 27,936; exits unpriceable: 1157 (4.14%) -> dropped
   unpriceable share by arm: {0: 4.42, 1: 2.64}

################################################################################################
# 0.50-delta LEAP (~450 DTE), hold 63 trading days | entries 2011-04-01 -> 2025-11-25
################################################################################################
                            n  months   mean  median    win  worst     t  qqq_tr  lev_shares  leap_minus_lev     iv  y2022
every day (benchmark)  3153.0   165.0  25.49   24.44  67.02 -100.0  6.07    4.75       27.78           -2.29  20.83 -28.73
down >= 1% (the rule)   490.0   134.0  27.35   26.37  65.92 -100.0  6.77    5.96       31.91           -4.56  22.86 -24.48
down >= 2%              193.0    82.0  34.67   34.61  68.91 -100.0  5.18    7.65       39.16           -4.50  23.95 -22.20
all other days         2663.0   165.0  25.15   24.08  67.22 -100.0  5.70    4.53       27.02           -1.88  20.45 -31.02
  rule vs other days, LEAP return:        pooled +2.20 (t +0.47) | within-month +10.11 (t +8.92)
  rule vs other days, LEAP minus levered: pooled -2.68 (t -2.35) | within-month -0.58 (t -1.09)
  rule vs other days, entry IV:           pooled +2.41 (t +9.78) | within-month +0.56 (t +14.51)
  by entry year (mean LEAP return %):
      every day  rule  rule n  qqq_tr
year                                 
2011       19.5  28.2      42     4.6
2012        2.7   8.3      20     3.6
2013       47.0  64.4      11     7.3
2014       35.2  36.5      24     5.4
2015      -13.9   5.2      28    -0.9
2016       32.2  50.7      16     5.9
2017       59.1  53.4       9     7.0
2018        2.3  12.5      40     1.2
2019       35.6  52.8      25     5.7
2020       71.1  93.8      52    11.7
2021       14.5   4.0      35     3.1
2022      -28.7 -24.5      88    -3.8
2023       53.0  54.1      30     9.5
2024       17.9  34.4      37     4.5
2025       32.8  44.0      33     6.2

################################################################################################
# 0.50-delta LEAP (~450 DTE), hold 126 trading days | entries 2011-04-01 -> 2025-08-27
################################################################################################
                            n  months   mean  median    win   worst     t  qqq_tr  lev_shares  leap_minus_lev     iv  y2022
every day (benchmark)  3064.0   162.0  55.83   54.38  73.04 -100.00  8.89    9.79       58.27           -2.44  20.86 -21.69
down >= 1% (the rule)   480.0   131.0  58.41   52.35  70.21  -98.61  8.39   11.04       60.65           -2.24  22.90 -20.22
down >= 2%              189.0    80.0  72.91   63.42  71.43  -98.09  6.48   13.60       70.78            2.13  23.97 -29.80
all other days         2584.0   162.0  55.35   54.85  73.57 -100.00  8.69    9.56       57.82           -2.48  20.48 -22.49
  rule vs other days, LEAP return:        pooled +3.06 (t +0.39) | within-month +10.98 (t +8.27)
  rule vs other days, LEAP minus levered: pooled +0.24 (t +0.09) | within-month +1.49 (t +2.47)
  rule vs other days, entry IV:           pooled +2.42 (t +9.66) | within-month +0.56 (t +14.18)
  by entry year (mean LEAP return %):
      every day   rule  rule n  qqq_tr
year                                  
2011       41.3   56.8      42    11.0
2012        3.6   10.0      20     6.3
2013       93.7  123.5       9    13.7
2014       74.4   68.2      24    10.3
2015      -29.3  -23.0      28    -0.7
2016       86.5   89.3      16    13.0
2017      117.2  112.8       9    13.1
2018       -3.7   32.8      40     2.9
2019       84.9   99.6      25    11.3
2020      152.9  184.7      52    23.6
2021       16.6   20.3      35     1.9
2022      -21.7  -20.2      88    -0.7
2023      108.0  130.1      30    18.7
2024       26.4   38.3      37     7.6
2025       92.2  129.6      25    16.6

################################################################################################
# 0.50-delta LEAP (~450 DTE), hold 252 trading days | entries 2011-05-11 -> 2025-02-26
################################################################################################
                            n  months    mean  median    win  worst      t  qqq_tr  lev_shares  leap_minus_lev     iv  y2022
every day (benchmark)  2812.0   144.0  132.82  116.03  76.96 -100.0  10.26   20.41      121.41           11.40  20.93  36.93
down >= 1% (the rule)   450.0   123.0  121.14   96.17  76.00 -100.0   9.69   21.64      117.48            3.66  22.99  26.07
down >= 2%              175.0    76.0  128.85  112.23  76.57 -100.0   7.31   23.66      121.83            7.02  24.07  11.75
all other days         2362.0   144.0  135.04  120.58  77.14 -100.0  10.12   20.17      122.16           12.88  20.54  42.83
  rule vs other days, LEAP return:        pooled -13.90 (t -1.06) | within-month +9.71 (t +4.82)
  rule vs other days, LEAP minus levered: pooled -9.22 (t -1.83) | within-month +2.00 (t +1.73)
  rule vs other days, entry IV:           pooled +2.45 (t +9.42) | within-month +0.55 (t +13.77)
  by entry year (mean LEAP return %):
      every day   rule  rule n  qqq_tr
year                                  
2011       61.8   73.0      42    18.5
2012      120.9  128.6      20    21.5
2013      235.7  224.2       2    24.5
2014      121.9  116.1      27    16.6
2015      -18.9   -4.9      27     6.7
2016      238.3  237.5      15    27.9
2017      183.6  189.0       8    20.8
2018       23.8   83.8      38    12.1
2019      334.0  341.4      23    35.2
2020      314.0  335.1      52    43.2
2021      -64.4  -46.5      35   -10.4
2022       36.9   26.1      87    14.3
2023      247.1  257.7      31    36.0
2024       74.0   83.4      36    19.0
2025       48.8   36.0       7    18.4

################################################################################################
# 0.70-delta LEAP (~450 DTE), hold 63 trading days | entries 2011-04-01 -> 2025-11-25
################################################################################################
                            n  months   mean  median    win  worst     t  qqq_tr  lev_shares  leap_minus_lev     iv  y2022
every day (benchmark)  3136.0   164.0  17.10   18.67  69.29 -100.0  6.02    4.72       19.62           -2.52  24.00 -20.02
down >= 1% (the rule)   490.0   134.0  19.33   21.42  69.80 -100.0  6.91    5.96       23.08           -3.75  26.25 -16.48
down >= 2%              193.0    82.0  24.45   27.84  72.02 -100.0  5.47    7.65       28.48           -4.03  27.48 -14.73
all other days         2646.0   164.0  16.69   18.33  69.20 -100.0  5.60    4.49       18.98           -2.29  23.58 -21.93
  rule vs other days, LEAP return:        pooled +2.64 (t +0.81) | within-month +7.39 (t +10.11)
  rule vs other days, LEAP minus levered: pooled -1.46 (t -3.04) | within-month -0.56 (t -2.05)
  rule vs other days, entry IV:           pooled +2.67 (t +9.74) | within-month +0.65 (t +14.19)
  by entry year (mean LEAP return %):
      every day  rule  rule n  qqq_tr
year                                 
2011       14.5  21.8      42     4.6
2012        4.9  10.3      20     3.6
2013       32.4  42.4      11     7.3
2014       23.9  25.1      24     5.4
2015       -9.3   5.8      28    -0.9
2016       23.9  37.2      16     5.9
2017       37.9  36.0       9     7.0
2018        1.7  11.0      40     1.2
2019       23.2  35.2      25     5.7
2020       44.1  60.7      52    11.7
2021       10.4   3.6      35     3.1
2022      -20.0 -16.5      88    -3.8
2023       34.8  38.0      30     9.3
2024       13.9  25.7      37     4.5
2025       21.7  29.0      33     6.2

################################################################################################
# 0.70-delta LEAP (~450 DTE), hold 126 trading days | entries 2011-04-01 -> 2025-08-27
################################################################################################
                            n  months   mean  median    win   worst     t  qqq_tr  lev_shares  leap_minus_lev     iv  y2022
every day (benchmark)  3039.0   161.0  38.41   42.71  75.72 -100.00  9.49    9.75       41.05           -2.63  24.05 -13.88
down >= 1% (the rule)   479.0   130.0  40.14   42.71  72.86  -94.77  8.92   11.05       42.95           -2.81  26.30 -14.01
down >= 2%              189.0    80.0  49.21   50.07  74.07  -94.30  6.96   13.60       50.69           -1.48  27.50 -21.11
all other days         2560.0   161.0  38.09   42.69  76.25 -100.00  9.26    9.50       40.69           -2.60  23.62 -13.81
  rule vs other days, LEAP return:        pooled +2.06 (t +0.39) | within-month +7.31 (t +8.82)
  rule vs other days, LEAP minus levered: pooled -0.21 (t -0.22) | within-month +0.25 (t +0.97)
  rule vs other days, entry IV:           pooled +2.67 (t +9.57) | within-month +0.64 (t +13.79)
  by entry year (mean LEAP return %):
      every day   rule  rule n  qqq_tr
year                                  
2011       33.5   44.4      42    11.0
2012       10.9   14.9      20     6.3
2013       66.9   87.1       8    14.0
2014       51.9   48.5      24    10.3
2015      -15.6   -9.7      28    -0.7
2016       59.8   62.9      16    13.0
2017       73.4   72.5       9    13.1
2018        0.9   27.1      40     2.9
2019       54.1   64.9      25    11.3
2020       96.4  116.2      52    23.6
2021        8.4    8.8      35     1.9
2022      -13.9  -14.0      88    -0.7
2023       74.1   88.2      30    18.7
2024       22.6   30.6      37     7.6
2025       66.0   88.6      25    16.6

################################################################################################
# 0.70-delta LEAP (~450 DTE), hold 252 trading days | entries 2011-05-11 -> 2025-02-26
################################################################################################
                            n  months   mean  median    win  worst      t  qqq_tr  lev_shares  leap_minus_lev     iv  y2022
every day (benchmark)  2762.0   143.0  86.63   87.39  82.40 -100.0  11.43   20.24       84.86            1.77  24.16  32.11
down >= 1% (the rule)   448.0   121.0  81.78   81.97  82.14 -100.0  10.60   21.61       83.52           -1.73  26.43  21.44
down >= 2%              175.0    76.0  86.58   88.57  82.86 -100.0   7.97   23.66       87.41           -0.83  27.64  12.81
all other days         2314.0   143.0  87.57   88.57  82.45 -100.0  11.30   19.97       85.12            2.45  23.72  37.91
  rule vs other days, LEAP return:        pooled -5.78 (t -0.69) | within-month +5.95 (t +5.08)
  rule vs other days, LEAP minus levered: pooled -4.18 (t -1.99) | within-month +0.01 (t +0.01)
  rule vs other days, entry IV:           pooled +2.71 (t +9.33) | within-month +0.64 (t +13.47)
  by entry year (mean LEAP return %):
      every day   rule  rule n  qqq_tr
year                                  
2011       56.6   64.2      42    18.5
2012       87.7   91.7      20    21.5
2013      152.1  130.9       1    25.2
2014       86.4   82.6      27    16.6
2015        7.6   19.2      27     6.7
2016      146.9  148.3      15    27.9
2017      113.2  119.9       8    20.8
2018       32.4   69.0      38    12.1
2019      191.9  199.5      23    35.2
2020      191.7  206.2      52    43.2
2021      -53.4  -38.8      35   -10.4
2022       32.1   21.4      87    14.3
2023      158.9  166.2      30    36.6
2024       64.2   68.1      36    19.0
2025       45.7   24.3       7    18.4

################################################################################################
# 0.80-delta LEAP (~450 DTE), hold 63 trading days | entries 2011-04-01 -> 2025-11-25
################################################################################################
                            n  months   mean  median    win  worst     t  qqq_tr  lev_shares  leap_minus_lev     iv  y2022
every day (benchmark)  3111.0   164.0  13.18   15.00  70.07 -100.0  5.77    4.73       15.87           -2.69  26.05 -15.58
down >= 1% (the rule)   488.0   132.0  15.32   18.00  69.67 -100.0  6.81    5.98       18.89           -3.58  28.50 -12.56
down >= 2%              193.0    82.0  19.52   21.56  73.06 -100.0  5.49    7.65       23.40           -3.88  29.80 -11.10
all other days         2623.0   164.0  12.79   14.65  70.15 -100.0  5.35    4.49       15.31           -2.52  25.59 -17.22
  rule vs other days, LEAP return:        pooled +2.53 (t +0.97) | within-month +5.96 (t +10.29)
  rule vs other days, LEAP minus levered: pooled -1.06 (t -3.25) | within-month -0.62 (t -3.32)
  rule vs other days, entry IV:           pooled +2.91 (t +9.19) | within-month +0.65 (t +7.21)
  by entry year (mean LEAP return %):
      every day  rule  rule n  qqq_tr
year                                 
2011        9.8  14.6      42     4.6
2012        3.7   7.5      20     3.6
2013       26.1  34.5      10     7.5
2014       17.0  19.1      23     5.6
2015       -7.4   5.3      28    -0.9
2016       19.5  30.2      16     5.9
2017       28.8  27.4       9     7.0
2018        1.0   9.2      40     1.2
2019       17.4  28.1      25     5.7
2020       34.1  48.3      52    11.7
2021        8.5   3.5      35     3.1
2022      -15.6 -12.6      88    -3.8
2023       27.9  30.8      30     9.3
2024       11.7  21.2      37     4.5
2025       17.2  22.7      33     6.2

################################################################################################
# 0.80-delta LEAP (~450 DTE), hold 126 trading days | entries 2011-04-01 -> 2025-08-27
################################################################################################
                            n  months   mean  median    win  worst     t  qqq_tr  lev_shares  leap_minus_lev     iv  y2022
every day (benchmark)  2992.0   160.0  30.55   34.91  76.74 -90.92  9.68    9.77       33.09           -2.54  26.15  -9.74
down >= 1% (the rule)   477.0   128.0  32.06   37.15  73.79 -88.12  8.97   11.05       34.84           -2.78  28.55 -10.20
down >= 2%              189.0    80.0  39.39   42.00  75.66 -87.36  7.14   13.60       41.51           -2.12  29.82 -15.84
all other days         2515.0   160.0  30.26   34.60  77.30 -90.92  9.44    9.53       32.75           -2.49  25.69  -9.49
  rule vs other days, LEAP return:        pooled +1.79 (t +0.43) | within-month +5.87 (t +8.92)
  rule vs other days, LEAP minus levered: pooled -0.29 (t -0.59) | within-month -0.06 (t -0.36)
  rule vs other days, entry IV:           pooled +2.86 (t +8.92) | within-month +0.63 (t +6.90)
  by entry year (mean LEAP return %):
      every day  rule  rule n  qqq_tr
year                                 
2011       26.7  34.6      42    11.0
2012       11.5  14.3      20     6.3
2013       60.7  70.7       7    16.0
2014       38.5  36.6      23    10.3
2015      -10.4  -5.0      28    -0.7
2016       47.5  50.5      16    13.0
2017       55.7  54.9       9    13.1
2018        2.1  22.9      40     2.9
2019       41.1  50.8      25    11.3
2020       75.2  91.2      52    23.6
2021        5.7   5.2      35     1.9
2022       -9.7 -10.2      88    -0.7
2023       59.4  69.9      30    18.7
2024       19.7  26.1      37     7.6
2025       54.3  71.0      25    16.6

################################################################################################
# 0.80-delta LEAP (~450 DTE), hold 252 trading days | entries 2011-05-11 -> 2025-02-26
################################################################################################
                            n  months   mean  median    win  worst      t  qqq_tr  lev_shares  leap_minus_lev     iv  y2022
every day (benchmark)  2710.0   142.0  67.08   68.45  84.91 -99.99  11.79   20.19       67.75           -0.67  26.29  29.50
down >= 1% (the rule)   445.0   119.0  65.33   68.33  83.60 -99.99  10.92   21.60       67.58           -2.25  28.75  20.74
down >= 2%              174.0    75.0  69.80   72.29  83.33 -99.98   8.46   23.66       71.31           -1.51  30.11  14.54
all other days         2265.0   142.0  67.42   68.47  85.17 -99.99  11.63   19.91       67.78           -0.36  25.81  34.27
  rule vs other days, LEAP return:        pooled -2.09 (t -0.32) | within-month +5.37 (t +7.26)
  rule vs other days, LEAP minus levered: pooled -1.89 (t -1.76) | within-month +0.03 (t +0.12)
  rule vs other days, entry IV:           pooled +2.94 (t +8.78) | within-month +0.67 (t +8.18)
  by entry year (mean LEAP return %):
      every day   rule  rule n  qqq_tr
year                                  
2011       47.3   52.2    42.0    18.5
2012       69.6   71.8    20.0    21.5
2013      132.7    NaN     NaN    28.9
2014       63.9   62.0    25.0    16.4
2015       12.4   21.7    27.0     6.7
2016      110.7  113.1    15.0    27.9
2017       86.5   91.8     8.0    20.8
2018       30.6   57.2    38.0    12.1
2019      142.3  150.9    23.0    35.2
2020      147.0  159.5    52.0    43.2
2021      -45.5  -34.5    35.0   -10.4
2022       29.5   20.7    87.0    14.3
2023      122.9  128.5    30.0    36.6
2024       55.2   57.8    36.0    19.0
2025       50.6   57.5     7.0    18.4
