

============================================================================================
RETRACE <= 0 ADR above the breakout level, WAIT <= 5 sessions
44,062 breakouts -> 22,372 retrace entries (50.8% came back)
============================================================================================
control = post (126,380 control trades)

=== A breakout(all) | retrace<=0ADR wait<=5d (daily) — 42,371 signals, 1463 names, 2019-10-01 -> 2026-09-17 ===
                 n  meanR   medR     win   p90       t   ctrl   edge
stop_hold  42371.0 -0.074 -0.195  44.561  1.72  -1.002  0.027 -0.102
t1R        42371.0 -0.219 -0.082  47.964  1.00 -11.979 -0.160 -0.059
t2R        42371.0 -0.150 -0.174  45.201  2.00  -5.861 -0.069 -0.081
trail_bar  42371.0 -0.085 -0.338  38.043  1.60  -2.045  0.011 -0.095
ema20      42371.0 -0.074 -0.197  44.502  1.72  -0.975  0.009 -0.083

by half (n 17335 / 25036):
           <2023-01-01  >=2023-01-01
stop_hold       -0.159        -0.015
t1R             -0.270        -0.184
t2R             -0.213        -0.106
trail_bar       -0.156        -0.036
ema20           -0.159        -0.015

best arm by edge: t1R | passes the bar (beats control, both halves positive, |t|>=3): no
control = post (63,511 control trades)

=== B retrace | retrace<=0ADR wait<=5d (daily) — 21,351 signals, 1431 names, 2019-10-01 -> 2026-09-17 ===
                 n  meanR   medR     win    p90       t   ctrl   edge
stop_hold  21351.0  0.027 -0.121  46.644  1.922   0.773 -0.020  0.046
t1R        21351.0 -0.183 -0.014  49.707  1.000 -10.152 -0.189  0.006
t2R        21351.0 -0.088 -0.104  47.169  2.000  -4.660 -0.106  0.018
trail_bar  21351.0  0.007 -0.286  40.382  1.789   0.416 -0.031  0.038
ema20      21351.0  0.013 -0.217  43.698  1.830   0.719 -0.036  0.049

by half (n 9095 / 12256):
           <2023-01-01  >=2023-01-01
stop_hold        0.016         0.034
t1R             -0.196        -0.174
t2R             -0.101        -0.078
trail_bar       -0.012         0.020
ema20           -0.001         0.025

best arm by edge: ema20 | passes the bar (beats control, both halves positive, |t|>=3): no
control = post (72,588 control trades)

=== C breakout-matched | retrace<=0ADR wait<=5d (daily) — 24,327 signals, 1428 names, 2019-10-01 -> 2026-09-17 ===
                 n  meanR   medR     win    p90       t   ctrl   edge
stop_hold  24327.0 -0.798 -1.073  20.286  0.695 -33.431 -0.014 -0.784
t1R        24327.0 -0.775 -1.049  24.524  1.000 -42.328 -0.203 -0.572
t2R        24327.0 -0.804 -1.067  21.125  0.795 -39.181 -0.113 -0.691
trail_bar  24327.0 -0.734 -0.773  13.972  0.332 -37.424 -0.033 -0.701
ema20      24327.0 -0.797 -1.069  20.192  0.693 -33.459 -0.032 -0.765

by half (n 10542 / 13785):
           <2023-01-01  >=2023-01-01
stop_hold       -0.796        -0.799
t1R             -0.781        -0.770
t2R             -0.807        -0.802
trail_bar       -0.723        -0.742
ema20           -0.795        -0.799

best arm by edge: t1R | passes the bar (beats control, both halves positive, |t|>=3): no

##### retrace<=0ADR wait<=5d: per exit arm #####
           A_meanR  A_ctrl  A_edge     A_t   A_win      A_n  B_meanR  B_ctrl  B_edge     B_t   B_win      B_n  C_meanR  C_ctrl  C_edge     C_t   C_win      C_n  B_minus_A  B_minus_C
stop_hold   -0.074   0.027  -0.102  -1.002  44.561  42371.0    0.027  -0.020   0.046   0.773  46.644  21351.0   -0.798  -0.014  -0.784 -33.431  20.286  24327.0      0.101      0.824
t1R         -0.219  -0.160  -0.059 -11.979  47.964  42371.0   -0.183  -0.189   0.006 -10.152  49.707  21351.0   -0.775  -0.203  -0.572 -42.328  24.524  24327.0      0.036      0.591
t2R         -0.150  -0.069  -0.081  -5.861  45.201  42371.0   -0.088  -0.106   0.018  -4.660  47.169  21351.0   -0.804  -0.113  -0.691 -39.181  21.125  24327.0      0.062      0.716
trail_bar   -0.085   0.011  -0.095  -2.045  38.043  42371.0    0.007  -0.031   0.038   0.416  40.382  21351.0   -0.734  -0.033  -0.701 -37.424  13.972  24327.0      0.091      0.740
ema20       -0.074   0.009  -0.083  -0.975  44.502  42371.0    0.013  -0.036   0.049   0.719  43.698  21351.0   -0.797  -0.032  -0.765 -33.459  20.192  24327.0      0.088      0.811


============================================================================================
RETRACE <= 0 ADR above the breakout level, WAIT <= 10 sessions
44,062 breakouts -> 26,049 retrace entries (59.1% came back)
============================================================================================
control = post (126,380 control trades)

=== A breakout(all) | retrace<=0ADR wait<=10d (daily) — 42,371 signals, 1463 names, 2019-10-01 -> 2026-09-17 ===
                 n  meanR   medR     win   p90       t   ctrl   edge
stop_hold  42371.0 -0.074 -0.195  44.561  1.72  -1.002  0.028 -0.102
t1R        42371.0 -0.219 -0.082  47.964  1.00 -11.979 -0.160 -0.059
t2R        42371.0 -0.150 -0.174  45.201  2.00  -5.861 -0.069 -0.081
trail_bar  42371.0 -0.085 -0.338  38.043  1.60  -2.045  0.010 -0.094
ema20      42371.0 -0.074 -0.197  44.502  1.72  -0.975  0.010 -0.084

by half (n 17335 / 25036):
           <2023-01-01  >=2023-01-01
stop_hold       -0.159        -0.015
t1R             -0.270        -0.184
t2R             -0.213        -0.106
trail_bar       -0.156        -0.036
ema20           -0.159        -0.015

best arm by edge: t1R | passes the bar (beats control, both halves positive, |t|>=3): no
control = post (73,801 control trades)

=== B retrace | retrace<=0ADR wait<=10d (daily) — 24,836 signals, 1443 names, 2019-10-01 -> 2026-09-17 ===
                 n  meanR   medR     win    p90       t   ctrl   edge
stop_hold  24836.0  0.040 -0.103  47.137  1.928   0.459 -0.018  0.058
t1R        24836.0 -0.168  0.016  50.366  1.000 -10.199 -0.189  0.022
t2R        24836.0 -0.073 -0.082  47.721  2.000  -4.646 -0.103  0.031
trail_bar  24836.0  0.019 -0.274  40.759  1.800  -0.022 -0.028  0.046
ema20      24836.0  0.018 -0.208  43.312  1.793   0.284 -0.032  0.050

by half (n 10447 / 14389):
           <2023-01-01  >=2023-01-01
stop_hold        0.024         0.052
t1R             -0.188        -0.153
t2R             -0.093        -0.058
trail_bar       -0.004         0.036
ema20           -0.000         0.031

best arm by edge: stop_hold | passes the bar (beats control, both halves positive, |t|>=3): no
control = post (86,001 control trades)

=== C breakout-matched | retrace<=0ADR wait<=10d (daily) — 28,816 signals, 1440 names, 2019-10-01 -> 2026-09-17 ===
                 n  meanR   medR     win    p90       t   ctrl   edge
stop_hold  28816.0 -0.629 -0.871  26.489  0.857 -27.218 -0.058 -0.571
t1R        28816.0 -0.608 -0.751  30.743  1.000 -33.554 -0.236 -0.372
t2R        28816.0 -0.629 -0.840  27.322  0.994 -31.117 -0.151 -0.478
trail_bar  28816.0 -0.577 -0.649  20.586  0.656 -29.900 -0.065 -0.512
ema20      28816.0 -0.629 -0.871  26.405  0.855 -27.231 -0.074 -0.555

by half (n 12336 / 16480):
           <2023-01-01  >=2023-01-01
stop_hold       -0.635        -0.625
t1R             -0.617        -0.601
t2R             -0.635        -0.625
trail_bar       -0.570        -0.582
ema20           -0.634        -0.625

best arm by edge: t1R | passes the bar (beats control, both halves positive, |t|>=3): no

##### retrace<=0ADR wait<=10d: per exit arm #####
           A_meanR  A_ctrl  A_edge     A_t   A_win      A_n  B_meanR  B_ctrl  B_edge     B_t   B_win      B_n  C_meanR  C_ctrl  C_edge     C_t   C_win      C_n  B_minus_A  B_minus_C
stop_hold   -0.074   0.028  -0.102  -1.002  44.561  42371.0    0.040  -0.018   0.058   0.459  47.137  24836.0   -0.629  -0.058  -0.571 -27.218  26.489  28816.0      0.114      0.669
t1R         -0.219  -0.160  -0.059 -11.979  47.964  42371.0   -0.168  -0.189   0.022 -10.199  50.366  24836.0   -0.608  -0.236  -0.372 -33.554  30.743  28816.0      0.051      0.440
t2R         -0.150  -0.069  -0.081  -5.861  45.201  42371.0   -0.073  -0.103   0.031  -4.646  47.721  24836.0   -0.629  -0.151  -0.478 -31.117  27.322  28816.0      0.077      0.557
trail_bar   -0.085   0.010  -0.094  -2.045  38.043  42371.0    0.019  -0.028   0.046  -0.022  40.759  24836.0   -0.577  -0.065  -0.512 -29.900  20.586  28816.0      0.103      0.595
ema20       -0.074   0.010  -0.084  -0.975  44.502  42371.0    0.018  -0.032   0.050   0.284  43.312  24836.0   -0.629  -0.074  -0.555 -27.231  26.405  28816.0      0.092      0.646


============================================================================================
RETRACE <= 0 ADR above the breakout level, WAIT <= 20 sessions
44,062 breakouts -> 28,890 retrace entries (65.6% came back)
============================================================================================
control = post (126,380 control trades)

=== A breakout(all) | retrace<=0ADR wait<=20d (daily) — 42,371 signals, 1463 names, 2019-10-01 -> 2026-09-17 ===
                 n  meanR   medR     win   p90       t   ctrl   edge
stop_hold  42371.0 -0.074 -0.195  44.561  1.72  -1.002  0.026 -0.101
t1R        42371.0 -0.219 -0.082  47.964  1.00 -11.979 -0.159 -0.060
t2R        42371.0 -0.150 -0.174  45.201  2.00  -5.861 -0.068 -0.082
trail_bar  42371.0 -0.085 -0.338  38.043  1.60  -2.045  0.006 -0.091
ema20      42371.0 -0.074 -0.197  44.502  1.72  -0.975  0.010 -0.084

by half (n 17335 / 25036):
           <2023-01-01  >=2023-01-01
stop_hold       -0.159        -0.015
t1R             -0.270        -0.184
t2R             -0.213        -0.106
trail_bar       -0.156        -0.036
ema20           -0.159        -0.015

best arm by edge: t1R | passes the bar (beats control, both halves positive, |t|>=3): no
control = post (81,612 control trades)

=== B retrace | retrace<=0ADR wait<=20d (daily) — 27,523 signals, 1451 names, 2019-10-01 -> 2026-09-17 ===
                 n  meanR   medR     win    p90       t   ctrl   edge
stop_hold  27523.0  0.051 -0.095  47.349  1.960   0.483 -0.014  0.065
t1R        27523.0 -0.161  0.030  50.674  1.000 -10.138 -0.185  0.024
t2R        27523.0 -0.064 -0.072  47.974  2.000  -4.485 -0.100  0.036
trail_bar  27523.0  0.029 -0.272  40.991  1.833  -0.019 -0.027  0.057
ema20      27523.0  0.019 -0.189  43.327  1.737   0.111 -0.030  0.049

by half (n 11516 / 16007):
           <2023-01-01  >=2023-01-01
stop_hold        0.028         0.067
t1R             -0.183        -0.146
t2R             -0.089        -0.046
trail_bar        0.003         0.048
ema20           -0.005         0.035

best arm by edge: stop_hold | passes the bar (beats control, both halves positive, |t|>=3): no
control = post (96,164 control trades)

=== C breakout-matched | retrace<=0ADR wait<=20d (daily) — 32,214 signals, 1448 names, 2019-10-01 -> 2026-09-17 ===
                 n  meanR   medR     win    p90       t   ctrl   edge
stop_hold  32214.0 -0.478 -0.643  31.992  1.096 -19.473 -0.092 -0.386
t1R        32214.0 -0.487 -0.531  35.984  1.000 -26.857 -0.250 -0.238
t2R        32214.0 -0.489 -0.620  32.765  1.263 -23.385 -0.176 -0.313
trail_bar  32214.0 -0.445 -0.557  25.809  0.941 -21.365 -0.094 -0.351
ema20      32214.0 -0.478 -0.649  31.915  1.096 -19.471 -0.104 -0.373

by half (n 13674 / 18540):
           <2023-01-01  >=2023-01-01
stop_hold       -0.501        -0.461
t1R             -0.507        -0.473
t2R             -0.508        -0.474
trail_bar       -0.455        -0.438
ema20           -0.501        -0.461

best arm by edge: t1R | passes the bar (beats control, both halves positive, |t|>=3): no

##### retrace<=0ADR wait<=20d: per exit arm #####
           A_meanR  A_ctrl  A_edge     A_t   A_win      A_n  B_meanR  B_ctrl  B_edge     B_t   B_win      B_n  C_meanR  C_ctrl  C_edge     C_t   C_win      C_n  B_minus_A  B_minus_C
stop_hold   -0.074   0.026  -0.101  -1.002  44.561  42371.0    0.051  -0.014   0.065   0.483  47.349  27523.0   -0.478  -0.092  -0.386 -19.473  31.992  32214.0      0.125      0.528
t1R         -0.219  -0.159  -0.060 -11.979  47.964  42371.0   -0.161  -0.185   0.024 -10.138  50.674  27523.0   -0.487  -0.250  -0.238 -26.857  35.984  32214.0      0.058      0.326
t2R         -0.150  -0.068  -0.082  -5.861  45.201  42371.0   -0.064  -0.100   0.036  -4.485  47.974  27523.0   -0.489  -0.176  -0.313 -23.385  32.765  32214.0      0.086      0.424
trail_bar   -0.085   0.006  -0.091  -2.045  38.043  42371.0    0.029  -0.027   0.057  -0.019  40.991  27523.0   -0.445  -0.094  -0.351 -21.365  25.809  32214.0      0.114      0.474
ema20       -0.074   0.010  -0.084  -0.975  44.502  42371.0    0.019  -0.030   0.049   0.111  43.327  27523.0   -0.478  -0.104  -0.373 -19.471  31.915  32214.0      0.093      0.496


============================================================================================
RETRACE <= 0.5 ADR above the breakout level, WAIT <= 5 sessions
44,062 breakouts -> 30,353 retrace entries (68.9% came back)
============================================================================================
control = post (126,380 control trades)

=== A breakout(all) | retrace<=0.5ADR wait<=5d (daily) — 42,371 signals, 1463 names, 2019-10-01 -> 2026-09-17 ===
                 n  meanR   medR     win   p90       t   ctrl   edge
stop_hold  42371.0 -0.074 -0.195  44.561  1.72  -1.002  0.030 -0.105
t1R        42371.0 -0.219 -0.082  47.964  1.00 -11.979 -0.161 -0.058
t2R        42371.0 -0.150 -0.174  45.201  2.00  -5.861 -0.070 -0.080
trail_bar  42371.0 -0.085 -0.338  38.043  1.60  -2.045  0.011 -0.096
ema20      42371.0 -0.074 -0.197  44.502  1.72  -0.975  0.012 -0.086

by half (n 17335 / 25036):
           <2023-01-01  >=2023-01-01
stop_hold       -0.159        -0.015
t1R             -0.270        -0.184
t2R             -0.213        -0.106
trail_bar       -0.156        -0.036
ema20           -0.159        -0.015

best arm by edge: t1R | passes the bar (beats control, both halves positive, |t|>=3): no
control = post (86,549 control trades)

=== B retrace | retrace<=0.5ADR wait<=5d (daily) — 29,067 signals, 1456 names, 2019-10-02 -> 2026-09-17 ===
                 n  meanR   medR     win    p90       t   ctrl   edge
stop_hold  29067.0  0.012 -0.128  46.472  1.859   1.202  0.011  0.001
t1R        29067.0 -0.185 -0.021  49.465  1.000 -10.118 -0.161 -0.024
t2R        29067.0 -0.098 -0.112  46.985  2.000  -4.406 -0.075 -0.022
trail_bar  29067.0  0.000 -0.291  40.028  1.720   0.788 -0.006  0.007
ema20      29067.0  0.008 -0.168  45.209  1.819   1.187 -0.015  0.023

by half (n 12211 / 16856):
           <2023-01-01  >=2023-01-01
stop_hold       -0.027         0.040
t1R             -0.211        -0.166
t2R             -0.129        -0.075
trail_bar       -0.038         0.028
ema20           -0.031         0.036

best arm by edge: ema20 | passes the bar (beats control, both halves positive, |t|>=3): no
control = post (96,872 control trades)

=== C breakout-matched | retrace<=0.5ADR wait<=5d (daily) — 32,474 signals, 1452 names, 2019-10-01 -> 2026-09-17 ===
                 n  meanR   medR     win    p90       t   ctrl   edge
stop_hold  32474.0 -0.433 -0.628  32.922  1.218 -16.320  0.023 -0.456
t1R        32474.0 -0.475 -0.516  36.833  1.000 -25.949 -0.169 -0.305
t2R        32474.0 -0.465 -0.603  33.655  1.366 -21.824 -0.075 -0.390
trail_bar  32474.0 -0.419 -0.557  25.738  1.017 -18.564  0.006 -0.424
ema20      32474.0 -0.432 -0.634  32.845  1.217 -16.314  0.003 -0.435

by half (n 13784 / 18690):
           <2023-01-01  >=2023-01-01
stop_hold       -0.471        -0.405
t1R             -0.504        -0.453
t2R             -0.497        -0.441
trail_bar       -0.443        -0.400
ema20           -0.470        -0.405

best arm by edge: t1R | passes the bar (beats control, both halves positive, |t|>=3): no

##### retrace<=0.5ADR wait<=5d: per exit arm #####
           A_meanR  A_ctrl  A_edge     A_t   A_win      A_n  B_meanR  B_ctrl  B_edge     B_t   B_win      B_n  C_meanR  C_ctrl  C_edge     C_t   C_win      C_n  B_minus_A  B_minus_C
stop_hold   -0.074   0.030  -0.105  -1.002  44.561  42371.0    0.012   0.011   0.001   1.202  46.472  29067.0   -0.433   0.023  -0.456 -16.320  32.922  32474.0      0.086      0.444
t1R         -0.219  -0.161  -0.058 -11.979  47.964  42371.0   -0.185  -0.161  -0.024 -10.118  49.465  29067.0   -0.475  -0.169  -0.305 -25.949  36.833  32474.0      0.034      0.289
t2R         -0.150  -0.070  -0.080  -5.861  45.201  42371.0   -0.098  -0.075  -0.022  -4.406  46.985  29067.0   -0.465  -0.075  -0.390 -21.824  33.655  32474.0      0.052      0.367
trail_bar   -0.085   0.011  -0.096  -2.045  38.043  42371.0    0.000  -0.006   0.007   0.788  40.028  29067.0   -0.419   0.006  -0.424 -18.564  25.738  32474.0      0.085      0.419
ema20       -0.074   0.012  -0.086  -0.975  44.502  42371.0    0.008  -0.015   0.023   1.187  45.209  29067.0   -0.432   0.003  -0.435 -16.314  32.845  32474.0      0.082      0.440


============================================================================================
RETRACE <= 0.5 ADR above the breakout level, WAIT <= 10 sessions
44,062 breakouts -> 32,541 retrace entries (73.9% came back)
============================================================================================
control = post (126,380 control trades)

=== A breakout(all) | retrace<=0.5ADR wait<=10d (daily) — 42,371 signals, 1463 names, 2019-10-01 -> 2026-09-17 ===
                 n  meanR   medR     win   p90       t   ctrl   edge
stop_hold  42371.0 -0.074 -0.195  44.561  1.72  -1.002  0.034 -0.108
t1R        42371.0 -0.219 -0.082  47.964  1.00 -11.979 -0.154 -0.065
t2R        42371.0 -0.150 -0.174  45.201  2.00  -5.861 -0.063 -0.087
trail_bar  42371.0 -0.085 -0.338  38.043  1.60  -2.045  0.016 -0.100
ema20      42371.0 -0.074 -0.197  44.502  1.72  -0.975  0.017 -0.091

by half (n 17335 / 25036):
           <2023-01-01  >=2023-01-01
stop_hold       -0.159        -0.015
t1R             -0.270        -0.184
t2R             -0.213        -0.106
trail_bar       -0.156        -0.036
ema20           -0.159        -0.015

best arm by edge: t1R | passes the bar (beats control, both halves positive, |t|>=3): no
control = post (92,631 control trades)

=== B retrace | retrace<=0.5ADR wait<=10d (daily) — 31,124 signals, 1460 names, 2019-10-02 -> 2026-09-17 ===
                 n  meanR   medR     win    p90       t   ctrl   edge
stop_hold  31124.0  0.019 -0.119  46.697  1.860   0.772  0.008  0.011
t1R        31124.0 -0.178 -0.010  49.769  1.000 -10.495 -0.171 -0.007
t2R        31124.0 -0.090 -0.099  47.246  2.000  -4.867 -0.084 -0.006
trail_bar  31124.0  0.005 -0.286  40.233  1.729   0.232 -0.011  0.017
ema20      31124.0  0.010 -0.172  44.962  1.801   0.776 -0.018  0.028

by half (n 12948 / 18176):
           <2023-01-01  >=2023-01-01
stop_hold       -0.020         0.046
t1R             -0.204        -0.159
t2R             -0.123        -0.067
trail_bar       -0.033         0.033
ema20           -0.027         0.037

best arm by edge: ema20 | passes the bar (beats control, both halves positive, |t|>=3): no
control = post (104,495 control trades)

=== C breakout-matched | retrace<=0.5ADR wait<=10d (daily) — 35,028 signals, 1456 names, 2019-10-01 -> 2026-09-17 ===
                 n  meanR   medR     win    p90       t   ctrl   edge
stop_hold  35028.0 -0.363 -0.498  35.783  1.265 -13.765 -0.000 -0.363
t1R        35028.0 -0.406 -0.390  39.625  1.000 -22.559 -0.185 -0.221
t2R        35028.0 -0.390 -0.475  36.508  1.468 -18.453 -0.096 -0.294
trail_bar  35028.0 -0.349 -0.498  29.045  1.099 -15.536 -0.021 -0.328
ema20      35028.0 -0.362 -0.503  35.711  1.264 -13.754 -0.022 -0.340

by half (n 14733 / 20295):
           <2023-01-01  >=2023-01-01
stop_hold       -0.403        -0.333
t1R             -0.436        -0.384
t2R             -0.423        -0.367
trail_bar       -0.374        -0.330
ema20           -0.403        -0.333

best arm by edge: t1R | passes the bar (beats control, both halves positive, |t|>=3): no

##### retrace<=0.5ADR wait<=10d: per exit arm #####
           A_meanR  A_ctrl  A_edge     A_t   A_win      A_n  B_meanR  B_ctrl  B_edge     B_t   B_win      B_n  C_meanR  C_ctrl  C_edge     C_t   C_win      C_n  B_minus_A  B_minus_C
stop_hold   -0.074   0.034  -0.108  -1.002  44.561  42371.0    0.019   0.008   0.011   0.772  46.697  31124.0   -0.363  -0.000  -0.363 -13.765  35.783  35028.0      0.093      0.381
t1R         -0.219  -0.154  -0.065 -11.979  47.964  42371.0   -0.178  -0.171  -0.007 -10.495  49.769  31124.0   -0.406  -0.185  -0.221 -22.559  39.625  35028.0      0.041      0.228
t2R         -0.150  -0.063  -0.087  -5.861  45.201  42371.0   -0.090  -0.084  -0.006  -4.867  47.246  31124.0   -0.390  -0.096  -0.294 -18.453  36.508  35028.0      0.060      0.300
trail_bar   -0.085   0.016  -0.100  -2.045  38.043  42371.0    0.005  -0.011   0.017   0.232  40.233  31124.0   -0.349  -0.021  -0.328 -15.536  29.045  35028.0      0.090      0.354
ema20       -0.074   0.017  -0.091  -0.975  44.502  42371.0    0.010  -0.018   0.028   0.776  44.962  31124.0   -0.362  -0.022  -0.340 -13.754  35.711  35028.0      0.085      0.373


============================================================================================
RETRACE <= 0.5 ADR above the breakout level, WAIT <= 20 sessions
44,062 breakouts -> 34,235 retrace entries (77.7% came back)
============================================================================================
control = post (126,380 control trades)

=== A breakout(all) | retrace<=0.5ADR wait<=20d (daily) — 42,371 signals, 1463 names, 2019-10-01 -> 2026-09-17 ===
                 n  meanR   medR     win   p90       t   ctrl   edge
stop_hold  42371.0 -0.074 -0.195  44.561  1.72  -1.002  0.032 -0.106
t1R        42371.0 -0.219 -0.082  47.964  1.00 -11.979 -0.158 -0.061
t2R        42371.0 -0.150 -0.174  45.201  2.00  -5.861 -0.066 -0.084
trail_bar  42371.0 -0.085 -0.338  38.043  1.60  -2.045  0.013 -0.097
ema20      42371.0 -0.074 -0.197  44.502  1.72  -0.975  0.013 -0.087

by half (n 17335 / 25036):
           <2023-01-01  >=2023-01-01
stop_hold       -0.159        -0.015
t1R             -0.270        -0.184
t2R             -0.213        -0.106
trail_bar       -0.156        -0.036
ema20           -0.159        -0.015

best arm by edge: t1R | passes the bar (beats control, both halves positive, |t|>=3): no
control = post (97,337 control trades)

=== B retrace | retrace<=0.5ADR wait<=20d (daily) — 32,727 signals, 1462 names, 2019-10-01 -> 2026-09-17 ===
                 n  meanR   medR     win    p90       t   ctrl   edge
stop_hold  32727.0  0.028 -0.109  46.983  1.877   1.025  0.001  0.027
t1R        32727.0 -0.172  0.003  50.081  1.000 -10.258 -0.172 -0.000
t2R        32727.0 -0.083 -0.090  47.548  2.000  -4.463 -0.086  0.003
trail_bar  32727.0  0.015 -0.282  40.545  1.757   0.635 -0.017  0.033
ema20      32727.0  0.013 -0.161  44.935  1.778   0.706 -0.024  0.038

by half (n 13562 / 19165):
           <2023-01-01  >=2023-01-01
stop_hold       -0.013         0.057
t1R             -0.199        -0.153
t2R             -0.116        -0.059
trail_bar       -0.024         0.043
ema20           -0.026         0.041

best arm by edge: ema20 | passes the bar (beats control, both halves positive, |t|>=3): no
control = post (110,142 control trades)

=== C breakout-matched | retrace<=0.5ADR wait<=20d (daily) — 36,912 signals, 1459 names, 2019-10-01 -> 2026-09-17 ===
                 n  meanR   medR     win    p90       t   ctrl   edge
stop_hold  36912.0 -0.289 -0.409  38.329  1.377 -10.782 -0.022 -0.268
t1R        36912.0 -0.352 -0.302  42.032  1.000 -19.567 -0.200 -0.151
t2R        36912.0 -0.324 -0.387  39.028  1.606 -15.174 -0.114 -0.209
trail_bar  36912.0 -0.282 -0.456  31.651  1.233 -12.415 -0.036 -0.246
ema20      36912.0 -0.289 -0.413  38.261  1.376 -10.767 -0.044 -0.245

by half (n 15438 / 21474):
           <2023-01-01  >=2023-01-01
stop_hold       -0.341        -0.253
t1R             -0.386        -0.327
t2R             -0.365        -0.294
trail_bar       -0.318        -0.257
ema20           -0.340        -0.252

best arm by edge: t1R | passes the bar (beats control, both halves positive, |t|>=3): no

##### retrace<=0.5ADR wait<=20d: per exit arm #####
           A_meanR  A_ctrl  A_edge     A_t   A_win      A_n  B_meanR  B_ctrl  B_edge     B_t   B_win      B_n  C_meanR  C_ctrl  C_edge     C_t   C_win      C_n  B_minus_A  B_minus_C
stop_hold   -0.074   0.032  -0.106  -1.002  44.561  42371.0    0.028   0.001   0.027   1.025  46.983  32727.0   -0.289  -0.022  -0.268 -10.782  38.329  36912.0      0.103      0.318
t1R         -0.219  -0.158  -0.061 -11.979  47.964  42371.0   -0.172  -0.172  -0.000 -10.258  50.081  32727.0   -0.352  -0.200  -0.151 -19.567  42.032  36912.0      0.047      0.180
t2R         -0.150  -0.066  -0.084  -5.861  45.201  42371.0   -0.083  -0.086   0.003  -4.463  47.548  32727.0   -0.324  -0.114  -0.209 -15.174  39.028  36912.0      0.067      0.241
trail_bar   -0.085   0.013  -0.097  -2.045  38.043  42371.0    0.015  -0.017   0.033   0.635  40.545  32727.0   -0.282  -0.036  -0.246 -12.415  31.651  36912.0      0.100      0.297
ema20       -0.074   0.013  -0.087  -0.975  44.502  42371.0    0.013  -0.024   0.038   0.706  44.935  32727.0   -0.289  -0.044  -0.245 -10.767  38.261  36912.0      0.088      0.303


================ SUMMARY (best arm per cell by B meanR) ================
 retrace  wait  came_back_pct  n_entries       arm      A     B      C  B_edge  A_edge   B_t
     0.0     5         50.774      22372 stop_hold -0.074 0.027 -0.798   0.046  -0.102 0.773
     0.0    10         59.119      26049 stop_hold -0.074 0.040 -0.629   0.058  -0.102 0.459
     0.0    20         65.567      28890 stop_hold -0.074 0.051 -0.478   0.065  -0.101 0.483
     0.5     5         68.887      30353 stop_hold -0.074 0.012 -0.433   0.001  -0.105 1.202
     0.5    10         73.853      32541 stop_hold -0.074 0.019 -0.363   0.011  -0.108 0.772
     0.5    20         77.697      34235 stop_hold -0.074 0.028 -0.289   0.027  -0.106 1.025

B > A  => deferring entry beats the current rule (the decision)
B > C  => the gain is entry TIMING, not a change in which breakouts get taken
