
##### A. ETF BULL PUT SPREADS  rows 6,739, RSI coverage 100.0%
            n   mean  median    win  t_week  t_month  ex_top1
ALL    6739.0   5.68   19.99  86.51    4.85     3.12     5.23
<30     175.0  10.41   20.00  90.86    1.76     2.44    10.09
30-40   834.0   8.67   21.12  88.73    1.42     3.14     8.28
40-50  1779.0   5.91   20.27  86.51    3.07     2.29     5.48
50-60  2018.0   5.37   20.00  86.12    3.38     1.03     4.90
60-70  1459.0   3.80   18.92  85.40    1.58    -0.46     3.32
>=70    474.0   4.86   18.82  86.08    2.72     1.30     4.39

Ryan signal (RSI<=35 & below lower BB):
          n   mean  median    win  t_week  t_month  ex_top1
ALL  6739.0   5.68   19.99  86.51    4.85     3.12     5.23
0    6561.0   5.48   19.98  86.33    4.68     2.82     5.03
1     178.0  13.11   20.03  93.26    2.07     3.64    12.85

Ryan full (+ name>200d & QQQ>200d):
          n   mean  median    win  t_week  t_month  ex_top1
ALL  6739.0   5.68   19.99  86.51    4.85     3.12     5.23
0    6701.0   5.62   20.00  86.45    4.84     3.05     5.17
1      38.0  16.30   18.98  97.37    2.99     5.57    15.84
contrast low40      {'pooled': 'coef +3.88  t +2.21', 'within_week': 'coef -0.23  t -0.13'}
contrast rsi        {'pooled': 'coef -0.14  t -2.20', 'within_week': 'coef +0.02  t +0.32'}
contrast ryan       {'pooled': 'coef +7.63  t +2.63', 'within_week': 'coef +3.14  t +0.91'}
contrast ryan_full  {'pooled': 'coef +10.68  t +3.18', 'within_week': 'coef +3.26  t +1.09'}

by year, RSI<40 (1) vs rest (0):
low40          0     1  delta  n_flag
entry_date                           
2018        -4.0   0.7    4.7     163
2019        10.5  13.9    3.3      76
2020        10.5   7.1   -3.4     106
2021         4.2  12.1    7.8     100
2022        -9.1   8.1   17.1     231
2023        -2.9   9.8   12.7     157
2024        10.2  20.5   10.3      94
2025        16.6   6.8   -9.8      79
2026        27.3  20.1   -7.2       3

##### B. 7-DTE LONG STRADDLE  rows 5,886, RSI coverage 98.9%
            n   mean  median    win  t_week  t_month  ex_top1
ALL    5886.0   4.14  -16.30  42.34    0.47     1.78     0.33
<30      63.0  -2.99  -14.73  42.86   -0.27     0.07    -5.17
30-40   467.0   1.08  -16.34  41.11    0.14     0.30    -2.01
40-50  1350.0   3.95  -15.04  42.81    0.82     1.98    -0.19
50-60  1813.0  10.58  -11.02  45.39    1.94     2.44     6.34
60-70  1493.0   1.96  -16.76  41.46    0.61     0.69    -1.31
>=70    636.0  -6.09  -29.18  35.53   -0.16    -0.55   -10.60

extreme RSI (<30 or >=70) vs middle:
          n  mean  median    win  t_week  t_month  ex_top1
ALL  5886.0  4.14  -16.30  42.34    0.47     1.78     0.33
0    5187.0  5.48  -14.47  43.17    0.85     2.21     1.74
1     699.0 -5.81  -27.61  36.19   -0.56    -0.91    -9.91
contrast low40      {'pooled': 'coef -3.86  t -0.90', 'within_week': 'coef -1.95  t -0.46'}
contrast rsi        {'pooled': 'coef -0.18  t -1.46', 'within_week': 'coef -0.20  t -1.73'}
contrast extreme    {'pooled': 'coef -11.26  t -3.11', 'within_week': 'coef -11.95  t -3.51'}

where the top-1% trades sit vs all trades (share %):
         all  top1pct
bucket               
<30      1.1      0.0
30-40    8.0      5.2
40-50   23.2     25.9
50-60   31.1     37.9
60-70   25.6     24.1
>=70    10.9      6.9

by year, extreme (1) vs middle (0):
extreme        0     1  delta  n_flag
entry_date                           
2018         5.9  -6.6  -12.5      19
2019        -4.9 -20.0  -15.2     104
2020        16.8  48.8   32.1      20
2021         5.3 -10.5  -15.8      91
2022        10.3 -20.0  -30.3      33
2023         8.2  -7.3  -15.5     194
2024         4.8  -0.0   -4.8     155
2025         5.9   2.4   -3.5      79
2026        18.0   4.4  -13.6       4

call leg only, by bucket:
            n   mean  median    win  t_week  ex_top1
ALL    5886.0   7.62  -93.82  35.64    0.60     0.13
<30      63.0  15.13  -88.13  34.92    0.54     9.61
30-40   467.0   9.48  -83.63  37.47    0.39     2.31
40-50  1350.0  -1.53 -100.00  32.96    0.22    -8.72
50-60  1813.0  13.27  -93.99  35.41    1.43     4.43
60-70  1493.0   8.67  -89.30  36.84    0.99     1.42
>=70    636.0   5.19  -65.76  37.89    0.48    -1.37

put leg only, by bucket:
            n   mean  median    win  t_week  ex_top1
ALL    5886.0   0.61 -100.00  33.59   -0.19    -6.85
<30      63.0 -17.52 -100.00  33.33   -0.72   -23.71
30-40   467.0  -7.81 -100.00  32.76   -0.29   -14.09
40-50  1350.0   8.07  -80.31  36.30    0.44    -0.41
50-60  1813.0   8.71 -100.00  34.75    0.58     0.90
60-70  1493.0  -4.63 -100.00  32.02   -0.37   -11.30
>=70    636.0 -17.21 -100.00  28.14   -0.58   -25.93

##### C. RSI SWING ON SPY / QQQ  (forward return from signal-day close, % ; excess = minus all-days mean)

SPY  full  (1993-04-13 -> 2026-09-16)
                   signal  h  events  fwd  base  excess   hit  base_hit  t_excess  worst
                  RSI<=30 10      46 1.46  0.46    0.99 60.87     61.92      1.28  -8.76
                  RSI<=30 21      37 1.45  0.97    0.48 62.16     65.80      0.50 -20.60
                  RSI<=30 63      35 5.22  2.90    2.32 77.14     71.91      1.85 -15.70
RSI<=35 & <lowerBB (Ryan) 10      91 0.87  0.46    0.41 59.34     61.92      0.85 -12.89
RSI<=35 & <lowerBB (Ryan) 21      76 1.57  0.97    0.60 67.11     65.80      0.84 -20.60
RSI<=35 & <lowerBB (Ryan) 63      55 3.70  2.90    0.80 78.18     71.91      0.76 -21.34
             Ryan + >200d 10      36 0.85  0.46    0.39 61.11     61.92      0.67  -7.75
             Ryan + >200d 21      35 1.56  0.97    0.59 74.29     65.80      0.65 -20.60
             Ryan + >200d 63      29 5.54  2.90    2.64 89.66     71.91      2.68  -6.40
     RSI>=70 (overbought) 10     150 0.33  0.46   -0.13 67.33     61.92     -0.89  -6.79
     RSI>=70 (overbought) 21      99 0.83  0.97   -0.14 69.70     65.80     -0.47  -8.59
     RSI>=70 (overbought) 63      63 2.64  2.90   -0.26 66.67     71.91     -0.36 -10.31

SPY  to 2009  (1993-04-13 -> 2009-12-31)
                   signal  h  events  fwd  base  excess    hit  base_hit  t_excess  worst
                  RSI<=30 10      24 1.08  0.35    0.73  54.17     59.30      0.59  -8.76
                  RSI<=30 21      20 1.62  0.73    0.89  60.00     62.86      0.82  -7.16
                  RSI<=30 63      19 4.63  2.20    2.43  73.68     67.09      1.27 -15.70
RSI<=35 & <lowerBB (Ryan) 10      46 0.45  0.35    0.10  58.70     59.30      0.13 -12.89
RSI<=35 & <lowerBB (Ryan) 21      37 0.94  0.73    0.21  59.46     62.86      0.19 -19.12
RSI<=35 & <lowerBB (Ryan) 63      28 2.70  2.20    0.50  71.43     67.09      0.28 -21.34
             Ryan + >200d 10      10 0.93  0.35    0.58  60.00     59.30      0.79  -1.77
             Ryan + >200d 21      10 2.00  0.73    1.27  70.00     62.86      0.90  -7.16
             Ryan + >200d 63       9 7.70  2.20    5.50 100.00     67.09      3.20   2.70
     RSI>=70 (overbought) 10      64 0.33  0.35   -0.02  64.06     59.30     -0.10  -5.72
     RSI>=70 (overbought) 21      42 0.69  0.73   -0.05  69.05     62.86     -0.09  -8.59
     RSI>=70 (overbought) 63      28 2.60  2.20    0.40  60.71     67.09      0.33 -10.31

SPY  2010+  (2010-01-04 -> 2026-09-16)
                   signal  h  events  fwd  base  excess   hit  base_hit  t_excess  worst
                  RSI<=30 10      22 1.86  0.57    1.29 68.18     64.54      1.38  -7.75
                  RSI<=30 21      17 1.25  1.21    0.04 64.71     68.76      0.02 -20.60
                  RSI<=30 63      16 5.92  3.61    2.31 81.25     76.82      1.47  -6.40
RSI<=35 & <lowerBB (Ryan) 10      45 1.30  0.57    0.73 60.00     64.54      1.20  -7.75
RSI<=35 & <lowerBB (Ryan) 21      39 2.16  1.21    0.95 74.36     68.76      1.05 -20.60
RSI<=35 & <lowerBB (Ryan) 63      27 4.73  3.61    1.12 85.19     76.82      1.10  -6.40
             Ryan + >200d 10      26 0.82  0.57    0.25 61.54     64.54      0.32  -7.75
             Ryan + >200d 21      25 1.38  1.21    0.17 76.00     68.76      0.15 -20.60
             Ryan + >200d 63      20 4.57  3.61    0.96 85.00     76.82      0.83  -6.40
     RSI>=70 (overbought) 10      86 0.33  0.57   -0.24 69.77     64.54     -1.21  -6.79
     RSI>=70 (overbought) 21      57 0.94  1.21   -0.27 70.18     68.76     -0.78  -7.96
     RSI>=70 (overbought) 63      35 2.68  3.61   -0.93 71.43     76.82     -1.09  -8.65

QQQ  full  (1999-05-20 -> 2026-09-16)
                   signal  h  events  fwd  base  excess   hit  base_hit  t_excess  worst
                  RSI<=30 10      43 2.55  0.52    2.03 60.47     59.73      1.55 -15.49
                  RSI<=30 21      36 2.77  1.10    1.67 66.67     62.97      0.92 -23.65
                  RSI<=30 63      28 4.98  3.29    1.69 64.29     68.58      0.61 -29.09
RSI<=35 & <lowerBB (Ryan) 10      78 1.91  0.52    1.39 62.82     59.73      1.89 -15.43
RSI<=35 & <lowerBB (Ryan) 21      70 2.59  1.10    1.49 64.29     62.97      1.29 -21.58
RSI<=35 & <lowerBB (Ryan) 63      42 3.90  3.29    0.61 71.43     68.58      0.32 -34.40
             Ryan + >200d 10      33 1.38  0.52    0.86 60.61     59.73      1.27  -6.38
             Ryan + >200d 21      33 2.63  1.10    1.53 72.73     62.97      1.48 -15.17
             Ryan + >200d 63      25 6.76  3.29    3.47 88.00     68.58      2.65  -6.78
     RSI>=70 (overbought) 10     127 0.71  0.52    0.19 66.14     59.73      0.84  -7.79
     RSI>=70 (overbought) 21      87 0.89  1.10   -0.20 64.37     62.97     -0.37 -25.03
     RSI>=70 (overbought) 63      51 4.01  3.29    0.72 74.51     68.58      0.54 -17.31

QQQ  to 2009  (1999-05-20 -> 2009-12-31)
                   signal  h  events   fwd  base  excess   hit  base_hit  t_excess  worst
                  RSI<=30 10      20  2.28  0.15    2.13 55.00     53.97      0.85 -15.49
                  RSI<=30 21      15  0.31  0.30    0.01 53.33     55.35      0.00 -23.65
                  RSI<=30 63      10 -2.94  0.91   -3.85 30.00     57.67     -0.62 -29.09
RSI<=35 & <lowerBB (Ryan) 10      32  1.60  0.15    1.45 59.38     53.97      0.93 -15.43
RSI<=35 & <lowerBB (Ryan) 21      28  1.32  0.30    1.02 53.57     55.35      0.42 -21.58
RSI<=35 & <lowerBB (Ryan) 63      16 -1.02  0.91   -1.93 50.00     57.67     -0.45 -34.40
             Ryan + >200d 10       6  1.38  0.15    1.23 66.67     53.97      1.16  -2.19
             Ryan + >200d 21       6  2.37  0.30    2.07 83.33     55.35      0.91  -8.02
             Ryan + >200d 63       5  6.04  0.91    5.14 80.00     57.67      1.92  -3.15
     RSI>=70 (overbought) 10      31  0.89  0.15    0.74 67.74     53.97      1.21  -7.79
     RSI>=70 (overbought) 21      23  0.48  0.30    0.18 56.52     55.35      0.18  -5.78
     RSI>=70 (overbought) 63      16  4.50  0.91    3.60 75.00     57.67      1.10 -17.31

QQQ  2010+  (2010-01-04 -> 2026-09-16)
                   signal  h  events  fwd  base  excess   hit  base_hit  t_excess  worst
                  RSI<=30 10      23 2.80  0.76    2.04 65.22     63.40      1.72 -13.77
                  RSI<=30 21      21 4.52  1.60    2.92 76.19     67.85      1.60 -11.86
                  RSI<=30 63      18 9.38  4.83    4.55 83.33     75.62      2.13  -7.36
RSI<=35 & <lowerBB (Ryan) 10      46 2.13  0.76    1.38 65.22     63.40      2.13  -6.38
RSI<=35 & <lowerBB (Ryan) 21      42 3.44  1.60    1.83 71.43     67.85      1.76 -15.17
RSI<=35 & <lowerBB (Ryan) 63      26 6.93  4.83    2.10 84.62     75.62      1.43  -6.78
             Ryan + >200d 10      27 1.38  0.76    0.62 59.26     63.40      0.78  -6.38
             Ryan + >200d 21      27 2.68  1.60    1.08 70.37     67.85      0.92 -15.17
             Ryan + >200d 63      20 6.94  4.83    2.11 90.00     75.62      1.38  -6.78
     RSI>=70 (overbought) 10      96 0.65  0.76   -0.10 65.62     63.40     -0.45  -5.95
     RSI>=70 (overbought) 21      64 1.04  1.60   -0.56 67.19     67.85     -0.88 -25.03
     RSI>=70 (overbought) 63      35 3.92  4.83   -0.91 74.29     75.62     -0.73  -9.27
