# RVOL drop + score vs box (pre-registration in the md). pool events 226,668

== T1: does RVOL do joint work? (excess R vs 3 same-date ADR-tercile non-breakout names) ==
                         n  meanR  excess  months      t     h1     h2
A tier (RVOL>=1.1)  2303.0  0.309   0.365   176.0 -2.208 -0.504 -0.028
B tier w/o RVOL     4644.0  0.334   0.324   185.0 -2.044 -0.459 -0.005
X = B minus A       2341.0  0.358   0.283   166.0 -1.444 -0.445 -0.035
T1 RULE: X excess +0.283 vs 0.5 x A +0.183; X halves -0.445/-0.035 -> KEEP RVOL

== T2: walk-forward ridge SCORE vs the tier BOX (OOS 2012-2026; pool 211,030) ==
            n  meanR  excess  months      t     h1     h2
SCORE  1545.0  0.091   0.095   159.0  0.157  0.075 -0.034
BOX    2222.0  0.347   0.384   157.0 -1.731 -0.522  0.052
PRIMARY SCORE - BOX monthly excess: +0.186R t +1.21 (143 months), halves +0.610/-0.086 -> FAIL
OOS rank corr(pred, realised R) over the pool: +0.132; SCORE/BOX overlap 0 of 1545 / 2222
coefficients (standardised) by fit year:
      const    adr  range52   rvol    pos  stack    gap    chg  off52  laddv
2012 -0.138 -0.377    0.141 -0.025 -0.068 -0.119 -0.133  0.169  0.027 -0.007
2013 -0.111 -0.352    0.088 -0.011 -0.075 -0.106 -0.132  0.175 -0.020  0.010
2014 -0.064 -0.289    0.036  0.007 -0.041 -0.089 -0.098  0.127 -0.028 -0.003
2015 -0.075 -0.229    0.017  0.002 -0.020 -0.088 -0.078  0.110 -0.029  0.005
2016 -0.110 -0.170    0.004 -0.000 -0.002 -0.072 -0.044  0.083 -0.009 -0.001
2017 -0.120 -0.101   -0.045  0.005  0.006 -0.082 -0.034  0.065 -0.010 -0.005
2018 -0.069 -0.127   -0.046  0.012  0.002 -0.061 -0.043  0.075 -0.010  0.006
2019 -0.087 -0.122   -0.044  0.012 -0.004 -0.038 -0.053  0.088 -0.023  0.002
2020 -0.079 -0.083   -0.089  0.010  0.009 -0.051 -0.039  0.061 -0.056  0.002
2021 -0.098 -0.055   -0.107  0.016  0.015 -0.068 -0.076  0.078 -0.028  0.023
2022 -0.098 -0.068   -0.101  0.005  0.017 -0.064 -0.066  0.089 -0.029  0.028
2023 -0.142 -0.119   -0.057  0.008  0.018 -0.069 -0.064  0.093  0.009  0.020
2024 -0.154 -0.124   -0.047  0.006  0.020 -0.071 -0.066  0.099  0.001  0.021
2025 -0.127 -0.118   -0.065  0.011  0.016 -0.071 -0.067  0.102 -0.011  0.029
2026 -0.137 -0.078   -0.050  0.006  0.021 -0.066 -0.059  0.095  0.014  0.031
