8,244 breakouts 2019-10 -> 2026-09-17 | grade mix {'C': 6220, 'B': 1645, 'A': 379}

=== mean R by grade, in sample vs out of sample ===
               size   mean  median
half    grade                     
2019-22 A       159 -0.151  -1.274
        B       631 -0.024  -1.060
        C      2321 -0.343  -1.112
2023-26 A       220  0.266  -1.198
        B      1014  0.290  -1.058
        C      3899 -0.093  -1.098

=== 2019-22 (in sample) ===
                     n  R_per_risk  monthly_mean      t  worst_month  max_dd
flat            3111.0      -0.269        -0.388 -3.584       -1.958 -15.127
graded 3/1.5/1  3111.0      -0.238        -0.392 -3.506       -1.989 -14.778
graded 10/3/1   3111.0      -0.186        -0.420 -3.164       -2.063 -15.318
A only           159.0      -0.151        -0.607 -2.437       -3.700 -19.531
A+B only         790.0      -0.049        -0.427 -2.368       -1.811 -15.169

=== 2023-26 (out of sample) ===
                     n  R_per_risk  monthly_mean      t  worst_month  max_dd
flat            5133.0      -0.002        -0.083 -0.552       -1.876  -6.974
graded 3/1.5/1  5133.0       0.042        -0.072 -0.456       -2.032  -6.592
graded 10/3/1   5133.0       0.121        -0.069 -0.384       -2.369  -7.434
A only           220.0       0.266        -0.196 -0.636       -3.646 -12.850
A+B only        1234.0       0.286        -0.010 -0.050       -2.831  -8.719

=== all ===
                     n  R_per_risk  monthly_mean      t  worst_month  max_dd
flat            8244.0      -0.103        -0.225 -2.341       -1.958 -20.457
graded 3/1.5/1  8244.0      -0.065        -0.221 -2.197       -2.032 -20.118
graded 10/3/1   8244.0       0.002        -0.232 -2.017       -2.369 -21.031
A only           379.0       0.091        -0.387 -1.917       -3.700 -28.489
A+B only        2024.0       0.155        -0.203 -1.475       -2.831 -21.226
