alerts: 11,239 (158 sessions, 182 symbols) | by kind {'UR': 8306, 'ORB9': 2248, 'LVL': 685} | shown 3164 / out of play 8075
scored 11,227 alerts (12 dropped: no bars / bad stop / late fire), 56,135 control entries

=== ALL LONG ALERTS, by exit arm (R per trade) ===
                   n  meanR   medR     win      t  ctrl_meanR  edge_vs_ctrl
stop_close   11227.0 -0.110 -0.499  37.543 -4.268      -0.093        -0.018
t1R          11227.0 -0.127 -0.173  45.569 -7.539      -0.100        -0.026
t2R          11227.0 -0.122 -0.396  39.432 -5.605      -0.097        -0.026
vwap_loss    11227.0 -0.095 -0.231  20.157 -6.247      -0.108         0.013
time30       11227.0 -0.106 -0.092  42.781 -8.543      -0.090        -0.016
next_close   11227.0 -0.010 -1.044  33.223 -0.953       0.055        -0.064
swing_trail  11227.0  0.517 -1.073  23.167  2.843       0.674        -0.157

=== LVL (n=685) ===
                 n  meanR   medR     win      t   ctrl   edge
stop_close   685.0 -0.011 -0.057  46.277 -1.778  0.104 -0.115
t1R          685.0 -0.013 -0.044  47.153 -1.783  0.089 -0.102
t2R          685.0 -0.007 -0.055  46.423 -1.614  0.105 -0.112
vwap_loss    685.0 -0.032 -0.133  30.803 -2.145  0.016 -0.048
time30       685.0 -0.037 -0.037  44.380 -2.535  0.006 -0.042
next_close   685.0  0.148 -0.071  47.007  0.608  0.295 -0.147
swing_trail  685.0  0.890 -1.062  25.693  2.440  1.200 -0.310

=== ORB9 (n=2,246) ===
                  n  meanR   medR     win       t   ctrl   edge
stop_close   2246.0 -0.246 -1.109  24.176  -5.421 -0.188 -0.059
t1R          2246.0 -0.296 -1.066  41.941 -12.594 -0.238 -0.058
t2R          2246.0 -0.297 -1.092  30.543 -10.180 -0.219 -0.078
vwap_loss    2246.0 -0.257 -1.083  22.395  -6.287 -0.213 -0.044
time30       2246.0 -0.304 -1.039  34.506 -10.704 -0.195 -0.109
next_close   2246.0 -0.159 -1.125  18.700  -2.416  0.066 -0.225
swing_trail  2246.0  0.461 -1.148  11.576   1.232  0.872 -0.411

=== UR (n=8,296) ===
                  n  meanR   medR     win      t   ctrl   edge
stop_close   8296.0 -0.082 -0.298  40.441 -2.876 -0.083  0.001
t1R          8296.0 -0.090 -0.124  46.420 -4.393 -0.079 -0.011
t2R          8296.0 -0.084 -0.272  41.261 -3.307 -0.080 -0.004
vwap_loss    8296.0 -0.056 -0.207  18.672 -4.488 -0.090  0.034
time30       8296.0 -0.058 -0.059  44.889 -4.584 -0.069  0.011
next_close   8296.0  0.018 -1.032  36.017 -0.368  0.032 -0.014
swing_trail  8296.0  0.502 -1.057  26.097  3.097  0.577 -0.076

=== split sample (meanR) ===
             Feb-May  Jun-Sep    n1    n2
stop_close    -0.065   -0.159  5804  5423
t1R           -0.115   -0.139  5804  5423
t2R           -0.088   -0.159  5804  5423
vwap_loss     -0.096   -0.093  5804  5423
time30        -0.106   -0.105  5804  5423
next_close     0.114   -0.142  5804  5423
swing_trail    1.251   -0.268  5804  5423

=== does the in-play gate earn its keep? SHOWN vs SUPPRESSED (meanR) ===
       stop_close    t1R    t2R  vwap_loss  time30  next_close  swing_trail     n
oop                                                                              
False      -0.115 -0.129 -0.121     -0.089  -0.110      -0.034        0.460  3159
True       -0.109 -0.126 -0.123     -0.097  -0.104      -0.000        0.539  8068

  shown alerts only, by kind:
      stop_close    t1R    t2R  vwap_loss  time30  next_close  swing_trail     n
kind                                                                            
LVL        0.057  0.049  0.023      0.040  -0.029       0.221        0.477   148
ORB9      -0.267 -0.322 -0.334     -0.261  -0.292      -0.244        1.574   443
UR        -0.099 -0.106 -0.093     -0.067  -0.083      -0.012        0.267  2568

  shown vs its own random control (meanR):
             shown  control(same name-days)
stop_close  -0.115                   -0.075
t1R         -0.129                   -0.090
t2R         -0.121                   -0.090
vwap_loss   -0.089                   -0.089
time30      -0.110                   -0.078
next_close  -0.034                    0.029
swing_trail  0.460                    0.464

=== by day state ===
           stop_close    t1R    t2R  vwap_loss  time30  next_close  swing_trail     n
day_state                                                                            
FLAT           -0.084 -0.118 -0.124     -0.085  -0.074       0.014        0.214   965
LONG           -0.133 -0.139 -0.125     -0.092  -0.128      -0.051        0.572  2160
OUT            -0.101 -0.122 -0.117     -0.088  -0.106       0.007        0.652  5480
SHORT          -0.122 -0.129 -0.131     -0.114  -0.097      -0.020        0.301  2622

=== by time of day (entry hour, ET) ===
      stop_close    t1R    t2R  vwap_loss  time30  next_close  swing_trail     n
hour                                                                            
09        -0.085 -0.103 -0.096     -0.071  -0.095       0.017        0.392  4585
10        -0.116 -0.133 -0.128     -0.096  -0.097      -0.002        0.529  4494
11        -0.191 -0.210 -0.208     -0.189  -0.196      -0.168        0.630  1337
12        -0.097 -0.078 -0.097     -0.065  -0.076       0.022        0.816   387
13        -0.105 -0.111 -0.105     -0.088  -0.052       0.438        2.097   171
14        -0.124 -0.119 -0.124     -0.094  -0.076      -0.007        0.854   134
15        -0.033 -0.037 -0.033     -0.037  -0.047      -0.307        0.000   119

signals per session: 71.1 | median risk 1.37% of price
