
trades 30,270, 2018-04-12 -> 2026-02-13

== A. Each arm gated on its own entry day, hold to expiry (returns in % of premium) ==
 dte    n  dates  names   mid  real_fill  full_ask  t_dates  trim_0_1pct  median   win  ba_med
   7 6870    335    308 10.38       6.91      4.50     0.83         4.51  -16.71 42.02    6.50
   8 5860    327    302  2.15      -0.81     -2.87     0.07        -2.92  -22.29 38.70    6.17
   9 5667    329    307  6.07       2.97      0.78     1.58         1.16  -17.38 40.97    6.22
  10 5825    329    304  5.74       2.67      0.52     0.02         2.14  -16.16 41.55    5.78
  11 6048    318    309  3.55       0.76     -1.24    -0.19        -0.04  -19.91 40.62    5.77

== B. By year, real fill (mean %; n) ==
dte     7     8     9     10    11
yr                                
2018   5.6   5.4  15.5  14.1  -0.3
2019  -7.0 -12.1  -4.6  -7.2 -10.4
2020  13.7   7.0   3.8  16.0  -6.8
2021   6.1  -3.0  -1.4  -0.9  -1.3
2022  33.6  25.6  29.4  -0.5  17.7
2023   6.7   0.2   2.6   2.9   7.5
2024   9.7  -6.3   2.4   5.7   3.4
2025   5.9  -0.0   1.9   7.1  -2.6
2026  17.1  74.4  -7.2  10.1  12.7
years positive: {7: 8, 8: 5, 9: 6, 10: 6, 11: 4}
n by year:
dte     7     8     9     10    11
yr                                
2018   321   302   272   235   301
2019   898   694   674   777   920
2020   195   258   167   160   223
2021  1305  1163  1030  1045  1072
2022   347   301   315   298   319
2023  1583  1441  1451  1421  1193
2024  1158  1023   932  1001  1176
2025   919   650   784   836   793
2026   144    28    42    52    51

== C. Paired vs Friday: same ticker, same expiry, both days passed the gates ==
 dte  pairs  expiries  early  friday  diff  t_expiry  diff_median  share_of_other_arm
   8   3031       278   0.92    6.59 -5.67     -2.34        -5.92               51.72
   9   2822       265   2.94    8.85 -5.91     -0.96        -7.53               49.80
  10   2752       268   0.91    6.97 -6.07     -1.60        -6.49               47.24
  11   2472       252  -3.58    4.89 -8.48     -1.91        -8.20               40.87

== D. Right tail: share of the arm's total P&L from its top 1% of trades ==
   7 DTE  total 47,476pp  top-1% 47,606pp  = 100%  without top 1%: -0.02%/trade
   8 DTE  total -4,745pp  top-1% 35,245pp  = -743%  without top 1%: -6.89%/trade
   9 DTE  total 16,847pp  top-1% 31,681pp  = 188%  without top 1%: -2.64%/trade
  10 DTE  total 15,550pp  top-1% 26,601pp  = 171%  without top 1%: -1.92%/trade
  11 DTE  total 4,573pp  top-1% 26,801pp  = 586%  without top 1%: -3.71%/trade

== E. Halves by date (stability) ==
half     A     B
dte             
7     6.25  7.36
8     0.36 -1.68
9     5.49  1.35
10    0.73  3.94
11   -2.91  3.53
