

====================================================================================================
VWAP rejection short 2nd touch 2026-09-21
====================================================================================================
12.03 signals per session

=== VWAP rejection short 2nd touch 2026-09-21 (intraday) — 1,900 signals, 174 names, 2026-02-02 -> 2026-09-18 ===
                 n  meanR   medR     win    p90       t   ctrl   edge
stop_close  1900.0 -0.258 -0.729  35.105  1.271  -6.206 -0.174 -0.084
t1R         1900.0 -0.169 -0.368  43.368  1.000  -5.200 -0.104 -0.065
t2R         1900.0 -0.204 -0.635  36.737  2.000  -5.501 -0.140 -0.064
vwap_flip   1900.0 -0.258 -0.516  20.316  0.821  -9.178 -0.268  0.011
time30      1900.0 -0.210 -0.210  32.579  0.505 -11.963 -0.177 -0.033
next_close  1900.0 -0.295 -1.068  30.158  2.617  -3.686 -0.267 -0.028

by half (n 970 / 930):
            <2026-06-01  >=2026-06-01
stop_close       -0.316        -0.197
t1R              -0.194        -0.143
t2R              -0.249        -0.157
vwap_flip        -0.298        -0.216
time30           -0.232        -0.187
next_close       -0.497        -0.085

best arm by edge: vwap_flip | passes the bar (beats control, both halves positive, |t|>=3): no

by universe set (mean R per arm):
             stop_close    t1R    t2R  vwap_flip  time30  next_close     n
set                                                                       
control set      -0.320 -0.231 -0.262     -0.305  -0.235      -0.309   537
curated          -0.233 -0.144 -0.181     -0.239  -0.200      -0.290  1363

SNDK rows:
            date  stop_close  vwap_flip  next_close
1600  2026-06-29   -1.052679  -0.353645   -1.052679
1601  2026-07-27    0.233758  -0.204651    6.797342
1602  2026-07-28   -1.035443  -0.537101   -1.035443
1603  2026-07-31    0.815665  -0.351124   -1.147816
1604  2026-08-19    0.078794  -0.496294   -0.563784
1605  2026-08-25    0.791611   0.791611    0.250932
1606  2026-09-10   -1.049933  -0.517162   -1.049933
1607  2026-09-11   -0.014110  -0.455625    2.606747


====================================================================================================
VWAP rejection short 1st touch 2026-09-21
====================================================================================================
17.00 signals per session

=== VWAP rejection short 1st touch 2026-09-21 (intraday) — 2,703 signals, 188 names, 2026-02-02 -> 2026-09-18 ===
                 n  meanR   medR     win    p90      t   ctrl   edge
stop_close  2703.0 -0.215 -0.945  35.923  1.463 -5.468 -0.204 -0.011
t1R         2703.0 -0.139 -0.366  44.987  1.000 -4.293 -0.142  0.003
t2R         2703.0 -0.163 -0.808  37.366  2.000 -4.423 -0.179  0.016
vwap_flip   2703.0 -0.208 -0.488  22.420  0.918 -8.210 -0.247  0.039
time30      2703.0 -0.172 -0.193  36.959  0.633 -8.576 -0.174  0.001
next_close  2701.0 -0.276 -1.065  28.915  2.587 -3.622 -0.363  0.087

by half (n 1328 / 1375):
            <2026-06-01  >=2026-06-01
stop_close       -0.254        -0.178
t1R              -0.134        -0.144
t2R              -0.183        -0.143
vwap_flip        -0.204        -0.212
time30           -0.152        -0.192
next_close       -0.454        -0.104

best arm by edge: next_close | passes the bar (beats control, both halves positive, |t|>=3): no

by universe set (mean R per arm):
             stop_close    t1R    t2R  vwap_flip  time30  next_close     n
set                                                                       
control set      -0.269 -0.155 -0.213     -0.261  -0.212      -0.286   723
curated          -0.195 -0.133 -0.144     -0.189  -0.158      -0.273  1980

SNDK rows:
            date  stop_close  vwap_flip  next_close
2279  2026-04-07   -0.296389  -0.365951   -4.366128
2280  2026-04-14   -1.056203  -0.640495   -1.056203
2281  2026-05-22   -1.048365  -0.470263   -1.048365
2282  2026-05-27   -0.001871   0.349800   -1.537519
2283  2026-07-07   -1.050544  -0.833739   -1.050544
2284  2026-07-28   -1.037034  -0.710228   -1.037034
2285  2026-07-29   -1.030175   0.185099   -1.030175
2286  2026-09-10   -1.053529  -0.617503   -1.053529
EXIT 0
