== prior-5-session MAX gap / implied
| gate | n | open @fair value | close | P(gap > implied) | mean gap | mean implied |
|---|---|---|---|---|---|---|
| <0.5 | 32,770 | -40.6% (t -31.4) | -41.9% (t -28.9) | 5% | 1.02% | 2.83% |
| 0.5-1 | 64,974 | -29.8% (t -37.8) | -29.8% (t -24.6) | 6% | 0.83% | 2.10% |
| 1-1.5 | 31,032 | -25.0% (t -36.0) | -25.2% (t -16.2) | 9% | 0.97% | 2.14% |
| 1.5-2 | 11,669 | -23.2% (t -23.4) | -23.8% (t -12.5) | 10% | 1.08% | 2.21% |
| 2-3 | 7,273 | -24.0% (t -17.7) | -25.0% (t -11.2) | 10% | 1.01% | 2.23% |
| >=3 | 4,986 | -25.5% (t -30.8) | -19.4% (t -10.4) | 6% | 0.83% | 2.17% |

== prior-5-session MEAN gap / implied
| gate | n | open @fair value | close | P(gap > implied) | mean gap | mean implied |
|---|---|---|---|---|---|---|
| <0.25 | 32,848 | -40.7% (t -31.2) | -42.4% (t -29.8) | 5% | 1.03% | 2.84% |
| 0.25-0.5 | 68,581 | -29.9% (t -38.5) | -29.6% (t -24.9) | 6% | 0.82% | 2.10% |
| 0.5-0.75 | 33,860 | -24.7% (t -36.4) | -24.7% (t -17.1) | 9% | 0.97% | 2.14% |
| 0.75-1 | 11,000 | -22.6% (t -23.7) | -22.9% (t -13.9) | 11% | 1.07% | 2.21% |
| 1-1.5 | 5,066 | -22.5% (t -16.3) | -23.0% (t -11.3) | 11% | 1.10% | 2.25% |
| >=1.5 | 1,349 | -23.3% (t -27.2) | -14.7% (t -4.8) | 6% | 0.84% | 2.12% |

== YESTERDAY's gap / implied
| gate | n | open @fair value | close | P(gap > implied) | mean gap | mean implied |
|---|---|---|---|---|---|---|
| <0.5 | 102,904 | -32.5% (t -35.4) | -32.1% (t -25.2) | 6% | 0.91% | 2.35% |
| 0.5-1 | 36,084 | -27.0% (t -33.8) | -28.8% (t -19.2) | 8% | 0.90% | 2.11% |
| 1-2 | 11,358 | -21.7% (t -17.7) | -22.4% (t -7.5) | 12% | 1.12% | 2.18% |
| >=2 | 2,649 | -22.6% (t -13.6) | -11.6% (t -2.8) | 10% | 1.06% | 2.39% |

== fresh regime: rv5 / rv20
| gate | n | open @fair value | close | P(gap > implied) | mean gap | mean implied |
|---|---|---|---|---|---|---|
| <0.75 | 40,241 | -31.0% (t -35.0) | -30.3% (t -20.8) | 7% | 0.85% | 2.15% |
| 0.75-1.25 | 76,521 | -29.8% (t -35.8) | -30.7% (t -26.1) | 7% | 0.91% | 2.24% |
| 1.25-2 | 32,609 | -30.4% (t -27.8) | -30.6% (t -20.5) | 7% | 1.02% | 2.52% |
| >=2 | 2,257 | -30.5% (t -16.9) | -27.5% (t -9.8) | 9% | 1.36% | 3.19% |

== COHR-like: mean gap/implied >= 1 AND fresh >= 1.5, by liquidity
| gate | n | open @fair value | close | P(gap > implied) | mean gap | mean implied |
|---|---|---|---|---|---|---|
| all | 2,846 | -24.8% (t -21.5) | -18.5% (t -8.3) | 6% | 1.00% | 2.35% |
| bid/ask <10% | 777 | -9.8% (t -12.0) | -4.5% (t -1.2) | 6% | 0.97% | 2.28% |
| bid/ask <5% | 281 | -7.7% (t -7.5) | -9.6% (t -1.9) | 6% | 0.89% | 2.15% |

== conditional on the OUTCOME gap > implied (not ex ante): where should the exit be?
| gate | n | open @fair value | close | P(gap > implied) | mean gap | mean implied |
|---|---|---|---|---|---|---|
| gap > implied | 10,747 | +26.4% (t +15.3) | +29.2% (t +7.7) | 100% | 3.46% | 2.42% |
| gap > 2x implied | 899 | +146.1% (t +31.6) | +151.7% (t +16.0) | 100% | 7.48% | 2.60% |

== does the gap gate predict the gap? corr(g_mean, gap_e/implied) = nan  corr(ratio_max, gap_e/implied) = nan
