== SHORT 1-DTE ATM straddle at the bid, settled at the close (net = house cost model)
| cut | n | gross/prem | net/prem | net/spot | net/margin | win% | p1 / worst (on prem) | loss>2x prem |
|---|---|---|---|---|---|---|---|---|
| ALL | 152,995 | -23.4% | -51.3% (t -13.5) | -0.45% | -2.10% (t -11.0) | 48% | -811% / -17410% | 8.2% |
| bid/ask <5% | 10,768 | +2.6% | +1.1% (t +0.6) | +0.01% | +0.05% (t +0.3) | 59% | -240% / -776% | 2.0% |
| 5-10% | 20,084 | +2.2% | -1.1% (t -0.7) | -0.01% | -0.07% (t -0.5) | 59% | -269% / -914% | 2.5% |
| 10-20% | 37,224 | -0.9% | -6.3% (t -4.0) | -0.13% | -0.56% (t -4.1) | 56% | -272% / -1519% | 2.8% |
| >20% | 84,919 | -42.5% | -89.5% (t -17.1) | -0.76% | -3.52% (t -14.6) | 40% | -1254% / -17410% | 12.7% |

== by realized/implied (ratio_max), liquid only (bid/ask <10%)
| cut | n | gross/prem | net/prem | net/spot | net/margin | win% | p1 / worst (on prem) | loss>2x prem |
|---|---|---|---|---|---|---|---|---|
| ratio_max <1.0 | 3,735 | +0.1% | -2.2% (t -1.4) | -0.03% | -0.17% (t -0.7) | 58% | -256% / -776% | 2.1% |
| ratio_max 1.0-1.5 | 6,540 | +1.6% | -1.2% (t -0.6) | -0.01% | -0.07% (t -0.4) | 58% | -264% / -914% | 2.5% |
| ratio_max 1.5-2.0 | 7,807 | +2.2% | -0.5% (t -0.2) | -0.01% | -0.03% (t -0.2) | 58% | -254% / -663% | 2.3% |
| ratio_max 2.0-3.0 | 8,805 | +5.3% | +2.7% (t +1.5) | +0.05% | +0.23% (t +1.5) | 60% | -249% / -737% | 2.2% |
| ratio_max >=3.0 | 3,893 | +0.9% | -1.7% (t -0.8) | -0.05% | -0.23% (t -1.1) | 59% | -273% / -877% | 2.7% |

== by year, liquid only
| cut | n | gross/prem | net/prem | net/spot | net/margin | win% | p1 / worst (on prem) | loss>2x prem |
|---|---|---|---|---|---|---|---|---|
| 2019 | 4,666 | -2.1% | -5.1% (t -1.2) | -0.05% | -0.24% (t -0.8) | 57% | -268% / -632% | 2.7% |
| 2020 | 4,287 | +5.3% | +2.5% (t +0.6) | +0.09% | +0.38% (t +1.3) | 60% | -250% / -737% | 2.0% |
| 2021 | 3,669 | +3.1% | +0.3% (t +0.1) | +0.03% | +0.11% (t +0.4) | 60% | -273% / -877% | 2.7% |
| 2022 | 3,723 | -4.8% | -7.5% (t -1.3) | -0.18% | -0.77% (t -1.3) | 53% | -247% / -546% | 1.8% |
| 2023 | 4,865 | +5.7% | +3.0% (t +0.8) | +0.06% | +0.26% (t +0.7) | 60% | -237% / -628% | 2.4% |
| 2024 | 5,725 | +6.5% | +3.9% (t +1.7) | +0.03% | +0.15% (t +0.9) | 61% | -248% / -914% | 2.1% |
| 2025 | 3,632 | -0.3% | -2.5% (t -0.7) | -0.05% | -0.26% (t -0.8) | 58% | -281% / -549% | 2.9% |
| 2026 | 285 | +6.6% | +4.7% (t +4.3) | -0.14% | -0.46% (t -5.2) | 59% | -217% / -315% | 1.8% |
| half 1 | 15,369 | +0.0% | -2.8% (t -1.3) | -0.03% | -0.14% (t -0.8) | 57% | -263% / -877% | 2.4% |
| half 2 | 15,483 | +4.6% | +2.1% (t +1.0) | +0.02% | +0.08% (t +0.5) | 60% | -254% / -914% | 2.3% |

== by expiry weekday, liquid only
| cut | n | gross/prem | net/prem | net/spot | net/margin | win% | p1 / worst (on prem) | loss>2x prem |
|---|---|---|---|---|---|---|---|---|
| Fri | 28,296 | +1.7% | -1.1% (t -0.7) | -0.02% | -0.09% (t -0.7) | 58% | -264% / -914% | 2.4% |
| Thu | 1,296 | +11.4% | +9.2% (t +2.9) | +0.22% | +0.95% (t +3.5) | 63% | -207% / -737% | 1.1% |
| Tue | 397 | +9.2% | +8.4% (t +2.0) | +0.11% | +0.48% (t +2.6) | 63% | -186% / -214% | 0.5% |
| Wed | 863 | +6.9% | +6.1% (t +1.5) | +0.06% | +0.27% (t +1.3) | 59% | -245% / -360% | 2.2% |

== index/sector ETFs vs single names, liquid only
| cut | n | gross/prem | net/prem | net/spot | net/margin | win% | p1 / worst (on prem) | loss>2x prem |
|---|---|---|---|---|---|---|---|---|
| ETFs | 2,716 | +4.7% | +3.8% (t +2.1) | +0.04% | +0.18% (t +2.0) | 59% | -216% / -549% | 1.4% |
| single names | 28,136 | +2.1% | -0.7% (t -0.5) | -0.01% | -0.05% (t -0.4) | 59% | -264% / -914% | 2.4% |
| SPY | 1,038 | +4.2% | +3.5% (t +1.8) | +0.02% | +0.10% (t +1.3) | 59% | -227% / -509% | 1.3% |
| QQQ | 916 | +4.6% | +3.9% (t +1.7) | +0.04% | +0.18% (t +1.6) | 59% | -207% / -549% | 1.3% |
| IWM | 762 | +5.3% | +4.1% (t +1.7) | +0.06% | +0.29% (t +2.1) | 59% | -212% / -316% | 1.4% |

== tail, liquid single names: worst 10 trades (net/prem, net/spot)
ticker     expiry  implied_move  move_pct  r_prem  r_spot
  SMCI 2024-01-19           3.6      35.9  -914.0   -32.5
   PFE 2021-11-05           1.2      10.9  -877.0   -10.1
  NVAX 2024-05-10          11.4      98.7  -776.0   -87.0
   WDC 2020-12-31           1.5      11.8  -737.0   -10.4
   MRK 2021-10-01           1.2       8.4  -663.0    -7.7
   IBM 2021-07-02           0.7       4.6  -647.0    -4.2
  PLTR 2021-01-22           3.5      25.4  -645.0   -21.9
   JNJ 2019-10-18           0.8       6.2  -632.0    -5.1
  DOCU 2023-12-15           1.8      12.5  -628.0   -10.7
   AMD 2020-07-24           2.4      16.5  -596.0   -13.8

liquid single names: mean net/spot -0.009%/trade, std 2.34%, per-trade Sharpe -0.004; share of net P&L lost in the worst 1% of trades: 3527892144423%
stop-out bound: mark at the day's WORST point, liquid single names: mean -54.8% of prem (a stop that fires at the extreme turns the trade to this)
