# 12-1 momentum screener -- 2026-09-30 -- MONTH-END FORMATION
universe 1323 eligible (px >= $5, ADDV >= $50M, 252 sessions); top decile 133, top quintile 265; excluded for a >45% day: 30
rank ticker      12-1     close  ADDV $M  bucket
   1 SNDK    +1280.4%   1739.89    19531  D1  T20  T20-B
   2 AXTI    +1139.5%     77.41      703  D1  T20  T20-B
   3 SLS      +755.1%     12.31       83  D1  T20  T20-B
   4 MU       +484.9%   1065.11    29290  D1  T20  T20-B
   5 LITE     +462.7%    971.26     4125  D1  T20  T20-B
   6 TXG      +450.7%     90.36      193  D1  T20  T20-B
   7 SYRE     +446.0%     89.03      104  D1  T20  T20-B
   8 TWST     +414.8%    193.24      260  D1  T20  T20-B
   9 ORKA     +380.1%     83.29       84  D1  T20  T20-B
  10 RVMD     +346.2%    205.26      382  D1  T20  T20-B
  11 VICR     +287.3%    288.94      190  D1  T20  T20-B
  12 WDC      +285.9%    454.46     3406  D1  T20  T20-B
  13 IOVA     +266.4%     14.82      150  D1  T20  T20-B
  14 STX      +261.5%    922.34     3704  D1  T20  T20-B
  15 RLAY     +254.1%     18.05       53  D1  T20  T20-B
  16 DELL     +240.6%    537.95     3893  D1  T20  T20-B
  17 CDNA     +237.2%     65.00       61  D1  T20  T20-B
  18 NESR     +234.4%     25.47       65  D1  T20  T20-B
  19 DOCN     +212.5%    133.39      363  D1  T20  T20-B
  20 ICHR     +211.8%     61.86       51  D1  T20  T20-B
  21 IBRX     +209.3%      9.44       78  D1  T30
  22 AXGN     +194.1%     41.92       50  D1  T30
  23 ALM      +191.8%     13.16      100  D1  T30
  24 AMD      +191.7%    611.76    11947  D1  T30
  25 TSEM     +190.8%    227.43      416  D1  T30
  26 VIAV     +189.3%     41.92      191  D1  T30
  27 BE       +180.3%    276.98     3797  D1  T30
  28 FORM     +177.5%    149.31      141  D1  T30
  29 TVTX     +175.7%     58.88       97  D1  T30
  30 IRDM     +171.9%     47.90       53  D1  T30
  31 CLMT     +169.1%     52.38       66  D1
  32 DNTH     +167.0%     88.05       81  D1
  33 CIEN     +165.6%    351.82      869  D1
  34 EWTX     +165.2%     40.60       60  D1
  35 TER      +160.4%    400.91     1060  D1
  36 AEHR     +160.3%     99.62      246  D1
  37 INTC     +159.6%    120.23    10970  D1
  38 ATI      +157.6%    189.40      352  D1
  39 COHR     +157.3%    287.81     1992  D1
  40 MRVL     +156.9%    264.21     4815  D1
  41 GH       +156.5%    178.36      325  D1
  42 UCTT     +152.9%     81.06       84  D1
  43 ARWR     +143.9%     65.45      146  D1
  44 PTEN     +137.6%     10.92       96  D1
  45 VSAT     +136.8%     70.38      137  D1
  46 PBF      +135.8%     76.96      245  D1
  47 ABCL     +135.7%     14.59       72  D1
  48 ILMN     +132.5%    273.68      636  D1
  49 GSAT     +130.6%     82.89       63  D1
  50 LRCX     +130.0%    328.51     2841  D1
  51 DK       +129.7%     71.37      144  D1
  52 COHU     +129.7%     68.14       54  D1
  53 ROIV     +129.4%     36.57      283  D1
  54 LFST     +128.0%     12.03       56  D1
  55 PTGX     +126.8%    140.89       84  D1
  56 RNG      +126.4%     74.70      124  D1
  57 TWLO     +125.9%    292.46      574  D1
  58 HUT      +125.7%     86.10      438  D1
  59 MATX     +125.1%    219.64       64  D1
  60 AUGO     +124.6%     78.68       77  D1
  61 AMAT     +123.7%    511.38     3421  D1
  62 PARR     +123.3%     81.62       79  D1
  63 FCEL     +121.5%     16.42      143  D1
  64 GKOS     +120.9%    164.19      141  D1
  65 SPHR     +119.4%    134.44      101  D1
  66 HPE      +116.4%     63.89     1150  D1
  67 DAR      +116.2%     60.71      155  D1
  68 SMTC     +114.5%    178.35      441  D1
  69 HAE      +114.2%    105.30       70  D1
  70 MTSI     +114.0%    284.82      372  D1
  71 MRX      +112.6%     69.76       51  D1
  72 INSW     +112.1%    110.14       64  D1
  73 MKSI     +109.8%    265.36      387  D1
  74 VLO      +108.5%    387.61     1103  D1
  75 BTSG     +107.6%     56.75      163  D1
  76 OII      +106.4%     43.63       51  D1
  77 TTMI     +105.9%    122.84      313  D1
  78 DYN      +105.6%     16.11       63  D1
  79 ONTO     +104.9%    307.82      281  D1
  80 MT       +104.4%     66.74       97  D1
  81 FCX      +104.0%     70.00      932  D1
  82 KRYS     +103.3%    332.56      129  D1
  83 GTX      +103.2%     26.03       71  D1
  84 KYMR     +103.1%    111.79       79  D1
  85 FROG     +102.2%     97.04      183  D1
  86 FTNT     +101.9%    178.76      767  D1
  87 VSH      +100.7%     32.55      134  D1
  88 LNTH      +99.4%     99.53      150  D1
  89 MTRN      +99.2%    269.59       80  D1
  90 CRS       +97.4%    388.82      363  D1
  91 NTRA      +97.4%    413.31      472  D1
  92 KLIC      +97.4%     94.25       76  D1
  93 CAKE      +97.3%    105.24      180  D1
  94 JBHT      +96.9%    224.05      260  D1
  95 CRL       +96.1%    295.01      259  D1
  96 FTI       +95.8%     67.92      226  D1
  97 HP        +95.4%     37.14       52  D1
  98 TIGO      +94.9%     87.14      104  D1
  99 JAZZ      +94.3%    231.52      223  D1
 100 DINO      +93.6%    107.32      273  D1
 101 SITM      +92.9%    652.03      277  D1
 102 FIX       +92.8%   1654.09      667  D1
 103 CGON      +92.3%     70.89       63  D1
 104 CHEF      +92.3%    112.17       75  D1
 105 FRO       +91.9%     49.27      128  D1
 106 MPC       +90.0%    395.42      978  D1
 107 FLEX      +89.8%    109.99      426  D1
 108 CRWD      +89.2%    264.75     2186  D1
 109 ACMR      +88.5%     80.92       78  D1
 110 HBM       +88.4%     26.68      119  D1
 111 MRK       +88.0%    145.31     1439  D1
 112 BRKR      +87.9%     64.75      133  D1
 113 PENG      +87.8%     54.69       93  D1
 114 PANW      +87.4%    397.31     2239  D1
 115 NBIS      +87.2%    235.88     4527  D1
 116 RIG       +86.8%      5.24      243  D1
 117 KEYS      +86.2%    364.04      402  D1
 118 CVE       +86.2%     31.08      216  D1
 119 ENVA      +85.9%    167.11       79  D1
 120 HNGE      +85.5%     97.24      160  D1
 121 GLW       +85.3%    153.76     1579  D1
 122 ADPT      +85.1%     28.90       58  D1
 123 MOG.A     +84.5%    381.47      109  D1
 124 OKTA      +84.4%    209.11      603  D1
 125 NUE       +83.5%    233.75      358  D1
 126 VIRT      +83.0%     55.16       76  D1
 127 CNC       +82.7%     62.12      306  D1
 128 SN        +81.2%    180.12      323  D1
 129 TGT       +81.1%    156.69      616  D1
 130 VCTR      +80.9%    110.60       72  D1
 131 VRT       +80.5%    241.31     1416  D1
 132 BFH       +79.9%     97.75       58  D1
 133 PSX       +79.2%    255.31      719  D1
 134 PR        +78.7%     21.12      217  Q1
 135 STM       +78.5%     53.36      480  Q1
 136 POWL      +77.9%    184.47      120  Q1
 137 BELFB     +77.6%    244.12       50  Q1
 138 APA       +77.3%     41.54      239  Q1
 139 SCCO      +77.2%    202.64      219  Q1
 140 PCVX      +75.3%     56.90       68  Q1
 141 WHD       +75.1%     62.22       52  Q1
 142 VAL       +74.6%     78.52       96  Q1
 143 RPRX      +74.2%     58.36      173  Q1
 144 TRGP      +73.7%    270.31      340  Q1
 145 WT        +73.3%     24.29       60  Q1
 146 SANM      +73.2%    214.91      140  Q1
 147 AVT       +73.1%     99.95      119  Q1
 148 TDW       +72.7%     81.10       54  Q1
 149 LGN       +72.1%     53.68       63  Q1
 150 DIOD      +72.1%     96.79       55  Q1
 151 EAT       +71.8%    193.53      268  Q1
 152 VTRS      +71.6%     17.72      161  Q1
 153 SLB       +71.2%     48.72      692  Q1
 154 CELC      +71.0%     79.52       82  Q1
 155 HCC       +70.9%     88.07       61  Q1
 156 KNX       +70.6%     63.59      250  Q1
 157 DAVE      +70.5%    321.51      137  Q1
 158 CLBK      +69.6%     11.06       58  Q1
 159 ARW       +69.5%    227.00      121  Q1
 160 CAT       +69.1%    810.79     2188  Q1
 161 ANF       +68.8%    134.69      215  Q1
 162 AXSM      +68.8%    184.39      141  Q1
 163 COKE      +68.1%    189.27       96  Q1
 164 KEX       +67.9%    131.25       64  Q1
 165 STLD      +67.5%    221.61      272  Q1
 166 MSGS      +67.3%    405.21       97  Q1
 167 PLXS      +67.1%    260.95       67  Q1
 168 HL        +67.1%     17.03      667  Q1
 169 AEIS      +66.0%    281.82      174  Q1
 170 UNF       +65.9%    250.52       71  Q1
 171 AG        +65.9%     17.69      190  Q1
 172 AMKR      +65.8%     52.38      255  Q1
 173 XMTR      +65.8%    102.85       68  Q1
 174 ENS       +65.4%    183.53       98  Q1
 175 MAN       +65.3%     55.58       53  Q1
 176 KLAC      +64.9%    194.93     1916  Q1
 177 SBLK      +64.7%     29.36       50  Q1
 178 LGND      +64.1%    312.37       74  Q1
 179 STT       +63.2%    174.59      323  Q1
 180 DDOG      +63.2%    273.85     1045  Q1
 181 CSCO      +63.2%    107.63     2179  Q1
 182 BB        +63.0%      9.04      115  Q1
 183 DHT       +62.9%     22.57       72  Q1
 184 AU        +62.1%     93.95      274  Q1
 185 RELY      +61.9%     21.34       86  Q1
 186 ALKS      +61.8%     40.52       86  Q1
 187 OVV       +61.5%     57.82      215  Q1
 188 NVTS      +61.2%     11.61      167  Q1
 189 WCC       +61.1%    359.59      192  Q1
 190 LSCC      +60.9%    125.62      210  Q1
 191 OUT       +60.8%     27.75       52  Q1
 192 NOV       +60.7%     18.73       69  Q1
 193 TKR       +60.1%    116.75      120  Q1
 194 LFUS      +59.9%    423.74      107  Q1
 195 IAG       +59.4%     18.41      107  Q1
 196 LLY       +59.2%   1157.08     2971  Q1
 197 SU        +59.2%     67.87      289  Q1
 198 CHYM      +59.2%     26.64      246  Q1
 199 FIVE      +58.9%    219.57      260  Q1
 200 NE        +58.9%     41.74       58  Q1
 201 IMAX      +58.3%     54.80       66  Q1
 202 JHX       +57.9%     25.31      272  Q1
 203 ACA       +57.5%    146.15       95  Q1
 204 EGO       +57.5%     38.49      121  Q1
 205 KGS       +57.4%     52.97      108  Q1
 206 AMGN      +56.9%    421.51     1152  Q1
 207 ROKU      +56.8%    152.28      354  Q1
 208 AGX       +56.8%    377.95      168  Q1
 209 OSCR      +56.6%     30.84      168  Q1
 210 BIIB      +56.4%    225.88      201  Q1
 211 NTAP      +56.3%    210.08      467  Q1
 212 NVT       +55.9%    160.37      358  Q1
 213 CENX      +55.7%     35.98       84  Q1
 214 ALB       +55.4%    105.78      291  Q1
 215 PL        +55.2%     16.39      167  Q1
 216 LBRT      +55.1%     18.22       88  Q1
 217 IESC      +55.0%    321.08      103  Q1
 218 CNQ       +55.0%     47.07      317  Q1
 219 CRDO      +54.9%    194.79     1362  Q1
 220 EXPD      +54.5%    184.64      182  Q1
 221 TECK      +54.5%     65.79      200  Q1
 222 ATKR      +54.4%     94.75       94  Q1
 223 AMG       +54.2%    365.61      100  Q1
 224 CXW       +54.2%     32.25       58  Q1
 225 ASH       +54.0%     67.92       51  Q1
 226 SSRM      +53.0%     33.32       90  Q1
 227 SNEX      +52.9%     64.64       64  Q1
 228 RVTY      +52.8%    152.89      242  Q1
 229 LIVN      +52.5%     76.50       53  Q1
 230 XPO       +52.3%    175.98      194  Q1
 231 SNX       +52.3%    256.85      211  Q1
 232 CAH       +51.8%    222.50      430  Q1
 233 GEO       +51.6%     30.47       65  Q1
 234 TD        +51.6%    117.53      231  Q1
 235 BMY       +51.3%     62.40      719  Q1
 236 WBD       +51.2%     30.95      907  Q1
 237 CRGY      +51.1%     12.89       77  Q1
 238 ROST      +50.5%    233.40      554  Q1
 239 VAC       +50.5%    102.28       54  Q1
 240 HXL       +50.4%     83.92       86  Q1
 241 HUM       +50.2%    381.57      456  Q1
 242 LTH       +49.9%     39.88      133  Q1
 243 LUNR      +49.7%     14.24      135  Q1
 244 ALAB      +49.4%    355.97     1276  Q1
 245 GEV       +49.2%    950.49     2210  Q1
 246 NEM       +49.1%    115.34      883  Q1
 247 ABNB      +49.1%    160.65      858  Q1
 248 ON        +48.9%     76.87      755  Q1
 249 ALSN      +48.9%    113.26      102  Q1
 250 LSTR      +48.7%    168.65       77  Q1
 251 PATH      +48.6%     12.84      895  Q1
 252 PWR       +48.4%    642.51      667  Q1
 253 PAA       +48.4%     23.72       65  Q1
 254 SEZL      +48.1%    108.04       79  Q1
 255 SRRK      +48.1%     48.32       80  Q1
 256 FLS       +48.1%     73.12      129  Q1
 257 ADI       +47.9%    396.71     1361  Q1
 258 AA        +47.6%     42.00      210  Q1
 259 TGTX      +47.4%     55.78      110  Q1
 260 BBIO      +47.4%     65.80      180  Q1
 261 HAL       +47.4%     31.80      377  Q1
 262 ZETA      +47.2%     31.57      213  Q1
 263 SNOW      +47.1%    339.56     1614  Q1
 264 AIR       +47.1%    101.47       61  Q1
 265 INCY      +46.9%    121.35      197  Q1
split-adjusted here (missed in the matrix): 103 -- MTNB 2026-09-28 1:15, GMEX 2026-09-28 1:9, DLXY 2026-09-28 1:5, RPGL 2026-09-24 1:16, KITT 2026-09-24 1:6, IBO 2026-09-22 1:12.62, WHLR 2026-09-21 1:9, UZX 2026-09-21 1:23, EPOW 2026-09-17 1:25, MGN 2026-09-16 1:30, JAGX 2026-09-16 1:15, MPU 2026-09-15 1:20, IZM 2026-09-14 1:5, OPTT 2026-09-14 1:30, NXXT 2026-09-14 1:10, NRSN 2026-09-14 1:20, IPDN 2026-09-14 1:30, HUBC 2026-09-14 1:25, CPOP 2026-09-14 1:15, GOSS 2026-09-10 1:80, GAUZ 2026-09-10 1:20, LGHL 2026-09-09 1:20, LFT 2026-09-09 1:10, UCAR 2026-09-08 1:20, ALP 2026-09-08 1:50, WCT 2026-09-08 1:5, TNMG 2026-09-08 1:8, LRHC 2026-09-08 1:6, GTBP 2026-09-08 1:25, CTSO 2026-09-08 1:20, BRTX 2026-09-08 1:20, CLGN 2026-09-03 1:10, APH 2026-09-02 2:1, RUSHB 2026-08-31 3:2, RUSHA 2026-08-31 3:2, NIVF 2026-08-31 1:3, LGCL 2026-08-31 1:125, KAPA 2026-08-31 1:7, FGL 2026-08-31 1:100, FEED 2026-08-31 1:12, VEEA 2026-08-31 1:20, TPET 2026-08-31 1:9, OMH 2026-08-31 1:50, NXL 2026-08-31 1:30, HCWC 2026-08-31 1:35, GCTK 2026-08-31 1:15, FTFT 2026-08-31 1:4, CALC 2026-08-31 1:5, ARTL 2026-08-31 1:9, CYCU 2026-08-27 1:8, WHLR 2026-08-26 1:4, LGVN 2026-08-26 1:10, IMCC 2026-08-26 1:30, VMAR 2026-08-25 1:10, REAX 2026-08-24 1:10, VCIG 2026-08-24 1:15, SKYE 2026-08-24 1:8, IESC 2026-08-24 2:1, GAME 2026-08-24 1:8, BRCC 2026-08-24 1:10, BIAF 2026-08-24 1:15, SFBS 2026-08-20 2:1, LIMN 2026-08-20 1:50, ELAB 2026-08-20 1:10, NRDY 2026-08-18 1:15, GLMD 2026-08-18 1:8, RCON 2026-08-17 1:200, YYAI 2026-08-17 1:20, HAO 2026-08-13 1:20, BYND 2026-08-13 1:30, SMXT 2026-08-12 1:12, MYSZ 2026-08-12 1:8, MBAI 2026-08-11 1:7, KIDZ 2026-08-12 1:15, BNRG 2026-08-12 1:6, MSGY 2026-08-10 1:8, MNST 2026-08-10 2:1, SXTC 2026-08-10 1:80, ONFO 2026-08-10 1:50, NXTT 2026-08-10 1:100, ELPW 2026-08-10 1:45, JUNS 2026-08-06 1:75, IPW 2026-08-06 1:9, SUGP 2026-08-05 1:5, GRNQ 2026-08-05 1:10, BYAH 2026-08-05 1:8, AEMD 2026-08-03 1:5, TOP 2026-08-03 1:5, SEGG 2026-08-03 1:7, MVIS 2026-08-03 1:15, LBGJ 2026-08-03 1:200, OFAL 2026-07-30 1:10, CSAI 2026-07-30 1:30, YAAS 2026-07-29 1:5, WHLR 2026-07-27 1:5, VYNE 2026-07-27 1:50, SGLY 2026-07-27 1:14, FFAI 2026-07-23 1:150, DBGI 2026-07-23 1:40, APUS 2026-07-23 1:10, MSS 2026-07-21 1:5, CLBK 2026-07-21 2.2:1, BVC 2026-01-05 1:10
excluded (>45% day in window): AAOI, AMLX, ASST, BAND, CAR, COGT, CORT, CRML, ELVN, ERAS, FSLY, INOD, KD, KOD, LQDA, LRN, MRNA, MXL, NKTR, POET, PRAX, PRIM, QURE, SLAB, STRL, TNGX, UMAC, VRNS, WGS, XENE
T20 (5% each): SNDK AXTI SLS MU LITE TXG SYRE TWST ORKA RVMD VICR WDC IOVA STX RLAY DELL CDNA NESR DOCN ICHR
T30 (3.3% each; T20 + these): IBRX AXGN ALM AMD TSEM VIAV BE FORM TVTX IRDM
T20-B buffer book (5% each; keep while in the top quintile) vs no prior formation -> = T20:
  HOLD: -
  BUY:  SNDK AXTI SLS MU LITE TXG SYRE TWST ORKA RVMD VICR WDC IOVA STX RLAY DELL CDNA NESR DOCN ICHR
  SELL: -   (fell out of the top quintile or no longer eligible)
equal weight across the top decile: 1/133 = 0.75% of the sleeve per name
lockbox: wrote /Users/gmerton/v2/options_playground/data/momentum/lists/2026-09-30.csv and appended 265 rows to /Users/gmerton/v2/options_playground/data/momentum/lockbox.csv
