=== vKy6Q9hwon4
Fetching metadata for https://www.youtube.com/watch?v=vKy6Q9hwon4 ...
Downloading en auto-captions ...
Cleaning transcript ...

✓ Copy My Trading Report Card That Made Me $100 Million  (2025-08-08)
  data/lance_breitstein/videos/talks/2025-08-08_vKy6Q9hwon4/
  transcript.txt  (66 blocks, 13,079 chars)
  meta.json, notes.md

Next: summarize the strategy into strategies/ (see the KB README)
vKy6Q9hwon4 exit 0
=== ubofAZwgd4w
Fetching metadata for https://www.youtube.com/watch?v=ubofAZwgd4w ...
Downloading en auto-captions ...
Cleaning transcript ...

✓ My Trade Grading System that Made Me $100M (A,B,C,D)  (2026-08-15)
  data/lance_breitstein/videos/talks/2026-08-15_ubofAZwgd4w/
  transcript.txt  (65 blocks, 12,996 chars)
  meta.json, notes.md

Next: summarize the strategy into strategies/ (see the KB README)
ubofAZwgd4w exit 0
=== U9UZ2U6bozQ
Fetching metadata for https://www.youtube.com/watch?v=U9UZ2U6bozQ ...
Downloading en auto-captions ...
Cleaning transcript ...

✓ Watch Before Trading 0DTE Options  (2026-04-04)
  data/lance_breitstein/videos/talks/2026-04-04_U9UZ2U6bozQ/
  transcript.txt  (55 blocks, 10,853 chars)
  meta.json, notes.md

Next: summarize the strategy into strategies/ (see the KB README)
U9UZ2U6bozQ exit 0
=== eWeGAYvjxh4
Fetching metadata for https://www.youtube.com/watch?v=eWeGAYvjxh4 ...
Downloading en auto-captions ...
Cleaning transcript ...

✓ How to Sell Options Like a Wall Street Trader (My 4 Golden Rules)  (2026-05-09)
  data/lance_breitstein/videos/talks/2026-05-09_eWeGAYvjxh4/
  transcript.txt  (66 blocks, 12,991 chars)
  meta.json, notes.md

Next: summarize the strategy into strategies/ (see the KB README)
eWeGAYvjxh4 exit 0
=== sxjsqauWE9E
Fetching metadata for https://www.youtube.com/watch?v=sxjsqauWE9E ...
Downloading en auto-captions ...
Cleaning transcript ...

✓ Reacting to Ross Cameron’s Momentum Trading Strategy (Is He Legit?)  (2026-04-18)
  data/lance_breitstein/videos/talks/2026-04-18_sxjsqauWE9E/
  transcript.txt  (125 blocks, 24,252 chars)
  meta.json, notes.md

Next: summarize the strategy into strategies/ (see the KB README)
sxjsqauWE9E exit 0
=== ZOHG-OnQuos
Fetching metadata for https://www.youtube.com/watch?v=ZOHG-OnQuos ...
Downloading en auto-captions ...
Cleaning transcript ...

✓ 99% of Traders Don't Know How to Trade with the Trend  (2025-12-20)
  data/lance_breitstein/videos/talks/2025-12-20_ZOHG-OnQuos/
  transcript.txt  (69 blocks, 13,719 chars)
  meta.json, notes.md

Next: summarize the strategy into strategies/ (see the KB README)
ZOHG-OnQuos exit 0
=== vGqaqTUxMG4
Fetching metadata for https://www.youtube.com/watch?v=vGqaqTUxMG4 ...
Downloading en auto-captions ...
Cleaning transcript ...

✓ Can YOU Spot the 4 KEY Days!?  (2025-05-31)
  data/lance_breitstein/videos/talks/2025-05-31_vGqaqTUxMG4/
  transcript.txt  (55 blocks, 10,842 chars)
  meta.json, notes.md

Next: summarize the strategy into strategies/ (see the KB README)
vGqaqTUxMG4 exit 0
=== mjfONTBf6M0
Fetching metadata for https://www.youtube.com/watch?v=mjfONTBf6M0 ...
Downloading en auto-captions ...
Cleaning transcript ...

✓ Best Practices to Navigate High-Volatility Markets  (2025-04-10)
  data/lance_breitstein/videos/talks/2025-04-10_mjfONTBf6M0/
  transcript.txt  (77 blocks, 15,048 chars)
  meta.json, notes.md

Next: summarize the strategy into strategies/ (see the KB README)
mjfONTBf6M0 exit 0
=== M-rpkVekvOQ
Fetching metadata for https://www.youtube.com/watch?v=M-rpkVekvOQ ...
Downloading en auto-captions ...
Cleaning transcript ...

✓ The 60-Day Trading Routine to Becoming Profitable  (2026-09-12)
  data/lance_breitstein/videos/talks/2026-09-12_M-rpkVekvOQ/
  transcript.txt  (40 blocks, 7,882 chars)
  meta.json, notes.md

Next: summarize the strategy into strategies/ (see the KB README)
M-rpkVekvOQ exit 0
