6,858 earnings reactions on 241 names | good 25%
19 patterns to re-run


################ in-play up mover (+4% on 2x vol) | hold 5 | entry next_open ################
control = post (39,819 control trades)

=== in-play up mover (+4% on 2x vol) (daily) — 13,331 signals, 1415 names, 2019-10-01 -> 2026-09-17 ===
                 n  meanR   medR     win    p90      t   ctrl   edge
stop_hold  13331.0 -0.104 -0.166  43.875  1.521 -0.953  0.000 -0.104
t1R        13331.0 -0.224 -0.082  47.243  1.000 -9.581 -0.144 -0.080
t2R        13331.0 -0.160 -0.138  44.963  2.000 -4.120 -0.081 -0.079
trail_bar  13331.0 -0.113 -0.259  38.819  1.395 -1.506 -0.012 -0.101
ema20      13331.0 -0.076 -0.172  42.217  1.379 -0.424 -0.023 -0.053

by half (n 4937 / 8394):
           <2023-01-01  >=2023-01-01
stop_hold       -0.189        -0.054
t1R             -0.291        -0.184
t2R             -0.231        -0.118
trail_bar       -0.195        -0.064
ema20           -0.110        -0.056

best arm by edge: ema20 | passes the bar (beats control, both halves positive, |t|>=3): no
control = xname (39,993 control trades)

=== in-play up mover (+4% on 2x vol) (daily) — 13,331 signals, 1415 names, 2019-10-01 -> 2026-09-17 ===
                 n  meanR   medR     win    p90      t   ctrl   edge
stop_hold  13331.0 -0.104 -0.166  43.875  1.521 -0.953 -0.051 -0.053
t1R        13331.0 -0.224 -0.082  47.243  1.000 -9.581 -0.158 -0.066
t2R        13331.0 -0.160 -0.138  44.963  2.000 -4.120 -0.107 -0.053
trail_bar  13331.0 -0.113 -0.259  38.819  1.395 -1.506 -0.059 -0.054
ema20      13331.0 -0.076 -0.172  42.217  1.379 -0.424 -0.060 -0.017

by half (n 4937 / 8394):
           <2023-01-01  >=2023-01-01
stop_hold       -0.189        -0.054
t1R             -0.291        -0.184
t2R             -0.231        -0.118
trail_bar       -0.195        -0.064
ema20           -0.110        -0.056

best arm by edge: ema20 | passes the bar (beats control, both halves positive, |t|>=3): no


################ in-play down mover (-4% on 2x vol) | hold 5 | entry next_open ################
control = post (41,591 control trades)

=== in-play down mover (-4% on 2x vol) (daily) — 13,955 signals, 1435 names, 2019-10-01 -> 2026-09-17 ===
                 n  meanR   medR     win    p90       t   ctrl   edge
stop_hold  13955.0 -0.077 -0.183  43.289  1.552  -3.326 -0.159  0.082
t1R        13955.0 -0.256 -0.103  46.671  1.000 -11.495 -0.239 -0.017
t2R        13955.0 -0.191 -0.160  44.357  2.000  -7.507 -0.195  0.004
trail_bar  13955.0 -0.099 -0.275  38.008  1.408  -3.648 -0.153  0.054
ema20      13955.0 -0.058 -0.178  42.716  1.495  -2.630 -0.148  0.090

by half (n 5641 / 8314):
           <2023-01-01  >=2023-01-01
stop_hold        0.041        -0.157
t1R             -0.256        -0.256
t2R             -0.163        -0.211
trail_bar       -0.005        -0.163
ema20            0.063        -0.140

best arm by edge: ema20 | passes the bar (beats control, both halves positive, |t|>=3): no
control = xname (41,865 control trades)

=== in-play down mover (-4% on 2x vol) (daily) — 13,955 signals, 1435 names, 2019-10-01 -> 2026-09-17 ===
                 n  meanR   medR     win    p90       t   ctrl   edge
stop_hold  13955.0 -0.077 -0.183  43.289  1.552  -3.326 -0.060 -0.017
t1R        13955.0 -0.256 -0.103  46.671  1.000 -11.495 -0.208 -0.048
t2R        13955.0 -0.191 -0.160  44.357  2.000  -7.507 -0.154 -0.037
trail_bar  13955.0 -0.099 -0.275  38.008  1.408  -3.648 -0.072 -0.027
ema20      13955.0 -0.058 -0.178  42.716  1.495  -2.630 -0.041 -0.017

by half (n 5641 / 8314):
           <2023-01-01  >=2023-01-01
stop_hold        0.041        -0.157
t1R             -0.256        -0.256
t2R             -0.163        -0.211
trail_bar       -0.005        -0.163
ema20            0.063        -0.140

best arm by edge: stop_hold | passes the bar (beats control, both halves positive, |t|>=3): no


################ Bouncy ball (Breitstein short) | hold 5 | entry next_open ################
control = post (4,148 control trades)

=== Bouncy ball (Breitstein short) (daily) — 1,404 signals, 840 names, 2019-10-01 -> 2026-09-09 ===
                n  meanR   medR     win    p90      t   ctrl   edge
stop_hold  1404.0 -0.085 -0.391  41.595  2.267  0.419 -0.203  0.118
t1R        1404.0 -0.316 -0.164  47.436  1.000 -4.335 -0.360  0.044
t2R        1404.0 -0.207 -0.303  43.732  2.000 -1.682 -0.301  0.093
trail_bar  1404.0 -0.080 -0.417  37.251  2.011  0.259 -0.194  0.114
ema20      1404.0 -0.085 -0.391  41.595  2.267  0.424 -0.188  0.103

by half (n 473 / 931):
           <2023-01-01  >=2023-01-01
stop_hold        0.082        -0.170
t1R             -0.220        -0.365
t2R             -0.081        -0.271
trail_bar       -0.023        -0.109
ema20            0.082        -0.170

best arm by edge: stop_hold | passes the bar (beats control, both halves positive, |t|>=3): no
control = xname (4,212 control trades)

=== Bouncy ball (Breitstein short) (daily) — 1,404 signals, 840 names, 2019-10-01 -> 2026-09-09 ===
                n  meanR   medR     win    p90      t   ctrl   edge
stop_hold  1404.0 -0.085 -0.391  41.595  2.267  0.419 -0.153  0.068
t1R        1404.0 -0.316 -0.164  47.436  1.000 -4.335 -0.357  0.041
t2R        1404.0 -0.207 -0.303  43.732  2.000 -1.682 -0.279  0.072
trail_bar  1404.0 -0.080 -0.417  37.251  2.011  0.259 -0.158  0.078
ema20      1404.0 -0.085 -0.391  41.595  2.267  0.424 -0.127  0.042

by half (n 473 / 931):
           <2023-01-01  >=2023-01-01
stop_hold        0.082        -0.170
t1R             -0.220        -0.365
t2R             -0.081        -0.271
trail_bar       -0.023        -0.109
ema20            0.082        -0.170

best arm by edge: trail_bar | passes the bar (beats control, both halves positive, |t|>=3): no


################ 20d breakout ADR>=3, HIGH-vol regime (panel p80, 1 ADR stop, hold 5) | hold 5 | entry next_open ################
control = post (51,690 control trades)

=== 20d breakout ADR>=3, HIGH-vol regime (panel p80, 1 ADR stop, hold 5) (daily) — 17,281 signals, 1415 names, 2020-02-12 -> 2026-08-26 ===
                 n  meanR   medR     win    p90      t   ctrl   edge
stop_hold  17281.0 -0.087 -0.193  44.471  1.677 -1.169 -0.011 -0.076
t1R        17281.0 -0.216 -0.081  48.035  1.000 -5.654 -0.166 -0.050
t2R        17281.0 -0.151 -0.172  45.136  2.000 -2.897 -0.091 -0.060
trail_bar  17281.0 -0.083 -0.324  38.262  1.575 -1.757 -0.024 -0.059
ema20      17281.0 -0.087 -0.196  44.419  1.675 -1.155 -0.022 -0.065

by half (n 7332 / 9949):
           <2023-01-01  >=2023-01-01
stop_hold       -0.277         0.053
t1R             -0.352        -0.116
t2R             -0.306        -0.037
trail_bar       -0.234         0.029
ema20           -0.276         0.052

best arm by edge: t1R | passes the bar (beats control, both halves positive, |t|>=3): no
control = xname (51,843 control trades)

=== 20d breakout ADR>=3, HIGH-vol regime (panel p80, 1 ADR stop, hold 5) (daily) — 17,281 signals, 1415 names, 2020-02-12 -> 2026-08-26 ===
                 n  meanR   medR     win    p90      t   ctrl   edge
stop_hold  17281.0 -0.087 -0.193  44.471  1.677 -1.169 -0.025 -0.062
t1R        17281.0 -0.216 -0.081  48.035  1.000 -5.654 -0.158 -0.058
t2R        17281.0 -0.151 -0.172  45.136  2.000 -2.897 -0.093 -0.059
trail_bar  17281.0 -0.083 -0.324  38.262  1.575 -1.757 -0.030 -0.053
ema20      17281.0 -0.087 -0.196  44.419  1.675 -1.155 -0.048 -0.039

by half (n 7332 / 9949):
           <2023-01-01  >=2023-01-01
stop_hold       -0.277         0.053
t1R             -0.352        -0.116
t2R             -0.306        -0.037
trail_bar       -0.234         0.029
ema20           -0.276         0.052

best arm by edge: ema20 | passes the bar (beats control, both halves positive, |t|>=3): no


################ 20d breakout ADR>=3, LOW-vol regime (panel p80, 1 ADR stop, hold 5) | hold 5 | entry next_open ################
control = post (72,967 control trades)

=== 20d breakout ADR>=3, LOW-vol regime (panel p80, 1 ADR stop, hold 5) (daily) — 24,514 signals, 1105 names, 2020-06-17 -> 2026-09-17 ===
                 n  meanR   medR     win    p90       t   ctrl   edge
stop_hold  24514.0 -0.070 -0.202  44.407  1.746  -0.751  0.038 -0.108
t1R        24514.0 -0.224 -0.091  47.760  1.000 -10.464 -0.164 -0.060
t2R        24514.0 -0.153 -0.182  45.044  2.000  -5.288 -0.067 -0.086
trail_bar  24514.0 -0.089 -0.352  37.717  1.619  -1.448  0.019 -0.108
ema20      24514.0 -0.070 -0.205  44.342  1.746  -0.727  0.020 -0.089

by half (n 9427 / 15087):
           <2023-01-01  >=2023-01-01
stop_hold       -0.085        -0.060
t1R             -0.217        -0.229
t2R             -0.156        -0.152
trail_bar       -0.106        -0.078
ema20           -0.085        -0.060

best arm by edge: t1R | passes the bar (beats control, both halves positive, |t|>=3): no
control = xname (73,542 control trades)

=== 20d breakout ADR>=3, LOW-vol regime (panel p80, 1 ADR stop, hold 5) (daily) — 24,514 signals, 1105 names, 2020-06-17 -> 2026-09-17 ===
                 n  meanR   medR     win    p90       t   ctrl   edge
stop_hold  24514.0 -0.070 -0.202  44.407  1.746  -0.751 -0.030 -0.039
t1R        24514.0 -0.224 -0.091  47.760  1.000 -10.464 -0.130 -0.094
t2R        24514.0 -0.153 -0.182  45.044  2.000  -5.288 -0.083 -0.070
trail_bar  24514.0 -0.089 -0.352  37.717  1.619  -1.448 -0.049 -0.040
ema20      24514.0 -0.070 -0.205  44.342  1.746  -0.727 -0.049 -0.021

by half (n 9427 / 15087):
           <2023-01-01  >=2023-01-01
stop_hold       -0.085        -0.060
t1R             -0.217        -0.229
t2R             -0.156        -0.152
trail_bar       -0.106        -0.078
ema20           -0.085        -0.060

best arm by edge: ema20 | passes the bar (beats control, both halves positive, |t|>=3): no


################ boring stock, violent move (drop >= 4x own ADR, ADR bottom tercile) | hold 5 | entry next_open ################
control = post (1,878 control trades)

=== boring stock, violent move (drop >= 4x own ADR, ADR bottom tercile) (daily) — 628 signals, 379 names, 2019-10-18 -> 2026-09-10 ===
               n  meanR   medR     win    p90      t   ctrl   edge
stop_hold  628.0 -0.581 -1.108  33.439  2.092 -3.113 -0.120 -0.461
t1R        628.0 -0.603 -0.493  43.471  1.000 -6.840 -0.350 -0.254
t2R        628.0 -0.577 -0.929  37.898  2.000 -5.387 -0.268 -0.309
trail_bar  628.0 -0.562 -0.885  31.529  2.038 -3.031 -0.123 -0.438
ema20      628.0 -0.158 -0.151  43.471  1.437 -3.554 -0.132 -0.026

by half (n 225 / 403):
           <2023-01-01  >=2023-01-01
stop_hold       -1.402        -0.123
t1R             -1.005        -0.379
t2R             -1.133        -0.267
trail_bar       -1.382        -0.104
ema20           -0.007        -0.242

best arm by edge: ema20 | passes the bar (beats control, both halves positive, |t|>=3): no
control = xname (1,884 control trades)

=== boring stock, violent move (drop >= 4x own ADR, ADR bottom tercile) (daily) — 628 signals, 379 names, 2019-10-18 -> 2026-09-10 ===
               n  meanR   medR     win    p90      t   ctrl   edge
stop_hold  628.0 -0.581 -1.108  33.439  2.092 -3.113 -0.547 -0.034
t1R        628.0 -0.603 -0.493  43.471  1.000 -6.840 -0.743  0.140
t2R        628.0 -0.577 -0.929  37.898  2.000 -5.387 -0.676  0.099
trail_bar  628.0 -0.562 -0.885  31.529  2.038 -3.031 -0.552 -0.010
ema20      628.0 -0.158 -0.151  43.471  1.437 -3.554 -0.190  0.032

by half (n 225 / 403):
           <2023-01-01  >=2023-01-01
stop_hold       -1.402        -0.123
t1R             -1.005        -0.379
t2R             -1.133        -0.267
trail_bar       -1.382        -0.104
ema20           -0.007        -0.242

best arm by edge: t1R | passes the bar (beats control, both halves positive, |t|>=3): no


################ violent move, any ADR (drop >= 4x own ADR) | hold 5 | entry next_open ################
control = post (4,900 control trades)

=== violent move, any ADR (drop >= 4x own ADR) (daily) — 1,644 signals, 824 names, 2019-10-01 -> 2026-09-16 ===
                n  meanR   medR     win    p90      t   ctrl   edge
stop_hold  1644.0 -0.417 -1.047  35.706  2.390 -2.915 -0.075 -0.342
t1R        1644.0 -0.601 -0.469  44.039  1.000 -9.609 -0.357 -0.244
t2R        1644.0 -0.513 -0.803  39.781  2.000 -6.566 -0.251 -0.262
trail_bar  1644.0 -0.399 -0.758  33.455  2.325 -2.898 -0.092 -0.307
ema20      1644.0 -0.134 -0.125  44.830  1.540 -3.205 -0.108 -0.026

by half (n 525 / 1119):
           <2023-01-01  >=2023-01-01
stop_hold       -1.090        -0.102
t1R             -1.000        -0.414
t2R             -1.003        -0.284
trail_bar       -1.046        -0.095
ema20           -0.082        -0.158

best arm by edge: ema20 | passes the bar (beats control, both halves positive, |t|>=3): no
control = xname (4,932 control trades)

=== violent move, any ADR (drop >= 4x own ADR) (daily) — 1,644 signals, 824 names, 2019-10-01 -> 2026-09-16 ===
                n  meanR   medR     win    p90      t   ctrl   edge
stop_hold  1644.0 -0.417 -1.047  35.706  2.390 -2.915 -0.259 -0.158
t1R        1644.0 -0.601 -0.469  44.039  1.000 -9.609 -0.481 -0.120
t2R        1644.0 -0.513 -0.803  39.781  2.000 -6.566 -0.415 -0.098
trail_bar  1644.0 -0.399 -0.758  33.455  2.325 -2.898 -0.239 -0.160
ema20      1644.0 -0.134 -0.125  44.830  1.540 -3.205 -0.072 -0.062

by half (n 525 / 1119):
           <2023-01-01  >=2023-01-01
stop_hold       -1.090        -0.102
t1R             -1.000        -0.414
t2R             -1.003        -0.284
trail_bar       -1.046        -0.095
ema20           -0.082        -0.158

best arm by edge: ema20 | passes the bar (beats control, both halves positive, |t|>=3): no


################ counter-trend long: >=3 ADR below 20 EMA + prior-bar-high break | hold 5 | entry next_open ################
control = post (26,849 control trades)

=== counter-trend long: >=3 ADR below 20 EMA + prior-bar-high break (daily) — 9,015 signals, 1319 names, 2019-10-03 -> 2026-09-17 ===
                n  meanR   medR     win    p90      t   ctrl   edge
stop_hold  9015.0 -0.154 -0.267  42.551  1.892 -1.726 -0.036 -0.118
t1R        9015.0 -0.326 -0.124  46.966  1.000 -9.248 -0.223 -0.104
t2R        9015.0 -0.255 -0.228  43.794  2.000 -5.617 -0.142 -0.113
trail_bar  9015.0 -0.149 -0.330  37.915  1.771 -2.447 -0.054 -0.094
ema20      9015.0 -0.149 -0.135  40.865  0.788 -4.672 -0.038 -0.111

by half (n 4091 / 4924):
           <2023-01-01  >=2023-01-01
stop_hold       -0.223        -0.096
t1R             -0.417        -0.251
t2R             -0.347        -0.179
trail_bar       -0.189        -0.115
ema20           -0.134        -0.162

best arm by edge: trail_bar | passes the bar (beats control, both halves positive, |t|>=3): no
control = xname (27,045 control trades)

=== counter-trend long: >=3 ADR below 20 EMA + prior-bar-high break (daily) — 9,015 signals, 1319 names, 2019-10-03 -> 2026-09-17 ===
                n  meanR   medR     win    p90      t   ctrl   edge
stop_hold  9015.0 -0.154 -0.267  42.551  1.892 -1.726 -0.184  0.030
t1R        9015.0 -0.326 -0.124  46.966  1.000 -9.248 -0.333  0.006
t2R        9015.0 -0.255 -0.228  43.794  2.000 -5.617 -0.280  0.025
trail_bar  9015.0 -0.149 -0.330  37.915  1.771 -2.447 -0.176  0.027
ema20      9015.0 -0.149 -0.135  40.865  0.788 -4.672 -0.171  0.021

by half (n 4091 / 4924):
           <2023-01-01  >=2023-01-01
stop_hold       -0.223        -0.096
t1R             -0.417        -0.251
t2R             -0.347        -0.179
trail_bar       -0.189        -0.115
ema20           -0.134        -0.162

best arm by edge: stop_hold | passes the bar (beats control, both halves positive, |t|>=3): no


################ prior-bar-high break in a down leg, <3 ADR below 20 EMA (no extension gate) | hold 5 | entry next_open ################
control = post (461,953 control trades)

=== prior-bar-high break in a down leg, <3 ADR below 20 EMA (no extension gate) (daily) — 155,515 signals, 1605 names, 2019-10-01 -> 2026-09-17 ===
                  n  meanR   medR     win    p90       t   ctrl   edge
stop_hold  155514.0 -0.085 -0.290  43.784  2.232  -2.787 -0.074 -0.011
t1R        155514.0 -0.290 -0.026  49.516  1.000 -18.873 -0.303  0.013
t2R        155514.0 -0.207 -0.219  45.452  2.000 -10.724 -0.214  0.006
trail_bar  155514.0 -0.093 -0.389  38.936  2.080  -3.381 -0.087 -0.006
ema20      155514.0 -0.084 -0.264  39.561  1.667  -4.161 -0.098  0.014

by half (n 61189 / 94326):
           <2023-01-01  >=2023-01-01
stop_hold       -0.107        -0.070
t1R             -0.306        -0.280
t2R             -0.220        -0.199
trail_bar       -0.116        -0.078
ema20           -0.102        -0.072

best arm by edge: ema20 | passes the bar (beats control, both halves positive, |t|>=3): no
control = xname (466,545 control trades)

=== prior-bar-high break in a down leg, <3 ADR below 20 EMA (no extension gate) (daily) — 155,515 signals, 1605 names, 2019-10-01 -> 2026-09-17 ===
                  n  meanR   medR     win    p90       t   ctrl   edge
stop_hold  155514.0 -0.085 -0.290  43.784  2.232  -2.787 -0.101  0.016
t1R        155514.0 -0.290 -0.026  49.516  1.000 -18.873 -0.340  0.050
t2R        155514.0 -0.207 -0.219  45.452  2.000 -10.724 -0.252  0.045
trail_bar  155514.0 -0.093 -0.389  38.936  2.080  -3.381 -0.110  0.017
ema20      155514.0 -0.084 -0.264  39.561  1.667  -4.161 -0.111  0.027

by half (n 61189 / 94326):
           <2023-01-01  >=2023-01-01
stop_hold       -0.107        -0.070
t1R             -0.306        -0.280
t2R             -0.220        -0.199
trail_bar       -0.116        -0.078
ema20           -0.102        -0.072

best arm by edge: t1R | passes the bar (beats control, both halves positive, |t|>=3): no


################ precision-tier breakout (house), next-open entry | hold 5 | entry next_open ################
control = post (5,799 control trades)

=== precision-tier breakout (house), next-open entry (daily) — 1,944 signals, 554 names, 2019-10-23 -> 2026-09-17 ===
                n  meanR   medR     win    p90      t   ctrl   edge
stop_hold  1944.0 -0.037 -0.259  43.930  2.064 -0.542 -0.001 -0.036
t1R        1944.0 -0.275 -0.101  47.788  1.000 -7.512 -0.214 -0.060
t2R        1944.0 -0.170 -0.205  45.113  2.000 -3.916 -0.126 -0.044
trail_bar  1944.0 -0.062 -0.406  37.037  1.851 -0.952 -0.016 -0.047
ema20      1944.0 -0.037 -0.259  43.930  2.064 -0.545 -0.011 -0.026

by half (n 765 / 1179):
           <2023-01-01  >=2023-01-01
stop_hold       -0.200         0.069
t1R             -0.353        -0.224
t2R             -0.298        -0.086
trail_bar       -0.245         0.056
ema20           -0.199         0.068

best arm by edge: ema20 | passes the bar (beats control, both halves positive, |t|>=3): no
control = xname (5,832 control trades)

=== precision-tier breakout (house), next-open entry (daily) — 1,944 signals, 554 names, 2019-10-23 -> 2026-09-17 ===
                n  meanR   medR     win    p90      t   ctrl   edge
stop_hold  1944.0 -0.037 -0.259  43.930  2.064 -0.542 -0.061  0.024
t1R        1944.0 -0.275 -0.101  47.788  1.000 -7.512 -0.184 -0.091
t2R        1944.0 -0.170 -0.205  45.113  2.000 -3.916 -0.127 -0.043
trail_bar  1944.0 -0.062 -0.406  37.037  1.851 -0.952 -0.058 -0.005
ema20      1944.0 -0.037 -0.259  43.930  2.064 -0.545 -0.073  0.036

by half (n 765 / 1179):
           <2023-01-01  >=2023-01-01
stop_hold       -0.200         0.069
t1R             -0.353        -0.224
t2R             -0.298        -0.086
trail_bar       -0.245         0.056
ema20           -0.199         0.068

best arm by edge: ema20 | passes the bar (beats control, both halves positive, |t|>=3): no


################ precision-tier breakout (house), next-open entry, hold 60 | hold 60 | entry next_open ################
control = post (5,349 control trades)

=== precision-tier breakout (house), next-open entry, hold 60 (daily) — 1,944 signals, 554 names, 2019-10-23 -> 2026-09-17 ===
                n  meanR   medR     win    p90      t   ctrl   edge
stop_hold  1944.0  0.145 -1.206  23.971  6.848  1.026  0.042  0.103
t1R        1944.0 -0.302 -1.012  49.640  1.000 -7.474 -0.226 -0.077
t2R        1944.0 -0.193 -1.109  39.095  2.000 -4.269 -0.121 -0.072
trail_bar  1944.0 -0.106 -0.497  32.510  1.934 -2.095  0.001 -0.107
ema20      1944.0  0.080 -1.072  30.504  4.024  0.504  0.070  0.010

by half (n 765 / 1179):
           <2023-01-01  >=2023-01-01
stop_hold       -0.088         0.296
t1R             -0.396        -0.242
t2R             -0.330        -0.105
trail_bar       -0.354         0.055
ema20           -0.155         0.232

best arm by edge: stop_hold | passes the bar (beats control, both halves positive, |t|>=3): no
control = xname (5,832 control trades)

=== precision-tier breakout (house), next-open entry, hold 60 (daily) — 1,944 signals, 554 names, 2019-10-23 -> 2026-09-17 ===
                n  meanR   medR     win    p90      t   ctrl   edge
stop_hold  1944.0  0.145 -1.206  23.971  6.848  1.026  0.031  0.114
t1R        1944.0 -0.302 -1.012  49.640  1.000 -7.474 -0.174 -0.128
t2R        1944.0 -0.193 -1.109  39.095  2.000 -4.269 -0.081 -0.113
trail_bar  1944.0 -0.106 -0.497  32.510  1.934 -2.095 -0.122  0.016
ema20      1944.0  0.080 -1.072  30.504  4.024  0.504 -0.114  0.194

by half (n 765 / 1179):
           <2023-01-01  >=2023-01-01
stop_hold       -0.088         0.296
t1R             -0.396        -0.242
t2R             -0.330        -0.105
trail_bar       -0.354         0.055
ema20           -0.155         0.232

best arm by edge: ema20 | passes the bar (beats control, both halves positive, |t|>=3): no


################ precision-tier breakout (house), CLOSE entry, hold 60 | hold 60 | entry close ################
control = post (5,556 control trades)

=== precision-tier breakout (house), CLOSE entry, hold 60 (daily) — 2,023 signals, 563 names, 2019-10-23 -> 2026-09-17 ===
                n  meanR   medR     win    p90      t   ctrl   edge
stop_hold  2023.0  0.174 -1.227  23.381  7.091  1.115  0.139  0.034
t1R        2023.0 -0.273  1.000  50.667  1.000 -6.806 -0.213 -0.060
t2R        2023.0 -0.173 -1.107  39.595  2.000 -3.613 -0.138 -0.035
trail_bar  2023.0 -0.061 -0.502  33.564  2.167 -1.918  0.028 -0.089
ema20      2023.0  0.138 -1.085  30.203  4.245  0.855  0.109  0.029

by half (n 789 / 1234):
           <2023-01-01  >=2023-01-01
stop_hold       -0.006         0.289
t1R             -0.303        -0.254
t2R             -0.239        -0.132
trail_bar       -0.283         0.082
ema20           -0.063         0.266

best arm by edge: stop_hold | passes the bar (beats control, both halves positive, |t|>=3): no
control = xname (6,069 control trades)

=== precision-tier breakout (house), CLOSE entry, hold 60 (daily) — 2,023 signals, 563 names, 2019-10-23 -> 2026-09-17 ===
                n  meanR   medR     win    p90      t   ctrl   edge
stop_hold  2023.0  0.174 -1.227  23.381  7.091  1.115  0.119  0.055
t1R        2023.0 -0.273  1.000  50.667  1.000 -6.806 -0.161 -0.112
t2R        2023.0 -0.173 -1.107  39.595  2.000 -3.613 -0.040 -0.133
trail_bar  2023.0 -0.061 -0.502  33.564  2.167 -1.918 -0.044 -0.017
ema20      2023.0  0.138 -1.085  30.203  4.245  0.855 -0.051  0.188

by half (n 789 / 1234):
           <2023-01-01  >=2023-01-01
stop_hold       -0.006         0.289
t1R             -0.303        -0.254
t2R             -0.239        -0.132
trail_bar       -0.283         0.082
ema20           -0.063         0.266

best arm by edge: ema20 | passes the bar (beats control, both halves positive, |t|>=3): no


################ earnings drift, good+MUTED | hold 10 | entry next_open ################
control = post (1,277 control trades)

=== earnings drift, good+MUTED (daily) — 437 signals, 178 names, 2019-10-03 -> 2026-09-04 ===
               n  meanR   medR     win    p90      t   ctrl   edge
stop_hold  437.0  0.272  0.199  57.208  1.791  2.652  0.027  0.246
t1R        437.0  0.044  0.294  59.497  1.000  0.485 -0.069  0.113
t2R        437.0  0.152  0.212  57.895  2.000  2.152 -0.033  0.185
trail_bar  437.0  0.205 -0.087  45.080  1.451  2.161 -0.012  0.217
ema20      437.0  0.160 -0.030  47.597  1.463  1.623  0.016  0.144

by half (n 169 / 268):
           <2023-01-01  >=2023-01-01
stop_hold        0.186         0.327
t1R              0.020         0.060
t2R              0.089         0.192
trail_bar        0.201         0.207
ema20            0.053         0.228

best arm by edge: stop_hold | passes the bar (beats control, both halves positive, |t|>=3): no
control = xname (1,311 control trades)

=== earnings drift, good+MUTED (daily) — 437 signals, 178 names, 2019-10-03 -> 2026-09-04 ===
               n  meanR   medR     win    p90      t   ctrl   edge
stop_hold  437.0  0.272  0.199  57.208  1.791  2.652  0.008  0.264
t1R        437.0  0.044  0.294  59.497  1.000  0.485 -0.154  0.198
t2R        437.0  0.152  0.212  57.895  2.000  2.152 -0.055  0.207
trail_bar  437.0  0.205 -0.087  45.080  1.451  2.161 -0.066  0.270
ema20      437.0  0.160 -0.030  47.597  1.463  1.623 -0.058  0.219

by half (n 169 / 268):
           <2023-01-01  >=2023-01-01
stop_hold        0.186         0.327
t1R              0.020         0.060
t2R              0.089         0.192
trail_bar        0.201         0.207
ema20            0.053         0.228

best arm by edge: trail_bar | passes the bar (beats control, both halves positive, |t|>=3): no


################ earnings drift, good+BIG | hold 10 | entry next_open ################
control = post (2,980 control trades)

=== earnings drift, good+BIG (daily) — 1,069 signals, 229 names, 2019-10-18 -> 2026-09-10 ===
                n  meanR   medR     win    p90      t   ctrl   edge
stop_hold  1069.0  0.048  0.052  54.350  0.924  2.495  0.030  0.017
t1R        1069.0  0.038  0.094  56.688  1.000  1.990  0.004  0.034
t2R        1069.0  0.039  0.057  54.630  0.949  2.258  0.020  0.018
trail_bar  1069.0  0.007 -0.089  42.002  0.660  1.164 -0.004  0.011
ema20      1069.0  0.028 -0.018  48.737  0.805  1.885  0.019  0.010

by half (n 450 / 619):
           <2023-01-01  >=2023-01-01
stop_hold        0.044         0.050
t1R              0.041         0.037
t2R              0.032         0.044
trail_bar       -0.011         0.020
ema20            0.028         0.028

best arm by edge: t1R | passes the bar (beats control, both halves positive, |t|>=3): no
control = xname (3,207 control trades)

=== earnings drift, good+BIG (daily) — 1,069 signals, 229 names, 2019-10-18 -> 2026-09-10 ===
                n  meanR   medR     win    p90      t   ctrl   edge
stop_hold  1069.0  0.048  0.052  54.350  0.924  2.495  0.017  0.030
t1R        1069.0  0.038  0.094  56.688  1.000  1.990 -0.017  0.056
t2R        1069.0  0.039  0.057  54.630  0.949  2.258  0.008  0.030
trail_bar  1069.0  0.007 -0.089  42.002  0.660  1.164 -0.023  0.030
ema20      1069.0  0.028 -0.018  48.737  0.805  1.885 -0.005  0.033

by half (n 450 / 619):
           <2023-01-01  >=2023-01-01
stop_hold        0.044         0.050
t1R              0.041         0.037
t2R              0.032         0.044
trail_bar       -0.011         0.020
ema20            0.028         0.028

best arm by edge: t1R | passes the bar (beats control, both halves positive, |t|>=3): no


################ earnings drift, bad reaction | hold 10 | entry next_open ################
control = post (10,110 control trades)

=== earnings drift, bad reaction (daily) — 3,684 signals, 241 names, 2019-10-11 -> 2026-09-15 ===
                n  meanR   medR     win    p90      t   ctrl   edge
stop_hold  3684.0  0.098 -0.160  46.118  2.484  0.387  0.046  0.052
t1R        3684.0 -0.144  0.150  53.637  1.000 -6.191 -0.154  0.010
t2R        3684.0 -0.050 -0.037  49.077  2.000 -3.065 -0.065  0.015
trail_bar  3684.0  0.047 -0.219  38.626  1.841 -0.331  0.014  0.033
ema20      3684.0  0.041 -0.156  42.400  1.486 -0.387 -0.009  0.050

by half (n 1668 / 2016):
           <2023-01-01  >=2023-01-01
stop_hold        0.102         0.094
t1R             -0.185        -0.111
t2R             -0.078        -0.027
trail_bar        0.017         0.072
ema20           -0.011         0.083

best arm by edge: stop_hold | passes the bar (beats control, both halves positive, |t|>=3): no
control = xname (11,052 control trades)

=== earnings drift, bad reaction (daily) — 3,684 signals, 241 names, 2019-10-11 -> 2026-09-15 ===
                n  meanR   medR     win    p90      t   ctrl   edge
stop_hold  3684.0  0.098 -0.160  46.118  2.484  0.387  0.011  0.087
t1R        3684.0 -0.144  0.150  53.637  1.000 -6.191 -0.208  0.064
t2R        3684.0 -0.050 -0.037  49.077  2.000 -3.065 -0.125  0.075
trail_bar  3684.0  0.047 -0.219  38.626  1.841 -0.331 -0.056  0.102
ema20      3684.0  0.041 -0.156  42.400  1.486 -0.387 -0.039  0.079

by half (n 1668 / 2016):
           <2023-01-01  >=2023-01-01
stop_hold        0.102         0.094
t1R             -0.185        -0.111
t2R             -0.078        -0.027
trail_bar        0.017         0.072
ema20           -0.011         0.083

best arm by edge: trail_bar | passes the bar (beats control, both halves positive, |t|>=3): no


################ delayed bump after good+MUTED earnings | hold 10 | entry next_open ################
control = post (978 control trades)

=== delayed bump after good+MUTED earnings (daily) — 335 signals, 157 names, 2019-10-08 -> 2026-09-11 ===
               n  meanR   medR     win    p90      t   ctrl   edge
stop_hold  335.0  0.242 -0.836  43.881  3.226  1.523  0.111  0.130
t1R        335.0 -0.187  0.501  54.328  1.000 -2.169 -0.303  0.115
t2R        335.0 -0.030 -0.195  48.358  2.000 -0.160 -0.168  0.138
trail_bar  335.0  0.134 -0.409  38.209  2.576  1.132  0.066  0.068
ema20      335.0  0.250 -0.627  41.493  3.180  1.635  0.070  0.180

by half (n 129 / 206):
           <2023-01-01  >=2023-01-01
stop_hold        0.460         0.105
t1R             -0.133        -0.221
t2R              0.014        -0.057
trail_bar        0.433        -0.053
ema20            0.487         0.102

best arm by edge: ema20 | passes the bar (beats control, both halves positive, |t|>=3): no
control = xname (1,005 control trades)

=== delayed bump after good+MUTED earnings (daily) — 335 signals, 157 names, 2019-10-08 -> 2026-09-11 ===
               n  meanR   medR     win    p90      t   ctrl   edge
stop_hold  335.0  0.242 -0.836  43.881  3.226  1.523 -0.229  0.470
t1R        335.0 -0.187  0.501  54.328  1.000 -2.169 -0.490  0.303
t2R        335.0 -0.030 -0.195  48.358  2.000 -0.160 -0.354  0.324
trail_bar  335.0  0.134 -0.409  38.209  2.576  1.132 -0.113  0.247
ema20      335.0  0.250 -0.627  41.493  3.180  1.635 -0.054  0.304

by half (n 129 / 206):
           <2023-01-01  >=2023-01-01
stop_hold        0.460         0.105
t1R             -0.133        -0.221
t2R              0.014        -0.057
trail_bar        0.433        -0.053
ema20            0.487         0.102

best arm by edge: stop_hold | passes the bar (beats control, both halves positive, |t|>=3): no


################ delayed bump after good+BIG earnings | hold 10 | entry next_open ################
control = post (2,182 control trades)

=== delayed bump after good+BIG earnings (daily) — 796 signals, 222 names, 2019-10-23 -> 2026-09-14 ===
               n  meanR   medR     win    p90      t   ctrl   edge
stop_hold  796.0  0.033 -1.076  38.568  3.807  0.025 -0.008  0.040
t1R        796.0 -0.361 -0.004  50.000  1.000 -5.766 -0.292 -0.069
t2R        796.0 -0.248 -0.864  44.095  2.000 -3.141 -0.167 -0.081
trail_bar  796.0 -0.071 -0.547  32.915  2.498 -0.505 -0.059 -0.012
ema20      796.0  0.051 -1.005  38.191  3.756  0.389 -0.024  0.075

by half (n 339 / 457):
           <2023-01-01  >=2023-01-01
stop_hold       -0.315         0.291
t1R             -0.426        -0.313
t2R             -0.414        -0.125
trail_bar       -0.311         0.107
ema20           -0.281         0.297

best arm by edge: ema20 | passes the bar (beats control, both halves positive, |t|>=3): no
control = xname (2,388 control trades)

=== delayed bump after good+BIG earnings (daily) — 796 signals, 222 names, 2019-10-23 -> 2026-09-14 ===
               n  meanR   medR     win    p90      t   ctrl   edge
stop_hold  796.0  0.033 -1.076  38.568  3.807  0.025 -0.213  0.246
t1R        796.0 -0.361 -0.004  50.000  1.000 -5.766 -0.427  0.066
t2R        796.0 -0.248 -0.864  44.095  2.000 -3.141 -0.376  0.128
trail_bar  796.0 -0.071 -0.547  32.915  2.498 -0.505 -0.197  0.125
ema20      796.0  0.051 -1.005  38.191  3.756  0.389 -0.203  0.254

by half (n 339 / 457):
           <2023-01-01  >=2023-01-01
stop_hold       -0.315         0.291
t1R             -0.426        -0.313
t2R             -0.414        -0.125
trail_bar       -0.311         0.107
ema20           -0.281         0.297

best arm by edge: ema20 | passes the bar (beats control, both halves positive, |t|>=3): no


################ breakout 0-3d after earnings | hold 5 | entry next_open ################
control = post (768 control trades)

=== breakout 0-3d after earnings (daily) — 256 signals, 114 names, 2019-10-24 -> 2026-08-10 ===
               n  meanR   medR     win    p90      t   ctrl   edge
stop_hold  256.0 -0.177 -0.191  46.094  1.445 -1.366  0.023 -0.200
t1R        256.0 -0.178 -0.013  50.000  1.000 -1.943 -0.168 -0.011
t2R        256.0 -0.131 -0.068  47.656  1.896 -1.083 -0.086 -0.045
trail_bar  256.0 -0.164 -0.294  39.062  1.445 -1.319  0.008 -0.172
ema20      256.0 -0.179 -0.194  46.094  1.445 -1.398 -0.022 -0.158

by half (n 118 / 138):
           <2023-01-01  >=2023-01-01
stop_hold       -0.050        -0.285
t1R             -0.137        -0.214
t2R             -0.079        -0.175
trail_bar       -0.161        -0.166
ema20           -0.051        -0.289

best arm by edge: t1R | passes the bar (beats control, both halves positive, |t|>=3): no
control = xname (768 control trades)

=== breakout 0-3d after earnings (daily) — 256 signals, 114 names, 2019-10-24 -> 2026-08-10 ===
               n  meanR   medR     win    p90      t   ctrl   edge
stop_hold  256.0 -0.177 -0.191  46.094  1.445 -1.366  0.054 -0.231
t1R        256.0 -0.178 -0.013  50.000  1.000 -1.943 -0.120 -0.058
t2R        256.0 -0.131 -0.068  47.656  1.896 -1.083 -0.040 -0.091
trail_bar  256.0 -0.164 -0.294  39.062  1.445 -1.319  0.046 -0.210
ema20      256.0 -0.179 -0.194  46.094  1.445 -1.398 -0.006 -0.173

by half (n 118 / 138):
           <2023-01-01  >=2023-01-01
stop_hold       -0.050        -0.285
t1R             -0.137        -0.214
t2R             -0.079        -0.175
trail_bar       -0.161        -0.166
ema20           -0.051        -0.289

best arm by edge: t1R | passes the bar (beats control, both halves positive, |t|>=3): no


################ breakout, no earnings nearby (same names) | hold 5 | entry next_open ################
control = post (3,827 control trades)

=== breakout, no earnings nearby (same names) (daily) — 1,286 signals, 189 names, 2019-11-01 -> 2026-09-17 ===
                n  meanR   medR     win    p90      t   ctrl   edge
stop_hold  1286.0 -0.113 -0.353  41.446  1.829 -0.552  0.002 -0.115
t1R        1286.0 -0.312 -0.204  45.723  1.000 -6.778 -0.246 -0.066
t2R        1286.0 -0.236 -0.322  42.457  2.000 -4.066 -0.144 -0.091
trail_bar  1286.0 -0.124 -0.452  34.603  1.715 -1.345 -0.009 -0.116
ema20      1286.0 -0.113 -0.353  41.446  1.829 -0.547 -0.040 -0.073

by half (n 561 / 725):
           <2023-01-01  >=2023-01-01
stop_hold       -0.349         0.069
t1R             -0.417        -0.230
t2R             -0.397        -0.111
trail_bar       -0.349         0.049
ema20           -0.348         0.069

best arm by edge: t1R | passes the bar (beats control, both halves positive, |t|>=3): no
control = xname (3,858 control trades)

=== breakout, no earnings nearby (same names) (daily) — 1,286 signals, 189 names, 2019-11-01 -> 2026-09-17 ===
                n  meanR   medR     win    p90      t   ctrl   edge
stop_hold  1286.0 -0.113 -0.353  41.446  1.829 -0.552 -0.118  0.005
t1R        1286.0 -0.312 -0.204  45.723  1.000 -6.778 -0.242 -0.070
t2R        1286.0 -0.236 -0.322  42.457  2.000 -4.066 -0.206 -0.030
trail_bar  1286.0 -0.124 -0.452  34.603  1.715 -1.345 -0.119 -0.005
ema20      1286.0 -0.113 -0.353  41.446  1.829 -0.547 -0.120  0.007

by half (n 561 / 725):
           <2023-01-01  >=2023-01-01
stop_hold       -0.349         0.069
t1R             -0.417        -0.230
t2R             -0.397        -0.111
trail_bar       -0.349         0.049
ema20           -0.348         0.069

best arm by edge: ema20 | passes the bar (beats control, both halves positive, |t|>=3): no


################ SUMMARY: old (month control) vs honest (post / xname) ################
                                                                              old_n       n old_best_arm  old_meanR  old_month_ctrl  old_edge   best_arm  meanR  post_ctrl  post_edge  xname_ctrl  xname_edge       t  half1  half2  passed    top_arm  top_meanR  top_post_edge  top_xname_edge
name                                                                                                                                                                                                                                                                                            
in-play up mover (+4% on 2x vol)                                               9294   13331          t1R     -0.236          -0.074    -0.162      ema20 -0.076     -0.023     -0.053      -0.060      -0.017  -0.424 -0.110 -0.056   False      ema20     -0.076         -0.053          -0.017
in-play down mover (-4% on 2x vol)                                             8693   13955        ema20     -0.082           0.075    -0.158      ema20 -0.058     -0.148      0.090      -0.041      -0.017  -2.630  0.063 -0.140   False      ema20     -0.058          0.090          -0.017
Bouncy ball (Breitstein short)                                                 1811    1404          t1R     -0.338          -0.002    -0.336  stop_hold -0.085     -0.203      0.118      -0.153       0.068   0.419  0.082 -0.170   False  trail_bar     -0.080          0.114           0.078
20d breakout ADR>=3, HIGH-vol regime (panel p80, 1 ADR stop, hold 5)          17281   17281          t1R     -0.216           0.150    -0.367        t1R -0.216     -0.166     -0.050      -0.158      -0.058  -5.654 -0.352 -0.116   False  trail_bar     -0.083         -0.059          -0.053
20d breakout ADR>=3, LOW-vol regime (panel p80, 1 ADR stop, hold 5)           24514   24514          t1R     -0.224           0.144    -0.368        t1R -0.224     -0.164     -0.060      -0.130      -0.094 -10.464 -0.217 -0.229   False      ema20     -0.070         -0.089          -0.021
boring stock, violent move (drop >= 4x own ADR, ADR bottom tercile)             628     628        ema20     -0.158          -0.608     0.450      ema20 -0.158     -0.132     -0.026      -0.190       0.032  -3.554 -0.007 -0.242   False      ema20     -0.158         -0.026           0.032
violent move, any ADR (drop >= 4x own ADR)                                     1644    1644    stop_hold     -0.417          -0.862     0.444      ema20 -0.134     -0.108     -0.026      -0.072      -0.062  -3.205 -0.082 -0.158   False      ema20     -0.134         -0.026          -0.062
counter-trend long: >=3 ADR below 20 EMA + prior-bar-high break                9015    9015    stop_hold     -0.154          -0.482     0.328  trail_bar -0.149     -0.054     -0.094      -0.176       0.027  -2.447 -0.189 -0.115   False  trail_bar     -0.149         -0.094           0.027
prior-bar-high break in a down leg, <3 ADR below 20 EMA (no extension gate)  155515  155514        ema20     -0.084          -0.146     0.062      ema20 -0.084     -0.098      0.014      -0.111       0.027  -4.161 -0.102 -0.072   False      ema20     -0.084          0.014           0.027
precision-tier breakout (house), next-open entry                               1944    1944          t1R     -0.275           0.151    -0.425      ema20 -0.037     -0.011     -0.026      -0.073       0.036  -0.545 -0.199  0.068   False  stop_hold     -0.037         -0.036           0.024
precision-tier breakout (house), next-open entry, hold 60                      1944    1944          t1R     -0.302           0.173    -0.475  stop_hold  0.145      0.042      0.103       0.031       0.114   1.026 -0.088  0.296   False  stop_hold      0.145          0.103           0.114
precision-tier breakout (house), CLOSE entry, hold 60                          2023    2023          t1R     -0.273           0.206    -0.479  stop_hold  0.174      0.139      0.034       0.119       0.055   1.115 -0.006  0.289   False  stop_hold      0.174          0.034           0.055
earnings drift, good+MUTED                                                      437     437    trail_bar      0.205           0.113     0.092  stop_hold  0.272      0.027      0.246       0.008       0.264   2.652  0.186  0.327   False  stop_hold      0.272          0.246           0.264
earnings drift, good+BIG                                                       1069    1069        ema20      0.028           0.105    -0.076        t1R  0.038      0.004      0.034      -0.017       0.056   1.990  0.041  0.037   False  stop_hold      0.048          0.017           0.030
earnings drift, bad reaction                                                   3684    3684    stop_hold      0.097          -0.090     0.187  stop_hold  0.098      0.046      0.052       0.011       0.087   0.387  0.102  0.094   False  stop_hold      0.098          0.052           0.087
delayed bump after good+MUTED earnings                                          335     335          t1R     -0.190           0.052    -0.242      ema20  0.250      0.070      0.180      -0.054       0.304   1.635  0.487  0.102   False      ema20      0.250          0.180           0.304
delayed bump after good+BIG earnings                                            796     796          t1R     -0.361          -0.139    -0.222      ema20  0.051     -0.024      0.075      -0.203       0.254   0.389 -0.281  0.297   False      ema20      0.051          0.075           0.254
breakout 0-3d after earnings                                                    258     256          t1R     -0.213           0.131    -0.343        t1R -0.178     -0.168     -0.011      -0.120      -0.058  -1.943 -0.137 -0.214   False        t2R     -0.131         -0.045          -0.091
breakout, no earnings nearby (same names)                                      1833    1286          t1R     -0.330           0.164    -0.494        t1R -0.312     -0.246     -0.066      -0.242      -0.070  -6.778 -0.417 -0.230   False      ema20     -0.113         -0.073           0.007

written: /Users/gmerton/v2/options_playground/data/studies/ledger_rerun/rerun_2026-09-19.csv
