hedge months: 181 (2011-01-03 -> 2026-01-02), median 5% put bid/ask = 0.8% of mid

=== 1. the hedge ALONE: mean monthly return on premium (real fills / mid), share of months it pays, best month; 2011-2026 ===
ticker       gate  struct  months  open_pct  mean  mean_mid  paid  best  carry_yr
   SPY     always    put5     181     100.0 -25.6     -24.6  21.5 402.7    -306.8
   SPY     always   put10     181     100.0 -32.3     -31.1  17.7 583.2    -388.2
   SPY     always spr5_15     181     100.0 -22.0     -20.0  23.2 373.1    -264.5
   SPY     vix<20    put5     134      74.0 -23.1     -22.1  20.9 402.7    -205.5
   SPY     vix<20   put10     134      74.0 -30.6     -29.2  18.7 583.2    -272.2
   SPY     vix<20 spr5_15     134      74.0 -19.6     -17.4  22.4 373.1    -173.9
   SPY     vix<16    put5      77      42.5 -21.2     -20.2  22.1 402.7    -108.4
   SPY     vix<16   put10      77      42.5 -28.9     -27.2  19.5 583.2    -147.6
   SPY     vix<16 spr5_15      77      42.5 -18.1     -15.8  23.4 302.7     -92.5
   SPY vix<median    put5      95      52.5 -26.1     -25.1  21.1 402.7    -164.6
   SPY vix<median   put10      95      52.5 -34.0     -32.4  18.9 583.2    -214.0
   SPY vix<median spr5_15      95      52.5 -22.4     -20.2  21.1 302.7    -141.1
   QQQ     always    put5     178     100.0 -27.1     -26.0  23.0 376.4    -325.7
   QQQ     always   put10     178     100.0 -32.8     -31.1  18.0 533.3    -393.5
   QQQ     always spr5_15     178     100.0 -24.3     -21.5  25.3 350.3    -291.1
   QQQ     vix<20    put5     132      74.2 -24.5     -23.3  22.0 376.4    -218.2
   QQQ     vix<20   put10     132      74.2 -30.3     -28.3  17.4 533.3    -269.6
   QQQ     vix<20 spr5_15     132      74.2 -22.4     -19.5  25.0 350.3    -199.5
   QQQ     vix<16    put5      77      43.3 -24.5     -23.1  23.4 376.4    -127.0
   QQQ     vix<16   put10      77      43.3 -29.6     -27.4  16.9 533.3    -153.8
   QQQ     vix<16 spr5_15      77      43.3 -23.1     -20.2  27.3 350.3    -120.1
   QQQ vix<median    put5      93      52.2 -27.9     -26.7  21.5 376.4    -175.1
   QQQ vix<median   put10      93      52.2 -34.2     -32.1  16.1 533.3    -214.4
   QQQ vix<median spr5_15      93      52.2 -25.5     -22.5  23.7 281.6    -159.6

=== 2. the book: 95 months, sleeves scaled to equal vol, book 4.0%/month ===
sleeve correlations:
          straddle  bullput  breakout
straddle       1.0    -0.30     -0.10
bullput       -0.3     1.00      0.18
breakout      -0.1     0.18      1.00

=== 3. book + overlay (account %): budget = % of account/yr spent on premium; 'dDD' = maxDD change ===
ticker       gate  struct  budget  mean  dMean  sharpe  dSharpe  maxDD   dDD  worst  worst3  y2020  y2022
     -       none       -     0.0  1.51   0.00    1.30     0.00  24.97  0.00  -8.25   -6.84  31.95 -15.70
   SPY     always    put5     2.0  1.47  -0.03    1.28    -0.02  25.19  0.22  -8.21   -6.90  32.15 -15.37
   SPY     always   put10     2.0  1.46  -0.05    1.27    -0.04  25.60  0.63  -8.24   -6.91  32.28 -15.61
   SPY     always spr5_15     2.0  1.48  -0.02    1.29    -0.02  24.84 -0.13  -8.18   -6.88  32.01 -15.11
   SPY     vix<20    put5     2.0  1.49  -0.01    1.29    -0.01  24.72 -0.25  -8.25   -6.91  32.25 -15.19
   SPY     vix<20   put10     2.0  1.48  -0.02    1.28    -0.02  25.00  0.03  -8.25   -6.91  32.34 -15.29
   SPY     vix<20 spr5_15     2.0  1.50  -0.01    1.30    -0.00  24.52 -0.45  -8.25   -6.91  32.19 -15.09
   SPY     vix<16    put5     2.0  1.50  -0.01    1.30    -0.01  25.02  0.05  -8.25   -6.87  31.93 -15.70
   SPY     vix<16   put10     2.0  1.49  -0.02    1.29    -0.01  25.17  0.20  -8.25   -6.87  31.92 -15.70
   SPY     vix<16 spr5_15     2.0  1.50  -0.01    1.30    -0.01  24.93 -0.04  -8.25   -6.87  31.94 -15.70
   SPY vix<median    put5     2.0  1.49  -0.02    1.29    -0.01  25.25  0.28  -8.25   -6.87  31.88 -15.45
   SPY vix<median   put10     2.0  1.48  -0.03    1.28    -0.02  25.52  0.55  -8.25   -6.87  31.85 -15.54
   SPY vix<median spr5_15     2.0  1.49  -0.01    1.30    -0.01  25.06  0.09  -8.25   -6.87  31.89 -15.37
   QQQ     always    put5     2.0  1.47  -0.04    1.28    -0.03  25.21  0.24  -8.18   -6.88  31.67 -15.05
   QQQ     always   put10     2.0  1.46  -0.05    1.27    -0.03  25.48  0.51  -8.20   -6.90  31.71 -15.23
   QQQ     always spr5_15     2.0  1.48  -0.03    1.29    -0.02  24.94 -0.03  -8.16   -6.87  31.63 -14.80
   QQQ     vix<20    put5     2.0  1.49  -0.01    1.29    -0.01  24.80 -0.17  -8.25   -6.90  32.09 -14.94
   QQQ     vix<20   put10     2.0  1.49  -0.02    1.29    -0.02  24.96 -0.01  -8.25   -6.91  32.14 -15.00
   QQQ     vix<20 spr5_15     2.0  1.50  -0.01    1.30    -0.01  24.68 -0.29  -8.25   -6.90  32.03 -14.86
   QQQ     vix<16    put5     2.0  1.50  -0.01    1.29    -0.01  25.15  0.18  -8.25   -6.88  31.88 -15.70
   QQQ     vix<16   put10     2.0  1.49  -0.01    1.29    -0.01  25.24  0.27  -8.25   -6.88  31.87 -15.70
   QQQ     vix<16 spr5_15     2.0  1.50  -0.01    1.30    -0.01  25.10  0.13  -8.25   -6.88  31.88 -15.70
   QQQ vix<median    put5     2.0  1.49  -0.02    1.29    -0.02  25.40  0.43  -8.25   -6.88  31.82 -15.25
   QQQ vix<median   put10     2.0  1.48  -0.03    1.28    -0.02  25.57  0.60  -8.25   -6.88  31.80 -15.32
   QQQ vix<median spr5_15     2.0  1.49  -0.02    1.29    -0.01  25.27  0.30  -8.25   -6.88  31.83 -15.17

--- budget sweep, SPY 5% put (every gate) ---
ticker       gate struct  budget  mean  dMean  sharpe  dSharpe  maxDD   dDD  worst  worst3  y2020  y2022
     -       none      -     0.0  1.51   0.00    1.30     0.00  24.97  0.00  -8.25   -6.84  31.95 -15.70
   SPY     always   put5     1.0  1.49  -0.02    1.29    -0.01  25.08  0.11  -8.23   -6.87  32.05 -15.53
   SPY     always   put5     2.0  1.47  -0.03    1.28    -0.02  25.19  0.22  -8.21   -6.90  32.15 -15.37
   SPY     always   put5     3.0  1.46  -0.05    1.27    -0.04  25.30  0.33  -8.19   -6.92  32.25 -15.20
   SPY     always   put5     5.0  1.42  -0.08    1.24    -0.06  25.51  0.54  -8.15   -6.98  32.45 -14.86
   SPY     vix<20   put5     1.0  1.50  -0.01    1.30    -0.01  24.85 -0.12  -8.25   -6.88  32.10 -15.45
   SPY     vix<20   put5     2.0  1.49  -0.01    1.29    -0.01  24.72 -0.25  -8.25   -6.91  32.25 -15.19
   SPY     vix<20   put5     3.0  1.49  -0.02    1.29    -0.02  24.60 -0.37  -8.25   -6.94  32.40 -14.93
   SPY     vix<20   put5     5.0  1.47  -0.03    1.28    -0.03  24.35 -0.62  -8.25   -7.01  32.70 -14.42
   SPY     vix<16   put5     1.0  1.50  -0.00    1.30    -0.00  25.00  0.03  -8.25   -6.86  31.94 -15.70
   SPY     vix<16   put5     2.0  1.50  -0.01    1.30    -0.01  25.02  0.05  -8.25   -6.87  31.93 -15.70
   SPY     vix<16   put5     3.0  1.49  -0.01    1.29    -0.01  25.05  0.08  -8.25   -6.89  31.92 -15.70
   SPY     vix<16   put5     5.0  1.48  -0.02    1.28    -0.02  25.10  0.13  -8.25   -6.92  31.91 -15.70
   SPY vix<median   put5     1.0  1.50  -0.01    1.30    -0.01  25.11  0.14  -8.25   -6.86  31.92 -15.57
   SPY vix<median   put5     2.0  1.49  -0.02    1.29    -0.01  25.25  0.28  -8.25   -6.87  31.88 -15.45
   SPY vix<median   put5     3.0  1.48  -0.03    1.28    -0.02  25.39  0.42  -8.25   -6.89  31.84 -15.32
   SPY vix<median   put5     5.0  1.46  -0.05    1.27    -0.04  25.67  0.69  -8.25   -6.92  31.77 -15.07

=== 4. the book's 10 worst months: SPY 5% put return on premium, gated or not ===
         book%  put5_ret%   vix  spy_mo%  gate_vix<20
2022-08   -8.3       25.2  22.8     -4.4        False
2018-11   -6.4      -65.4  19.3      1.7         True
2019-04   -5.8      -57.2  13.4      2.4         True
2023-09   -5.8      145.5  13.1     -5.0         True
2022-04   -5.5      155.2  19.6     -8.4         True
2018-09   -4.5      -54.0  13.2      0.9         True
2025-04   -4.3      -13.3  21.8      0.2        False
2022-11   -3.9      -79.9  25.8      5.5        False
2023-02   -3.4       57.3  17.9     -4.6         True
2020-08   -3.3      -65.7  24.3      6.5        False

correlation book vs SPY 5% put (ungated): -0.13; book vs SPY month: 0.22

=== 5. sensitivity: book = bull put + breakout only (no straddle), same vol target ===
corr with SPY month: 0.37
  gate  struct  budget  mean  sharpe  dSharpe  maxDD   dDD  worst  y2020  y2022
  none       -     0.0  1.09    0.95     0.00  38.10  0.00  -9.93  17.75 -21.40
always    put5     2.0  1.06    0.93    -0.02  38.25  0.16  -9.88  17.95 -21.07
always    put5     5.0  1.01    0.90    -0.05  38.49  0.39  -9.82  18.25 -20.57
always   put10     2.0  1.05    0.92    -0.03  38.73  0.63  -9.92  18.07 -21.31
always   put10     5.0  0.98    0.87    -0.08  39.68  1.58  -9.90  18.56 -21.18
always spr5_15     2.0  1.07    0.94    -0.01  37.85 -0.25  -9.86  17.81 -20.81
always spr5_15     5.0  1.03    0.92    -0.03  37.48 -0.61  -9.75  17.89 -19.92
vix<20    put5     2.0  1.08    0.94    -0.01  37.67 -0.43  -9.93  18.05 -20.89
vix<20    put5     5.0  1.06    0.93    -0.01  37.03 -1.07  -9.93  18.50 -20.12
vix<20   put10     2.0  1.07    0.93    -0.01  38.00 -0.10  -9.93  18.13 -21.00
vix<20   put10     5.0  1.04    0.91    -0.04  37.85 -0.25  -9.93  18.71 -20.38
vix<20 spr5_15     2.0  1.09    0.95     0.00  37.43 -0.67  -9.93  17.99 -20.79
vix<20 spr5_15     5.0  1.08    0.95     0.00  36.43 -1.67  -9.93  18.35 -19.87

=== 6. the hedge in the market's worst months (SPY 5% put, return on premium) ===
         spy_mo%  vix_at_entry  put5%  gate_vix<20
month                                             
2020-03    -19.6          33.4  391.1        False
2018-12    -10.2          16.4  345.3         True
2012-05     -9.1          16.6  233.9         True
2011-09     -9.0          31.8  108.8        False
2015-08     -9.0          12.6  402.7         True
2022-04     -8.4          19.6  155.2         True
2022-06     -7.0          25.7   61.6        False
2019-05     -6.8          14.8  199.4         True
