common window 2000-01 -> 2026-08 (320 months); corr(S, T) +0.37, corr(S, T_A) +0.31

STANDALONE (% per month; carry = mean x 12 -- the premium)
                        cell   n  mean  carry %/yr     t    h1    h2  beta  alpha  t_alpha yrs_pos
               S sector 12-1 320 -0.17       -2.02 -0.75 -0.27 -0.06 -0.20  -0.02    -0.07   10/27
               T TSMOM multi 320  0.32        3.88  3.64  0.47  0.18 -0.07   0.37     4.28   22/27
                PAIR S+T *P* 320  0.28        3.31  1.75  0.39  0.17 -0.16   0.39     2.58   18/27
PAIR S+T trailing-vol (expl) 296  0.30        3.65  1.86  0.38  0.23 -0.14   0.43     2.68   17/25
           PAIR S+T_A (expl) 320 -0.17       -2.05 -0.84  0.02 -0.36 -0.49   0.20     1.23    8/27
        T_A SPY sma10 (expl) 320 -0.11       -1.34 -0.61  0.25 -0.47 -0.55   0.31     2.49    4/27

CRISIS EPISODES (cumulative %, sleeve vs the beta-equivalent S&P short)
                        cell  2000-02  2000-02 betaSh  2008 GFC  2008 GFC betaSh  2020 crash  2020 crash betaSh  2022 bear  2022 bear betaSh
               S sector 12-1     -7.4             8.8      33.6             13.5        16.0                4.2       30.8               3.5
               T TSMOM multi     29.5             2.9      16.1              4.5         0.7                1.4       13.0               1.2
                PAIR S+T *P*     28.5             6.8      31.5             10.5         7.5                3.2       26.9               2.7
PAIR S+T trailing-vol (expl)     17.2             4.4      34.9              9.4         8.2                2.9       29.4               2.4
           PAIR S+T_A (expl)     26.0            21.5      61.3             33.1        17.5               10.2       17.2               8.6
        T_A SPY sma10 (expl)     43.5            24.0      61.5             36.9        12.4               11.3       -0.0               9.5

PRIMARY -- VFINX proxy book 2000-01 -> 2026-08, overlay sized to % of the book's vol (maxDD = % of the cumulative sum; mean_w20 = sleeve %/mo in the book's 20 worst months)
                      sleeve    size  mean  sharpe  dSharpe  maxDD    dDD  worst  mean_w20  2000-02  2008 GFC  2020 crash  2022 bear
            VFINX book alone    none  0.76    0.60     0.00  67.14   0.00 -16.79       NaN   -43.70    -67.14      -20.64     -17.35
               S sector 12-1     25%  0.71    0.58    -0.02  58.01  -9.13 -15.83      3.12   -45.71    -58.01      -16.31      -8.98
               S sector 12-1 50% *P*  0.67    0.52    -0.08  60.08  -7.06 -14.87      3.12   -47.71    -48.89      -11.97      -0.61
               S sector 12-1    100%  0.58    0.36    -0.24  65.46  -1.68 -15.74      3.12   -51.72    -30.64       -3.29      16.12
                 de-meaned S     25%  0.76    0.61     0.01  57.28  -9.86 -15.79      3.29   -44.29    -57.28      -16.21      -8.53
                 de-meaned S 50% *P*  0.76    0.59    -0.01  57.79  -9.35 -14.78      3.29   -44.88    -47.43      -11.79       0.30
                 de-meaned S    100%  0.76    0.48    -0.12  59.98  -7.16 -15.55      3.29   -46.05    -27.71       -2.93      17.95
               T TSMOM multi     25%  0.98    0.79     0.19  56.00 -11.14 -16.65      1.66   -23.34    -56.00      -20.13      -8.38
               T TSMOM multi 50% *P*  1.20    0.92     0.32  44.86 -22.28 -16.52      1.66    -2.97    -44.86      -19.62       0.58
               T TSMOM multi    100%  1.65    1.02     0.42  29.40 -37.74 -17.82      1.66    37.76    -22.58      -18.60      18.52
                 de-meaned T     25%  0.76    0.61     0.01  59.57  -7.57 -16.88      1.34   -30.25    -59.57      -20.58     -10.61
                 de-meaned T 50% *P*  0.76    0.58    -0.02  52.00 -15.14 -16.96      1.34   -16.80    -52.00      -20.51      -3.88
                 de-meaned T    100%  0.76    0.47    -0.13  40.88 -26.26 -18.71      1.34    10.10    -36.85      -20.38       9.60
                PAIR S+T *P*     25%  0.87    0.71     0.11  54.88 -12.26 -16.13      3.09   -32.59    -54.88      -17.71      -6.86
                PAIR S+T *P* 50% *P*  0.97    0.77     0.17  43.45 -23.69 -15.47      3.09   -21.48    -42.62      -14.78       3.63
                PAIR S+T *P*    100%  1.19    0.76     0.16  36.17 -30.97 -18.82      3.09     0.73    -18.09       -8.91      24.61
          de-meaned PAIR S+T     25%  0.76    0.62     0.02  56.60 -10.55 -16.24      2.82   -35.92    -56.60      -17.92      -7.94
          de-meaned PAIR S+T 50% *P*  0.76    0.60    -0.00  46.05 -21.09 -15.68      2.82   -28.14    -46.05      -15.21       1.48
          de-meaned PAIR S+T    100%  0.76    0.49    -0.11  41.32 -25.82 -19.25      2.82   -12.57    -24.96       -9.77      20.31
PAIR S+T trailing-vol (expl)     25%  1.00    0.83     0.23  53.84 -13.30 -16.16      2.91   -25.04    -53.84      -17.52      -6.13
PAIR S+T trailing-vol (expl) 50% *P*  1.12    0.88     0.29  42.82 -24.32 -15.53      2.91   -18.49    -40.55      -14.40       5.09
PAIR S+T trailing-vol (expl)    100%  1.35    0.87     0.27  35.26 -31.88 -16.03      2.91    -5.39    -13.95       -8.15      27.53
          de-meaned PAIR S+T     25%  0.88    0.73     0.13  55.70 -11.44 -16.27      2.60   -26.09    -55.70      -17.75      -7.29
          de-meaned PAIR S+T 50% *P*  0.88    0.70     0.10  44.91 -22.23 -15.76      2.60   -20.58    -44.26      -14.86       2.77
          de-meaned PAIR S+T    100%  0.88    0.57    -0.03  40.36 -26.78 -16.50      2.60    -9.57    -21.38       -9.08      22.89
           PAIR S+T_A (expl)     25%  0.71    0.64     0.04  48.73 -18.41 -12.77      6.84   -35.91    -48.73      -15.38     -12.19
           PAIR S+T_A (expl) 50% *P*  0.66    0.64     0.04  40.31 -26.83  -9.12      6.84   -28.12    -30.32      -10.13      -7.03
           PAIR S+T_A (expl)    100%  0.55    0.48    -0.12  29.57 -37.57 -11.53      6.84   -12.53      6.49        0.39       3.29
        de-meaned PAIR S+T_A     25%  0.76    0.68     0.09  47.91 -19.23 -12.72      7.01   -34.32    -47.91      -15.28     -11.68
        de-meaned PAIR S+T_A 50% *P*  0.76    0.74     0.14  37.74 -29.40  -9.02      7.01   -24.94    -28.68       -9.92      -6.00
        de-meaned PAIR S+T_A    100%  0.76    0.66     0.06  27.00 -40.14 -11.32      7.01    -6.17      9.78        0.80       5.34
         SPY short (control)     25%  0.57    0.60     0.00  50.36 -16.79 -12.59      9.11   -32.78    -50.36      -15.48     -13.01
         SPY short (control) 50% *P*  0.38    0.60     0.00  33.57 -33.57  -8.40      9.11   -21.85    -33.57      -10.32      -8.68
         SPY short (control)    100%  0.00     NaN      NaN   0.00 -67.14   0.00      9.11     0.00      0.00        0.00       0.00

SECONDARY -- BLOCKED: house-book inputs missing (/Users/gmerton/v2/options_playground/data/cache/rsi_straddle.parquet); criterion (iv) NOT EVALUATED

BAR (i)-(iii); (iv) blocked:
  PASS  (i) + in all 4 episodes & beats beta-short
  PASS  (ii) de-meaned DD cut: PAIR -21.1 vs S -9.3, T -15.1
  FAIL  (iii) PAIR dDD -23.7 vs SPY short -33.6; mean in worst-20 +3.09

VERDICT: NOT A CANDIDATE
-> data/studies/bear_leg_pair_2026-09-26.csv
