
# TEST 1 -- LONG-BASE BREAKOUT, control = post
control = post (strata: median 20 candidates, 3 paired per signal)

=== long-base breakout (beaten >=30% off 3y high) [post] (daily) — 120 signals, 100 names, 2012-02-03 -> 2026-06-01 ===
               n  meanR   medR     win    p90      t   ctrl   edge  p_edge  edge_t
stop_hold  120.0 -0.039 -1.127  25.833  3.537  0.250 -0.233  0.194   0.194   1.023
t1R        120.0 -0.241 -1.035  47.500  1.000 -1.518 -0.249  0.008   0.008   0.260
t2R        120.0 -0.256 -1.096  34.167  2.000 -1.313 -0.095 -0.161  -0.161  -1.308
trail_bar  120.0 -0.072 -0.250  33.333  1.376 -0.199 -0.013 -0.059  -0.059  -0.331
ema20      120.0 -0.104 -0.830  32.500  2.348  0.022 -0.112  0.008   0.008   0.511

by half (n 16 / 104):
           <2018-01-01  >=2018-01-01
stop_hold        0.329        -0.096
t1R             -0.268        -0.237
t2R             -0.351        -0.241
trail_bar       -0.038        -0.077
ema20            0.121        -0.139

paired edge by half (stop_hold): +1.172 / +0.043 | best-arm paired edge t +1.02 | p_search (best of 5 arms, 2000 label perms) 0.3713
paired edge by year (stop_hold; chronological halves miss a back-half regime):
y     2012   2013   2014   2016   2017   2018   2019   2020   2021   2022    2023    2024   2025    2026
size  3.00  2.000  3.000  6.000  2.000  2.000  2.000  6.000  3.000  9.000  30.000  25.000  14.00  13.000
mean  1.09  3.114 -0.463  0.162  4.832 -0.207 -1.999 -0.707  1.767  0.856  -0.033   0.231  -0.61   0.298

best arm: stop_hold | passes the bar (paired edge t >= 3, both halves' paired edge > 0, p_search < 0.003): no


# TEST 1 -- LONG-BASE BREAKOUT, control = xname
control = xname (strata: median 20 candidates, 3 paired per signal)

=== long-base breakout (beaten >=30% off 3y high) [xname] (daily) — 124 signals, 103 names, 2012-02-03 -> 2026-08-13 ===
               n  meanR   medR     win    p90      t   ctrl   edge  p_edge  edge_t
stop_hold  124.0 -0.078 -1.129  25.000  3.512  0.066  0.076 -0.154  -0.154  -0.336
t1R        124.0 -0.273 -1.040  45.968  1.000 -1.904 -0.161 -0.113  -0.113  -0.700
t2R        124.0 -0.287 -1.097  33.065  2.000 -1.603 -0.061 -0.226  -0.226  -1.231
trail_bar  124.0 -0.093 -0.255  33.065  1.292 -0.351 -0.151  0.058   0.058   0.457
ema20      124.0 -0.131 -0.883  31.452  2.188 -0.137 -0.057 -0.074  -0.074  -0.008

by half (n 16 / 108):
           <2018-01-01  >=2018-01-01
stop_hold        0.329        -0.138
t1R             -0.268        -0.274
t2R             -0.351        -0.278
trail_bar       -0.038        -0.101
ema20            0.121        -0.168

paired edge by half (trail_bar): +0.043 / +0.061 | best-arm paired edge t +0.46 | p_search (best of 5 arms, 2000 label perms) 0.6192
paired edge by year (trail_bar; chronological halves miss a back-half regime):
y      2012   2013   2014   2016   2017   2018   2019   2020  2021   2022    2023    2024    2025    2026
size  3.000  2.000  3.000  6.000  2.000  2.000  2.000  6.000  3.00  9.000  30.000  25.000  14.000  17.000
mean -0.729  1.894  0.042 -0.421  0.742 -0.027 -0.176  1.268  0.95  0.775  -0.132   0.246  -0.597  -0.254

best arm: trail_bar | passes the bar (paired edge t >= 3, both halves' paired edge > 0, p_search < 0.003): no


# TEST 2 -- GROUP WASHOUT REBOUND
episodes 23 (12 groups), 2011 -> 2026-04-15
PRIMARY 40d ADR-matched excess: -0.27pp (median -2.23), t -0.10, 43% +, halves -8.18 (n 4) / +1.40 (n 19)
  bar t >= 3, both halves > 0: FAIL
  20d excess -1.21 (t -0.60); raw 40d +6.14%; signal - post (same basket, random later session) -3.65pp t -1.00
  broken tape (breadth < 40)   n   5  40d excess +1.75 (t +0.67)  raw +14.87%
  healthy tape (breadth >= 40) n  18  40d excess -0.83 (t -0.26)  raw +3.71%
  per year 40d excess: 2013 -30.4  2015 -4.7  2016 +1.2  2019 -9.4  2020 +4.8  2022 -2.9  2024 +26.8  2025 +9.4  2026 +0.7
  crypto episodes: [{'date': datetime.date(2024, 9, 26), 'n': 9, 'med_dd': -41.1, 'ex40': 26.8}, {'date': datetime.date(2025, 4, 25), 'n': 9, 'med_dd': -55.4, 'ex40': 8.4}]
