
### survivor panel, ALL names
base breakouts 7,825 (875 names), TIER 1,693; 2010-01-04 -> 2025-04-15
dates 769 | TIER +0.00% vs NON-TIER -0.32% | diff +0.33pp t +0.57 | halves -1.43/+0.76 | yrs+ 5/16
  (a) TIER                 ret: n  1693 | signal +0.133 vs random -0.128 | edge -0.287 t -0.61 | halves -2.688/+0.561
  (a) TIER                 R  : n  1693 | signal -0.077 vs random -0.071 | edge -0.162 t -1.65 | halves -0.611/-0.004
  (b) all base breakouts   ret: n  7825 | signal -0.481 vs random -0.215 | edge -0.372 t -2.08 | halves -0.856/-0.023
  (b) all base breakouts   R  : n  7825 | signal -0.187 vs random -0.099 | edge -0.130 t -2.73 | halves -0.231/-0.057

### survivor panel, current S&P members only
base breakouts 2,992 (334 names), TIER 524; 2010-01-05 -> 2025-04-15
dates 263 | TIER +2.15% vs NON-TIER -0.86% | diff +3.01pp t +2.41 | halves +1.03/+3.50 | yrs+ 10/16
  (a) TIER                 ret: n   524 | signal +2.608 vs random -0.365 | edge +2.373 t +2.30 | halves -0.640/+3.430
  (a) TIER                 R  : n   524 | signal +0.290 vs random -0.168 | edge +0.287 t +1.58 | halves -0.253/+0.477
  (b) all base breakouts   ret: n  2992 | signal -0.289 vs random -0.256 | edge +0.244 t +0.81 | halves -0.541/+0.791
  (b) all base breakouts   R  : n  2992 | signal -0.190 vs random -0.104 | edge -0.054 t -0.75 | halves -0.234/+0.072

### yfinance S&P cache, current members, NO PIT filter
base breakouts 2,995 (334 names), TIER 524; 2010-01-05 -> 2025-04-15
dates 263 | TIER +2.15% vs NON-TIER -0.86% | diff +3.01pp t +2.41 | halves +1.03/+3.50 | yrs+ 10/16
  (a) TIER                 ret: n   524 | signal +2.608 vs random -0.318 | edge +2.364 t +2.22 | halves -0.557/+3.389
  (a) TIER                 R  : n   524 | signal +0.290 vs random -0.127 | edge +0.256 t +1.32 | halves -0.224/+0.424
  (b) all base breakouts   ret: n  2995 | signal -0.286 vs random -0.184 | edge +0.164 t +0.53 | halves -0.521/+0.642
  (b) all base breakouts   R  : n  2995 | signal -0.188 vs random -0.071 | edge -0.089 t -1.20 | halves -0.222/+0.003
