precision signals with a valid stock trade: 1,512 (434 names), 2019-10-23 -> 2026-02-13
  [entry 2019] 32 name-days -> 2,120 rows
  [entry 2020] 607 name-days -> 41,764 rows
  [entry 2021] 564 name-days -> 35,781 rows
  [entry 2022] 301 name-days -> 11,579 rows
  [entry 2023] 271 name-days -> 15,561 rows
  [entry 2024] 345 name-days -> 17,340 rows
  [entry 2025] 616 name-days -> 27,423 rows
  [entry 2026] 234 name-days -> 12,282 rows
  [expiry 2019] 45 name-days -> 4,436 rows
  [expiry 2020] 1,091 name-days -> 164,551 rows
  [expiry 2021] 1,472 name-days -> 206,407 rows
  [expiry 2022] 620 name-days -> 60,013 rows
  [expiry 2023] 556 name-days -> 60,749 rows
  [expiry 2024] 786 name-days -> 85,121 rows
  [expiry 2025] 1,130 name-days -> 131,901 rows
  [expiry 2026] 556 name-days -> 60,826 rows
# Put spread vs the house stock trade on precision-tier breakouts (pre-registration in the docstring)

signals with a stock trade 1,512; with a tradeable 0.30/0.15 spread 959 (63%), 317 names, 576 dates
stock R on the excluded (no tradeable spread) signals: +1.387 vs included +0.210  (is the spread subset a different population?)

arm                                     n     mean      t   median   win%   days    worst
S  stock, house process (R)           959   +0.327   1.70   -1.107   27.7   19.6    -6.76
P  0.30/0.15 spread, net (ROC)        959   -0.008  -0.44   +0.239   74.9   31.4    -1.00
P  0.30/0.15 spread, GROSS mid        959   +0.027   1.42   +0.282   75.2   31.4    -1.00
P2 0.45/0.30 spread, net (ROC)      1,106   -0.052  -1.94   +0.388   58.5   31.5    -1.00
CTL 0.30/0.15, random same-name-month    753   +0.072   4.08   +0.256   80.7   31.2    -1.00

## PRIMARY: ROC(P) - R(S), paired per signal, per $ of risk
  diff -0.336  t -1.77  (n 959, 576 dates)   halves +0.051 (t +0.30) / -0.626 (t -2.05)  split 2022-03-10
  per year:
              n      S      P      d
trade_date                          
2019         15 -0.716 -0.124  0.592
2020        213  0.284  0.129 -0.155
2021        206 -0.476 -0.046  0.430
2022         99 -0.211 -0.018  0.193
2023         96 -0.333 -0.094  0.239
2024        131  1.291  0.001 -1.290
2025        152  0.769 -0.041 -0.810
2026         47  0.343  0.069 -0.274
  bar |t| >= 3 and halves same sign: FAIL

## SECONDARY (Sidak |t| >= ~2.7 for 3 cells)
  P2 - S : -0.314  t -1.79  (n 1,106)
  P - CTL: -0.108  t -5.94  (n 753)  -- does the breakout signal help the spread?

## shape
  S: p5 -2.49  p25 -1.46  p75 +0.33  p95 +6.22  share <= -0.9 59.5%
  P: p5 -1.00  p25 -0.00  p75 +0.29  p95 +0.36  share <= -0.9 14.9%
  stock exits within 5 sessions: 37%  (the 'stopped out often' point)
  when stock R <= -0.5 (stopped/lost) n   630  S -1.510  P -0.118
  when stock R > -0.5                 n   329  S +3.502  P +0.234

## capital-time (descriptive): per $ of CAPITAL per year while deployed
  stock +12.5%/yr (median capital 23x the risk unit)   spread +3.0%/yr (capital = max loss)
