ticker entry_date  stock_R stock_exit     expiry  atm_iv  short_K  long_K  credit  width  spread_R                   spread_how  stock_usd  spread_usd                               note
  TEAM 2026-08-28    -2.58 2026-09-08 2026-09-25   0.762    175.0   157.5    1.80   17.5      0.11  expired 2026-09-25 @ 187.74    -1290.0        57.0                                   
   AMR 2026-08-31    -2.47 2026-09-03        NaN     NaN      NaN     NaN     NaN    NaN       NaN                          NaN        NaN         NaN          no printed puts 20-45 DTE
  DINO 2026-08-31     1.46 2026-09-23        NaN     NaN      NaN     NaN     NaN    NaN       NaN                          NaN        NaN         NaN          no printed puts 20-45 DTE
  PTEN 2026-08-31    -1.47 2026-09-16        NaN     NaN      NaN     NaN     NaN    NaN       NaN                          NaN        NaN         NaN          no printed puts 20-45 DTE
  ZETA 2026-08-31    -0.94 2026-09-23 2026-10-02   0.591     29.0    26.5    0.56    2.5     -0.03 marked 9/25 (exp 2026-10-02)     -470.0       -17.0                                   
   CNH 2026-09-01     0.83 2026-09-25 2026-10-16   0.596     12.5    10.0    0.87    2.5      0.38 marked 9/25 (exp 2026-10-16)      415.0       189.0                                   
   FLR 2026-09-01    -0.82 2026-09-10 2026-10-16   0.555     52.5    47.5    1.14    5.0     -0.34 marked 9/25 (exp 2026-10-16)     -410.0      -171.0                                   
   MRX 2026-09-03    -1.13 2026-09-14 2026-10-16   0.552     70.0    60.0    1.93   10.0     -0.02 marked 9/25 (exp 2026-10-16)     -565.0       -11.0                                   
    VG 2026-09-09    -1.43 2026-09-16 2026-10-09   0.633     14.0    13.0    0.14    1.0     -0.68 marked 9/25 (exp 2026-10-09)     -715.0      -340.0                                   
  SWKS 2026-09-11    -2.07 2026-09-14 2026-10-16   0.546     82.5    75.0    1.93    7.5      0.05 marked 9/25 (exp 2026-10-16)    -1035.0        24.0                                   
  OKTA 2026-09-15    -1.08 2026-09-18 2026-10-16   0.592    175.0   160.0    3.37   15.0      0.11 marked 9/25 (exp 2026-10-16)     -540.0        54.0                                   
  CRWD 2026-09-15     0.93  mark 9/25 2026-10-16   0.576    225.0   207.5    4.38   17.5      0.17 marked 9/25 (exp 2026-10-16)      465.0        85.0                                   
    GH 2026-09-15     0.18  mark 9/25 2026-10-16   0.532    165.0   150.0    3.49   15.0      0.07 marked 9/25 (exp 2026-10-16)       90.0        36.0                                   
  ACVA 2026-09-17    -0.10       OPEN 2026-10-16   0.188     10.0     7.5    0.01    2.5     -0.01 marked 9/25 (exp 2026-10-16)      -50.0        -6.0                                   
  DELL 2026-09-17    -1.72 2026-09-22 2026-10-16   0.610    550.0   500.0   12.52   50.0     -0.12 marked 9/25 (exp 2026-10-16)     -860.0       -62.0                                   
  ILMN 2026-09-17     2.04  mark 9/25 2026-10-16   0.544    230.0   210.0    5.25   20.0      0.28 marked 9/25 (exp 2026-10-16)     1020.0       142.0                                   
  OKTA 2026-09-22    -0.17  mark 9/25 2026-10-23   0.576    185.0   167.5    4.08   17.5      0.02 marked 9/25 (exp 2026-10-23)      -85.0         9.0                                   
  TWLO 2026-09-22    -0.60  mark 9/25 2026-10-23   0.565    260.0   240.0    3.56   20.0     -0.16 marked 9/25 (exp 2026-10-23)     -300.0       -80.0                                   
  ADPT 2026-09-24    -0.07  mark 9/25        NaN     NaN      NaN     NaN     NaN    NaN       NaN                          NaN        NaN         NaN bad spread credit -0.16 width 2.50
  GRAL 2026-09-25    -0.00  mark 9/25 2026-10-16   0.904    115.0   105.0    2.45   10.0     -0.04 marked 9/25 (exp 2026-10-16)       -0.0       -20.0                                   

comparable trades 16 of 20 (at $500 risk each):
  STOCK  total $-4,330 | mean R -0.54 | winners 4
  SPREAD total $-111 | mean R -0.01 | winners 8
