precision signals with a valid stock trade: 1,512 (434 names), 2019-10-23 -> 2026-02-13
# Put spread vs the house stock trade on precision-tier breakouts (pre-registration in the docstring)

signals with a stock trade 1,512; with a tradeable 0.30/0.15 spread 960 (63%), 318 names, 576 dates
stock R on the excluded (no tradeable spread) signals: +1.386 vs included +0.212  (is the spread subset a different population?)

arm                                     n     mean      t   median   win%   days    worst
S  stock, house process (R)           960   +0.329   1.71   -1.107   27.8   19.6    -6.76
P  0.30/0.15 spread, net (ROC)        960   -0.002  -0.13   +0.247   75.0   31.4    -1.00
P  0.30/0.15 spread, GROSS mid        960   +0.027   1.42   +0.282   75.2   31.4    -1.00
P2 0.45/0.30 spread, net (ROC)      1,106   -0.040  -1.47   +0.414   58.7   31.5    -1.00
CTL 0.30/0.15, random same-name-month    753   +0.078   4.38   +0.261   80.7   31.2    -1.00

## PRIMARY: ROC(P) - R(S), paired per signal, per $ of risk
  diff -0.332  t -1.75  (n 960, 576 dates)   halves +0.057 (t +0.34) / -0.623 (t -2.04)  split 2022-03-10
  per year:
              n      S      P      d
trade_date                          
2019         15 -0.716 -0.117  0.599
2020        213  0.284  0.135 -0.149
2021        206 -0.476 -0.040  0.435
2022         99 -0.211 -0.012  0.199
2023         96 -0.333 -0.090  0.243
2024        131  1.291  0.006 -1.284
2025        153  0.779 -0.034 -0.813
2026         47  0.343  0.080 -0.264
  bar |t| >= 3 and halves same sign: FAIL

## SECONDARY (Sidak |t| >= ~2.7 for 3 cells)
  P2 - S : -0.302  t -1.72  (n 1,106)
  P - CTL: -0.108  t -5.93  (n 753)  -- does the breakout signal help the spread?

## shape
  S: p5 -2.49  p25 -1.45  p75 +0.35  p95 +6.22  share <= -0.9 59.5%
  P: p5 -1.00  p25 +0.00  p75 +0.30  p95 +0.36  share <= -0.9 14.9%
  stock exits within 5 sessions: 37%  (the 'stopped out often' point)
  when stock R <= -0.5 (stopped/lost) n   630  S -1.510  P -0.113
  when stock R > -0.5                 n   330  S +3.498  P +0.240

## capital-time (descriptive): per $ of CAPITAL per year while deployed
  stock +12.7%/yr (median capital 23x the risk unit)   spread +10.0%/yr (capital = max loss)
