  pulled GLD: 72,196
  pulled TLT: 51,025
  pulled SLV: 35,738
  pulled EEM: 32,842
  pulled FXI: 30,741
  pulled XLE: 39,531
  pulled XLU: 27,704
  pulled EWZ: 31,736
  pulled USO: 36,948
  pulled HYG: 31,051
  pulled AAPL: 49,227
  pulled MSFT: 43,083
  pulled NVDA: 55,764
  pulled AMZN: 110,832
  pulled META: 24,949
  pulled GOOGL: 84,263
  pulled TSLA: 77,220
  pulled AMD: 32,398
  note AMD: 1 daily moves > 35% (split/adjustment) -- spanning trades dropped
  pulled NFLX: 70,853
  note NFLX: 2 daily moves > 35% (split/adjustment) -- spanning trades dropped
  pulled JPM: 38,143
== per ticker, CALM Fridays (bp of the ticker's notional per trade) ==
univ leg    tk   n     yrs      gross        net   t_net     excess  t_excess   win      worst  ba_med  cost_share
   A N05   EEM 586 2010-26       7.17       4.33    9.44       5.08      8.96 98.12    -128.84    0.50        0.40
   A N05   EWZ 619 2010-26       7.77       4.49    3.24       5.11      4.07 97.58    -405.19    0.40        0.42
   A N05   FXI 559 2010-26       7.79       4.53    5.50       5.04      5.32 98.39    -251.39    0.40        0.42
   A N05   GLD 695 2010-26       3.68       2.94    5.03       2.19      3.85 97.99    -227.96    0.19        0.20
   A N05   HYG 307 2011-26       4.54       2.64   10.51       2.99      9.52 99.02     -50.83    1.00        0.42
   A N05   SLV 492 2010-26       0.93      -3.26   -0.77      -4.12     -1.04 97.97   -1374.57    0.40        4.52
   A N05   TLT 643 2010-26       2.42       1.29    1.93       1.18      1.76 96.58    -302.76    0.40        0.47
   A N05   USO 542 2010-26       6.38       4.69   10.74       4.74      5.26 99.45     -68.76    0.40        0.26
   A N05   XLE 619 2010-26   -8598.62   -8602.65  -95.11   -8601.92    -95.29  1.62  -10461.40    0.29         NaN
   A N05   XLU 504 2010-26   -8932.25   -8937.17 -131.94   -8937.41   -132.18  0.99  -10491.68    0.50         NaN
   A N10   EEM 574 2010-26       7.76       4.77    3.03       5.92      4.31 93.73    -336.05    0.29        0.39
   A N10   EWZ 606 2010-26      13.02       9.62    3.81      10.87      4.91 95.05    -620.03    0.18        0.26
   A N10   FXI 534 2010-26       8.26       4.95    2.31       6.46      3.14 92.51    -436.30    0.22        0.40
   A N10   GLD 696 2010-26       4.07       3.32    2.45       1.96      1.75 93.97    -443.90    0.11        0.19
   A N10   HYG 378 2010-26       6.95       4.78   10.86       5.17      9.74 97.88     -78.22    0.67        0.31
   A N10   SLV 416 2010-26       6.75       2.49    0.42       0.24      0.04 95.91   -1571.89    0.22        0.63
   A N10   TLT 643 2010-26       1.62       0.49    0.38       0.47      0.43 91.45    -400.17    0.19        0.70
   A N10   USO 490 2010-26       9.84       8.21    5.87       8.53      4.16 97.76    -290.42    0.22        0.17
   A N10   XLE 635 2010-26   -8928.58   -8933.09  -86.11   -8931.80    -86.40  1.89  -10635.02    0.18         NaN
   A N10   XLU 507 2010-26   -9200.95   -9206.22 -131.15   -9206.20   -131.49  1.18  -10764.68    0.29         NaN
   B N05  AAPL 616 2010-26  -76315.43  -76320.24   -9.55  -76321.49     -9.55 31.66 -258634.10    0.08         NaN
   B N05   AMD 357 2010-26      13.83      10.63    5.81       6.46      2.82 99.16    -590.50    0.10        0.23
   B N05  AMZN 608 2010-26 -135361.25 -135369.09  -23.45 -135370.82    -23.45 22.53 -183607.65    0.11         NaN
   B N05 GOOGL 506 2014-26 -124730.40 -124741.58  -17.17 -124743.04    -17.17 29.05 -184687.23    0.22         NaN
   B N05   JPM 565 2010-26       5.29       3.77    2.67       2.75      2.12 97.88    -645.87    0.20        0.29
   B N05  META 153 2022-26       8.93       8.61    5.19       4.76      1.99 97.39    -205.97    0.05        0.04
   B N05  MSFT 614 2010-26       5.64       4.23    3.23       3.11      2.48 98.53    -647.31    0.15        0.25
   B N05  NFLX 655 2010-26 -244789.48 -244818.94  -12.85 -244822.48    -12.85  1.68 -656482.34    0.12         NaN
   B N05  NVDA 504 2010-26 -247924.89 -248025.97  -20.19 -248029.40    -20.19 13.29 -370615.49    0.09         NaN
   B N05  TSLA 523 2010-26  -76710.76  -76722.23  -15.86  -76725.98    -15.86 25.24 -131007.76    0.06         NaN
   B N10  AAPL 590 2010-26  -79276.59  -79282.32   -9.49  -79285.33     -9.49 30.34 -262017.31    0.05         NaN
   B N10   AMD 345 2011-26      20.41      16.22    4.06       8.98      2.00 94.49    -851.36    0.05        0.21
   B N10  AMZN 591 2010-26 -139048.57 -139057.80  -23.63 -139061.44    -23.63 21.49 -185852.21    0.07         NaN
   B N10 GOOGL 502 2014-26 -128112.41 -128124.38  -17.47 -128127.36    -17.47 27.29 -186469.51    0.12         NaN
   B N10   JPM 547 2010-26       5.51       4.17    1.61       1.73      0.80 94.15    -858.85    0.11        0.24
   B N10  META 153 2022-26      12.82      12.44    2.78       5.65      1.17 92.81    -486.79    0.03        0.03
   B N10  MSFT 586 2010-26       7.84       6.51    2.68       4.44      2.03 95.56    -846.54    0.08        0.17
   B N10  NFLX 646 2010-26 -247790.17 -247821.53  -12.71 -247827.67    -12.71  1.55 -666902.32    0.07         NaN
   B N10  NVDA 512 2010-26 -258222.66 -258330.34  -20.51 -258337.55    -20.51 12.89 -374288.47    0.05         NaN
   B N10  TSLA 526 2010-26  -80098.26  -80112.74  -16.13  -80118.88    -16.13 23.76 -133866.54    0.04         NaN

== POOLED (each Friday = mean across tickers; dates are the unit) ==
univ leg  fridays      gross        net  t_net     excess  t_excess         h1        h2
   A N05      788   -1702.10   -1704.81 -31.65   -1704.95    -31.65   -1500.21  -1894.67
   A N10      789   -1839.99   -1842.80 -33.63   -1842.94    -33.65   -1652.03  -2020.31
   B N05      756 -119550.96 -119574.36 -19.41 -119576.95    -19.41 -185373.01 -56508.18
   B N10      755 -125296.42 -125322.18 -19.41 -125326.72    -19.41 -194713.56 -58995.77

PRIMARY (universe A, 10-delta): pooled excess -1842.94 bp t -33.65, halves -1652.03/-2020.31 -> DOES NOT CARRY

mean 10-delta net bp in SPY's 20 worst forward weeks (entry Fridays; CALM-only trades): 
tk        AAPL    AMD      AMZN    EEM   EWZ   FXI   GLD     GOOGL  HYG    JPM   META   MSFT     NFLX      NVDA    SLV   TLT     TSLA   USO     XLE     XLU
mean -124756.2 -128.3 -158536.6 -123.2 -54.8 -85.0 -70.9 -179780.6  4.7 -223.3 -486.8 -133.6 -81599.4 -315798.8 -477.5  13.1 -77849.2  15.4 -9666.9 -9567.0
size       9.0    6.0       9.0    9.0  10.0  11.0  12.0       7.0  6.0    9.0    1.0    7.0      9.0       7.0    3.0  11.0     10.0   7.0    12.0    12.0
