  note XLE: 1 daily moves > 35% in the raw series (real moves, kept)
  note XLU: 1 daily moves > 35% in the raw series (real moves, kept)
  note USO: 1 daily moves > 35% in the raw series (real moves, kept)
  note AAPL: 2 daily moves > 35% in the raw series (real moves, kept)
  note NVDA: 2 daily moves > 35% in the raw series (real moves, kept)
  note AMZN: 1 daily moves > 35% in the raw series (real moves, kept)
  note GOOGL: 1 daily moves > 35% in the raw series (real moves, kept)
  note TSLA: 2 daily moves > 35% in the raw series (real moves, kept)
  note AMD: 1 daily moves > 35% in the raw series (real moves, kept)
  note NFLX: 4 daily moves > 35% in the raw series (real moves, kept)
== per ticker, CALM Fridays (bp of the ticker's notional per trade) ==
univ leg    tk   n     yrs  gross   net  t_net  excess  t_excess   win    worst  ba_med  cost_share
   A N05   EEM 586 2010-26   7.17  4.33   9.44    5.08      8.96 98.12  -128.84    0.50        0.40
   A N05   EWZ 619 2010-26   7.77  4.49   3.24    5.11      4.07 97.58  -405.19    0.40        0.42
   A N05   FXI 559 2010-26   7.79  4.53   5.50    5.04      5.32 98.39  -251.39    0.40        0.42
   A N05   GLD 695 2010-26   3.68  2.94   5.03    2.19      3.85 97.99  -227.96    0.19        0.20
   A N05   HYG 307 2011-26   4.54  2.64  10.51    2.99      9.52 99.02   -50.83    1.00        0.42
   A N05   SLV 492 2010-26   0.93 -3.26  -0.77   -4.12     -1.04 97.97 -1374.57    0.40        4.52
   A N05   TLT 643 2010-26   2.42  1.29   1.93    1.18      1.76 96.58  -302.76    0.40        0.47
   A N05   USO 548 2010-26   9.97  5.83   3.86    5.39      3.42 98.54  -689.15    0.40        0.41
   A N05   XLE 618 2010-26   2.25  0.21   0.08    0.96      0.40 97.09 -1049.87    0.29        0.91
   A N05   XLU 503 2010-26   4.38  1.90   1.09    1.74      1.05 98.81  -825.25    0.50        0.57
   A N10   EEM 574 2010-26   7.76  4.77   3.03    5.92      4.31 93.73  -336.05    0.29        0.39
   A N10   EWZ 606 2010-26  13.02  9.62   3.81   10.87      4.91 95.05  -620.03    0.18        0.26
   A N10   FXI 534 2010-26   8.26  4.95   2.31    6.46      3.14 92.51  -436.30    0.22        0.40
   A N10   GLD 696 2010-26   4.07  3.32   2.45    1.96      1.75 93.97  -443.90    0.11        0.19
   A N10   HYG 378 2010-26   6.95  4.78  10.86    5.17      9.74 97.88   -78.22    0.67        0.31
   A N10   SLV 416 2010-26   6.75  2.49   0.42    0.24      0.04 95.91 -1571.89    0.22        0.63
   A N10   TLT 643 2010-26   1.62  0.49   0.38    0.47      0.43 91.45  -400.17    0.19        0.70
   A N10   USO 496 2010-26  12.28  8.48   2.63    7.67      2.61 95.16  -895.13    0.22        0.31
   A N10   XLE 634 2010-26   1.42 -0.91  -0.26    0.40      0.14 91.80 -1136.68    0.17        1.64
   A N10   XLU 505 2010-26   6.16  3.49   1.54    3.55      1.79 93.86  -961.75    0.29        0.43
   B N05  AAPL 608 2010-26   5.50  4.93   4.73    3.52      3.80 97.86  -390.84    0.08        0.10
   B N05   AMD 357 2010-26  13.83 10.63   5.81    6.46      2.82 99.16  -590.50    0.10        0.23
   B N05  AMZN 604 2010-26   8.16  7.64   8.84    6.00      6.27 99.17  -444.29    0.11        0.06
   B N05 GOOGL 503 2014-26   5.74  4.98   4.80    3.50      3.21 97.61  -353.65    0.22        0.13
   B N05   JPM 565 2010-26   5.29  3.77   2.67    2.75      2.12 97.88  -645.87    0.20        0.29
   B N05  META 153 2022-26   8.93  8.61   5.19    4.76      1.99 97.39  -205.97    0.05        0.04
   B N05  MSFT 614 2010-26   5.64  4.23   3.23    3.11      2.48 98.53  -647.31    0.15        0.25
   B N05  NFLX 653 2010-26   8.80  7.98   4.26    3.96      2.14 98.32  -976.13    0.12        0.09
   B N05  NVDA 500 2010-26  10.99  8.31   5.39    5.00      2.86 98.20  -472.86    0.09        0.24
   B N05  TSLA 510 2010-26  12.25 11.33   5.02    7.21      2.82 98.04  -829.54    0.07        0.07
   B N10  AAPL 582 2010-26   6.17  5.56   2.27    2.24      1.09 94.16  -637.32    0.05        0.10
   B N10   AMD 345 2011-26  20.41 16.22   4.06    8.98      2.00 94.49  -851.36    0.05        0.21
   B N10  AMZN 587 2010-26  14.02 13.43   7.79    9.98      5.59 96.25  -680.47    0.07        0.04
   B N10 GOOGL 499 2014-26   7.29  6.50   2.89    3.48      1.65 93.59  -521.69    0.12        0.11
   B N10   JPM 547 2010-26   5.51  4.17   1.61    1.73      0.80 94.15  -858.85    0.11        0.24
   B N10  META 153 2022-26  12.82 12.44   2.78    5.65      1.17 92.81  -486.79    0.03        0.03
   B N10  MSFT 586 2010-26   7.84  6.51   2.68    4.44      2.03 95.56  -846.54    0.08        0.17
   B N10  NFLX 644 2010-26  13.37 12.50   3.66    5.35      1.75 94.41 -1328.28    0.07        0.07
   B N10  NVDA 508 2010-26  15.57 12.72   4.28    5.73      1.96 94.88  -806.62    0.05        0.18
   B N10  TSLA 513 2010-26  15.86 14.72   3.57    7.87      1.96 93.18 -1246.16    0.04        0.07

== POOLED (each Friday = mean across tickers; dates are the unit) ==
univ leg  fridays  gross   net  t_net  excess  t_excess   h1   h2
   A N05      788   4.30  1.81   1.54    1.63      1.47 1.97 1.32
   A N10      789   6.07  3.58   2.38    3.36      2.60 4.57 2.22
   B N05      756   9.10  7.73  13.23    4.92      6.85 3.99 5.81
   B N10      755  12.23 10.74   7.51    5.94      4.96 6.20 5.69

PRIMARY (universe A, 10-delta): pooled excess +3.36 bp t +2.60, halves +4.57/+2.22 -> DOES NOT CARRY

mean 10-delta net bp in SPY's 20 worst forward weeks (entry Fridays; CALM-only trades): 
tk     AAPL    AMD   AMZN    EEM   EWZ   FXI   GLD  GOOGL  HYG    JPM   META   MSFT   NFLX   NVDA    SLV   TLT   TSLA   USO    XLE   XLU
mean -153.2 -128.3 -150.8 -123.2 -54.8 -85.0 -70.9 -211.2  4.7 -223.3 -486.8 -133.6 -210.0 -108.2 -477.5  13.1 -225.9 -50.0 -384.2 -84.1
size    9.0    6.0    9.0    9.0  10.0  11.0  12.0    7.0  6.0    9.0    1.0    7.0    9.0    7.0    3.0  11.0    7.0   7.0   12.0  12.0
