
##########################################################################################
# tenor W: 101,205 puts, 326 names, 412 dates, 2018-01-05 -> 2026-02-20  (clustered by week)
##########################################################################################
       n    yld     iv    csp  csp_med  excess     win  worst1
q                                                             
1  20409  0.480  0.230  0.003    0.377  -0.055  81.797  -9.546
2  20156  0.710  0.285 -0.015    0.572  -0.095  79.346 -13.521
3  20160  0.908  0.346  0.008    0.732  -0.070  78.056 -15.775
4  20156  1.201  0.438  0.052    0.966  -0.066  77.843 -18.178
5  20324  2.263  0.740  0.257    1.526  -0.005  76.781 -28.955

[PRIMARY] Q5 - Q1 excess: +0.043pp  t +0.65  (n 412 weeks)  halves -0.084 (t -0.70) / +0.164 (t +2.63)
  by year: 2018 +0.08  2019 -0.06  2020 -0.51  2021 +0.13  2022 +0.31  2023 +0.09  2024 +0.10  2025 +0.08  2026 +0.57
  PRE-REGISTERED PASS: NO

[secondary] Q5 - Q1 csp: +0.248pp  t +3.02  (n 412 weeks)  halves +0.137 (t +1.06) / +0.354 (t +3.44)
  by year: 2018 +0.04  2019 +0.08  2020 +0.10  2021 +0.33  2022 +0.14  2023 +0.36  2024 +0.44  2025 +0.42  2026 +0.75

Q5 excess on its own: -0.016pp  t -0.21

##########################################################################################
# tenor M: 100,644 puts, 326 names, 412 dates, 2018-01-05 -> 2026-02-20  (clustered by month)
##########################################################################################
       n    yld     iv    csp  csp_med  excess     win  worst1
q                                                             
1  20299  1.111  0.230  0.053    0.931  -0.171  82.181 -26.900
2  20049  1.595  0.295  0.106    1.348  -0.162  80.079 -32.241
3  20035  2.024  0.357  0.234    1.703  -0.184  79.686 -35.462
4  20049  2.675  0.450  0.330    2.219  -0.277  78.602 -40.421
5  20212  5.121  0.744  1.075    3.524  -0.192  77.271 -53.941

[secondary] Q5 - Q1 excess: -0.103pp  t -0.38  (n 98 months)  halves -0.546 (t -1.11) / +0.322 (t +1.48)
  by year: 2018 -0.09  2019 -0.33  2020 -2.30  2021 +0.53  2022 +0.67  2023 +0.43  2024 +0.08  2025 -0.16  2026 +1.95

[secondary] Q5 - Q1 csp: +1.027pp  t +3.73  (n 98 months)  halves +0.729 (t +1.74) / +1.314 (t +3.66)
  by year: 2018 +0.23  2019 +0.28  2020 +1.35  2021 +1.06  2022 +0.38  2023 +1.59  2024 +1.66  2025 +1.72  2026 +0.81

Q5 excess on its own: -0.274pp  t -0.87
