panel (1940, 1725); 222 down days (-1.5% on QQQ); 25,929 RS events; 43,828 breakouts

==============================================================================================================================
WITHIN-DATE: breakouts WITH prior down-day RS vs breakouts WITHOUT, same pool
==============================================================================================================================
horizon        rvol dose  n_hit  n_non  dates  hit_ret  non_ret   edge      t     h1     h2  agree
    21d         ALL  >=1   7754  36074   1005    0.810    1.171 -0.361 -1.001 -0.817  0.029  False
    21d         ALL  >=2   2796  36074    552   -0.349    0.650 -1.000 -2.044 -1.196 -0.806   True
    21d  RVOL < 1.8  >=1   6557  29325    921    0.829    1.018 -0.189 -0.520 -0.467  0.043  False
    21d  RVOL < 1.8  >=2   2402  29325    492   -0.330    0.412 -0.741 -1.441 -0.744 -0.739   True
    21d RVOL >= 1.8  >=1   1197   6434    463   -0.310    1.308 -1.618 -1.856 -3.420 -0.174   True
    21d RVOL >= 1.8  >=2    394   6434    167   -0.932    0.055 -0.987 -0.796 -1.833 -0.190   True
    63d         ALL  >=1   7754  36074    963    5.866    5.760  0.106  0.171 -0.076  0.275  False
    63d         ALL  >=2   2796  36074    510    4.346    7.099 -2.754 -2.796 -2.128 -3.480   True
    63d  RVOL < 1.8  >=1   6557  29325    879    5.713    4.686  1.026  1.612  1.034  1.019   True
    63d  RVOL < 1.8  >=2   2402  29325    450    3.636    5.185 -1.549 -1.543 -1.162 -2.004   True
    63d RVOL >= 1.8  >=1   1197   6434    431    4.928    8.697 -3.769 -2.238 -7.604 -0.259   True
    63d RVOL >= 1.8  >=2    394   6434    142    4.358    9.630 -5.272 -1.932 -2.761 -8.607   True

  PRIMARY (dose>=2, all RVOL): 21d edge -1.00pp t -2.04, 63d edge -2.75pp t -2.80
  SURVIVES INSIDE RVOL>=1.8?  21d edge -0.99pp t -0.80, 63d edge -5.27pp t -1.93

  cells passing (edge>0, |t|>=3, halves agree): 0 of 6
  PRE-REGISTERED PASS: NO

wrote data/studies/downday_rs_selection_2026-09-23.csv
