# Index ORB [WL-5a] (pre-registration in the docstring); verdict window 2007-01 -> 2025-12

## SPY: 4907 sessions 2007-01-03 -> 2026-09-17
PRIMARY 15m OR, 1.5R/15:59         n  4553 | ORB -0.0226% (t -2.55) | vs (a) opp-dir -0.0013 t -0.08 halves -0.0199/+0.0172 | vs (b) rand-min -0.0365 t -5.38 | long o->c -0.0018
   per year (%):
day      2007     2008     2009     2010     2011     2012     2013     2014     2015     2016     2017     2018     2019     2020     2021     2022     2023     2024     2025
n     233.000  244.000  240.000  242.000  243.000  239.000  241.000  238.000  236.000  237.000  233.000  243.000  239.000  245.000  236.000  243.000  234.000  243.000  244.000
orb    -0.100    0.024   -0.062   -0.000   -0.074   -0.016   -0.029   -0.061   -0.068   -0.026   -0.019   -0.040    0.007   -0.037    0.000    0.030    0.005    0.003    0.031
vs_a   -0.088    0.163   -0.072    0.063   -0.075    0.014   -0.025   -0.039   -0.106   -0.029    0.001   -0.028    0.070   -0.113    0.049    0.008    0.065    0.025    0.088
vs_b   -0.072   -0.148   -0.025   -0.041   -0.058   -0.042   -0.049   -0.072   -0.046   -0.018   -0.005   -0.036   -0.031    0.017    0.003   -0.038   -0.040    0.006    0.003
30m OR                             n  4201 | ORB -0.0303% (t -2.99) | vs (a) opp-dir -0.0207 t -1.05 halves -0.0424/+0.0005 | vs (b) rand-min -0.0850 t -13.09 | long o->c +0.0015
hold to close                      n  4553 | ORB -0.0224% (t -2.22) | vs (a) opp-dir +0.0167 t +0.94 halves +0.0080/+0.0254 | vs (b) rand-min -0.0339 t -4.85 | long o->c -0.0018
ATR filter 0.15-0.60               n  3819 | ORB -0.0251% (t -2.63) | vs (a) opp-dir -0.0101 t -0.55 halves -0.0256/+0.0052 | vs (b) rand-min -0.0356 t -4.70 | long o->c -0.0097
midpoint retest                    n  2064 | ORB -0.0196% (t -3.05) | vs (a) opp-dir +0.0209 t +1.79 halves +0.0342/+0.0072 | vs (b) rand-min +0.0364 t +4.13 | long o->c +0.0246

## QQQ: 4908 sessions 2007-01-03 -> 2026-09-17
PRIMARY 15m OR, 1.5R/15:59         n  4466 | ORB -0.0326% (t -2.99) | vs (a) opp-dir +0.0057 t +0.28 halves -0.0372/+0.0485 | vs (b) rand-min -0.0605 t -7.35 | long o->c -0.0103
   per year (%):
day      2007     2008     2009     2010     2011     2012     2013     2014     2015     2016     2017     2018     2019     2020     2021     2022     2023     2024     2025
n     229.000  239.000  227.000  239.000  238.000  238.000  235.000  235.000  231.000  238.000  231.000  236.000  227.000  236.000  238.000  239.000  242.000  235.000  233.000
orb    -0.101   -0.035   -0.173   -0.062   -0.057   -0.011   -0.048   -0.014   -0.078   -0.070   -0.041   -0.060    0.010   -0.107    0.054    0.046    0.032    0.027    0.060
vs_a   -0.090    0.098   -0.202   -0.021   -0.016    0.072   -0.025    0.013   -0.094   -0.080   -0.034   -0.072    0.066   -0.209    0.171    0.169    0.100    0.114    0.133
vs_b   -0.086   -0.014   -0.023   -0.121   -0.101   -0.054   -0.020   -0.049   -0.103   -0.035   -0.008   -0.114   -0.020   -0.049   -0.044   -0.092   -0.089   -0.080   -0.044
30m OR                             n  4053 | ORB -0.0378% (t -3.09) | vs (a) opp-dir -0.0154 t -0.65 halves -0.0409/+0.0099 | vs (b) rand-min -0.1097 t -13.11 | long o->c -0.0091
hold to close                      n  4466 | ORB -0.0285% (t -2.37) | vs (a) opp-dir +0.0120 t +0.55 halves -0.0237/+0.0476 | vs (b) rand-min -0.0566 t -6.78 | long o->c -0.0103
ATR filter 0.15-0.60               n  4060 | ORB -0.0306% (t -2.73) | vs (a) opp-dir +0.0063 t +0.29 halves -0.0198/+0.0323 | vs (b) rand-min -0.0618 t -7.09 | long o->c -0.0142
midpoint retest                    n  1797 | ORB -0.0493% (t -6.05) | vs (a) opp-dir -0.0094 t -0.65 halves -0.0151/-0.0034 | vs (b) rand-min +0.0417 t +4.48 | long o->c -0.0247

VERDICT (primary vs control a): SPY t -0.08, QQQ t +0.28 -> no pass

## 2026 HOLD-OUT (reported after the verdict, primary cell)
SPY: n 173 | ORB -0.0237% | vs (a) +0.0037 (t +0.06)
QQQ: n 172 | ORB -0.0269% | vs (a) -0.0049 (t -0.05)
