# Index filter [WL-5e] -- 55,429 house breakouts 2010-01-04 -> 2026-09-21; all mean +0.32%
state shares of breakouts: RED 11.0%, GREEN 60.1%, SPY<200 22.7%

## PRIMARY RED (QQQ 10<20, both falling): in-state n 6,108 mean -0.45% | rest n 49,321 mean +0.41% | diff -0.86pp month-clustered t -1.68 | halves +0.83 / -1.18
per year (%):
date    2010    2011    2012   2013   2014   2015    2016   2017    2018    2019    2020    2021     2022    2023    2024    2025     2026
in     -1.49   -0.84    0.41  -0.37   1.34  -3.51    2.59   1.56   -3.03   -0.47    3.66   -1.20    -1.42    3.79    2.44   -0.75    -0.86
rest    0.34   -2.97    1.98   0.05  -0.15  -2.35   -0.19   0.67   -1.09    1.33    1.18   -1.39    -2.23    1.19    1.42    2.68     0.04
n_in  153.00  103.00  135.00  35.00  71.00  85.00  297.00  34.00  197.00  161.00  134.00  677.00  1054.00  215.00  270.00  646.00  1841.00
diff   -1.83    2.13   -1.57  -0.41   1.50  -1.16    2.78   0.89   -1.94   -1.80    2.48    0.19     0.81    2.60    1.02   -3.43    -0.90

## GREEN (10>20, both rising): in-state n 33,330 mean +0.50% | rest n 22,099 mean +0.04% | diff +0.45pp month-clustered t +0.77 | halves -0.56 / +0.67
per year (%):
date    2010    2011    2012    2013    2014    2015     2016    2017    2018     2019     2020     2021     2022     2023     2024     2025     2026
in     -0.28   -3.52    2.28   -0.72   -0.65   -1.67    -0.60    1.15   -1.29     0.69     1.06    -1.22    -2.09     1.07     0.32     2.86     0.70
rest    1.00   -1.70    0.82    1.91    1.33   -2.98     1.26   -0.14   -1.36     2.57     2.03    -1.61    -2.07     2.14     3.54     1.55    -0.65
n_in  947.00  955.00  773.00  545.00  564.00  383.00  1140.00  474.00  721.00  1642.00  5855.00  2800.00  2207.00  3197.00  2331.00  5206.00  3590.00
diff   -1.27   -1.83    1.46   -2.63   -1.97    1.31    -1.85    1.30    0.07    -1.88    -0.97     0.39    -0.02    -1.06    -3.21     1.30     1.35

## SPY < 200d: in-state n 12,569 mean +1.23% | rest n 42,860 mean +0.05% | diff +1.18pp month-clustered t +1.33 | halves -0.74 / +1.67
per year (%):
date    2010     2011   2012  2013  2014    2015    2016  2017    2018    2019     2020  2021     2022    2023  2024     2025    2026
in     -1.09    -2.96  11.22   NaN  7.51   -3.81    2.10   NaN   -4.63    4.37     3.18   NaN    -1.85    4.93   NaN     6.17    7.35
rest    0.56    -2.58   1.74  0.03 -0.03   -2.07   -1.23  0.71   -0.97   -0.80     0.40 -1.36    -3.05    1.14   1.5     1.28   -0.56
n_in  362.00  1021.00   7.00   NaN  1.00  212.00  888.00   NaN  156.00  872.00  2126.00   NaN  4387.00  201.00   NaN  1832.00  504.00
diff   -1.65    -0.37   9.48   NaN  7.55   -1.74    3.33   NaN   -3.66    5.17     2.79   NaN     1.20    3.79   NaN     4.88    7.91

## monthly book: equal-weight mean % of each month's breakouts
unfiltered     months 201 | mean -0.661%/month-trade t -2.84 | max drawdown of cumulative 164.48 | worst month -7.24
skip RED       months 200 | mean -0.788%/month-trade t -3.35 | max drawdown of cumulative 183.23 | worst month -6.78
skip SPY<200   months 187 | mean -0.820%/month-trade t -3.38 | max drawdown of cumulative 173.97 | worst month -9.12
