  IWM gex strikes 2010: 22,685
  IWM gex strikes 2011: 21,087
  IWM gex strikes 2012: 21,094
  IWM gex strikes 2013: 26,726
  IWM gex strikes 2014: 34,496
  IWM gex strikes 2015: 37,204
  IWM gex strikes 2016: 43,623
  IWM gex strikes 2017: 40,957
  IWM gex strikes 2018: 39,193
  IWM gex strikes 2019: 49,790
  IWM gex strikes 2020: 56,606
  IWM gex strikes 2021: 58,690
  IWM gex strikes 2022: 57,799
  IWM gex strikes 2023: 48,776
  IWM gex strikes 2024: 43,671
  IWM gex strikes 2025: 43,068
  IWM gex strikes 2026: 37,334
  IWM puts 2010: 3,273
  IWM puts 2011: 4,592
  IWM puts 2012: 5,038
  IWM puts 2013: 9,007
  IWM puts 2014: 11,721
  IWM puts 2015: 13,717
  IWM puts 2016: 15,010
  IWM puts 2017: 12,403
  IWM puts 2018: 14,292
  IWM puts 2019: 14,659
  IWM puts 2020: 18,315
  IWM puts 2021: 26,462
  IWM puts 2022: 46,638
  IWM puts 2023: 38,981
  IWM puts 2024: 54,110
  IWM puts 2025: 69,926
  IWM puts 2026: 56,958
IWM price jumps > 20% (split check): 0
                 cell   n   years  net_bp  t_net  excess_bp  t_excess   h1   h2  yrs_pos   win   worst
  N10 PRIMARY CALM&G+ 160 2010-26    7.59   3.75       7.98      3.76 5.78 8.87     0.93 95.00 -207.56
     N10 CALM no gate 664 2010-26    7.80   4.49       6.76      4.24 8.42 5.15     0.94 94.58 -833.72
N10 CALM&G- (skipped) 504 2010-26    7.87   3.60       6.38      3.20 8.85 3.24     0.88 94.44 -833.72
          N05 CALM&G+ 160 2010-26    5.10   8.35       5.31      5.45 4.24 5.75     1.00 98.75  -84.92

REPLICATION (IWM, fixed SPY rule): excess +7.98 bp t +3.76, halves +5.78/+8.87 -> REPLICATES
per year excess (primary): {2010: 12.52, 2012: 9.88, 2013: 8.0, 2014: 8.84, 2015: -6.68, 2016: 3.6, 2017: 4.68, 2018: 4.27, 2019: 4.83, 2020: 13.08, 2021: 17.46, 2023: 6.76, 2024: 0.94, 2025: 21.43, 2026: 13.33}
GEX sign coverage: 100% of dates; share positive 16%
