# Kell Wedge Pop -- pre-registered run (see docstring)

## exit EMA20
groups: wedge pops 3602 (1166 names), mean +1.26% (t vs 0 +1.55), win 32%, median ext -0.17 ADR | house bo 41306 mean +0.54% ext +0.33 | structure ctl 11350 mean +0.48% ext -1.85
Q1 vs same-date house breakouts : n  3579 | wedge pop +1.18% vs control +1.56% | diff -0.38pp t -0.28 | halves +0.71/-1.25 (n 1596/1983)
Q2 vs same-date MA-cross-only   : n  3279 | wedge pop +0.88% vs control +0.64% | diff +0.24pp t +0.40 | halves -0.13/+0.51 (n 1397/1882)
Q1 per year:
        n    wp   ctl  diff
date                       
2019   37  5.43  2.76  2.67
2020  629  4.72  3.09  1.63
2021  359 -0.82 -1.50  0.69
2022  571 -3.06 -2.64 -0.42
2023  266  2.10  3.13 -1.03
2024  340  1.09  0.16  0.93
2025  859  3.42  4.97 -1.55
2026  518 -1.45  0.85 -2.30
Q2 per year:
        n    wp   ctl  diff
date                       
2019   27  2.59  1.69  0.90
2020  519  4.95  3.35  1.61
2021  341 -0.97 -0.87 -0.10
2022  510 -3.01 -1.03 -1.98
2023  247  1.96 -0.44  2.40
2024  319  0.60 -1.06  1.67
2025  798  2.73  2.13  0.60
2026  518 -1.45 -0.21 -1.24

## exit EMA10
groups: wedge pops 3602 (1166 names), mean +0.40% (t vs 0 +0.20), win 34%, median ext -0.17 ADR | house bo 41306 mean +0.06% ext +0.33 | structure ctl 11350 mean +0.27% ext -1.85
Q1 vs same-date house breakouts : n  3579 | wedge pop +0.34% vs control +0.69% | diff -0.35pp t -1.02 | halves +0.14/-0.75 (n 1596/1983)
Q2 vs same-date MA-cross-only   : n  3279 | wedge pop +0.28% vs control -0.01% | diff +0.29pp t +0.35 | halves -0.49/+0.87 (n 1397/1882)
Q1 per year:
        n    wp   ctl  diff
date                       
2019   37  1.76  1.60  0.17
2020  629  1.74  1.23  0.51
2021  359 -0.55 -0.79  0.25
2022  571 -2.37 -2.05 -0.32
2023  266  2.61  2.93 -0.31
2024  340 -0.43 -1.36  0.93
2025  859  2.04  2.66 -0.62
2026  518 -1.32  0.97 -2.29
Q2 per year:
        n    wp   ctl  diff
date                       
2019   27  1.61  0.60  1.01
2020  519  2.24  2.32 -0.08
2021  341 -0.59 -0.83  0.24
2022  510 -2.33 -0.86 -1.47
2023  247  2.27 -0.53  2.80
2024  319 -0.28 -1.57  1.28
2025  798  1.65  0.15  1.51
2026  518 -1.32 -0.05 -1.27

## neighbourhood (primary cell Q1-EMA20 and Q2-EMA20; robustness only)
depth=1.0: Q1 n  3855 | wedge pop +1.12% vs control +1.45% | diff -0.33pp t -0.26 | halves +0.76/-1.22 (n 1724/2131)
          Q2 n  3566 | wedge pop +0.80% vs control +0.64% | diff +0.17pp t +0.15 | halves -0.23/+0.47 (n 1538/2028)
depth=3.0: Q1 n  2034 | wedge pop +2.36% vs control +2.59% | diff -0.23pp t -0.17 | halves +0.60/-0.88 (n 885/1149)
          Q2 n  1663 | wedge pop +2.06% vs control +1.75% | diff +0.32pp t +0.26 | halves -1.36/+1.36 (n 636/1027)
span=1.5: Q1 n  2503 | wedge pop +1.59% vs control +1.96% | diff -0.37pp t -0.35 | halves +0.87/-1.32 (n 1084/1419)
          Q2 n  2324 | wedge pop +1.30% vs control +1.11% | diff +0.19pp t +0.30 | halves +0.32/+0.10 (n 938/1386)
span=3.0: Q1 n  3954 | wedge pop +1.29% vs control +1.45% | diff -0.17pp t +0.16 | halves +0.82/-0.97 (n 1776/2178)
          Q2 n  3590 | wedge pop +0.84% vs control +0.61% | diff +0.23pp t +0.91 | halves -0.86/+1.03 (n 1518/2072)
near=0.5: Q1 n  2341 | wedge pop +1.36% vs control +1.84% | diff -0.48pp t -1.75 | halves +0.88/-1.65 (n 1084/1257)
          Q2 n  2152 | wedge pop +1.13% vs control +0.98% | diff +0.15pp t -1.25 | halves -0.64/+0.75 (n 923/1229)
near=1.5: Q1 n  4193 | wedge pop +1.02% vs control +1.41% | diff -0.39pp t -0.55 | halves +0.60/-1.14 (n 1803/2390)
          Q2 n  3841 | wedge pop +0.70% vs control +0.61% | diff +0.09pp t +0.64 | halves +0.02/+0.14 (n 1552/2289)


# harness rows (entry at close, hold 120; R-based)
control = post (9,580 control trades)

=== kell wedge pop (daily) — 3,588 signals, 1163 names, 2019-10-08 -> 2026-09-17 ===
                n  meanR   medR     win    p90      t   ctrl   edge
stop_hold  3588.0  0.441 -1.079  33.222  5.095  1.429  0.554 -0.113
t1R        3588.0 -0.045  1.000  54.013  1.000 -3.187  0.024 -0.069
t2R        3588.0  0.097 -1.036  43.367  2.000 -0.158  0.188 -0.091
trail_bar  3588.0 -0.020 -0.186  36.984  0.991 -1.307  0.013 -0.034
ema20      3588.0  0.072 -0.431  32.274  1.839  0.611  0.068  0.004

by half (n 1612 / 1976):
           <2023-01-01  >=2023-01-01
stop_hold        0.400         0.474
t1R             -0.075        -0.022
t2R              0.072         0.118
trail_bar       -0.068         0.019
ema20           -0.019         0.146

best arm by edge: ema20 | passes the bar (beats control, both halves positive, |t|>=3): no
control = xname (10,764 control trades)

=== kell wedge pop xname (daily) — 3,588 signals, 1163 names, 2019-10-08 -> 2026-09-17 ===
                n  meanR   medR     win    p90      t   ctrl   edge
stop_hold  3588.0  0.441 -1.079  33.222  5.095  1.429  0.462 -0.021
t1R        3588.0 -0.045  1.000  54.013  1.000 -3.187  0.022 -0.068
t2R        3588.0  0.097 -1.036  43.367  2.000 -0.158  0.157 -0.059
trail_bar  3588.0 -0.020 -0.186  36.984  0.991 -1.307  0.026 -0.046
ema20      3588.0  0.072 -0.431  32.274  1.839  0.611  0.057  0.015

by half (n 1612 / 1976):
           <2023-01-01  >=2023-01-01
stop_hold        0.400         0.474
t1R             -0.075        -0.022
t2R              0.072         0.118
trail_bar       -0.068         0.019
ema20           -0.019         0.146

best arm by edge: ema20 | passes the bar (beats control, both halves positive, |t|>=3): no
