 dte  delta    n  long_call_bp  t_long  stock_equiv_bp  excess_net  t_excess  excess_gross     h1     h2  cost_bp
   1   0.05 1506         -0.74   -2.11            0.42       -1.15     -3.10         -0.85  -1.61  -1.00     0.30
   1   0.10 1493         -0.62   -1.22            0.92       -1.54     -2.73         -1.23  -2.49  -1.22     0.31
   1   0.16 1293         -0.13   -0.18            1.28       -1.41     -1.78         -1.09  -2.06  -1.21     0.32
   1   0.20 1214         -0.01   -0.02            2.13       -2.14     -2.55         -1.81  -3.63  -1.69     0.33
   1   0.25 1121          0.24    0.25            2.42       -2.18     -1.96         -1.84  -3.66  -1.71     0.34
   1   0.30 1041          1.91    1.63            2.72       -0.80     -0.74         -0.46  -3.27  -0.04     0.35
   1   0.40  984          2.76    1.74            4.50       -1.74     -1.33         -1.36  -4.38  -0.95     0.38
   1   0.50 1035          4.38    2.06            6.22       -1.84     -1.19         -1.41  -5.44  -0.74     0.42
   7   0.05 1970         -1.44   -3.21            1.32       -2.76     -5.33         -2.43  -3.16  -2.64     0.33
   7   0.10 1988         -0.26   -0.29            2.65       -2.92     -2.94         -2.57  -4.16  -2.53     0.34
   7   0.16 1956          1.36    0.98            4.23       -2.86     -2.05         -2.51  -4.07  -2.50     0.36
   7   0.20 1916          1.93    1.15            5.16       -3.24     -2.04         -2.88  -5.21  -2.68     0.36
   7   0.25 1890          3.45    1.70            6.67       -3.21     -1.89         -2.84  -4.11  -2.96     0.38
   7   0.30 1860          4.64    1.91            8.37       -3.73     -1.94         -3.33  -6.22  -3.05     0.39
   7   0.40 1828          7.51    2.23           11.48       -3.97     -1.85         -3.54  -7.09  -3.10     0.43
   7   0.50 1857          9.34    2.23           13.68       -4.34     -1.97         -3.87  -7.58  -3.45     0.47
  14   0.05 1596         -1.84   -2.90            2.42       -4.25     -4.99         -3.92  -3.58  -4.47     0.33
  14   0.10 1621         -0.75   -0.52            5.12       -5.87     -3.71         -5.52  -4.44  -6.33     0.35
  14   0.16 1622          2.35    0.91            8.24       -5.89     -2.46         -5.51  -4.88  -6.20     0.38
  14   0.20 1637          3.67    1.24            9.83       -6.16     -2.29         -5.77  -5.16  -6.46     0.39
  14   0.25 1653          5.91    1.61           12.54       -6.63     -2.33         -6.21  -6.08  -6.79     0.41
  14   0.30 1680          8.49    2.04           15.37       -6.88     -2.15         -6.45  -7.38  -6.73     0.42
  14   0.40 1728         13.55    2.41           20.34       -6.79     -1.76         -6.33  -9.91  -5.92     0.46
  14   0.50 1747         17.23    2.53           24.34       -7.11     -1.60         -6.57 -10.29  -6.25     0.54
  30   0.05 1259         -2.54   -1.88            5.00       -7.54     -3.76         -7.14  -5.33  -8.47     0.41
  30   0.10 1255          0.66    0.26           10.61       -9.95     -2.80         -9.51  -7.00 -11.19     0.45
  30   0.16 1246          5.49    1.23           16.54      -11.06     -2.06        -10.56  -8.49 -12.12     0.50
  30   0.20 1240          9.21    1.68           19.83      -10.63     -1.65        -10.10 -10.85 -10.54     0.52
  30   0.25 1244         16.10    2.36           26.12      -10.01     -1.31         -9.45  -9.92 -10.05     0.56
  30   0.30 1244         20.48    2.49           29.90       -9.43     -1.08         -8.84 -11.24  -8.66     0.58
  30   0.40 1241         31.67    2.87           39.71       -8.04     -0.80         -7.40 -14.53  -5.34     0.64
  30   0.50 1248         44.72    3.19           51.92       -7.20     -0.65         -6.48 -14.58  -4.15     0.72
  45   0.05  712         -4.35   -2.55            6.62      -10.98     -4.85        -10.50  -9.25 -12.03     0.47
  45   0.10  719         -3.55   -1.07           13.71      -17.26     -4.42        -16.74 -14.08 -19.24     0.52
  45   0.16  714          2.33    0.40           22.29      -19.96     -3.63        -19.29 -16.12 -22.34     0.67
  45   0.20  717          9.04    1.24           27.54      -18.51     -2.97        -17.89 -16.48 -19.78     0.62
  45   0.25  715         15.70    1.69           33.96      -18.26     -2.55        -17.52 -18.15 -18.33     0.74
  45   0.30  718         24.58    2.17           41.44      -16.86     -2.10        -16.18 -17.10 -16.71     0.68
  45   0.40  721         36.44    2.40           55.24      -18.80     -1.98        -17.95 -19.91 -18.13     0.85
  45   0.50  726         48.66    2.55           68.70      -20.04     -1.90        -19.16 -20.27 -19.90     0.88

== carry-adjusted: stock leg = delta x (price return + q*T - r*T), q = 1.8%, r = 13-week T-bill ==
 dte  delta  excess_adj     t     h1     h2  low_rate  high_rate  n_high
   7   0.05       -2.72 -5.26  -3.33  -2.54     -2.69      -2.78     779
   7   0.10       -2.84 -2.87  -4.50  -2.32     -2.52      -3.31     792
   7   0.16       -2.73 -1.96  -4.62  -2.15     -2.04      -3.74     791
   7   0.20       -3.05 -1.92  -5.91  -2.24     -2.04      -4.48     792
   7   0.25       -2.98 -1.76  -4.98  -2.41     -1.94      -4.42     792
   7   0.30       -3.43 -1.79  -7.27  -2.39     -2.29      -4.99     782
   7   0.40       -3.58 -1.68  -8.50  -2.22     -2.34      -5.31     764
   7   0.50       -3.86 -1.77  -9.33  -2.36     -2.49      -5.80     771
  30   0.05       -7.70 -3.82  -5.97  -8.43     -6.87     -11.87     209
  30   0.10      -10.28 -2.88  -8.29 -11.11     -8.73     -17.95     210
  30   0.16      -11.56 -2.14 -10.57 -11.96     -9.24     -22.96     210
  30   0.20      -11.24 -1.73 -13.46 -10.32     -8.76     -23.41     210
  30   0.25      -10.79 -1.40 -13.19  -9.80     -7.96     -24.81     209
  30   0.30      -10.35 -1.17 -15.14  -8.32     -7.38     -25.01     210
  30   0.40       -9.28 -0.91 -19.75  -4.92     -6.15     -24.66     210
  30   0.50       -8.73 -0.78 -21.12  -3.61     -5.16     -26.37     210
  45   0.05      -11.05 -4.86 -10.20 -11.57    -11.17     -10.70     186
  45   0.10      -17.45 -4.44 -16.03 -18.33    -17.16     -18.28     186
  45   0.16      -20.26 -3.66 -19.26 -20.87    -19.24     -23.19     184
  45   0.20      -18.88 -3.00 -20.38 -17.95    -18.64     -19.60     185
  45   0.25      -18.70 -2.58 -23.05 -16.03    -18.93     -18.03     186
  45   0.30      -17.41 -2.14 -22.95 -13.93    -17.72     -16.53     186
  45   0.40      -19.45 -2.02 -27.74 -14.37    -18.50     -22.12     190
  45   0.50      -20.89 -1.97 -30.06 -15.20    -19.24     -25.51     191
