# Loss-limit ARM 0 (pre-registration in the docstring)
fills 2,835, sessions 41 (2026-08-03 -> 2026-09-29); episodes 608 (carried-in 23), still open 55
scored episodes 585; win 30.6%, mean $-8.9, total $-5,229
k distribution (same-session consecutive prior losses): k; 0     210; 1     147; 2      92; 3      61; 4      29; 5      17; 6      15; 7       7; 8       3; 10      4

## (a) outcome after k same-session consecutive losses vs k = 0 same session (paired, t by session)
cell metric  sessions   n   diff     t  uncond_cond  uncond_k0
k>=1    pnl        34 364 13.173 0.802       -3.293    -19.019
k>=1    win        34 364  0.112 2.409        0.325      0.271
k>=2    pnl        32 221 12.096 0.600        4.098    -19.019
k>=2    win        32 221  0.102 2.023        0.325      0.271
k>=3    pnl        27 130 37.792 0.810      -10.209    -19.019
k>=3    win        27 130  0.157 2.341        0.301      0.271

## (b) size relative to his own median notional (per asset class)
cell  sessions   n  diff     t  med_cond  med_k0
k>=1        34 364 0.184 1.239     1.072   0.931
k>=2        32 221 0.197 1.402     1.172   0.931
k>=3        27 130 0.372 1.659     1.192   0.931

## (c) stock episodes: move to exit in ADR units
k>=1: losing stock episodes 151, median loss -0.15 ADR, past the 1-ADR disaster stop 2.0%
k=0: losing stock episodes 91, median loss -0.20 ADR, past the 1-ADR disaster stop 2.2%
(stock episodes with ADR 332 of 379)

## (d) daily loss limits on cumulative realized P&L (realized only)
 limit  breach_sessions  rest_of_day_mean  rest_neg_share  close_le_2x_share  half_touch_sessions  half_rest_mean  half_rest_neg_share
  $500               27             101.4            44.4               25.9                    5          1159.4                  0.0
 $1000               12             173.3            33.3               25.0                   15           498.2                 33.3
1% NAV               16              88.8            37.5               25.0                   12           684.7                 33.3

## (e) opened after 11:00 ET vs 09:30-11:00, same session paired
pnl: {'sessions': 36, 'n': 312, 'diff': np.float64(-18.371881596229514), 't': np.float64(-0.7122800841081873)}  | late n 322 mean -1.842, early n 263 mean -17.627
win: {'sessions': 36, 'n': 312, 'diff': np.float64(-0.00943838926811063), 't': np.float64(-0.14022381789610375)}  | late n 322 mean 0.329, early n 263 mean 0.278

PRIMARY k>=2 minus k=0 same session ($ P&L): +12.1 t +0.60 (221 episodes, 32 sessions)
