# 12-1 momentum screener -- 2026-09-24 -- PREVIEW (not a completed month-end; nothing logged)
universe 1324 eligible (px >= $5, ADDV >= $50M, 252 sessions); top decile 133, top quintile 265; excluded for a >45% day: 32
rank ticker      12-1     close  ADDV $M  bucket
   1 AXTI    +1305.2%     75.90      688  D1
   2 SNDK    +1291.7%   1753.62    20458  D1
   3 SLS      +728.8%     11.98       87  D1
   4 SYRE     +570.2%     87.09      104  D1
   5 ORKA     +554.4%     85.49       86  D1
   6 MU       +460.6%   1080.53    30770  D1
   7 TWST     +447.8%    184.03      225  D1
   8 LITE     +440.0%    929.04     4039  D1
   9 TXG      +418.2%     84.11      179  D1
  10 RVMD     +378.2%    199.86      380  D1
  11 RLAY     +362.2%     17.73       53  D1
  12 WDC      +308.8%    450.31     3510  D1
  13 IOVA     +307.7%     10.80      122  D1
  14 VICR     +261.6%    276.06      196  D1
  15 STX      +260.2%    905.92     3875  D1
  16 DELL     +236.1%    536.02     3792  D1
  17 CDNA     +226.3%     61.37       60  D1
  18 NESR     +222.5%     32.77       61  D1
  19 MRVL     +222.1%    258.95     4945  D1
  20 ALM      +218.2%     12.40      100  D1
  21 IBRX     +216.2%      8.64       74  D1
  22 LQDA     +214.0%     70.95      107  D1
  23 ICHR     +211.1%     56.47       54  D1
  24 TSEM     +210.4%    217.28      422  D1
  25 DOCN     +204.6%    141.57      374  D1
  26 VIAV     +203.9%     37.23      186  D1
  27 INTC     +198.2%    127.39    10881  D1
  28 AMD      +197.8%    629.26    12193  D1
  29 DNTH     +196.0%     90.71       83  D1
  30 EWTX     +193.0%     41.16       55  D1
  31 FORM     +190.4%    129.04      136  D1
  32 AXGN     +188.6%     43.32       50  D1
  33 AEHR     +184.2%     97.42      260  D1
  34 PSNL     +182.3%     16.57       56  D1
  35 BE       +181.0%    266.65     3669  D1
  36 CIEN     +177.9%    358.43      885  D1
  37 SPHR     +177.7%    138.44      101  D1
  38 TVTX     +176.6%     60.62       95  D1
  39 GH       +176.2%    176.45      330  D1
  40 ATI      +175.6%    186.21      351  D1
  41 ARWR     +173.5%     66.07      151  D1
  42 TER      +172.1%    387.70     1094  D1
  43 IRDM     +165.7%     48.89       55  D1
  44 COHR     +163.6%    290.61     1971  D1
  45 AUGO     +157.6%     83.07       76  D1
  46 UCTT     +156.4%     76.52       88  D1
  47 ABCL     +155.1%     12.65       67  D1
  48 CLMT     +154.1%     53.85       65  D1
  49 KYMR     +148.9%    115.81       78  D1
  50 ROIV     +147.4%     36.13      277  D1
  51 VSAT     +143.2%     73.72      144  D1
  52 HUT      +141.4%    101.54      453  D1
  53 AMAT     +139.0%    474.25     3533  D1
  54 LRCX     +138.5%    307.16     2904  D1
  55 PTGX     +131.5%    137.34       82  D1
  56 LFST     +129.5%     11.80       56  D1
  57 HBM      +129.1%     26.48      118  D1
  58 ILMN     +126.4%    273.90      584  D1
  59 GSAT     +124.1%     82.46       67  D1
  60 COHU     +122.2%     63.70       53  D1
  61 TWLO     +116.5%    299.66      525  D1
  62 HPE      +116.4%     63.52     1116  D1
  63 KRYS     +115.9%    344.96      134  D1
  64 CGON     +115.1%     68.76       62  D1
  65 RNG      +114.8%     79.82      120  D1
  66 GKOS     +114.2%    154.88      135  D1
  67 HAE      +113.9%    106.00       69  D1
  68 ONTO     +113.3%    279.73      290  D1
  69 FCEL     +112.4%     16.39      154  D1
  70 MATX     +111.6%    224.82       65  D1
  71 MKSI     +110.5%    257.98      402  D1
  72 PTEN     +109.8%     11.18       96  D1
  73 PBF      +109.5%     71.90      242  D1
  74 MRX      +108.6%     72.69       51  D1
  75 CAKE     +108.5%    105.05      178  D1
  76 SMTC     +108.1%    174.50      430  D1
  77 MTSI     +106.7%    284.94      383  D1
  78 NBIS     +105.9%    243.48     4643  D1
  79 VSH      +105.9%     31.80      144  D1
  80 INSW     +104.9%    104.85       62  D1
  81 MT       +104.8%     71.30       97  D1
  82 DK       +104.7%     66.91      134  D1
  83 SCCO     +104.7%    201.58      224  D1
  84 ACMR     +104.6%     76.18       79  D1
  85 BTSG     +104.5%     56.02      212  D1
  86 CRS      +103.4%    400.85      369  D1
  87 JAZZ     +101.1%    236.28      217  D1
  88 VLO       +99.8%    382.86     1077  D1
  89 DYN       +99.7%     16.51       63  D1
  90 KLIC      +98.7%     88.47       78  D1
  91 JBHT      +98.7%    229.15      276  D1
  92 TTMI      +98.6%    126.98      314  D1
  93 DAR       +98.5%     61.74      156  D1
  94 CNC       +98.5%     61.92      306  D1
  95 PARR      +98.2%     76.77       80  D1
  96 CRL       +98.1%    294.44      255  D1
  97 OII       +96.9%     46.67       50  D1
  98 MRK       +95.7%    147.98     1442  D1
  99 MTRN      +95.5%    256.14       79  D1
 100 POWL      +95.3%    191.62      130  D1
 101 NTRA      +94.8%    408.79      433  D1
 102 FIX       +94.2%   1643.39      711  D1
 103 ENVA      +94.2%    171.90       80  D1
 104 LNTH      +93.8%     99.72      146  D1
 105 HP        +93.0%     39.82       51  D1
 106 TIGO      +89.4%     91.00      106  D1
 107 FTI       +88.8%     70.95      229  D1
 108 MSGS      +88.5%    402.50       94  D1
 109 ADPT      +88.4%     29.57       59  D1
 110 TGT       +87.8%    156.15      613  D1
 111 GTX       +87.8%     25.30       73  D1
 112 HL        +87.3%     17.94      703  D1
 113 MOG.A     +87.1%    382.75      105  D1
 114 SITM      +86.8%    643.24      280  D1
 115 VIRT      +86.2%     52.66       74  D1
 116 MPC       +85.9%    390.95      962  D1
 117 TECK      +85.4%     66.51      199  D1
 118 IAG       +84.6%     19.36      105  D1
 119 PCVX      +84.3%     56.90       65  D1
 120 FLEX      +84.1%    112.40      441  D1
 121 NUE       +83.0%    247.96      355  D1
 122 PENG      +82.7%     53.08      107  D1
 123 BB        +82.4%      8.73      112  D1
 124 GLW       +81.7%    154.15     1653  D1
 125 CHEF      +81.2%    110.36       76  D1
 126 FRO       +80.9%     47.97      123  D1
 127 NVTS      +80.8%     11.84      159  D1
 128 FTNT      +80.2%    178.67      790  D1
 129 AG        +80.0%     18.76      189  D1
 130 KEYS      +79.9%    357.54      409  D1
 131 VRT       +79.3%    245.30     1446  D1
 132 EAT       +79.3%    206.71      264  D1
 133 PSX       +79.1%    255.87      698  D1
 134 PL        +78.8%     17.62      171  Q1
 135 FROG      +78.2%     94.20      185  Q1
 136 AU        +77.7%     98.49      271  Q1
 137 ALKS      +77.3%     40.79       83  Q1
 138 CVE       +77.3%     31.28      214  Q1
 139 DINO      +76.6%    105.79      278  Q1
 140 BFH       +76.3%    101.56       59  Q1
 141 FCX       +76.2%     72.08      944  Q1
 142 ENS       +76.1%    177.13       98  Q1
 143 CELC      +75.8%     79.37       87  Q1
 144 VTRS      +74.2%     17.42      156  Q1
 145 OSCR      +74.2%     28.87      166  Q1
 146 AXSM      +73.9%    196.03      141  Q1
 147 KNX       +73.6%     65.50      256  Q1
 148 VCTR      +73.1%    106.10       71  Q1
 149 AIR       +72.8%    120.56       57  Q1
 150 SRRK      +72.6%     48.61       78  Q1
 151 STM       +72.6%     51.58      501  Q1
 152 UNF       +72.4%    257.86       67  Q1
 153 APA       +72.4%     43.68      230  Q1
 154 CAT       +72.2%    805.25     2278  Q1
 155 LGN       +71.4%     52.45       70  Q1
 156 COKE      +71.3%    189.65       96  Q1
 157 PR        +71.3%     21.85      216  Q1
 158 RPRX      +71.3%     58.29      177  Q1
 159 KLAC      +71.2%    187.11     1998  Q1
 160 STT       +70.8%    181.09      346  Q1
 161 BRKR      +70.7%     64.00      131  Q1
 162 BELFB     +70.4%    250.96       53  Q1
 163 VAL       +69.8%     81.79       95  Q1
 164 SSRM      +69.7%     35.82       91  Q1
 165 HCC       +69.6%     88.95       59  Q1
 166 DIOD      +69.4%     94.74       56  Q1
 167 STLD      +69.1%    235.20      281  Q1
 168 AGX       +68.9%    361.06      180  Q1
 169 TRGP      +68.6%    283.15      342  Q1
 170 EGO       +68.3%     42.13      114  Q1
 171 KGS       +68.1%     52.81      108  Q1
 172 SN        +67.6%    176.94      324  Q1
 173 FIVE      +67.5%    222.38      268  Q1
 174 ARW       +67.3%    227.33      120  Q1
 175 PANW      +67.2%    389.92     2250  Q1
 176 TDW       +67.1%     86.82       54  Q1
 177 MAN       +66.3%     57.02       62  Q1
 178 ALB       +66.2%    108.25      296  Q1
 179 PLXS      +65.8%    261.61       67  Q1
 180 CLBK      +65.7%     11.26       80  Q1
 181 ROST      +65.6%    235.40      562  Q1
 182 SNX       +65.5%    259.47      200  Q1
 183 WHD       +65.4%     65.20       52  Q1
 184 IMAX      +65.2%     55.16       64  Q1
 185 AVT       +65.2%    100.91      114  Q1
 186 LLY       +65.2%   1181.89     3000  Q1
 187 LGND      +65.1%    299.04       71  Q1
 188 AMKR      +64.6%     52.69      259  Q1
 189 CENX      +64.6%     38.12       85  Q1
 190 CSCO      +64.5%    106.97     2226  Q1
 191 WT        +64.5%     23.99       60  Q1
 192 OUT       +63.3%     27.93       52  Q1
 193 SNEX      +62.9%     69.52       67  Q1
 194 SANM      +62.7%    221.88      140  Q1
 195 AA        +62.6%     42.68      228  Q1
 196 RIG       +62.4%      5.43      240  Q1
 197 DDOG      +62.2%    256.92     1041  Q1
 198 NE        +62.0%     43.74       59  Q1
 199 XMTR      +61.9%     97.38       70  Q1
 200 IESC      +61.7%    320.50      112  Q1
 201 ROKU      +61.4%    153.33      361  Q1
 202 MYRG      +61.4%    295.18       95  Q1
 203 WCC       +61.3%    361.33      197  Q1
 204 VAC       +60.7%    100.75       54  Q1
 205 LUNR      +60.2%     15.70      138  Q1
 206 NEM       +59.6%    121.30      901  Q1
 207 CYTK      +59.5%     65.66      141  Q1
 208 LTH       +59.5%     39.86      134  Q1
 209 TKR       +59.4%    117.19      120  Q1
 210 KEX       +59.3%    130.31       67  Q1
 211 BIIB      +58.5%    226.36      197  Q1
 212 RELY      +57.8%     21.16       88  Q1
 213 CROX      +57.2%    123.44      133  Q1
 214 JHX       +57.0%     26.10      264  Q1
 215 BBIO      +56.1%     66.28      178  Q1
 216 CXW       +56.1%     34.36       54  Q1
 217 LSCC      +56.1%    122.22      212  Q1
 218 EXPD      +56.1%    183.66      194  Q1
 219 AEIS      +56.0%    278.03      181  Q1
 220 TGTX      +55.8%     57.52      112  Q1
 221 ARMK      +55.6%     54.32      144  Q1
 222 INDV      +55.1%     36.00       81  Q1
 223 NVT       +55.0%    162.88      357  Q1
 224 PWR       +55.0%    643.50      676  Q1
 225 JNJ       +54.7%    270.68     1837  Q1
 226 SLB       +54.5%     51.43      676  Q1
 227 SU        +54.4%     68.65      292  Q1
 228 LFUS      +54.4%    421.16      114  Q1
 229 COCO      +54.3%     59.17       76  Q1
 230 CNQ       +54.3%     47.93      321  Q1
 231 ABNB      +54.3%    151.39      840  Q1
 232 ATKR      +54.2%     94.54       89  Q1
 233 FCFS      +54.2%    216.40       94  Q1
 234 AMGN      +54.2%    406.04     1125  Q1
 235 OVV       +53.9%     60.51      218  Q1
 236 CAH       +53.9%    222.62      434  Q1
 237 INCY      +53.4%    124.44      198  Q1
 238 CRWD      +53.2%    259.67     2154  Q1
 239 FRPT      +53.1%     58.31       82  Q1
 240 EXPE      +52.8%    261.75      547  Q1
 241 WAB       +52.7%    290.23      273  Q1
 242 NOV       +52.6%     19.90       68  Q1
 243 WPM       +52.1%    143.88      284  Q1
 244 NTAP      +51.8%    197.24      453  Q1
 245 ACA       +51.5%    146.52       97  Q1
 246 ADI       +51.4%    382.61     1391  Q1
 247 HXL       +51.3%     85.45       92  Q1
 248 BMY       +51.2%     61.50      697  Q1
 249 TD        +51.2%    119.26      247  Q1
 250 CSX       +51.2%     46.95      584  Q1
 251 MNST      +51.1%     42.67      492  Q1
 252 GEO       +51.1%     31.96       64  Q1
 253 DAVE      +51.0%    331.45      150  Q1
 254 AMG       +51.0%    370.71      100  Q1
 255 HUM       +50.9%    380.32      453  Q1
 256 HNGE      +50.7%     91.98      161  Q1
 257 LBRT      +50.7%     18.24       88  Q1
 258 ALSN      +50.6%    112.74      102  Q1
 259 VIK       +50.6%     79.52      317  Q1
 260 DHT       +50.4%     21.68       68  Q1
 261 IBKR      +49.9%     89.82      390  Q1
 262 CASY      +49.7%    598.85      340  Q1
 263 ASH       +49.4%     69.10       50  Q1
 264 BWA       +48.9%     58.48      144  Q1
 265 COMP      +48.6%      9.29      138  Q1
split-adjusted here (missed in the matrix): 100 -- RPGL 2026-09-24 1:16, KITT 2026-09-24 1:6, IBO 2026-09-22 1:12.62, WHLR 2026-09-21 1:9, UZX 2026-09-21 1:23, EPOW 2026-09-17 1:25, MGN 2026-09-16 1:30, JAGX 2026-09-16 1:15, MPU 2026-09-15 1:20, IZM 2026-09-14 1:5, OPTT 2026-09-14 1:30, NXXT 2026-09-14 1:10, NRSN 2026-09-14 1:20, IPDN 2026-09-14 1:30, HUBC 2026-09-14 1:25, CPOP 2026-09-14 1:15, GOSS 2026-09-10 1:80, GAUZ 2026-09-10 1:20, LGHL 2026-09-09 1:20, LFT 2026-09-09 1:10, UCAR 2026-09-08 1:20, ALP 2026-09-08 1:50, WCT 2026-09-08 1:5, TNMG 2026-09-08 1:8, LRHC 2026-09-08 1:6, GTBP 2026-09-08 1:25, CTSO 2026-09-08 1:20, BRTX 2026-09-08 1:20, CLGN 2026-09-03 1:10, APH 2026-09-02 2:1, RUSHB 2026-08-31 3:2, RUSHA 2026-08-31 3:2, NIVF 2026-08-31 1:3, LGCL 2026-08-31 1:125, KAPA 2026-08-31 1:7, FGL 2026-08-31 1:100, FEED 2026-08-31 1:12, VEEA 2026-08-31 1:20, TPET 2026-08-31 1:9, OMH 2026-08-31 1:50, NXL 2026-08-31 1:30, HCWC 2026-08-31 1:35, GCTK 2026-08-31 1:15, FTFT 2026-08-31 1:4, CALC 2026-08-31 1:5, ARTL 2026-08-31 1:9, CYCU 2026-08-27 1:8, WHLR 2026-08-26 1:4, LGVN 2026-08-26 1:10, IMCC 2026-08-26 1:30, VMAR 2026-08-25 1:10, REAX 2026-08-24 1:10, VCIG 2026-08-24 1:15, SKYE 2026-08-24 1:8, IESC 2026-08-24 2:1, GAME 2026-08-24 1:8, BRCC 2026-08-24 1:10, BIAF 2026-08-24 1:15, SFBS 2026-08-20 2:1, LIMN 2026-08-20 1:50, ELAB 2026-08-20 1:10, NRDY 2026-08-18 1:15, GLMD 2026-08-18 1:8, RCON 2026-08-17 1:200, YYAI 2026-08-17 1:20, HAO 2026-08-13 1:20, BYND 2026-08-13 1:30, SMXT 2026-08-12 1:12, MYSZ 2026-08-12 1:8, MBAI 2026-08-11 1:7, KIDZ 2026-08-12 1:15, BNRG 2026-08-12 1:6, MSGY 2026-08-10 1:8, MNST 2026-08-10 2:1, SXTC 2026-08-10 1:80, ONFO 2026-08-10 1:50, NXTT 2026-08-10 1:100, ELPW 2026-08-10 1:45, JUNS 2026-08-06 1:75, IPW 2026-08-06 1:9, SUGP 2026-08-05 1:5, GRNQ 2026-08-05 1:10, BYAH 2026-08-05 1:8, AEMD 2026-08-03 1:5, TOP 2026-08-03 1:5, SEGG 2026-08-03 1:7, MVIS 2026-08-03 1:15, LBGJ 2026-08-03 1:200, OFAL 2026-07-30 1:10, CSAI 2026-07-30 1:30, YAAS 2026-07-29 1:5, WHLR 2026-07-27 1:5, VYNE 2026-07-27 1:50, SGLY 2026-07-27 1:14, FFAI 2026-07-23 1:150, DBGI 2026-07-23 1:40, APUS 2026-07-23 1:10, MSS 2026-07-21 1:5, CLBK 2026-07-21 2.2:1, BVC 2026-01-05 1:10
excluded (>45% day in window): AAOI, AMLX, ASST, BAND, BFLY, CAR, COGT, CORT, CRML, DBRG, ELVN, ERAS, FSLY, INOD, KD, LRN, MRNA, MXL, NKTR, POET, PRAX, PRIM, QURE, SLAB, STRL, TNGX, UMAC, UTZ, VRNS, WGS, WOLF, XENE
equal weight across the top decile: 1/133 = 0.75% of the sleeve per name
