# Vol-scaled 12-1 momentum (pre-registration in the docstring)
window 2011-02 -> 2026-01 (180 months); mean PRIMARY weight 0.87, min 0.40; months at w < 0.75: 25%
                              mean     vol  sharpe   maxDD  worst5    cagr
UNSCALED (sleeve as tested)  1.648  22.787   0.868  28.327 -14.509  18.650
VOLSCALED cap 1.0 *PRIMARY*  1.217  19.148   0.763  28.327 -13.517  13.554
STATIC w = 0.87 (control)    1.430  19.780   0.868  24.911 -12.594  16.352
[expl] VOLSCALED cap 1.5     1.283  20.315   0.758  28.327 -14.694  14.183
[expl] DM bear state         1.495  21.338   0.841  28.327 -14.330  16.869

PRIMARY - STATIC: dSharpe -0.105  95% block-bootstrap [-0.245, +0.055]
PRIMARY - UNSCALED: dSharpe -0.105  [-0.245, +0.055]
  2019-09: unscaled -9.9%  primary -9.9% (w 1.00)  static -8.6%
  2020-03: unscaled -18.9%  primary -18.6% (w 0.98)  static -16.4%
  2020-04: unscaled +23.7%  primary +10.5% (w 0.44)  static +20.5%
  2020-11: unscaled +17.2%  primary +13.6% (w 0.79)  static +14.9%
  2021-02: unscaled +2.2%  primary +1.5% (w 0.69)  static +2.0%
  2022-01: unscaled -6.3%  primary -4.1% (w 0.66)  static -5.5%

annual return %:
month     2011  2012  2013  2014  2015  2016  2017  2018  2019  2020  2021  2022  2023  2024  2025  2026
unscaled -11.3  27.7  48.3  12.5  -1.7   1.3  30.5  -6.7  37.8  52.6  12.8   1.6  16.4  35.7  37.0   8.8
primary  -11.3  26.4  47.9  10.9  -1.7   1.0  30.5  -6.1  30.0  10.3   8.9   1.5  16.0  31.2  16.6   6.9
static    -9.5  23.8  41.1  11.0  -1.3   1.3  26.1  -5.6  32.4  45.6  11.2   1.9  14.5  30.9  31.8   7.6

PRIMARY weight at each year-end: 2011:1.00 2012:1.00 2013:0.91 2014:1.00 2015:1.00 2016:1.00 2017:1.00 2018:0.85 2019:1.00 2020:0.71 2021:0.72 2022:0.63 2023:0.96 2024:0.80 2025:0.82 2026:0.79

BAR vs STATIC: (i) dSharpe>0 & CI>0 False | (ii) maxDD 28.3 vs 24.9 False | (iii) worst-5 -13.52 vs -12.59 False  ->  VERDICT: NULL
