# 12-1 momentum portfolio (pre-registration in the docstring)

## PRIMARY chain_spot (incl. delisted) top decile 12-1: 180 months, ~84 of 837 names, turnover 31%/mo
  momentum +1.65%/mo vs EW universe +0.98% vs SPY +1.17% | excess +0.67pp t_NW +2.93 | halves +0.38 / +0.92 | years + 12/16 | beta on EW 1.11, alpha +0.56pp t +2.49
  max drawdown: portfolio 28.3%, excess 17.6pp | worst 5 excess months: 2019-09: -12.2, 2023-01: -9.1, 2021-03: -8.0, 2014-04: -6.1, 2022-11: -6.1
  excess by year: 2011:-1.0 2012:+9.3 2013:+14.1 2014:+5.8 2015:+6.4 2016:-11.6 2017:+8.1 2018:+6.2 2019:+7.1 2020:+21.8 2021:-6.1 2022:+21.8 2023:-4.5 2024:+23.6 2025:+13.5 2026:+5.7  -> fail

## chain_spot top quintile 12-1: 180 months, ~168 of 837 names, turnover 28%/mo
  momentum +1.40%/mo vs EW universe +0.98% vs SPY +1.17% | excess +0.42pp t_NW +2.64 | halves +0.29 / +0.53 | years + 14/16 | beta on EW 0.98, alpha +0.44pp t +2.77
  max drawdown: portfolio 25.3%, excess 14.0pp | worst 5 excess months: 2023-01: -8.2, 2019-09: -7.3, 2021-03: -6.8, 2012-01: -4.3, 2022-11: -4.1
  excess by year: 2011:+1.7 2012:+3.1 2013:+10.2 2014:+2.2 2015:+9.0 2016:-8.5 2017:+6.1 2018:+6.8 2019:+2.2 2020:+12.0 2021:+0.2 2022:+11.8 2023:-7.0 2024:+11.4 2025:+8.9 2026:+5.1  -> fail

## chain_spot top decile 6-1: 180 months, ~88 of 872 names, turnover 44%/mo
  momentum +1.46%/mo vs EW universe +0.98% vs SPY +1.17% | excess +0.47pp t_NW +2.08 | halves +0.33 / +0.59 | years + 13/16 | beta on EW 1.10, alpha +0.38pp t +1.71
  max drawdown: portfolio 31.4%, excess 23.0pp | worst 5 excess months: 2019-09: -11.1, 2025-11: -9.4, 2025-03: -8.3, 2021-12: -7.5, 2011-10: -7.3
  excess by year: 2011:-3.2 2012:+2.4 2013:+14.6 2014:+4.2 2015:+6.1 2016:+0.0 2017:+3.4 2018:+11.2 2019:+1.3 2020:+19.5 2021:-3.2 2022:+10.9 2023:-6.4 2024:+17.8 2025:+0.9 2026:+5.4  -> fail

## SECONDARY survivor panel top decile 12-1: 180 months, ~62 of 613 names, turnover 29%/mo
  momentum +1.70%/mo vs EW universe +1.16% vs SPY +1.17% | excess +0.54pp t_NW +2.34 | halves -0.00 / +1.01 | years + 12/16 | beta on EW 1.14, alpha +0.39pp t +1.72
  max drawdown: portfolio 26.3%, excess 17.5pp | worst 5 excess months: 2019-09: -10.1, 2021-03: -8.5, 2023-01: -7.3, 2018-10: -6.5, 2025-11: -6.4
  excess by year: 2011:-8.4 2012:+8.2 2013:+5.6 2014:-2.3 2015:+6.3 2016:-10.5 2017:+0.8 2018:+5.7 2019:+6.1 2020:+32.1 2021:+0.6 2022:+15.0 2023:-1.9 2024:+18.4 2025:+18.1 2026:+3.9  -> fail

## METHOD CHECK: chain_spot top decile on panel names vs the panel's own: monthly corr 0.96 over 180 months (OK)

## [exploratory] momentum only while SPY > 200d at formation: invested 84% of months

## EXPLORATORY chain_spot top decile 12-1 + SPY 200d trend: 180 months, ~84 of 837 names, turnover 31%/mo
  momentum +1.22%/mo vs EW universe +0.98% vs SPY +1.17% | excess +0.24pp t_NW +0.91 | halves +0.52 / +0.01 | years + 11/16 | beta on EW 0.59, alpha +0.64pp t +2.33
  max drawdown: portfolio 28.0%, excess 39.6pp | worst 5 excess months: 2020-04: -17.4, 2011-10: -14.6, 2019-09: -12.2, 2019-01: -11.2, 2023-01: -10.9
  excess by year: 2011:+5.0 2012:+9.3 2013:+14.1 2014:+5.8 2015:+7.1 2016:-6.4 2017:+8.1 2018:+7.3 2019:-18.9 2020:+10.5 2021:-6.1 2022:+2.5 2023:-23.2 2024:+23.6 2025:-0.7 2026:+5.7  -> fail

                                               cell  months  mom_mo  ew_mo  spy_mo  excess  t_nw     h1    h2 yrs_pos  beta_ew  alpha_mo  t_alpha  maxDD  excess_maxDD  turnover   n_mom  n_univ  PASS
PRIMARY chain_spot (incl. delisted) top decile 12-1     180   1.648  0.980   1.171   0.668 2.931  0.375 0.918   12/16    1.108     0.562    2.490 28.327        17.637     0.312  84.172 837.411 False
                       chain_spot top quintile 12-1     180   1.396  0.980   1.171   0.416 2.644  0.285 0.528   14/16    0.981     0.435    2.768 25.295        13.978     0.277 167.906 837.411 False
                          chain_spot top decile 6-1     180   1.456  0.984   1.171   0.472 2.084  0.333 0.591   13/16    1.098     0.376    1.714 31.444        23.039     0.441  87.650 871.539 False
           SECONDARY survivor panel top decile 12-1     180   1.702  1.158   1.171   0.543 2.340 -0.003 1.011   12/16    1.136     0.386    1.724 26.271        17.476     0.290  61.711 612.544 False

VERDICT (PRIMARY): fail -- excess +0.67pp/mo t_NW +2.93
