hold 20: 19,659 de-clustered breakouts, 1461 names, 2009-02-13 -> 2026-08-21
hold 5: 19,788 de-clustered breakouts, 1465 names, 2009-02-13 -> 2026-09-14
hold 60: 18,812 de-clustered breakouts, 1418 names, 2009-02-13 -> 2026-06-26

                 cell  events  names  months    bot    mid    top  top_minus_bot_pp      t  h1_pp  h2_pp  TR_coef_pp  TR_t_ctrl    D_t  mom_t  D_sort_pp  D_sort_t
h20 PRIMARY k0=5 n>=3   15543   1092     199 -0.068  0.260 -0.162            -0.392 -1.129 -0.884  0.058       0.132      0.594 -1.141  0.788     -0.430    -1.155
        h20 k0=0 n>=3   15543   1092     199 -0.026  0.203 -0.147            -0.304 -0.871 -0.753  0.107       0.261      1.164 -1.369  0.761     -0.430    -1.155
       h20 k0=20 n>=3   15543   1092     199  0.037 -0.006 -0.001            -0.412 -1.186 -0.965  0.092      -0.001     -0.006 -0.873  0.786     -0.430    -1.155
        h20 k0=5 n>=6   12509    859     188  0.026  0.233 -0.387            -0.500 -1.342 -1.212  0.074      -0.083     -0.379 -1.012  0.651     -0.084    -0.205
         h5 k0=5 n>=3   15796   1112     200  0.098  0.057 -0.166            -0.140 -0.695 -0.086 -0.188       0.005      0.069 -1.122  1.318      0.018     0.091
        h60 k0=5 n>=3   14232   1005     193  0.462 -0.162 -0.638            -0.727 -1.004 -0.561 -0.875      -0.264     -0.824 -0.125  0.873      0.179     0.234

PRIMARY per-year top-minus-bottom (pp, months):
       mean  size
date             
2009 -0.299     7
2010 -0.218    12
2011 -1.295    12
2012 -1.950    12
2013  0.782    11
2014 -0.705     9
2015 -2.703     9
2016  0.097    12
2017 -1.765    11
2018 -0.663    12
2019  0.929    12
2020  0.666    12
2021 -2.203    12
2022 -0.099    12
2023  1.081    12
2024 -0.004    12
2025  0.319    12
2026  0.717     8

split-half per-name rank corr (>=10 events each half): +0.023 over 125 names; shuffle null 95th +0.144 / 99th +0.222; perm p 0.418

PRE-REGISTERED BAR: FAIL
