
SPY  game mode  lookback 14  long/short  2007-01-25 -> 2026-09-17  4,852 sessions
  strategy NET                 ann    3.0%  vol   7.5%  Sharpe  0.40  t  1.74  maxDD  -22.5%
  strategy gross               ann    7.4%  vol   7.4%  Sharpe  0.99  t  4.36  maxDD  -12.0%
  benchmark: open->close 1x    ann    4.9%  vol  15.1%  Sharpe  0.32  t  1.42  maxDD  -47.7%
  benchmark: buy & hold        ann   10.3%  vol  19.5%  Sharpe  0.53  t  2.31  maxDD  -76.4%
  days traded 61%   round trips/day 0.88   win days 40%   avg win 0.51% / avg loss -0.30%   cost drag 4.4%/yr
  year    net%   gross%  Sharpe  trades   | open->close%  buy&hold%
  2007     1.8      6.5    0.27     234   |      -13.1       -1.4
  2008    34.1     38.5    2.25     219   |       -7.3      -38.9
  2009    14.9     18.8    1.46     197   |       18.2       22.5
  2010    -5.3     -1.2   -0.77     206   |        6.7       13.7
  2011     6.6     11.3    0.79     234   |        2.2        0.1
  2012     1.9      6.3    0.38     222   |        8.2       11.5
  2013    -0.3      4.2   -0.06     222   |       13.9       29.2
  2014    -3.0      1.4   -0.58     219   |        4.2       11.0
  2015     0.6      5.3    0.12     231   |       -2.0       -0.7
  2016    -9.5     -4.8   -1.61     232   |       12.2        9.2
  2017    -7.5     -3.0   -2.37     222   |        7.1       18.9
  2018    15.9     20.3    1.91     218   |      -14.6       -2.8
  2019    -2.6      1.1   -0.61     181   |       16.8       28.2
  2020    -4.8     -0.9   -0.48     192   |        6.7       15.4
  2021     3.0      7.0    0.64     197   |       11.6       29.9
  2022    11.7     16.5    1.23     240   |       -2.7      -19.4
  2023     6.2     10.6    1.31     219   |       18.0       24.1
  2024     1.8      6.0    0.39     208   |       -0.2       20.7
  2025    -0.9      3.2   -0.14     203   |        5.8       14.4
  2026    -7.8     -4.5   -2.31     165   |        2.5       11.9
