# Follow-on equity offerings as a short (pre-registration in the docstring)
# events after dedupe: 4,843 ({'primary': 3877, 'secondary': 966}), 1023 names, 2010-01-07 -> 2026-06-29; forms {'424B5': 3495, '424B7': 692, '424B4': 656}

# ALL *PRIMARY CELL* +20: 2450 events, 535 names
  event fwd +1.08% vs matched control +1.17% | excess -0.21pp t -1.23 | halves -0.09 / -0.32 | years negative 10/17
  SHORT P&L after 0.28% costs+borrow: -1.36% per trade (t -3.01)
  excess by year: 2010:+1.2 2011:-0.2 2012:+1.2 2013:-0.7 2014:-0.3 2015:-1.2 2016:+0.8 2017:+0.0 2018:+0.7 2019:-0.2 2020:-0.7 2021:-0.2 2022:-0.8 2023:-0.6 2024:+0.8 2025:+0.2 2026:-0.6

# PRIMARY-ISSUER +20: 2083 events, 443 names
  event fwd +1.02% vs matched control +1.18% | excess -0.37pp t -1.95 | halves -0.23 / -0.50 | years negative 7/17
  SHORT P&L after 0.28% costs+borrow: -1.30% per trade (t -2.43)
  excess by year: 2010:+0.7 2011:+0.3 2012:+1.0 2013:-0.8 2014:+0.1 2015:-1.2 2016:+0.8 2017:+0.0 2018:+0.3 2019:-0.0 2020:-0.9 2021:+0.1 2022:-1.0 2023:-0.8 2024:+0.4 2025:+0.1 2026:-0.8

# SECONDARY +20: 367 events, 160 names
  event fwd +1.43% vs matched control +1.15% | excess +0.36pp t +0.85 | halves -0.14 / +0.79 | years negative 6/17
  SHORT P&L after 0.28% costs+borrow: -1.71% per trade (t -2.59)
  excess by year: 2010:+2.8 2011:-2.5 2012:+2.5 2013:-0.4 2014:-3.9 2015:-0.8 2016:+0.6 2017:+0.2 2018:+3.1 2019:-1.6 2020:+1.9 2021:-2.1 2022:+1.2 2023:+0.1 2024:+2.5 2025:+0.3 2026:+0.0
  [exploratory +20] run-up60 >= +30%   n   214 excess +1.17pp t +0.91 | abs +1.95%
  [exploratory +20] run-up60 < +30%    n  2233 excess -0.26pp t -1.58 | abs +0.99%
  [exploratory +20] file-day <= -3%    n   220 excess +0.45pp t +0.48 | abs +1.67%
  [exploratory +20] file-day > -3%     n  2230 excess -0.20pp t -1.19 | abs +1.02%

# ALL +60: 2446 events, 533 names
  event fwd +3.61% vs matched control +4.06% | excess -0.67pp t -1.85 | halves -0.58 / -0.75 | years negative 12/17
  SHORT P&L after 0.44% costs+borrow: -4.04% per trade (t -4.68)
  excess by year: 2010:-0.4 2011:-1.5 2012:+0.6 2013:-0.4 2014:-0.7 2015:-1.4 2016:+0.7 2017:-0.7 2018:-0.0 2019:-0.2 2020:-1.5 2021:-0.9 2022:-2.3 2023:+0.6 2024:+1.8 2025:-1.5 2026:+0.7

# PRIMARY-ISSUER +60: 2081 events, 442 names
  event fwd +3.39% vs matched control +3.94% | excess -0.68pp t -1.56 | halves -0.65 / -0.70 | years negative 12/17
  SHORT P&L after 0.44% costs+borrow: -3.83% per trade (t -4.13)
  excess by year: 2010:-0.8 2011:-0.8 2012:+0.6 2013:-0.5 2014:-0.1 2015:-1.4 2016:+0.4 2017:-0.9 2018:-1.1 2019:-0.1 2020:-1.9 2021:-0.6 2022:-2.3 2023:+0.6 2024:+0.9 2025:-1.7 2026:+1.7

# SECONDARY +60: 365 events, 159 names
  event fwd +4.82% vs matched control +4.77% | excess +0.22pp t +0.25 | halves -0.71 / +1.01 | years negative 9/17
  SHORT P&L after 0.44% costs+borrow: -5.26% per trade (t -3.82)
  excess by year: 2010:+1.1 2011:-5.3 2012:+0.4 2013:-0.2 2014:-5.5 2015:-1.1 2016:+3.0 2017:+0.1 2018:+6.1 2019:-1.4 2020:+1.7 2021:-3.0 2022:-3.1 2023:+0.5 2024:+6.5 2025:-0.6 2026:-2.5

             label  h    n  names  abs_ret   ctl  excess      t     h1     h2  short_pnl  t_short yrs_neg  PASS  VETO
ALL *PRIMARY CELL* 20 2450    535    1.078 1.173  -0.210 -1.231 -0.091 -0.322     -1.357   -3.012   10/17 False False
    PRIMARY-ISSUER 20 2083    443    1.016 1.177  -0.370 -1.954 -0.234 -0.497     -1.296   -2.427    7/17 False False
         SECONDARY 20  367    160    1.426 1.150   0.364  0.854 -0.141  0.790     -1.705   -2.589    6/17 False False
               ALL 60 2446    533    3.606 4.063  -0.671 -1.855 -0.583 -0.754     -4.044   -4.678   12/17 False False
    PRIMARY-ISSUER 60 2081    442    3.393 3.938  -0.675 -1.557 -0.648 -0.701     -3.831   -4.126   12/17 False False
         SECONDARY 60  365    159    4.825 4.774   0.223  0.251 -0.713  1.013     -5.263   -3.819    9/17 False False

VERDICT: ALL *PRIMARY CELL* +20: fail; PRIMARY-ISSUER +20: fail; SECONDARY +20: fail; ALL +60: fail; PRIMARY-ISSUER +60: fail; SECONDARY +60: fail
