
##########################################################################################
# real fill: cross both spreads: 7,356 spreads, 20 names, 393 Fridays, 2018-01-05 -> 2026-01-09
##########################################################################################
credit/width: median 0.334, p90 0.392; share >= 0.33: 53.2%  (mean net delta 0.25)
  ALL             n  7356  roc  +7.75% (t +2.14)  stock_d +11.94%  excess  -4.18pp (t -3.31)  win 69%  worst1 -100%
  FLOOR cw>=0.33  n  3910  roc  +9.45% (t +2.81)  stock_d +12.13%  excess  -2.68pp (t -2.21)  win 67%  worst1 -100%

[PRIMARY] FLOOR excess over delta-matched stock: -3.32pp  t -2.21 (97 months)  halves -1.76 (t -0.94) / -5.28 (t -2.17)
  by year (excess, n): 2018 -6.5 (459)  2019 -3.2 (461)  2020 +9.2 (484)  2021 -4.3 (483)  2022 -1.4 (549)  2023 -8.9 (447)  2024 -2.6 (533)  2025 -4.4 (471)  2026 -11.1 (23)
  PRE-REGISTERED PASS: NO
  FLOOR names: NVDA 370, AMD 367, TSLA 352, NFLX 336, AMZN 302, GLD 288, AVGO 228, AAPL 195

within-date quintiles of credit/width (secondary):
        n    cw    iv    roc  stock_d  excess
q                                            
1.0  1549  0.27  0.22   2.30     8.98   -6.68
2.0  1466  0.31  0.25   8.29    13.70   -5.41
3.0  1337  0.33  0.28   8.39    11.58   -3.19
4.0  1466  0.36  0.33   8.40    10.12   -1.72
5.0  1536  0.39  0.44  11.54    15.25   -3.71
  Q5 - Q1 roc: +9.43pp  t +3.49
  Q5 - Q1 excess: +2.50pp  t +1.00

##########################################################################################
# re-price at 20% of each leg's spread (measured arrival slippage): 7,368 spreads, 20 names, 393 Fridays, 2018-01-05 -> 2026-01-09
##########################################################################################
credit/width: median 0.346, p90 0.402; share >= 0.33: 65.4%  (mean net delta 0.25)
  ALL             n  7368  roc  +9.83% (t +2.72)  stock_d +12.21%  excess  -2.37pp (t -1.77)  win 69%  worst1 -100%
  FLOOR cw>=0.33  n  4815  roc +11.07% (t +3.29)  stock_d +12.17%  excess  -1.10pp (t -1.18)  win 67%  worst1 -100%

within-date quintiles of credit/width (secondary):
        n    cw    iv    roc  stock_d  excess
q                                            
1.0  1550  0.29  0.21   4.57     9.12   -4.55
2.0  1469  0.33  0.25  12.33    15.59   -3.26
3.0  1340  0.35  0.28   9.73    11.76   -2.03
4.0  1469  0.37  0.33   9.63     9.67   -0.04
5.0  1538  0.40  0.45  13.01    14.87   -1.86
  Q5 - Q1 roc: +8.23pp  t +2.98
  Q5 - Q1 excess: +2.22pp  t +0.83
