1-min cache: 24,763 name-days, 158 names in the panel; window 2026-02-02 -> 2026-09-25
volume share traded by 15:49: median 70.64%; 1-min sum / panel daily volume: median 80.67% (the gap is the closing auction + late prints)

                                 set   n  dates  mean_pct  median_pct   win  mean_R  still_open  rvol_full_med  rvol1550_med
         A (backtest, full-day RVOL) 119     72     17.50       -2.83 45.38    4.21           5           1.38          1.39
              B (decidable at 15:50) 122     73     15.47       -2.64 45.08    3.64           5           1.35          1.39
                               A & B 100     66     16.34       -2.33 45.00    3.60           5           1.40          1.43
          A only (needs the auction)  19     18     23.60       -2.99 47.37    7.42           0           1.23          1.10
B only (fires 15:50, fails at close)  22     19     11.50       -2.67 45.45    3.83           0           1.15          1.22

PRIMARY mean %(B) - mean %(A): -2.03pp | on dates with both: -0.53pp, date-clustered t -0.23 (66 dates)

A-only signals (the auction made them):
   t          d  px1550    piv  rvol1550  rvol_full    ret     R
PTEN 2026-02-06    8.65   8.16      1.08       1.17  -6.00 -1.00
 GLW 2026-02-09  131.36 121.91      2.67       2.23   2.74  0.47
PARR 2026-03-18   55.57  55.31      0.97       1.13   2.34  0.47
PARR 2026-03-24   61.50  61.70      1.17       1.17  -7.08 -1.29
MRVL 2026-04-09  119.90 115.57      1.78       1.67 122.55 61.27
DELL 2026-04-13  188.43 188.85      1.14       1.17  -6.59 -1.02
 AMD 2026-04-23  303.97 304.25      1.21       1.30  52.75 26.37
 AMD 2026-04-30  353.76 352.99      1.10       1.13  31.56  5.11
NTRA 2026-05-07  218.08 218.09      1.79       2.11 -11.64 -2.58
HNGE 2026-05-08   55.31  55.79      1.72       1.63  -3.82 -1.04
 TXG 2026-05-27   25.34  25.23      1.04       1.36 155.27 22.13
 TXG 2026-05-29   28.24  28.17      1.01       1.12 128.65 36.42
  GH 2026-06-24  136.46 135.00      1.95       1.73   8.11  2.55
  DK 2026-07-17   63.94  62.30      0.92       1.23  -5.18 -2.41
CHEF 2026-07-30  111.73 112.16      1.86       1.91  -2.99 -0.41
ZETA 2026-08-11   28.76  28.50      1.02       1.57   2.20  0.30
PTEN 2026-08-31   12.63  12.45      0.93       1.16  -4.07 -1.47
 FLR 2026-09-03   57.12  56.92      0.98       1.17  -4.64 -1.88
ZETA 2026-09-03   32.53  32.05      0.97       1.22  -5.78 -1.06
