# Precision tier, gate by gate (pre-registration in the docstring)

TIER (all 9 gates): n 2,019, 850 dates, excess20 +0.80pp, house +0.80%/trade (median -4.03), R +0.155, win 31%

T - M_k: tier minus what dropping gate k would admit. PRIMARY = 20d ADR-matched excess (pp), Welch on date means; bar t >= 3 both halves (Sidak 2.77).
   gate  n_M  M_excess  T_minus_M      t     h1     h2  M_house  house_T_minus_M  t_house  M_win  verdict
  ADR47 3051    -0.022      0.589  1.098  1.644 -0.209   -0.333            0.733    1.587 28.253 unproven
  OFF52  904    -1.026      0.115  0.139 -0.283  0.360   -1.196            0.488    0.700 25.996 unproven
RANGE52    0       NaN        NaN    NaN    NaN    NaN      NaN              NaN      NaN    NaN      NaN
 STACK5 1070     0.605     -0.125 -0.175 -0.187 -0.083    1.078            0.177    0.313 34.673   PRUNE?
STACK40  451    -2.273      1.801  1.938  3.544  0.695   -1.042            1.254    1.707 26.608 unproven
   RVOL 2160    -0.219      0.137  0.210  0.206  0.089   -0.025            0.747    1.466 26.898 unproven
  UPPER  317     0.772     -0.722 -0.697  0.326 -1.311    0.132            0.463    0.694 29.338 unproven
    GAP   30     4.150     -0.233 -0.059 15.934 -3.474    1.671            1.325    0.721 36.667 unproven
    DAY  439     0.259      0.185  0.179 -0.536  0.687    1.576           -1.958   -1.581 35.991 unproven

per year, T - M_k on the primary (pp):
date     2019   2020   2021   2022   2023   2024  2025   2026
ADR47   -1.70   0.99   0.66   4.52  -0.79  -0.55  1.71  -0.16
OFF52    5.24   2.09  -2.16   5.76  -0.07   4.53  2.55   0.39
STACK5  -5.91  -1.60  -0.63   4.23  -0.24  -0.91 -0.56   1.28
STACK40   NaN   1.96   5.69   6.72  11.31   0.02 -2.08   6.88
RVOL     1.82   1.09   0.68   4.62   0.99  -1.15 -1.15   2.00
UPPER   -6.47  -1.57   0.05   4.42  -2.57  -0.94  1.25   0.18
GAP       NaN  24.48  11.61  17.10  -1.23  19.35   NaN -10.17
DAY     -5.34  -1.75   0.68  -1.05  -2.27  -0.99  3.88   1.37
