# Qullamaggie partial-then-trail [WL-4] (pre-registration in the docstring)

## PRIMARY pool: precision-tier house breakouts: 1,958 trades, 549 names, 833 dates (2019-10-23 -> 2026-09-17)
arm - BASE, paired, t clustered by entry date; % = per-trade return, R uncapped (R_cap20 shown)
        arm    pct     R  R_cap20  d_pct  t_pct  h1_pct  h2_pct    d_R    t_R  giveback
       BASE  2.720 0.639    0.402  0.000    NaN   0.000   0.000  0.000    NaN    38.438
 Q_DAY3_P20  0.783 0.206    0.140 -1.937 -4.522  -1.076  -2.485 -0.433 -4.400    42.917
 Q_DAY3_P33  0.650 0.174    0.129 -2.070 -4.588  -1.049  -2.719 -0.465 -4.451    36.562
 Q_DAY3_P50  0.477 0.131    0.105 -2.243 -4.611  -1.013  -3.025 -0.508 -4.466    30.208
 Q_DAY5_P20  1.003 0.257    0.189 -1.717 -4.229  -0.929  -2.219 -0.382 -4.030    36.146
 Q_DAY5_P33  0.848 0.220    0.172 -1.871 -4.389  -0.929  -2.471 -0.419 -4.170    31.354
 Q_DAY5_P50  0.647 0.171    0.141 -2.073 -4.518  -0.929  -2.800 -0.468 -4.288    26.562
Q_BURST_P20  1.303 0.313    0.245 -1.417 -3.813  -0.642  -1.909 -0.326 -3.698    30.833
Q_BURST_P33  1.153 0.277    0.231 -1.567 -3.972  -0.654  -2.148 -0.362 -3.841    28.854
Q_BURST_P50  0.956 0.230    0.204 -1.764 -4.098  -0.670  -2.459 -0.409 -3.962    28.125
Q_NOPARTIAL  1.539 0.371    0.262 -1.181 -3.470  -0.628  -1.532 -0.268 -3.397    35.833
 SELLALL_D3 -0.036 0.006    0.006 -2.756 -4.451  -0.913  -3.928 -0.633 -4.324    23.646
 SELLALL_D5  0.045 0.026    0.026 -2.675 -4.550  -0.931  -3.784 -0.612 -4.346    21.146
per year, arm - BASE (% per trade):
date          2019    2020    2021    2022    2023    2024    2025    2026
Q_DAY3_P20   -0.15   -1.57   -0.12   -1.95   -0.07   -4.73   -3.79   -1.66
Q_DAY3_P33   -0.12   -1.65   -0.01   -1.86   -0.40   -4.83   -4.38   -1.71
Q_DAY3_P50   -0.09   -1.75    0.13   -1.75   -0.84   -4.97   -5.15   -1.78
Q_DAY5_P20   -0.51   -1.20   -0.03   -2.10   -0.33   -3.68   -3.34   -1.61
Q_DAY5_P33   -0.63   -1.35    0.09   -1.99   -0.57   -3.98   -3.92   -1.66
Q_DAY5_P50   -0.78   -1.56    0.24   -1.84   -0.88   -4.38   -4.69   -1.74
Q_BURST_P20  -0.18   -0.88   -0.24   -0.94   -0.18   -2.93   -2.80   -1.53
Q_BURST_P33  -0.39   -0.95   -0.11   -1.09   -0.30   -3.24   -3.37   -1.59
Q_BURST_P50  -0.68   -1.04    0.06   -1.27   -0.47   -3.65   -4.12   -1.66
Q_NOPARTIAL   0.16   -0.80   -0.48   -0.63    0.02   -2.51   -1.90   -1.40
SELLALL_D3    0.00   -2.04    0.53   -1.41   -2.14   -5.36   -7.39   -2.01
SELLALL_D5   -1.24   -2.18    0.68   -1.37   -1.83   -5.53   -6.96   -1.96
n            16.00  307.00  284.00  154.00  139.00  176.00  314.00  568.00
fixed-size equity curve (% summed, trades in date order):
        arm  total_pct  maxDD_pct
       BASE     5325.6      670.1
 Q_DAY3_P20     1532.3      717.1
 Q_DAY3_P33     1273.1      659.4
 Q_DAY3_P50      934.1      604.4
 Q_DAY5_P20     1963.0      738.3
 Q_DAY5_P33     1661.3      687.5
 Q_DAY5_P50     1266.7      621.1
Q_BURST_P20     2551.2      636.5
Q_BURST_P33     2256.7      618.0
Q_BURST_P50     1871.5      599.2
Q_NOPARTIAL     3014.0      692.2
 SELLALL_D3      -71.0      504.5
 SELLALL_D5       87.6      499.6

## second pool: generic house breakouts (ADR >= 3): 7,641 trades, 1065 names, 1379 dates (2019-10-07 -> 2026-09-18)
arm - BASE, paired, t clustered by entry date; % = per-trade return, R uncapped (R_cap20 shown)
        arm    pct      R  R_cap20  d_pct  t_pct  h1_pct  h2_pct    d_R    t_R  giveback
       BASE  0.571  0.119    0.046  0.000    NaN   0.000   0.000  0.000    NaN    39.511
 Q_DAY3_P20  0.028  0.000   -0.017 -0.543 -4.435  -0.138  -0.788 -0.118 -4.001    42.039
 Q_DAY3_P33  0.006 -0.005   -0.017 -0.565 -4.457  -0.069  -0.865 -0.124 -3.995    35.649
 Q_DAY3_P50 -0.023 -0.013   -0.019 -0.594 -4.410   0.021  -0.966 -0.131 -3.932    29.119
 Q_DAY5_P20  0.062  0.002   -0.016 -0.509 -4.267  -0.193  -0.699 -0.117 -3.977    36.788
 Q_DAY5_P33  0.030 -0.006   -0.018 -0.541 -4.345  -0.144  -0.781 -0.124 -3.997    31.036
 Q_DAY5_P50 -0.012 -0.016   -0.023 -0.583 -4.353  -0.078  -0.887 -0.134 -3.954    25.868
Q_BURST_P20  0.168  0.022    0.004 -0.403 -3.788  -0.147  -0.558 -0.097 -3.689    30.508
Q_BURST_P33  0.143  0.016    0.004 -0.428 -3.857  -0.093  -0.630 -0.103 -3.713    28.286
Q_BURST_P50  0.112  0.007    0.001 -0.459 -3.853  -0.023  -0.723 -0.111 -3.664    26.896
Q_NOPARTIAL  0.202  0.032   -0.002 -0.369 -3.572  -0.238  -0.448 -0.087 -3.554    36.510
 SELLALL_D3 -0.107 -0.034   -0.034 -0.678 -4.050   0.283  -1.259 -0.152 -3.581    22.423
 SELLALL_D5 -0.137 -0.046   -0.046 -0.708 -4.020   0.110  -1.203 -0.165 -3.603    19.700
per year, arm - BASE (% per trade):
date          2019     2020    2021    2022    2023    2024     2025     2026
Q_DAY3_P20    0.13    -0.68    0.31    0.08   -0.17   -1.83    -1.60    -0.05
Q_DAY3_P33    0.18    -0.65    0.43    0.15   -0.31   -1.82    -1.78    -0.07
Q_DAY3_P50    0.25    -0.62    0.59    0.25   -0.49   -1.80    -2.01    -0.09
Q_DAY5_P20    0.25    -0.75    0.37   -0.12   -0.08   -1.57    -1.47    -0.06
Q_DAY5_P33    0.26    -0.78    0.48   -0.04   -0.21   -1.62    -1.65    -0.07
Q_DAY5_P50    0.27    -0.81    0.63    0.07   -0.38   -1.70    -1.88    -0.07
Q_BURST_P20   0.10    -0.47    0.12   -0.01   -0.01   -1.32    -1.18    -0.04
Q_BURST_P33   0.07    -0.43    0.22    0.00   -0.09   -1.36    -1.34    -0.06
Q_BURST_P50   0.04    -0.38    0.36    0.01   -0.21   -1.41    -1.54    -0.09
Q_NOPARTIAL   0.13    -0.56   -0.06   -0.00    0.11   -1.26    -0.93    -0.01
SELLALL_D3    0.45    -0.52    1.04    0.52   -1.03   -1.76    -2.69    -0.16
SELLALL_D5    0.30    -0.90    1.07    0.40   -0.88   -1.92    -2.56    -0.10
n            84.00  1138.00  979.00  678.00  768.00  775.00  1318.00  1901.00
fixed-size equity curve (% summed, trades in date order):
        arm  total_pct  maxDD_pct
       BASE     4362.7     3226.7
 Q_DAY3_P20      210.3     2917.1
 Q_DAY3_P33       42.9     2670.0
 Q_DAY3_P50     -176.1     2347.0
 Q_DAY5_P20      474.7     3170.0
 Q_DAY5_P33      230.5     2970.0
 Q_DAY5_P50      -89.0     2709.9
Q_BURST_P20     1280.7     3161.3
Q_BURST_P33     1095.9     2969.8
Q_BURST_P50      854.3     2739.4
Q_NOPARTIAL     1545.1     3480.1
 SELLALL_D3     -820.1     1688.9
 SELLALL_D5    -1049.3     1997.5

PRIMARY CELL Q_DAY5_P33 - BASE (precision, %): -1.871pp t -4.39 halves -0.929/-2.471 | R -0.419 t -4.17
