

======================================================================================================================
PULLBACK >= 1.0 ADR below a 10-session high, WAIT <= 5 sessions
42,641 pullbacks -> 11,194 reclaimed (26.3% came back)
median ext_above_level:  A pullback-low -1.33 ADR   B reclaim +0.27 ADR
======================================================================================================================

---- A pullback-low
control = post (120,903 control trades)

=== A pullback-low | pb>=1.0ADR wait<=5d (daily) — 41,679 signals, 1494 names, 2019-10-01 -> 2026-09-18 ===
                 n  meanR   medR     win    p90       t   ctrl   edge
stop_hold  41679.0  0.133 -1.112  35.133  3.876   3.469  0.161 -0.028
t1R        41679.0 -0.192  1.000  52.055  1.000 -10.769 -0.170 -0.023
t2R        41679.0 -0.099 -1.079  41.105  2.000  -4.836 -0.074 -0.025
trail_bar  41679.0  0.035 -0.350  39.070  2.084   1.263  0.025  0.010
ema20      41679.0  0.043 -0.410  32.021  2.312   1.877  0.022  0.020

by half (n 17239 / 24440):
           <2023-01-01  >=2023-01-01
stop_hold        0.135         0.133
t1R             -0.157        -0.217
t2R             -0.044        -0.138
trail_bar        0.039         0.032
ema20            0.023         0.056

best arm by edge: ema20 | passes the bar (beats control, both halves positive, |t|>=3): no

---- B reclaim
control = post (31,866 control trades)

=== B reclaim | pb>=1.0ADR wait<=5d (daily) — 10,949 signals, 1252 names, 2019-10-11 -> 2026-09-18 ===
                 n  meanR   medR     win    p90      t   ctrl   edge
stop_hold  10949.0  0.118 -1.118  34.597  3.923  3.603  0.104  0.014
t1R        10949.0 -0.177  1.000  52.270  1.000 -8.733 -0.193  0.016
t2R        10949.0 -0.095 -1.079  41.173  2.000 -3.491 -0.108  0.014
trail_bar  10949.0  0.022 -0.357  38.195  1.911  0.978 -0.001  0.023
ema20      10949.0  0.071 -0.995  32.167  3.607  2.680  0.028  0.043

by half (n 4456 / 6493):
           <2023-01-01  >=2023-01-01
stop_hold        0.031         0.177
t1R             -0.131        -0.208
t2R             -0.066        -0.114
trail_bar        0.001         0.036
ema20           -0.037         0.145

best arm by edge: ema20 | passes the bar (beats control, both halves positive, |t|>=3): no

---- C dip-matched
control = post (32,239 control trades)

=== C dip-matched | pb>=1.0ADR wait<=5d (daily) — 10,982 signals, 1252 names, 2019-10-07 -> 2026-09-18 ===
                 n  meanR   medR     win    p90        t   ctrl   edge
stop_hold  10982.0  1.911  1.618  66.919  6.217   29.558  0.230  1.681
t1R        10982.0  0.941  1.000  97.432  1.000  106.943 -0.121  1.061
t2R        10982.0  1.348  2.000  82.225  2.000   44.662 -0.021  1.369
trail_bar  10982.0  1.630  1.239  85.039  3.999   41.270  0.112  1.518
ema20      10982.0  1.453  0.479  65.935  5.241   28.034  0.131  1.322

by half (n 4418 / 6564):
           <2023-01-01  >=2023-01-01
stop_hold        1.848         1.953
t1R              0.955         0.931
t2R              1.404         1.311
trail_bar        1.642         1.622
ema20            1.399         1.489

best arm by edge: stop_hold | passes the bar (beats control, both halves positive, |t|>=3): YES


======================================================================================================================
PULLBACK >= 1.0 ADR below a 10-session high, WAIT <= 10 sessions
51,105 pullbacks -> 21,390 reclaimed (41.9% came back)
median ext_above_level:  A pullback-low -1.33 ADR   B reclaim +0.25 ADR
======================================================================================================================

---- A pullback-low
control = post (144,229 control trades)

=== A pullback-low | pb>=1.0ADR wait<=10d (daily) — 49,909 signals, 1508 names, 2019-10-01 -> 2026-09-18 ===
                 n  meanR   medR     win    p90       t   ctrl   edge
stop_hold  49909.0  0.131 -1.114  35.072  3.878   4.225  0.166 -0.035
t1R        49909.0 -0.192  1.000  52.111  1.000 -10.910 -0.169 -0.023
t2R        49909.0 -0.100 -1.080  41.077  2.000  -4.382 -0.077 -0.023
trail_bar  49909.0  0.033 -0.347  39.109  2.084   1.510  0.023  0.010
ema20      49909.0  0.031 -0.368  32.852  2.012   2.115  0.022  0.009

by half (n 20799 / 29110):
           <2023-01-01  >=2023-01-01
stop_hold        0.114         0.143
t1R             -0.169        -0.209
t2R             -0.061        -0.129
trail_bar        0.023         0.039
ema20            0.003         0.051

best arm by edge: trail_bar | passes the bar (beats control, both halves positive, |t|>=3): no

---- B reclaim
control = post (60,635 control trades)

=== B reclaim | pb>=1.0ADR wait<=10d (daily) — 20,924 signals, 1359 names, 2019-10-07 -> 2026-09-18 ===
                 n  meanR   medR     win    p90       t   ctrl   edge
stop_hold  20924.0  0.100 -1.119  34.377  3.852   2.896  0.138 -0.038
t1R        20924.0 -0.207  1.000  51.319  1.000 -11.153 -0.183 -0.024
t2R        20924.0 -0.129 -1.086  40.356  2.000  -5.806 -0.097 -0.033
trail_bar  20924.0 -0.016 -0.379  37.254  1.859  -0.687  0.017 -0.033
ema20      20924.0  0.048 -0.957  31.414  3.555   1.931  0.051 -0.004

by half (n 8863 / 12061):
           <2023-01-01  >=2023-01-01
stop_hold       -0.034         0.199
t1R             -0.197        -0.214
t2R             -0.147        -0.117
trail_bar       -0.072         0.025
ema20           -0.093         0.151

best arm by edge: ema20 | passes the bar (beats control, both halves positive, |t|>=3): no

---- C dip-matched
control = post (62,275 control trades)

=== C dip-matched | pb>=1.0ADR wait<=10d (daily) — 21,257 signals, 1359 names, 2019-10-02 -> 2026-09-18 ===
                 n  meanR   medR     win    p90       t   ctrl   edge
stop_hold  21257.0  1.655  1.354  63.786  5.739  32.503  0.348  1.307
t1R        21257.0  0.766  1.000  90.111  1.000  61.989 -0.050  0.816
t2R        21257.0  1.159  2.000  76.695  2.000  45.230  0.079  1.080
trail_bar  21257.0  1.124  0.785  71.525  3.448  36.963  0.188  0.936
ema20      21257.0  0.978  0.151  56.330  4.327  25.938  0.181  0.797

by half (n 8888 / 12369):
           <2023-01-01  >=2023-01-01
stop_hold        1.574         1.713
t1R              0.783         0.754
t2R              1.210         1.123
trail_bar        1.099         1.142
ema20            0.898         1.036

best arm by edge: stop_hold | passes the bar (beats control, both halves positive, |t|>=3): YES


======================================================================================================================
PULLBACK >= 1.0 ADR below a 10-session high, WAIT <= 20 sessions
58,498 pullbacks -> 31,891 reclaimed (54.5% came back)
median ext_above_level:  A pullback-low -1.33 ADR   B reclaim +0.23 ADR
======================================================================================================================

---- A pullback-low
control = post (164,424 control trades)

=== A pullback-low | pb>=1.0ADR wait<=20d (daily) — 57,121 signals, 1514 names, 2019-10-01 -> 2026-09-18 ===
                 n  meanR   medR     win    p90       t   ctrl   edge
stop_hold  57121.0  0.143 -1.114  35.155  3.940   4.131  0.158 -0.015
t1R        57121.0 -0.188  1.000  52.312  1.000 -11.214 -0.175 -0.013
t2R        57121.0 -0.096 -1.080  41.223  2.000  -4.564 -0.083 -0.013
trail_bar  57121.0  0.039 -0.349  39.148  2.104   1.689  0.015  0.024
ema20      57121.0  0.028 -0.322  34.635  1.692   1.901  0.016  0.011

by half (n 23955 / 33166):
           <2023-01-01  >=2023-01-01
stop_hold        0.129         0.153
t1R             -0.171        -0.201
t2R             -0.062        -0.120
trail_bar        0.028         0.047
ema20            0.001         0.047

best arm by edge: trail_bar | passes the bar (beats control, both halves positive, |t|>=3): no

---- B reclaim
control = post (90,074 control trades)

=== B reclaim | pb>=1.0ADR wait<=20d (daily) — 31,200 signals, 1418 names, 2019-10-04 -> 2026-09-18 ===
                 n  meanR   medR     win    p90       t   ctrl   edge
stop_hold  31200.0  0.114 -1.118  34.760  3.910   3.093  0.130 -0.016
t1R        31200.0 -0.209  1.000  51.446  1.000 -12.142 -0.181 -0.029
t2R        31200.0 -0.122 -1.086  40.647  2.000  -5.956 -0.094 -0.028
trail_bar  31200.0 -0.020 -0.379  37.221  1.894  -0.983  0.019 -0.039
ema20      31200.0  0.051 -0.905  31.228  3.582   1.840  0.043  0.008

by half (n 13267 / 17933):
           <2023-01-01  >=2023-01-01
stop_hold        0.012         0.189
t1R             -0.197        -0.218
t2R             -0.124        -0.120
trail_bar       -0.062         0.011
ema20           -0.064         0.136

best arm by edge: ema20 | passes the bar (beats control, both halves positive, |t|>=3): no

---- C dip-matched
control = post (95,750 control trades)

=== C dip-matched | pb>=1.0ADR wait<=20d (daily) — 32,723 signals, 1418 names, 2019-10-01 -> 2026-09-18 ===
                 n  meanR   medR     win    p90       t   ctrl   edge
stop_hold  32723.0  1.273  0.876  57.366  5.232  27.477  0.538  0.735
t1R        32723.0  0.503  1.000  79.229  1.000  31.264  0.018  0.486
t2R        32723.0  0.842  2.000  67.543  2.000  31.875  0.193  0.649
trail_bar  32723.0  0.719  0.347  59.185  3.039  25.506  0.254  0.465
ema20      32723.0  0.586 -0.023  48.926  3.360  19.827  0.207  0.380

by half (n 13837 / 18886):
           <2023-01-01  >=2023-01-01
stop_hold        1.218         1.314
t1R              0.510         0.498
t2R              0.873         0.820
trail_bar        0.695         0.737
ema20            0.525         0.631

best arm by edge: stop_hold | passes the bar (beats control, both halves positive, |t|>=3): YES


======================================================================================================================
PULLBACK >= 1.5 ADR below a 10-session high, WAIT <= 5 sessions
27,109 pullbacks -> 4,533 reclaimed (16.7% came back)
median ext_above_level:  A pullback-low -1.83 ADR   B reclaim +0.30 ADR
======================================================================================================================

---- A pullback-low
control = post (76,458 control trades)

=== A pullback-low | pb>=1.5ADR wait<=5d (daily) — 26,484 signals, 1448 names, 2019-10-01 -> 2026-09-18 ===
                 n  meanR   medR     win    p90       t   ctrl   edge
stop_hold  26484.0  0.180 -1.116  35.433  4.080   2.784  0.164  0.015
t1R        26484.0 -0.186  1.000  52.379  1.000 -10.096 -0.171 -0.015
t2R        26484.0 -0.085 -1.080  41.546  2.000  -4.638 -0.080 -0.005
trail_bar  26484.0  0.070 -0.351  39.465  2.213   2.038  0.027  0.043
ema20      26484.0  0.042 -0.283  35.361  1.553   0.611  0.028  0.013

by half (n 10781 / 15703):
           <2023-01-01  >=2023-01-01
stop_hold        0.177         0.182
t1R             -0.156        -0.207
t2R             -0.036        -0.119
trail_bar        0.048         0.085
ema20            0.013         0.062

best arm by edge: trail_bar | passes the bar (beats control, both halves positive, |t|>=3): no

---- B reclaim
control = post (12,903 control trades)

=== B reclaim | pb>=1.5ADR wait<=5d (daily) — 4,424 signals, 1031 names, 2019-10-11 -> 2026-09-18 ===
                n  meanR   medR     win    p90      t   ctrl   edge
stop_hold  4424.0  0.236 -1.105  36.528  4.241  3.579  0.134  0.101
t1R        4424.0 -0.140  1.000  54.250  1.000 -6.260 -0.168  0.027
t2R        4424.0 -0.042 -1.068  42.948  2.000 -1.234 -0.084  0.042
trail_bar  4424.0  0.083 -0.329  40.303  2.069  1.265  0.016  0.067
ema20      4424.0  0.178 -0.981  34.403  4.003  2.690  0.071  0.108

by half (n 1774 / 2650):
           <2023-01-01  >=2023-01-01
stop_hold        0.006         0.390
t1R             -0.142        -0.139
t2R             -0.081        -0.016
trail_bar       -0.028         0.158
ema20           -0.053         0.333

best arm by edge: ema20 | passes the bar (beats control, both halves positive, |t|>=3): no

---- C dip-matched
control = post (12,768 control trades)

=== C dip-matched | pb>=1.5ADR wait<=5d (daily) — 4,357 signals, 1033 names, 2019-10-08 -> 2026-09-18 ===
                n  meanR   medR     win    p90        t   ctrl   edge
stop_hold  4357.0  2.666  2.477  75.419  7.364   29.362  0.371  2.296
t1R        4357.0  0.958  1.000  98.164  1.000  114.039 -0.064  1.022
t2R        4357.0  1.762  2.000  93.459  2.000   69.472  0.078  1.685
trail_bar  4357.0  2.288  1.873  90.314  4.956   40.084  0.211  2.077
ema20      4357.0  1.771  0.742  74.088  5.789   24.929  0.263  1.508

by half (n 1718 / 2639):
           <2023-01-01  >=2023-01-01
stop_hold        2.477         2.790
t1R              0.973         0.949
t2R              1.797         1.740
trail_bar        2.158         2.373
ema20            1.705         1.814

best arm by edge: stop_hold | passes the bar (beats control, both halves positive, |t|>=3): YES


======================================================================================================================
PULLBACK >= 1.5 ADR below a 10-session high, WAIT <= 10 sessions
36,729 pullbacks -> 11,474 reclaimed (31.2% came back)
median ext_above_level:  A pullback-low -1.82 ADR   B reclaim +0.27 ADR
======================================================================================================================

---- A pullback-low
control = post (103,022 control trades)

=== A pullback-low | pb>=1.5ADR wait<=10d (daily) — 35,860 signals, 1483 names, 2019-10-01 -> 2026-09-18 ===
                 n  meanR   medR     win    p90       t   ctrl   edge
stop_hold  35860.0  0.166 -1.118  35.204  4.066   2.925  0.165  0.001
t1R        35860.0 -0.189  1.000  52.384  1.000 -10.826 -0.174 -0.015
t2R        35860.0 -0.097 -1.083  41.272  2.000  -4.984 -0.078 -0.019
trail_bar  35860.0  0.059 -0.353  39.099  2.191   1.766  0.022  0.037
ema20      35860.0  0.027 -0.243  36.690  1.236   0.474  0.028 -0.001

by half (n 14822 / 21038):
           <2023-01-01  >=2023-01-01
stop_hold        0.138         0.187
t1R             -0.175        -0.199
t2R             -0.072        -0.115
trail_bar        0.023         0.084
ema20           -0.012         0.054

best arm by edge: trail_bar | passes the bar (beats control, both halves positive, |t|>=3): no

---- B reclaim
control = post (32,659 control trades)

=== B reclaim | pb>=1.5ADR wait<=10d (daily) — 11,230 signals, 1237 names, 2019-10-09 -> 2026-09-18 ===
                 n  meanR   medR     win    p90      t   ctrl   edge
stop_hold  11230.0  0.152 -1.115  35.191  3.998  2.900  0.108  0.044
t1R        11230.0 -0.193  1.000  52.012  1.000 -9.503 -0.181 -0.012
t2R        11230.0 -0.102 -1.082  41.175  2.000 -3.967 -0.097 -0.006
trail_bar  11230.0  0.007 -0.372  37.872  1.939 -0.176  0.000  0.007
ema20      11230.0  0.096 -0.952  32.289  3.721  2.049  0.042  0.054

by half (n 4650 / 6580):
           <2023-01-01  >=2023-01-01
stop_hold       -0.042         0.289
t1R             -0.212        -0.180
t2R             -0.153        -0.067
trail_bar       -0.101         0.084
ema20           -0.099         0.234

best arm by edge: ema20 | passes the bar (beats control, both halves positive, |t|>=3): no

---- C dip-matched
control = post (32,564 control trades)

=== C dip-matched | pb>=1.5ADR wait<=10d (daily) — 11,106 signals, 1237 names, 2019-10-02 -> 2026-09-18 ===
                 n  meanR   medR     win    p90       t   ctrl   edge
stop_hold  11106.0  2.300  2.168  71.547  6.591  34.210  0.472  1.828
t1R        11106.0  0.798  1.000  91.464  1.000  55.347  0.006  0.792
t2R        11106.0  1.543  2.000  87.052  2.000  60.929  0.158  1.385
trail_bar  11106.0  1.588  1.298  77.039  4.240  36.736  0.294  1.294
ema20      11106.0  1.092  0.289  62.696  4.476  23.291  0.269  0.823

by half (n 4569 / 6537):
           <2023-01-01  >=2023-01-01
stop_hold        2.185         2.380
t1R              0.814         0.787
t2R              1.573         1.522
trail_bar        1.481         1.663
ema20            0.989         1.163

best arm by edge: stop_hold | passes the bar (beats control, both halves positive, |t|>=3): YES


======================================================================================================================
PULLBACK >= 1.5 ADR below a 10-session high, WAIT <= 20 sessions
45,621 pullbacks -> 20,859 reclaimed (45.7% came back)
median ext_above_level:  A pullback-low -1.82 ADR   B reclaim +0.24 ADR
======================================================================================================================

---- A pullback-low
control = post (127,148 control trades)

=== A pullback-low | pb>=1.5ADR wait<=20d (daily) — 44,528 signals, 1497 names, 2019-10-01 -> 2026-09-18 ===
                 n  meanR   medR     win    p90       t   ctrl   edge
stop_hold  44528.0  0.176 -1.119  35.272  4.119   2.830  0.167  0.009
t1R        44528.0 -0.188  1.000  52.486  1.000 -11.504 -0.177 -0.011
t2R        44528.0 -0.095 -1.083  41.376  2.000  -5.328 -0.081 -0.014
trail_bar  44528.0  0.064 -0.355  39.103  2.207   1.942  0.024  0.040
ema20      44528.0  0.020 -0.199  38.830  1.052   0.225  0.019  0.001

by half (n 18564 / 25964):
           <2023-01-01  >=2023-01-01
stop_hold        0.151         0.194
t1R             -0.177        -0.196
t2R             -0.076        -0.109
trail_bar        0.029         0.089
ema20           -0.012         0.043

best arm by edge: trail_bar | passes the bar (beats control, both halves positive, |t|>=3): no

---- B reclaim
control = post (59,023 control trades)

=== B reclaim | pb>=1.5ADR wait<=20d (daily) — 20,411 signals, 1362 names, 2019-10-04 -> 2026-09-18 ===
                 n  meanR   medR     win    p90       t   ctrl   edge
stop_hold  20411.0  0.148 -1.116  35.412  3.993   3.465  0.137  0.011
t1R        20411.0 -0.201  1.000  51.894  1.000 -11.369 -0.184 -0.017
t2R        20411.0 -0.102 -1.083  41.262  2.000  -4.921 -0.090 -0.012
trail_bar  20411.0 -0.008 -0.379  37.504  1.965  -0.302  0.018 -0.026
ema20      20411.0  0.082 -0.925  32.032  3.695   2.465  0.046  0.036

by half (n 8502 / 11909):
           <2023-01-01  >=2023-01-01
stop_hold        0.035         0.229
t1R             -0.202        -0.201
t2R             -0.116        -0.091
trail_bar       -0.058         0.027
ema20           -0.042         0.171

best arm by edge: ema20 | passes the bar (beats control, both halves positive, |t|>=3): no

---- C dip-matched
control = post (61,080 control trades)

=== C dip-matched | pb>=1.5ADR wait<=20d (daily) — 20,870 signals, 1362 names, 2019-10-01 -> 2026-09-18 ===
                 n  meanR   medR     win    p90       t   ctrl   edge
stop_hold  20870.0  1.802  1.657  64.705  5.855  31.879  0.726  1.075
t1R        20870.0  0.544  1.000  80.963  1.000  29.761  0.092  0.452
t2R        20870.0  1.157  2.000  75.908  2.000  41.439  0.319  0.838
trail_bar  20870.0  0.975  0.581  62.587  3.567  27.627  0.376  0.599
ema20      20870.0  0.597  0.077  53.963  2.934  18.308  0.297  0.301

by half (n 8733 / 12137):
           <2023-01-01  >=2023-01-01
stop_hold        1.731         1.852
t1R              0.546         0.543
t2R              1.174         1.145
trail_bar        0.912         1.020
ema20            0.534         0.643

best arm by edge: stop_hold | passes the bar (beats control, both halves positive, |t|>=3): YES


######################################################################################################################
SUMMARY — best arm per cell (control = same name, random later session)
######################################################################################################################
 pb  wait            arm     n  arm_best  meanR    win      t  ctrl   edge
1.0     5 A pullback-low 41679     ema20  0.043 32.021  1.877 0.022  0.020
1.0     5      B reclaim 10949     ema20  0.071 32.167  2.680 0.028  0.043
1.0     5  C dip-matched 10982 stop_hold  1.911 66.919 29.558 0.230  1.681
1.0    10 A pullback-low 49909 trail_bar  0.033 39.109  1.510 0.023  0.010
1.0    10      B reclaim 20924     ema20  0.048 31.414  1.931 0.051 -0.004
1.0    10  C dip-matched 21257 stop_hold  1.655 63.786 32.503 0.348  1.307
1.0    20 A pullback-low 57121 trail_bar  0.039 39.148  1.689 0.015  0.024
1.0    20      B reclaim 31200     ema20  0.051 31.228  1.840 0.043  0.008
1.0    20  C dip-matched 32723 stop_hold  1.273 57.366 27.477 0.538  0.735
1.5     5 A pullback-low 26484 trail_bar  0.070 39.465  2.038 0.027  0.043
1.5     5      B reclaim  4424     ema20  0.178 34.403  2.690 0.071  0.108
1.5     5  C dip-matched  4357 stop_hold  2.666 75.419 29.362 0.371  2.296
1.5    10 A pullback-low 35860 trail_bar  0.059 39.099  1.766 0.022  0.037
1.5    10      B reclaim 11230     ema20  0.096 32.289  2.049 0.042  0.054
1.5    10  C dip-matched 11106 stop_hold  2.300 71.547 34.210 0.472  1.828
1.5    20 A pullback-low 44528 trail_bar  0.064 39.103  1.942 0.024  0.040
1.5    20      B reclaim 20411     ema20  0.082 32.032  2.465 0.046  0.036
1.5    20  C dip-matched 20870 stop_hold  1.802 64.705 31.879 0.726  1.075

⚠ B vs C is the TIMING question (same events). C vs A is the POPULATION question.
wrote data/studies/reclaim_vs_pullback_2026-09-23.csv
