# Right side of the V: index opening-gap fade (pre-registration in the docstring)

## SPY |gap| >= 0.5 ATR: 1,092 gap days, B fires on 1,067 (98%); median B entry 19 min after the open, median stop 24 bp
  means (bp/trade): A_all -4.89 (all gap days) | on B days: A -2.68, A_s +0.75, B -2.47, R -0.34
  win rates on B days: A 48.4%  A_s 28.0%  B 29.2%
  PRIMARY B - A                        +0.21 bp  t +0.09  halves +0.46 / -0.01  years + 10/20
  B - R (trigger vs random minute)     -2.13 bp  t -2.24  halves -1.04 / -3.08  years + 5/20
  B - A_s (width-matched left side)    -3.23 bp  t -2.57  halves -5.70 / -1.09  years + 7/20
  per year B - A: 2007:-10.8 2008:-16.4 2009:+14.9 2010:+4.7 2011:+6.1 2012:-4.9 2013:+5.0 2014:-6.6 2015:+1.7 2016:-1.7 2017:+3.6 2018:-7.8 2019:+10.7 2020:+3.5 2021:+2.5 2022:-2.9 2023:-2.0 2024:-4.2 2025:-7.3 2026:+0.4

## QQQ |gap| >= 0.5 ATR: 1,006 gap days, B fires on 981 (98%); median B entry 19 min after the open, median stop 34 bp
  means (bp/trade): A_all -5.95 (all gap days) | on B days: A -3.76, A_s +1.89, B -0.69, R -0.38
  win rates on B days: A 51.0%  A_s 32.3%  B 35.2%
  B - A                                +3.07 bp  t +1.13  halves +5.13 / +1.49  years + 12/20
  B - R (trigger vs random minute)     -0.31 bp  t -0.29  halves +1.32 / -1.56  years + 7/20
  B - A_s (width-matched left side)    -2.58 bp  t -1.44  halves -3.77 / -1.68  years + 8/20
  per year B - A: 2007:-13.6 2008:+50.4 2009:+31.8 2010:+13.0 2011:+6.3 2012:+3.3 2013:+5.2 2014:-19.8 2015:-9.5 2016:-3.7 2017:+9.8 2018:-6.4 2019:-1.9 2020:+13.5 2021:-4.0 2022:+14.9 2023:+4.6 2024:+3.5 2025:-15.6 2026:+2.3

## SPY |gap| >= 0.25 ATR (secondary): 2,499 gap days, B fires on 2,431 (97%); median B entry 19 min after the open, median stop 22 bp
  means (bp/trade): A_all -1.89 (all gap days) | on B days: A -0.48, A_s +1.56, B -1.51, R +0.08
  win rates on B days: A 55.5%  A_s 33.9%  B 35.6%
  B - A                                -1.03 bp  t -0.76  halves -2.82 / +0.63  years + 9/20
  B - R (trigger vs random minute)     -1.58 bp  t -2.79  halves -1.26 / -1.88  years + 2/20
  B - A_s (width-matched left side)    -3.07 bp  t -3.85  halves -5.85 / -0.49  years + 7/20
  per year B - A: 2007:-9.3 2008:-23.6 2009:-4.5 2010:+4.8 2011:+8.0 2012:-7.8 2013:-1.2 2014:-2.6 2015:+5.1 2016:-3.2 2017:+3.0 2018:-2.5 2019:+2.1 2020:-1.3 2021:+1.7 2022:+6.4 2023:-3.6 2024:+0.3 2025:-1.6 2026:+2.1

PRIMARY SPY B - A: +0.21 bp t +0.09 halves +0.46/-0.01 n 1067
