                 cell   n   years  net_bp  t_net  beta_bp  excess_bp  t_excess   h1    h2  yrs_pos   win  roc_pct  worst_bp  worst_4wk
  PRIMARY N10 CALM&G+ 362 2010-26    6.56   6.49     1.44       5.12      5.25 4.23  5.78     0.94 96.41     0.38   -169.73    -155.50
   N10 CALM (no gate) 671 2010-26    5.93   3.99     1.28       4.65      3.51 6.09  3.23     0.82 95.83     0.36   -758.19    -719.20
          N05 CALM&G+ 362 2010-26    4.23  12.44     0.74       3.49      7.14 2.93  3.91     1.00 98.90     0.27    -85.63     -78.36
    VERT 10/5 CALM&G+ 362 2010-26    1.59   1.98     0.70       0.89      1.28 0.19  1.41     0.71 95.86     1.14   -136.73    -123.17
N10 CALM&G- (skipped) 309 2010-26    5.19   1.71     1.09       4.10      1.52 7.68 -0.89     0.76 95.15     0.33   -758.19    -739.58
              N10 ALL 798 2010-26    7.46   5.49     2.53       4.93      3.88 6.70  3.28     0.94 95.99     0.49   -758.19    -719.20

PRIMARY: excess +5.12 bp/trade, t +5.25, halves +4.23/+5.78, years + 94% -> CERTIFIED-CANDIDATE (paper trade first)

per year (primary): excess bp mean, n, raw net bp mean, worst
trade_date   2010   2011   2012   2013    2014   2015   2016   2017    2018   2019    2020   2021    2022   2023    2024   2025   2026
excess      11.35  10.01   8.83   3.99   -2.21   5.27   4.17   3.15    0.71   3.34    7.15  11.75    6.49   4.60    0.58  10.95  17.34
n            8.00   8.00  12.00  29.00   20.00  17.00  24.00  36.00   22.00  35.00   24.00  37.00    9.00  25.00   33.00  20.00   3.00
net         11.66  11.98   8.95   8.63    2.12   2.94   7.11   6.50    0.55   7.12    7.28  11.29   -5.08   8.52    2.44   9.98  10.26
worst        9.42   7.22   0.07   5.80 -117.50 -91.31 -26.29   4.68 -169.73 -69.00 -142.98   7.06 -113.23   2.10 -145.37   7.15   8.59

2018-02 Volmageddon (all 10-delta Fridays, with regime flags):
trade_date     expiry  strike    S_0    S_T    bp_n  calm  gamma
2018-02-02 2018-02-09   264.0 275.45 261.50  -75.29  True   -1.0
2018-02-09 2018-02-16   244.0 261.50 273.11   27.19 False   -1.0
2018-02-16 2018-02-23   263.5 273.11 274.71   14.23  True    1.0
2018-01-26 2018-02-02   280.5 286.58 275.45 -169.73  True    1.0

2020-02/03 COVID (all 10-delta Fridays, with regime flags):
trade_date     expiry  strike    S_0    S_T    bp_n  calm  gamma
2020-02-28 2020-03-06   250.0 296.26 297.46   57.75 False   -1.0
2020-03-13 2020-03-20   223.0 269.32 228.80   69.19 False   -1.0
2020-03-06 2020-03-13   263.0 297.46 269.32   43.65 False   -1.0
2020-02-14 2020-02-21   329.0 337.60 333.48    9.06  True    1.0
2020-03-20 2020-03-27   195.0 228.80 253.42   66.48 False   -1.0
2020-02-21 2020-02-28   322.0 333.48 296.26 -758.19  True   -1.0

2025-03/04 tariffs (all 10-delta Fridays, with regime flags):
trade_date     expiry  strike    S_0    S_T    bp_n  calm  gamma
2025-03-28 2025-04-04   532.0 555.66 505.28 -465.10 False   -1.0
2025-04-11 2025-04-17   490.0 533.94 526.41   32.09 False   -1.0
2025-04-04 2025-04-11   460.0 505.28 533.94   44.25 False   -1.0
2025-03-21 2025-03-28   543.0 563.98 555.66   11.28  True   -1.0
