crash months (bp, 4 entries): S45p05 [   73. -2487. -6487.] | L45p10 [ 161. 4161. 8161.]
weekly scenarios 1993-02-05 -> 2026-02-20: 1,639 Fridays, stress share 20.2%
monthly scenarios: stress 139, calm 357

== walk-forward picks (in-sample fit through Y-1; weights = contracts/week at CVaR_5% = 100 bp) ==
  2000: STRESS {S45p20:15.42, S45p25:34.58, L30p10:8.11, L30p20:41.89}  |  CALM {S30p30:0.02, S45p05:2.81, L30p10:1.13, L45p10:1.01}  | naked 0.04 cert 0.14
  2001: STRESS {S45p20:24.67, S45p25:25.50, L30p16:28.02, L30p20:21.81}  |  CALM {S45p05:0.14, L30p50:0.04}  | naked 0.04 cert 0.14
  2002: STRESS {S45p05:97.24, S45p25:11.40, L30p05:85.62, L30p50:8.17}  |  CALM {S45p05:1.31, L30p05:0.80, L30p50:0.04, L45p10:0.23}  | naked 0.05 cert 0.14
  2003: STRESS {S45p05:10.90, L30p05:3.08, L30p10:5.25}  |  CALM {S30p20:0.51, S45p50:0.14, L30p05:0.20, L30p50:0.44}  | naked 0.05 cert 0.14
  2004: STRESS {S45p05:10.90, L30p05:3.08, L30p10:5.25}  |  CALM {S45p05:1.46, L30p05:0.92, L30p50:0.04, L45p10:0.24}  | naked 0.06 cert 0.14
  2005: STRESS {S45p05:10.90, L30p05:3.08, L30p10:5.25}  |  CALM {S45p05:1.24, L30p05:0.98, L30p50:0.05}  | naked 0.06 cert 0.14
  2006: STRESS {S45p05:10.90, L30p05:3.08, L30p10:5.25}  |  CALM {S45p05:1.36, S45p50:0.02, L30p05:1.07, L30p50:0.08}  | naked 0.06 cert 0.14
  2007: STRESS {S45p05:10.90, L30p05:3.08, L30p10:5.25}  |  CALM {S45p05:1.45, L30p05:1.19, L30p50:0.03}  | naked 0.07 cert 0.14
  2008: STRESS {S45p05:11.48, L30p05:3.27, L30p10:5.50, L45p40:0.01}  |  CALM {S45p05:1.53, S45p50:0.02, L30p05:1.19, L30p50:0.09}  | naked 0.07 cert 0.14
  2009: STRESS {S45p05:4.92, L30p05:1.46, L30p10:2.31}  |  CALM {S30p20:0.04, S45p05:3.72, L30p05:1.52, L45p10:1.58}  | naked 0.05 cert 0.12
  2010: STRESS {S45p05:4.92, L30p05:1.46, L30p10:2.31}  |  CALM {S30p16:0.09, S45p05:3.61, L30p05:1.54, L45p10:1.54}  | naked 0.06 cert 0.12
  2011: STRESS {S30p30:0.06, S45p05:4.59, L30p05:1.15, L30p10:2.41}  |  CALM {S30p16:0.09, S45p05:3.73, L30p05:1.59, L45p10:1.58}  | naked 0.06 cert 0.13
  2012: STRESS {S45p05:5.68, L30p05:2.84, L30p10:0.41, L45p10:1.40}  |  CALM {S30p16:0.09, S45p05:3.73, L30p05:1.59, L45p10:1.58}  | naked 0.06 cert 0.13
  2013: STRESS {S45p05:4.75, L30p05:2.67, L30p20:0.18, L45p10:1.05}  |  CALM {S30p16:0.10, S45p05:3.82, L30p05:1.63, L45p10:1.62}  | naked 0.07 cert 0.13
  2014: STRESS {S45p05:4.75, L30p05:2.67, L30p20:0.18, L45p10:1.05}  |  CALM {S30p16:0.10, S45p05:3.83, L30p05:1.64, L45p10:1.63}  | naked 0.07 cert 0.13
  2015: STRESS {S30p25:0.09, S45p05:3.24, L30p05:0.77, L30p10:1.79}  |  CALM {S30p20:0.01, S45p05:0.69, L30p05:0.15, L45p10:0.30}  | naked 0.07 cert 0.13
  2016: STRESS {S45p05:3.58, L30p05:1.73, L30p10:0.96, L45p25:0.13}  |  CALM {S30p20:0.01, S45p05:0.74, L30p05:0.16, L45p10:0.32}  | naked 0.07 cert 0.13
  2017: STRESS {S45p05:4.32, L30p05:1.95, L30p10:0.75, L45p10:0.77}  |  CALM {S30p20:0.01, S45p05:0.74, L30p05:0.17, L45p10:0.32}  | naked 0.07 cert 0.13
  2018: STRESS {S45p05:4.32, L30p05:1.95, L30p10:0.75, L45p10:0.77}  |  CALM {S30p20:0.01, S45p05:0.80, L30p05:0.18, L45p10:0.34}  | naked 0.08 cert 0.13
  2019: STRESS {S45p05:4.15, L30p05:1.80, L30p10:0.87, L45p10:0.65}  |  CALM {S30p20:0.01, S45p05:0.80, L30p05:0.18, L45p10:0.34}  | naked 0.08 cert 0.13
  2020: STRESS {S45p05:4.15, L30p05:1.80, L30p10:0.87, L45p10:0.65}  |  CALM {S30p20:0.01, S45p05:0.83, L30p05:0.19, L45p10:0.35}  | naked 0.08 cert 0.13
  2021: STRESS {S30p25:0.09, S45p05:2.80, L30p05:0.66, L30p10:1.56}  |  CALM {S30p20:0.07, S45p05:2.76, L30p05:1.18, L45p10:1.17}  | naked 0.07 cert 0.13
  2022: STRESS {S30p25:0.09, S45p05:2.89, L30p05:0.68, L30p10:1.61}  |  CALM {S30p20:0.07, S45p05:2.64, L30p05:1.13, L45p10:1.12}  | naked 0.07 cert 0.13
  2023: STRESS {S30p20:0.14, S45p05:2.81, L30p05:0.61, L30p10:1.66}  |  CALM {S30p20:0.07, S45p05:2.70, L30p05:1.15, L45p10:1.14}  | naked 0.07 cert 0.13
  2024: STRESS {S30p20:0.14, S45p05:2.81, L30p05:0.61, L30p10:1.66}  |  CALM {S30p20:0.07, S45p05:2.70, L30p05:1.16, L45p10:1.14}  | naked 0.07 cert 0.13
  2025: STRESS {S30p20:0.14, S45p05:2.81, L30p05:0.61, L30p10:1.66}  |  CALM {S30p20:0.08, S45p05:2.75, L30p05:1.19, L45p10:1.17}  | naked 0.08 cert 0.13
  2026: STRESS {S30p20:0.14, S45p05:2.90, L30p05:0.63, L30p10:1.71}  |  CALM {S30p20:0.08, S45p05:2.75, L30p05:1.19, L45p10:1.17}  | naked 0.08 cert 0.14

== OUT-OF-SAMPLE 2000-2026 (monthly bp of notional, each scaled to in-sample CVaR_5% = 100 bp) ==
            months  mean_bp    cvar5  mean_over_cvar  worst_month    max_dd  gfc_07_09      h1     h2
strategy                                                                                             
CERT           314     1.00    48.03            0.02      -156.13   -267.62      58.85    0.64   1.36
NAKED          314     5.23    81.08            0.06      -428.53   -501.73     -41.95    4.26   6.18
NAKED-S        314     0.89     9.10            0.10      -118.05   -118.05      -9.44    0.61   1.17
OPT-STATE      314    92.49  7901.17            0.01    -43498.95 -69732.05   12547.85  201.95 -15.59
OPT-STRESS     314   103.64  7759.12            0.01    -43597.13 -70202.02   14322.94  211.19  -2.56

PRIMARY OPT-STATE - NAKED: +87.26 bp/month, t +0.36, halves +197.69 / -21.77 -> NULL/FAIL
  OPT-STATE - OPT-STRESS: -11.15 bp/month, t -1.57
  OPT-STATE - CERT: +91.48 bp/month, t +0.38
  OPT-STATE - NAKED-S: +91.60 bp/month, t +0.38
  OPT-STRESS - CERT: +102.63 bp/month, t +0.42

per-year OOS sums (bp):
strategy  CERT  NAKED  NAKED-S  OPT-STATE  OPT-STRESS
month                                                
2000       101     97       21      54061       54548
2001      -109     38       11     -44827      -45000
2002       -84     35       15       8804        8389
2003        33    105       14       -486        -178
2004         0     84        0         56           0
2005         0     79        0        199           0
2006         0     77        0        155           0
2007        35    102       16        788         440
2008         6   -301      -50      11723       13161
2009        18    157       25         37         722
2010        36     94       20        624         872
2011        51     20       18        760         180
2012        12     77        6       -389        -188
2013         0     60        0       -705           0
2014         8     90        3       -994          14
2015        23     97       14       -161        -193
2016        46    129       13       -127        -100
2017         0     94        0         11           0
2018       -11     83       17        213         -11
2019         5    132        1        -68          -7
2020        53   -274       30       -991        -336
2021         8    147        7       -403          11
2022        37    103       68        800         -73
2023        35    115       11       -194           9
2024        13    104        5       -206          13
2025        -7     74       13        386         260
2026         4     23        2        -25           8
