crash months (bp, 4 entries): S45p05 [   73. -2487. -6487.] | L45p10 [ 161. 4161. 8161.]
weekly scenarios 1993-02-05 -> 2026-02-20: 1,639 Fridays, stress share 20.2%
monthly scenarios: stress 139, calm 357

== walk-forward picks (in-sample fit through Y-1; weights = contracts/week at CVaR_5% = 100 bp) ==
  2000: STRESS {S45p20:24.89, L30p05:37.50, L30p10:33.56, L30p25:4.05}  |  CALM {S30p40:0.00, S45p16:0.70, L30p10:0.88, L45p05:1.56}  | naked 0.04 cert 0.14
  2001: STRESS {S45p20:24.96, L30p05:37.39, L30p10:33.56, L30p25:4.09}  |  CALM {S45p10:1.06, L30p05:0.65, L30p10:0.28, L45p05:1.98}  | naked 0.04 cert 0.14
  2002: STRESS {S30p10:0.71, S45p05:47.31, L30p05:56.17, L45p16:0.49}  |  CALM {S45p10:0.38, L30p05:1.07, L30p10:0.09, L45p05:0.63}  | naked 0.05 cert 0.14
  2003: STRESS {S30p40:0.08, L30p05:0.90, L30p50:0.06}  |  CALM {S30p40:0.04, S45p05:0.12, L30p05:1.29, L30p50:0.03}  | naked 0.05 cert 0.14
  2004: STRESS {S30p40:0.11, L30p05:0.90, L30p50:0.09}  |  CALM {S30p40:0.04, S45p05:0.12, L30p05:1.29, L30p50:0.03}  | naked 0.06 cert 0.14
  2005: STRESS {S30p40:0.11, L30p05:0.90, L30p50:0.09}  |  CALM {S30p40:0.04, S45p05:0.12, L30p05:1.30, L30p50:0.03}  | naked 0.06 cert 0.14
  2006: STRESS {S30p40:0.11, L30p05:0.90, L30p50:0.09}  |  CALM {S30p20:0.18, S45p25:0.11, L30p05:0.80, L30p50:0.16}  | naked 0.06 cert 0.14
  2007: STRESS {S30p40:0.11, L30p05:0.90, L30p50:0.09}  |  CALM {S30p20:0.21, S45p05:1.27, L30p05:1.17, L30p50:0.12}  | naked 0.07 cert 0.14
  2008: STRESS {S45p25:0.01, L30p05:0.90, L45p40:0.00}  |  CALM {S30p16:0.25, S45p16:0.30, L30p05:0.31, L30p50:0.24}  | naked 0.07 cert 0.14
  2009: STRESS {S30p30:0.04, L30p05:0.61, L30p20:0.04}  |  CALM {S30p20:0.29, S45p50:0.05, L30p05:0.77, L30p50:0.22}  | naked 0.05 cert 0.12
  2010: STRESS {S30p30:0.02, S45p10:0.03, L30p05:0.61, L30p20:0.02}  |  CALM {S30p20:0.37, S45p40:0.11, L30p05:0.19, L30p50:0.30}  | naked 0.06 cert 0.12
  2011: STRESS {S30p30:0.02, S45p10:0.03, L30p05:0.63, L30p20:0.02}  |  CALM {S30p20:0.37, S45p40:0.11, L30p05:0.19, L30p50:0.31}  | naked 0.06 cert 0.13
  2012: STRESS {S30p30:0.02, S45p10:0.03, L30p05:0.63, L30p20:0.02}  |  CALM {S30p40:0.90, S45p40:0.20, L30p50:0.91, L45p16:0.20}  | naked 0.06 cert 0.13
  2013: STRESS {S30p30:0.02, S45p10:0.03, L30p05:0.63, L30p20:0.02}  |  CALM {S30p40:0.86, S45p40:0.20, L30p50:0.87, L45p16:0.19}  | naked 0.07 cert 0.13
  2014: STRESS {S30p30:0.02, S45p10:0.03, L30p05:0.63, L30p20:0.02}  |  CALM {S30p40:0.83, S45p40:0.19, L30p50:0.84, L45p16:0.19}  | naked 0.07 cert 0.13
  2015: STRESS {S30p30:0.02, S45p10:0.03, L30p05:0.63, L30p20:0.02}  |  CALM {S30p40:0.39, S45p40:0.09, L30p50:0.47}  | naked 0.07 cert 0.13
  2016: STRESS {S30p30:0.01, S45p10:0.08, L30p05:0.70, L30p20:0.02}  |  CALM {S30p20:0.04, S30p40:0.62, L30p05:0.09, L30p50:0.57}  | naked 0.07 cert 0.13
  2017: STRESS {S45p10:0.09, L30p05:0.72, L30p20:0.00}  |  CALM {S30p40:0.58, S45p05:0.31, L30p05:0.33, L30p50:0.51}  | naked 0.07 cert 0.13
  2018: STRESS {S45p10:0.09, L30p05:0.72, L30p20:0.00}  |  CALM {S30p40:0.43, S45p05:0.48, L30p05:0.46, L30p50:0.38}  | naked 0.08 cert 0.13
  2019: STRESS {S30p30:0.01, S45p05:0.91, L30p05:1.39, L30p20:0.01}  |  CALM {S30p40:0.27, S45p05:0.59, L30p05:0.53, L30p50:0.24}  | naked 0.08 cert 0.13
  2020: STRESS {S30p30:0.01, S45p05:0.91, L30p05:1.39, L30p20:0.01}  |  CALM {S30p20:0.02, S45p05:0.64, L30p05:0.32, L45p10:0.14}  | naked 0.08 cert 0.13
  2021: STRESS {S30p30:0.05, S45p05:0.81, L30p05:1.34, L30p50:0.04}  |  CALM {S30p20:0.04, S45p05:0.84, L30p05:0.71, L45p16:0.05}  | naked 0.07 cert 0.13
  2022: STRESS {S30p30:0.02, S45p05:0.96, L30p05:1.39, L30p10:0.05}  |  CALM {S30p20:0.05, S45p05:0.86, L30p05:0.72, L45p16:0.06}  | naked 0.07 cert 0.13
  2023: STRESS {S30p20:0.04, S45p05:1.09, L30p05:1.49, L30p10:0.05}  |  CALM {S30p20:0.05, S45p05:0.89, L30p05:0.75, L45p16:0.06}  | naked 0.07 cert 0.13
  2024: STRESS {S30p20:0.04, S45p05:1.09, L30p05:1.50, L30p10:0.05}  |  CALM {S30p20:0.05, S45p05:0.89, L30p05:0.75, L45p16:0.06}  | naked 0.07 cert 0.13
  2025: STRESS {S30p20:0.04, S45p05:1.09, L30p05:1.50, L30p10:0.05}  |  CALM {S30p20:0.05, S45p05:1.34, L30p05:0.92, L45p10:0.26}  | naked 0.08 cert 0.13
  2026: STRESS {S30p20:0.15, S45p05:2.54, L30p05:0.67, L30p10:1.54}  |  CALM {S30p20:0.05, S45p05:1.35, L30p05:0.92, L45p10:0.27}  | naked 0.08 cert 0.14

== OUT-OF-SAMPLE 2000-2026 (monthly bp of notional, each scaled to in-sample CVaR_5% = 100 bp) ==
            months  mean_bp    cvar5  mean_over_cvar  worst_month    max_dd  gfc_07_09      h1    h2
strategy                                                                                            
CERT           314     1.00    48.03            0.02      -156.13   -267.62      58.85    0.64  1.36
NAKED          314     5.23    81.08            0.06      -428.53   -501.73     -41.95    4.26  6.18
NAKED-S        314     0.89     9.10            0.10      -118.05   -118.05      -9.44    0.61  1.17
OPT-STATE      314  -225.55  4438.89           -0.05    -28101.63 -72921.50      52.01 -457.95  3.90
OPT-STRESS     314  -214.75  4309.36           -0.05    -28268.15 -68022.64    1140.22 -426.66 -5.51

PRIMARY OPT-STATE - NAKED: -230.78 bp/month, t -1.98, halves -462.21 / -2.28 -> NULL/FAIL
  OPT-STATE - OPT-STRESS: -10.80 bp/month, t -2.07
  OPT-STATE - CERT: -226.56 bp/month, t -1.95
  OPT-STATE - NAKED-S: -226.44 bp/month, t -1.94
  OPT-STRESS - CERT: -215.75 bp/month, t -1.86

per-year OOS sums (bp):
strategy  CERT  NAKED  NAKED-S  OPT-STATE  OPT-STRESS
month                                                
2000       101     97       21      -1378        -603
2001      -109     38       11     -52105      -51412
2002       -84     35       15     -15942      -15189
2003        33    105       14       -932        -211
2004         0     84        0       -723           0
2005         0     79        0       -628           0
2006         0     77        0       -303           0
2007        35    102       16         94        -252
2008         6   -301      -50        933        1663
2009        18    157       25       -976        -271
2010        36     94       20        125         -98
2011        51     20       18        -64        -125
2012        12     77        6        458         -61
2013         0     60        0        638           0
2014         8     90        3        370         -10
2015        23     97       14       -113        -141
2016        46    129       13       -108         -99
2017         0     94        0        185           0
2018       -11     83       17        -30        -114
2019         5    132        1        -84          -5
2020        53   -274       30       -621        -191
2021         8    147        7        167         -30
2022        37    103       68        -85        -198
2023        35    115       11        160         -16
2024        13    104        5        116          -6
2025        -7     74       13        -12         -66
2026         4     23        2         33           4
