weekly scenarios 1993-02-05 -> 2026-02-20: 1,639 Fridays, stress share 20.2%
monthly scenarios: stress 139, calm 357

== walk-forward picks (in-sample fit through Y-1; weights = contracts/week at CVaR_5% = 100 bp) ==
  2000: STRESS {}  |  CALM {}
  2001: STRESS {}  |  CALM {}
  2002: STRESS {}  |  CALM {}
  2003: STRESS {}  |  CALM {}
  2004: STRESS {}  |  CALM {}
  2005: STRESS {}  |  CALM {}
  2006: STRESS {}  |  CALM {}
  2007: STRESS {}  |  CALM {}
  2008: STRESS {}  |  CALM {}
  2009: STRESS {}  |  CALM {}
  2010: STRESS {}  |  CALM {}
  2011: STRESS {}  |  CALM {}
  2012: STRESS {}  |  CALM {'S30p05': np.float64(5.4), 'S30p16': np.float64(0.59), 'S45p05': np.float64(72.03), 'L45p10': np.float64(34.21)}
  2013: STRESS {}  |  CALM {'S30p05': np.float64(4.39), 'S30p16': np.float64(0.49), 'S45p05': np.float64(58.67), 'L45p10': np.float64(27.86)}
  2014: STRESS {}  |  CALM {'S30p05': np.float64(4.39), 'S30p16': np.float64(0.49), 'S45p05': np.float64(58.67), 'L45p10': np.float64(27.86)}
  2015: STRESS {}  |  CALM {'S30p05': np.float64(1.32), 'S45p05': np.float64(10.28), 'S45p16': np.float64(0.21), 'L45p10': np.float64(5.13)}
  2016: STRESS {'S30p25': np.float64(0.81), 'S45p05': np.float64(14.08), 'L30p20': np.float64(1.68), 'L45p10': np.float64(4.92)}  |  CALM {'S30p05': np.float64(1.93), 'S30p30': np.float64(0.09), 'S45p05': np.float64(9.33), 'L45p10': np.float64(4.47)}
  2017: STRESS {'S45p05': np.float64(16.48), 'L30p05': np.float64(0.85), 'L45p10': np.float64(6.62)}  |  CALM {'S30p05': np.float64(2.24), 'S30p30': np.float64(0.08), 'S45p05': np.float64(8.76), 'L45p10': np.float64(4.2)}
  2018: STRESS {'S45p05': np.float64(16.48), 'L30p05': np.float64(0.85), 'L45p10': np.float64(6.62)}  |  CALM {'S30p05': np.float64(2.42), 'S30p30': np.float64(0.09), 'S45p05': np.float64(9.44), 'L45p10': np.float64(4.53)}
  2019: STRESS {'S45p05': np.float64(13.97), 'L30p20': np.float64(0.44), 'L45p10': np.float64(5.43)}  |  CALM {'S30p05': np.float64(2.73), 'S30p30': np.float64(0.08), 'S45p05': np.float64(8.79), 'L45p10': np.float64(4.23)}
  2020: STRESS {'S45p05': np.float64(13.97), 'L30p20': np.float64(0.44), 'L45p10': np.float64(5.43)}  |  CALM {'S30p05': np.float64(3.04), 'S45p05': np.float64(8.61), 'L45p10': np.float64(4.07)}
  2021: STRESS {'S45p05': np.float64(13.0), 'L30p20': np.float64(0.41), 'L45p10': np.float64(5.06)}  |  CALM {'S30p16': np.float64(0.01), 'S45p05': np.float64(0.65), 'L45p10': np.float64(0.28)}
  2022: STRESS {'S45p05': np.float64(13.0), 'L30p20': np.float64(0.41), 'L45p10': np.float64(5.06)}  |  CALM {'S30p16': np.float64(0.02), 'S45p05': np.float64(0.67), 'L45p10': np.float64(0.28)}
  2023: STRESS {'S45p05': np.float64(14.33), 'L30p20': np.float64(0.45), 'L45p10': np.float64(5.58)}  |  CALM {'S30p20': np.float64(0.01), 'S45p05': np.float64(0.72), 'S45p50': np.float64(0.0), 'L45p10': np.float64(0.31)}
  2024: STRESS {'S45p05': np.float64(14.33), 'L30p20': np.float64(0.45), 'L45p10': np.float64(5.58)}  |  CALM {'S30p20': np.float64(0.01), 'S45p05': np.float64(0.76), 'S45p50': np.float64(0.0), 'L45p10': np.float64(0.33)}
  2025: STRESS {'S45p05': np.float64(14.35), 'L30p20': np.float64(0.46), 'L45p10': np.float64(5.58)}  |  CALM {'S30p16': np.float64(0.02), 'S45p05': np.float64(0.77), 'L45p10': np.float64(0.32)}
  2026: STRESS {'S45p05': np.float64(14.35), 'L30p20': np.float64(0.46), 'L45p10': np.float64(5.58)}  |  CALM {'S30p16': np.float64(0.01), 'S45p05': np.float64(0.81), 'S45p50': np.float64(0.0), 'L45p10': np.float64(0.35)}

== OUT-OF-SAMPLE 2000-2026 (monthly bp of notional, each scaled to in-sample CVaR_5% = 100 bp) ==
            months  mean_bp    cvar5  mean_over_cvar  worst_month    max_dd  gfc_07_09     h1     h2
strategy                                                                                            
CERT           314     0.96    82.90            0.01      -332.82   -564.77      62.25   0.29   1.61
NAKED          314    15.57   273.73            0.06     -1238.07  -1913.37    -490.80  20.13  11.07
NAKED-S        314     3.14    80.29            0.04      -914.48   -914.48    -147.06   2.62   3.65
OPT-STATE      314   -35.24  2252.08           -0.02    -29658.20 -29675.90       0.00   5.68 -75.65
OPT-STRESS     314     9.51    30.87            0.31      -333.98   -333.98       0.00   0.00  18.89

PRIMARY OPT-STATE - NAKED: -50.81 bp/month, t -0.55, halves -14.44 / -86.72 -> NULL/FAIL
  OPT-STATE - OPT-STRESS: -44.75 bp/month, t -0.47
  OPT-STATE - CERT: -36.20 bp/month, t -0.38
  OPT-STATE - NAKED-S: -38.38 bp/month, t -0.40
  OPT-STRESS - CERT: +8.55 bp/month, t +2.81

per-year OOS sums (bp):
strategy  CERT  NAKED  NAKED-S  OPT-STATE  OPT-STRESS
month                                                
2000       289   1045        0          0           0
2001      -358    512        0          0           0
2002       -92    223      272          0           0
2003        35    443      139          0           0
2004         0    350        0          0           0
2005         0    332        0          0           0
2006         0    324        0          0           0
2007        37    440      162          0           0
2008         6  -1271     -389          0           0
2009        19    340       80          0           0
2010        38    204       65          0           0
2011        57     44       61          0           0
2012        14    156       20        887           0
2013         0    114        0       2486           0
2014         9    185        8      -4078           0
2015        26    199       47       1362           0
2016        51    248       37       1428         407
2017         0    192        0       1674           0
2018       -13    168       57       4612          86
2019         6    264        5       1561           9
2020        65   -549      100     -24397         -31
2021        10    244       23        343         225
2022        43    171      195       1559        1233
2023        45    188       37        373         287
2024        17    171       17        267         162
2025        -9    116       44        796         564
2026         5     37        6         60          44
