  selected 2010: 5,442
  selected 2011: 6,211
  selected 2012: 6,254
  selected 2013: 10,601
  selected 2014: 12,941
  selected 2015: 14,603
  selected 2016: 15,234
  selected 2017: 13,873
  selected 2018: 16,594
  selected 2019: 16,988
  selected 2020: 17,787
  selected 2021: 17,053
  selected 2022: 17,979
  selected 2023: 16,559
  selected 2024: 16,514
  selected 2025: 16,310
  selected 2026: 2,268

entries 223,131, 2010-01-04 -> 2026-02-20, stress share of days 16.8%

===== ALL: net bp of notional per short contract, hold to expiry (t_net in brackets; * = clears the bar) =====
-- PUTS (rows |delta|, cols DTE)
dte            1            7            14           30           45
delta                                                                
0.05   1.3 (4.3)*   3.9 (6.0)*   6.7 (6.5)*   10.1 (2.1)   10.8 (1.4)
0.10   1.9 (3.5)*   6.5 (6.0)*  10.6 (4.6)*   19.1 (3.0)   23.5 (2.3)
0.16    2.7 (3.3)   8.3 (5.1)*  14.2 (4.1)*   27.2 (3.4)   36.0 (3.0)
0.20    2.7 (2.7)   8.8 (4.3)*  16.2 (4.0)*  32.3 (3.6)*   43.6 (3.3)
0.25    2.9 (2.2)  10.3 (4.1)*  17.5 (3.5)*  37.1 (3.6)*  52.7 (3.6)*
0.30    3.8 (2.5)  10.8 (3.6)*  20.1 (3.6)*  42.1 (3.7)*  61.2 (3.8)*
0.40    4.4 (2.0)  13.8 (3.5)*  24.6 (3.5)*  51.0 (3.6)*  77.6 (4.1)*
0.50    5.4 (2.0)   16.0 (3.3)  29.3 (3.5)*  61.1 (3.7)*  90.7 (4.1)*
-- CALLS (rows |delta|, cols DTE)
dte             1            7             14            30            45
delta                                                                    
0.05     0.2 (0.7)    0.8 (2.2)     1.4 (2.3)     1.9 (1.6)     3.2 (2.1)
0.10     0.2 (0.4)    0.0 (0.0)     0.4 (0.3)   -0.1 (-0.1)     2.3 (0.8)
0.16   -0.7 (-0.8)  -1.3 (-1.1)   -2.5 (-1.1)   -4.5 (-1.2)   -2.7 (-0.6)
0.20   -0.6 (-0.6)  -2.2 (-1.4)   -4.0 (-1.5)   -7.8 (-1.6)   -7.6 (-1.2)
0.25   -1.3 (-1.1)  -3.5 (-1.9)   -6.6 (-2.0)  -14.5 (-2.3)  -15.2 (-1.9)
0.30   -2.1 (-1.4)  -4.7 (-2.0)   -8.9 (-2.2)  -19.3 (-2.6)  -23.1 (-2.4)
0.40   -2.5 (-1.4)  -6.8 (-2.2)  -14.1 (-2.7)  -30.7 (-3.2)  -35.0 (-2.8)
0.50   -4.7 (-2.0)  -9.3 (-2.4)  -16.5 (-2.6)  -40.1 (-3.4)  -45.4 (-2.9)

===== STRESS: net bp of notional per short contract, hold to expiry (t_net in brackets; * = clears the bar) =====
-- PUTS (rows |delta|, cols DTE)
dte           1           7           14            30             45
delta                                                                
0.05   2.9 (2.5)   4.8 (2.0)   7.8 (1.9)   20.3 (6.0)*   30.0 (19.7)*
0.10   5.2 (2.6)   9.2 (2.4)   9.7 (1.0)   35.3 (5.6)*   59.9 (18.1)*
0.16   6.3 (2.2)  11.1 (1.9)  14.6 (1.1)   51.8 (5.1)*   93.2 (14.6)*
0.20   7.7 (2.3)  11.8 (1.5)  19.0 (1.2)   63.2 (5.1)*  112.1 (11.6)*
0.25   6.3 (1.6)  17.0 (1.8)  23.6 (1.4)   73.8 (4.8)*   133.8 (9.7)*
0.30   8.3 (1.7)  15.7 (1.4)  29.5 (1.5)   86.1 (4.7)*   149.9 (8.4)*
0.40   9.8 (1.6)  23.9 (1.6)  45.5 (2.1)  100.3 (3.9)*   178.7 (6.7)*
0.50   5.7 (0.8)  24.2 (1.3)  55.5 (2.1)   120.0 (3.7)   202.9 (5.4)*
-- CALLS (rows |delta|, cols DTE)
dte             1             7             14             30             45
delta                                                                       
0.05     0.7 (0.6)   -0.2 (-0.1)   -0.2 (-0.1)    -1.5 (-0.4)      3.0 (0.8)
0.10     0.7 (0.4)   -3.1 (-1.0)   -4.6 (-1.0)    -8.8 (-1.1)    -3.5 (-0.4)
0.16   -1.1 (-0.4)   -6.7 (-1.4)  -11.7 (-1.5)   -21.5 (-1.7)   -18.3 (-1.3)
0.20   -1.8 (-0.6)   -7.1 (-1.2)  -15.2 (-1.6)   -29.1 (-1.9)   -30.9 (-1.7)
0.25   -2.8 (-0.8)   -9.0 (-1.3)  -19.7 (-1.7)   -42.3 (-2.2)   -47.4 (-2.0)
0.30   -3.0 (-0.7)  -11.6 (-1.3)  -26.5 (-1.9)   -52.7 (-2.3)   -65.0 (-2.3)
0.40   -3.9 (-0.7)  -14.6 (-1.3)  -36.7 (-2.0)   -83.3 (-2.8)   -96.7 (-2.5)
0.50   -6.7 (-0.9)  -19.9 (-1.4)  -42.6 (-1.9)  -105.0 (-2.9)  -119.0 (-2.4)

===== CALM: net bp of notional per short contract, hold to expiry (t_net in brackets; * = clears the bar) =====
-- PUTS (rows |delta|, cols DTE)
dte           1           7            14          30          45
delta                                                            
0.05   1.0 (3.4)  3.8 (5.8)*   6.5 (7.2)*   8.2 (1.6)   7.0 (0.7)
0.10   1.2 (2.3)  5.9 (5.4)*  10.7 (5.8)*  16.0 (2.4)  16.5 (1.4)
0.16   1.9 (2.4)  7.8 (4.8)*  14.2 (4.8)*  22.4 (2.8)  24.9 (1.8)
0.20   1.6 (1.6)  8.2 (4.2)*  15.7 (4.4)*  26.3 (2.9)  30.3 (2.0)
0.25   2.1 (1.6)   8.9 (3.7)   16.3 (3.6)  30.0 (3.0)  36.9 (2.2)
0.30   2.6 (1.8)   9.8 (3.4)   18.3 (3.5)  33.5 (3.0)  43.7 (2.3)
0.40   2.7 (1.3)  11.6 (3.1)   20.4 (3.1)  41.1 (3.0)  57.3 (2.7)
0.50   5.4 (2.2)  14.1 (3.1)   23.9 (3.0)  49.0 (3.1)  67.7 (2.8)
-- CALLS (rows |delta|, cols DTE)
dte             1            7             14            30            45
delta                                                                    
0.05     0.1 (0.5)    1.0 (3.6)     1.8 (3.8)     2.6 (2.6)     3.3 (2.1)
0.10     0.1 (0.2)    0.7 (1.1)     1.4 (1.2)     1.6 (0.8)     3.5 (1.2)
0.16   -0.6 (-0.8)  -0.2 (-0.2)   -0.5 (-0.3)   -1.0 (-0.3)     0.5 (0.1)
0.20   -0.3 (-0.3)  -1.1 (-0.8)   -1.7 (-0.7)   -3.4 (-0.7)   -2.8 (-0.5)
0.25   -0.8 (-0.8)  -2.3 (-1.4)   -3.8 (-1.3)   -8.7 (-1.5)   -8.5 (-1.1)
0.30   -1.8 (-1.3)  -3.1 (-1.5)   -5.1 (-1.4)  -12.3 (-1.8)  -14.3 (-1.6)
0.40   -2.1 (-1.3)  -4.9 (-1.7)   -9.3 (-1.9)  -19.8 (-2.2)  -22.4 (-1.9)
0.50   -4.0 (-2.0)  -6.9 (-2.0)  -11.0 (-1.9)  -26.8 (-2.4)  -30.4 (-2.1)

===== GAMMA+: net bp of notional per short contract, hold to expiry (t_net in brackets; * = clears the bar) =====
-- PUTS (rows |delta|, cols DTE)
dte            1           7           14          30          45
delta                                                            
0.05   1.4 (6.2)*  3.3 (4.5)*  5.7 (5.0)*   5.8 (0.7)   1.8 (0.1)
0.10    2.0 (3.8)  5.0 (3.9)*  9.6 (4.3)*  14.1 (1.4)  10.0 (0.6)
0.16   3.1 (3.9)*   6.3 (3.5)  12.4 (3.7)  21.0 (1.8)  19.4 (0.9)
0.20    3.3 (3.2)   6.6 (3.0)  14.0 (3.5)  25.1 (1.9)  25.5 (1.2)
0.25    4.1 (3.0)   7.3 (2.7)  15.9 (3.3)  29.2 (2.1)  32.6 (1.4)
0.30    5.6 (3.8)   8.4 (2.7)  17.2 (3.1)  32.8 (2.2)  39.6 (1.6)
0.40    7.0 (2.9)  11.4 (3.0)  21.1 (3.1)  40.6 (2.3)  52.3 (1.9)
0.50    9.5 (3.5)  14.7 (3.2)  26.3 (3.4)  49.9 (2.5)  60.0 (2.0)
-- CALLS (rows |delta|, cols DTE)
dte             1            7            14            30            45
delta                                                                   
0.05     0.6 (2.5)   1.5 (4.4)*   2.3 (4.3)*     3.5 (2.5)     3.4 (1.4)
0.10     1.0 (2.7)    2.0 (3.0)    2.8 (2.3)     3.5 (1.3)     4.8 (1.3)
0.16     0.9 (1.2)    2.2 (2.0)    2.0 (1.0)     2.3 (0.6)     2.9 (0.5)
0.20     1.9 (2.7)    2.3 (1.7)    1.6 (0.6)   -0.5 (-0.1)   -0.2 (-0.0)
0.25     0.7 (0.6)    1.8 (1.1)  -0.5 (-0.2)   -3.6 (-0.6)   -6.3 (-0.7)
0.30   -0.2 (-0.1)    1.4 (0.7)  -1.9 (-0.5)   -8.0 (-1.0)  -12.9 (-1.2)
0.40     0.4 (0.2)    0.6 (0.2)  -6.4 (-1.3)  -15.4 (-1.6)  -20.9 (-1.6)
0.50   -1.1 (-0.6)  -3.6 (-1.1)  -8.6 (-1.4)  -22.6 (-1.8)  -29.3 (-1.8)

===== GAMMA-: net bp of notional per short contract, hold to expiry (t_net in brackets; * = clears the bar) =====
-- PUTS (rows |delta|, cols DTE)
dte           1            7           14           30            45
delta                                                               
0.05   1.2 (2.2)   4.5 (5.4)*  7.5 (5.6)*  13.8 (5.4)*   18.7 (7.4)*
0.10   1.8 (1.8)   7.8 (5.4)*  11.5 (3.6)  23.4 (5.5)*   35.4 (8.1)*
0.16   2.3 (1.7)  10.1 (4.4)*  16.0 (3.3)  32.4 (4.9)*   50.6 (7.3)*
0.20   2.2 (1.3)   10.9 (3.6)  18.3 (3.2)  38.2 (4.7)*   59.3 (6.7)*
0.25   2.0 (1.0)   13.0 (3.5)  18.9 (2.8)  43.7 (4.4)*   69.9 (6.2)*
0.30   2.6 (1.1)   12.9 (2.9)  22.8 (3.0)  49.7 (4.3)*   79.8 (5.9)*
0.40   2.6 (0.8)   15.9 (2.6)  27.7 (3.0)  59.5 (3.9)*   98.9 (5.5)*
0.50   2.9 (0.8)   17.1 (2.3)  31.9 (2.8)   70.1 (3.7)  116.7 (5.1)*
-- CALLS (rows |delta|, cols DTE)
dte             1             7             14            30            45
delta                                                                     
0.05   -0.1 (-0.1)     0.2 (0.3)     0.7 (0.7)     0.6 (0.4)     3.1 (1.8)
0.10   -0.4 (-0.5)   -1.7 (-1.3)   -1.7 (-0.8)   -3.0 (-0.9)     0.2 (0.1)
0.16   -1.8 (-1.4)   -4.4 (-2.1)   -6.1 (-1.8)   -9.8 (-1.8)   -7.5 (-1.2)
0.20   -2.4 (-1.5)   -6.1 (-2.3)   -8.6 (-2.1)  -13.5 (-2.0)  -13.8 (-1.7)
0.25   -2.6 (-1.5)   -8.0 (-2.5)  -11.8 (-2.3)  -23.2 (-2.7)  -22.6 (-2.2)
0.30   -3.4 (-1.5)   -9.7 (-2.4)  -14.5 (-2.5)  -28.2 (-2.8)  -31.6 (-2.5)
0.40   -4.4 (-1.5)  -12.8 (-2.4)  -20.5 (-2.6)  -43.1 (-3.3)  -46.8 (-2.8)
0.50   -6.9 (-1.9)  -14.0 (-2.2)  -23.1 (-2.4)  -54.2 (-3.4)  -59.0 (-2.8)

cells clearing the pre-registered bar:
 state cp  dte  delta    n  months     yrs  gross_bp  net_bp  t_net     h1     h2  yrs_pos  worst_mo
STRESS  P   45   0.05  424      67 2010-26     30.75   30.04  19.74  29.85  30.14     1.00     17.40
STRESS  P   45   0.10  443      67 2010-26     60.68   59.86  18.14  60.20  59.70     1.00     36.28
STRESS  P   45   0.16  451      68 2010-26     94.09   93.15  14.58  98.93  90.41     1.00   -198.90
STRESS  P   45   0.20  450      69 2010-26    113.12  112.14  11.62 121.77 107.69     1.00   -272.40
STRESS  P   45   0.25  454      69 2010-26    134.90  133.83   9.74 145.39 128.35     1.00   -343.84
STRESS  P   45   0.30  462      69 2010-26    150.97  149.87   8.38 165.11 142.33     0.93   -479.13
GAMMA-  P   45   0.10 1450     187 2010-26     36.03   35.36   8.13  37.13  33.70     1.00  -1761.86
GAMMA-  P   45   0.05 1386     187 2010-26     19.28   18.67   7.40  19.43  17.95     0.94  -1379.48
GAMMA-  P   45   0.16 1474     187 2010-26     51.45   50.64   7.30  53.70  47.81     1.00  -1293.09
  CALM  P   14   0.05 2873     183 2010-26      6.85    6.45   7.17   7.17   5.86     1.00   -335.15
GAMMA-  P   45   0.20 1486     187 2010-26     60.17   59.34   6.74  63.15  55.79     1.00  -1371.49
STRESS  P   45   0.40  466      69 2010-26    179.96  178.68   6.68 199.51 168.09     0.93   -589.55
   ALL  P   14   0.05 3396     194 2010-26      7.06    6.65   6.50   7.94   5.68     0.94   -141.99
GAMMA-  P   45   0.25 1497     187 2010-26     70.78   69.92   6.22  74.73  65.37     1.00  -1016.77
GAMMA+  P    1   0.05 1154     168 2010-26      1.75    1.45   6.18   1.12   1.59     0.88    -96.10
   ALL  P    7   0.05 3257     194 2010-26      4.31    3.92   6.02   5.38   3.05     1.00    -79.42
STRESS  P   30   0.05  570      75 2010-26     20.91   20.31   6.02  22.91  19.10     1.00   -335.11
   ALL  P    7   0.10 3277     194 2010-26      6.88    6.47   5.97   9.55   4.60     0.94    -90.18
GAMMA-  P   45   0.30 1505     187 2010-26     80.68   79.81   5.85  87.14  72.83     0.94  -1086.51
  CALM  P    7   0.05 2746     183 2010-26      4.13    3.75   5.82   4.88   3.00     0.94   -106.40
  CALM  P   14   0.10 2839     183 2010-26     11.16   10.72   5.81  13.05   8.76     0.88   -396.96
GAMMA-  P   14   0.05 1782     188 2010-26      7.94    7.48   5.59   8.92   6.20     0.94    -94.21
STRESS  P   30   0.10  574      75 2010-26     35.99   35.31   5.58  44.76  30.92     0.94   -603.79
GAMMA-  P   45   0.40 1515     188 2010-26     99.84   98.89   5.49 111.57  86.94     0.94  -1210.84
GAMMA-  P   30   0.10 1932     189 2010-26     24.04   23.43   5.47  22.99  23.83     0.88   -773.92
STRESS  P   45   0.50  466      69 2010-26    204.70  202.86   5.45 231.17 188.47     0.93   -686.80
GAMMA-  P   30   0.05 1895     189 2010-26     14.34   13.80   5.44  12.72  14.76     0.88   -543.12
GAMMA-  P    7   0.10 1727     187 2010-26      8.27    7.79   5.41  11.14   5.42     0.88    -80.69
  CALM  P    7   0.10 2748     183 2010-26      6.34    5.95   5.40   8.36   4.32     0.82   -202.43
GAMMA-  P    7   0.05 1704     187 2010-26      4.95    4.51   5.38   5.97   3.49     0.94    -91.46
GAMMA-  P   45   0.50 1484     186 2010-26    117.92  116.67   5.13 135.21  99.89     0.88  -1354.73
STRESS  P   30   0.16  570      74 2010-26     52.65   51.81   5.11  72.06  42.77     0.94   -839.11
   ALL  P    7   0.16 3236     194 2010-26      8.78    8.33   5.10  12.68   5.74     0.88    -95.82
STRESS  P   30   0.20  571      74 2010-26     64.01   63.20   5.06  90.19  50.88     1.00   -937.38
GAMMA+  P   14   0.05 1614     171 2010-26      6.10    5.74   5.05   6.63   5.19     0.94   -524.21
GAMMA-  P   30   0.16 1922     189 2010-26     33.13   32.41   4.92  32.68  32.17     0.94   -978.22
  CALM  P   14   0.16 2805     182 2010-26     14.64   14.16   4.84  18.88  10.12     0.82   -548.23
STRESS  P   30   0.25  567      75 2010-26     74.76   73.82   4.84 109.42  57.26     1.00  -1046.16
  CALM  P    7   0.16 2703     183 2010-26      8.21    7.78   4.80  11.67   5.23     0.82   -300.09
GAMMA-  P   30   0.20 1920     189 2010-26     38.93   38.22   4.74  39.59  36.97     1.00  -1061.52
STRESS  P   30   0.30  570      76 2010-26     87.12   86.13   4.71 125.51  67.51     1.00  -1156.01
   ALL  P   14   0.10 3366     194 2010-26     11.02   10.56   4.64  14.38   7.67     0.88   -211.41
GAMMA+  P    7   0.05 1553     174 2010-26      3.61    3.28   4.46   4.58   2.62     0.94    -99.68
GAMMA-  P   30   0.25 1921     189 2010-26     44.41   43.67   4.44  47.41  40.18     1.00  -1147.65
GAMMA+  C    7   0.05 1422     171 2010-26      1.81    1.49   4.44   1.26   1.60     0.94    -17.56
GAMMA-  P    7   0.16 1706     187 2010-26     10.69   10.14   4.38  14.82   6.87     0.94    -76.63
  CALM  P   14   0.20 2799     183 2010-26     16.16   15.69   4.35  21.27  11.09     0.82   -609.15
   ALL  P    1   0.05 2472     194 2010-26      1.64    1.29   4.34   1.22   1.33     0.82    -34.86
   ALL  P    7   0.20 3186     194 2010-26      9.28    8.84   4.31  13.81   6.01     0.88   -142.26
GAMMA+  P   14   0.10 1605     171 2010-26      9.94    9.56   4.31  12.75   7.58     0.88   -690.00
GAMMA+  C   14   0.05 1421     168 2010-26      2.67    2.30   4.30   1.86   2.60     0.88    -24.97
GAMMA-  P   30   0.30 1919     189 2010-26     50.44   49.66   4.29  54.65  45.01     1.00  -1250.26
  CALM  P    7   0.20 2657     183 2010-26      8.66    8.25   4.19  12.78   5.43     0.82   -330.52
   ALL  P   14   0.16 3332     194 2010-26     14.74   14.23   4.14  21.01   9.05     0.82   -298.87
   ALL  P    7   0.25 3080     194 2010-26     10.73   10.28   4.10  15.76   7.41     0.88   -187.98
   ALL  P   45   0.50 2738     194 2010-26     91.69   90.70   4.09 118.56  70.94     0.82  -2250.75
   ALL  P   45   0.40 2793     194 2010-26     78.33   77.56   4.08 101.83  59.57     0.82  -2161.36
   ALL  P   14   0.20 3328     194 2010-26     16.72   16.22   3.96  23.92  10.50     0.82   -341.54
GAMMA+  P    7   0.10 1550     174 2010-26      5.34    5.00   3.93   7.37   3.80     0.82   -202.43
STRESS  P   30   0.40  570      75 2010-26    101.30  100.27   3.93 149.79  77.24     0.94  -1353.48
GAMMA-  P   30   0.40 1875     189 2010-26     60.33   59.50   3.90  69.44  50.69     0.82  -1420.23
GAMMA+  P    1   0.16 1016     160 2010-26      3.44    3.14   3.87   2.91   3.22     0.76   -195.27
   ALL  P   45   0.30 2801     194 2010-26     61.93   61.22   3.77  81.07  46.30     0.76  -2050.29
   ALL  P   30   0.50 3320     194 2010-26     61.92   61.07   3.71  76.10  51.00     0.82  -1759.04
   ALL  P   30   0.30 3480     194 2010-26     42.75   42.10   3.68  55.12  32.33     0.82  -1555.86
   ALL  P   30   0.40 3401     194 2010-26     51.73   51.03   3.65  67.13  39.65     0.82  -1677.19
   ALL  P   30   0.25 3509     194 2010-26     37.74   37.12   3.63  48.30  28.73     0.88  -1477.41
   ALL  P   14   0.30 3225     194 2010-26     20.67   20.13   3.58  30.59  13.00     0.88   -420.36
   ALL  P   45   0.25 2789     194 2010-26     53.35   52.65   3.57  69.81  39.74     0.82  -1973.51
   ALL  P    7   0.30 3002     192 2010-26     11.29   10.81   3.57  17.35   7.41     0.88   -237.52
   ALL  P   30   0.20 3508     194 2010-26     32.90   32.29   3.57  40.40  26.27     0.88  -1396.65
   ALL  P   14   0.50 3038     193 2010-26     29.98   29.30   3.54  39.28  23.12     0.88   -526.79
   ALL  P   14   0.40 3138     193 2010-26     25.21   24.65   3.53  35.23  17.83     0.88   -482.59
   ALL  P   14   0.25 3266     194 2010-26     17.99   17.47   3.52  27.81  10.17     0.82   -380.65
   ALL  P    7   0.40 2781     192 2010-26     14.33   13.84   3.48  22.09  10.07     0.88   -300.85
   ALL  P    1   0.10 2425     193 2010-26      2.23    1.88   3.46   2.16   1.73     0.76    -48.47
