== each weekday on its own (CALM & GAMMA+), bp of notional per trade ==
 delta day   n   years  dte_med  net_bp  excess_bp  t_excess   win   worst  yrs_pos
  0.10 Mon 243 2010-26      7.0    5.10       3.53      1.93 95.88 -329.20     0.87
  0.10 Tue 254 2013-26      7.0    4.60       2.60      1.73 95.67 -263.50     0.69
  0.10 Wed 312 2010-26      7.0    3.07       2.63      1.22 94.87 -538.33     0.69
  0.10 Thu 358 2010-26      7.0    4.46       3.50      2.16 95.53 -509.69     0.76
  0.10 Fri 362 2010-26      7.0    6.56       5.12      5.25 96.41 -169.73     0.94
  0.05 Mon 246 2010-26      7.0    3.03       2.27      2.06 98.78 -233.99     0.80
  0.05 Tue 254 2013-26      7.0    3.38       2.38      3.07 98.43 -168.06     0.85
  0.05 Wed 312 2010-26      7.0    2.43       2.19      1.47 98.08 -424.25     0.81
  0.05 Thu 358 2010-26      7.0    2.81       2.28      1.95 98.88 -396.62     0.82
  0.05 Fri 362 2010-26      7.0    4.23       3.49      7.14 98.90  -85.63     1.00

== PRIMARY: paired vs the SAME WEEK's Friday entry (weekday - Friday excess) ==
 delta day  weeks                   span  day_excess  fri_excess  diff_bp     t    h1    h2    verdict
  0.10 Mon    159 2012-02-11..2026-01-31        1.87        4.90    -3.03 -1.91 -2.75 -3.35 EQUIVALENT
  0.10 Tue    177 2013-12-21..2026-01-03        2.10        4.61    -2.51 -1.51 -1.06 -3.81 EQUIVALENT
  0.10 Wed    218 2010-12-04..2026-01-03        3.81        4.86    -1.04 -0.77  1.40 -3.53 EQUIVALENT
  0.10 Thu    270 2010-01-02..2025-11-29        4.54        5.29    -0.75 -0.73  0.36 -1.91 EQUIVALENT
  0.05 Mon    160 2012-02-11..2026-01-31        0.84        2.59    -1.75 -2.23 -1.66 -1.87 EQUIVALENT
  0.05 Tue    177 2013-12-21..2026-01-03        1.04        3.06    -2.02 -2.67 -1.11 -2.84 EQUIVALENT
  0.05 Wed    218 2010-12-04..2026-01-03        2.08        3.15    -1.07 -1.80  0.08 -2.02 EQUIVALENT
  0.05 Thu    270 2010-01-02..2025-11-29        2.72        3.41    -0.69 -1.46 -0.24 -1.26 EQUIVALENT
