calibration entries 115,693, IV solved 100.0%

== OUT-OF-SAMPLE VALIDATION (fit 2010-17, predict 2018-26): synthetic vs actual ==
 state  dte  delta    n  mid_err_med  credit_ratio  actual_bp  synth_bp
   ALL    1   0.05 1613        0.170         1.120      1.328     1.777
STRESS    1   0.05  317        0.134         1.010      2.681     2.122
   ALL    1   0.10 1610        0.166         1.092      1.734     2.449
STRESS    1   0.10  318        0.149         0.990      5.006     3.371
   ALL    1   0.16 1539        0.164         1.083      2.467     3.580
STRESS    1   0.16  318        0.141         0.992      6.558     4.862
   ALL    1   0.20 1457        0.172         1.100      2.108     3.894
STRESS    1   0.20  315        0.132         0.987      6.528     5.792
   ALL    1   0.25 1309        0.157         1.080      2.262     4.501
STRESS    1   0.25  304        0.130         1.005      6.189     6.366
   ALL    1   0.30 1226        0.163         1.077      3.025     5.164
STRESS    1   0.30  306        0.126         0.993      7.838     7.007
   ALL    1   0.40 1054        0.149         1.042      3.386     4.853
STRESS    1   0.40  293        0.123         0.974      8.426     5.463
   ALL    1   0.50 1014        0.147         1.046      3.033     5.301
STRESS    1   0.50  284        0.117         0.989      4.164     4.333
   ALL    7   0.05 2036        0.196         1.177      3.050     3.919
STRESS    7   0.05  392        0.155         1.099      3.264     2.608
   ALL    7   0.10 2038        0.183         1.163      4.603     7.045
STRESS    7   0.10  395        0.131         1.097      5.767     6.101
   ALL    7   0.16 2030        0.172         1.152      5.739    10.027
STRESS    7   0.16  395        0.122         1.092      7.830     9.832
   ALL    7   0.20 2032        0.169         1.150      6.013    11.666
STRESS    7   0.20  395        0.127         1.095      8.446    12.374
   ALL    7   0.25 2021        0.171         1.156      7.410    14.849
STRESS    7   0.25  390        0.124         1.099     13.839    21.069
   ALL    7   0.30 1976        0.164         1.146      7.413    15.495
STRESS    7   0.30  388        0.122         1.094     11.641    19.367
   ALL    7   0.40 1908        0.160         1.138     10.072    20.119
STRESS    7   0.40  392        0.114         1.086     16.212    28.517
   ALL    7   0.50 1857        0.159         1.133     11.945    22.893
STRESS    7   0.50  387        0.120         1.092     20.567    34.611
   ALL   14   0.05 1939        0.112         1.070      5.680     5.305
STRESS   14   0.05  371        0.103         1.011      4.933     0.534
   ALL   14   0.10 1917        0.108         1.086      7.674     9.353
STRESS   14   0.10  375        0.092         1.054      3.198     3.658
   ALL   14   0.16 1887        0.120         1.110      9.048    13.860
STRESS   14   0.16  374        0.092         1.075      4.694    10.052
   ALL   14   0.20 1909        0.129         1.117     10.495    17.094
STRESS   14   0.20  376        0.096         1.086      8.081    16.456
   ALL   14   0.25 1914        0.141         1.128     10.170    19.001
STRESS   14   0.25  375        0.102         1.094     11.062    21.848
   ALL   14   0.30 1917        0.144         1.132     12.996    23.767
STRESS   14   0.30  380        0.106         1.094     16.581    30.525
   ALL   14   0.40 1909        0.136         1.121     17.833    30.320
STRESS   14   0.40  385        0.095         1.085     27.595    44.925
   ALL   14   0.50 1876        0.118         1.099     23.124    35.202
STRESS   14   0.50  382        0.087         1.073     37.088    54.956
   ALL   30   0.05 2031        0.082         1.018      8.484     7.882
STRESS   30   0.05  389        0.069         1.028     19.096    18.682
   ALL   30   0.10 2037        0.076         1.037     16.395    17.550
STRESS   30   0.10  392        0.075         1.057     30.922    33.383
   ALL   30   0.16 2024        0.070         1.040     22.711    25.912
STRESS   30   0.16  394        0.070         1.061     42.769    49.066
   ALL   30   0.20 2014        0.066         1.050     26.269    30.523
STRESS   30   0.20  392        0.064         1.057     50.879    59.005
   ALL   30   0.25 2006        0.071         1.059     28.733    34.879
STRESS   30   0.25  387        0.067         1.063     57.256    68.508
   ALL   30   0.30 1989        0.076         1.070     32.332    40.133
STRESS   30   0.30  387        0.068         1.061     67.513    80.788
   ALL   30   0.40 1992        0.083         1.077     39.650    50.326
STRESS   30   0.40  389        0.065         1.059     77.236    95.785
   ALL   30   0.50 1988        0.079         1.067     51.000    62.279
STRESS   30   0.50  387        0.062         1.054     94.165   115.188
   ALL   45   0.05 1500        0.085         0.996      5.650     4.418
STRESS   45   0.05  277        0.076         1.018     30.137    29.661
   ALL   45   0.10 1566        0.080         1.012     16.013    15.349
STRESS   45   0.10  295        0.066         1.031     59.695    60.903
   ALL   45   0.16 1586        0.080         1.027     26.597    27.791
STRESS   45   0.16  306        0.064         1.037     90.414    95.587
   ALL   45   0.20 1590        0.074         1.033     32.674    35.488
STRESS   45   0.20  308        0.063         1.044    107.692   114.710
   ALL   45   0.25 1591        0.072         1.039     39.736    44.674
STRESS   45   0.25  308        0.060         1.039    128.354   138.076
   ALL   45   0.30 1599        0.072         1.050     46.298    53.437
STRESS   45   0.30  309        0.055         1.043    142.325   155.883
   ALL   45   0.40 1604        0.078         1.065     59.570    70.386
STRESS   45   0.40  309        0.062         1.053    168.093   187.649
   ALL   45   0.50 1602        0.087         1.079     70.938    85.843
STRESS   45   0.50  309        0.073         1.061    188.471   214.914

BIAS FACTOR (actual / synthetic net bp): STRESS 30/45-DTE 0.888 | ALL cells 0.770
scenario credit scale applied (pre-registered: only if < 1): 0.888

scenario rows 682,080; stress episodes 1993-2009: 31

== GFC 2007-09 (PRIMARY): STRESS-regime puts, one contract per expiry, CENTRAL skew, 1x spread (bp of notional) ==
               window  dte  delta  stress_trades  episodes  episodes_neg  mean_bp  lose_pct  worst_trade  worst_episode  cum_bp   max_dd  all_mean_bp
GFC 2007-09 (PRIMARY)    1   0.05             67         5             1     -7.9       4.0       -380.0         -612.0  -529.0   -721.0         -2.6
GFC 2007-09 (PRIMARY)    1   0.10             67         5             1    -11.8      12.0       -477.0         -971.0  -790.0  -1066.0         -4.6
GFC 2007-09 (PRIMARY)    1   0.16             67         5             1    -15.0      15.0       -543.0        -1279.0 -1008.0  -1438.0         -6.5
GFC 2007-09 (PRIMARY)    1   0.20             67         5             1    -17.0      18.0       -575.0        -1443.0 -1137.0  -1633.0         -7.6
GFC 2007-09 (PRIMARY)    1   0.25             67         5             1    -20.2      25.0       -609.0        -1653.0 -1352.0  -1882.0         -9.3
GFC 2007-09 (PRIMARY)    1   0.30             67         5             1    -22.7      27.0       -635.0        -1787.0 -1519.0  -2072.0        -10.5
GFC 2007-09 (PRIMARY)    1   0.40             67         5             2    -30.3      39.0       -697.0        -2154.0 -2029.0  -2526.0        -14.2
GFC 2007-09 (PRIMARY)    1   0.50             67         5             2    -41.1      45.0       -761.0        -2759.0 -2755.0  -3302.0        -19.8
GFC 2007-09 (PRIMARY)    7   0.05             67         5             1     -1.0       1.0       -784.0         -294.0   -68.0   -784.0          0.9
GFC 2007-09 (PRIMARY)    7   0.10             67         5             1      2.9       6.0      -1048.0         -123.0   194.0  -1214.0          3.8
GFC 2007-09 (PRIMARY)    7   0.16             67         5             1      7.8      10.0      -1243.0          -33.0   524.0  -1565.0          7.0
GFC 2007-09 (PRIMARY)    7   0.20             67         5             1      8.5      15.0      -1344.0          -96.0   567.0  -1743.0          7.6
GFC 2007-09 (PRIMARY)    7   0.25             67         5             1      5.7      18.0      -1447.0         -181.0   382.0  -1957.0          6.1
GFC 2007-09 (PRIMARY)    7   0.30             67         5             2      0.3      22.0      -1533.0         -317.0    23.0  -2159.0          2.8
GFC 2007-09 (PRIMARY)    7   0.40             67         5             2    -11.0      27.0      -1667.0        -1211.0  -735.0  -2655.0         -3.4
GFC 2007-09 (PRIMARY)    7   0.50             67         5             2    -30.0      37.0      -1774.0        -2465.0 -2009.0  -3620.0        -13.6
GFC 2007-09 (PRIMARY)   14   0.05             67         5             1     -3.1       1.0      -1322.0         -566.0  -205.0  -1322.0          3.3
GFC 2007-09 (PRIMARY)   14   0.10             67         5             1      2.6       6.0      -1669.0         -572.0   177.0  -2099.0          7.6
GFC 2007-09 (PRIMARY)   14   0.16             67         5             1     -3.3      13.0      -1903.0        -1173.0  -222.0  -2837.0          6.3
GFC 2007-09 (PRIMARY)   14   0.20             67         5             1     -8.5      16.0      -2014.0        -1572.0  -569.0  -3194.0          4.3
GFC 2007-09 (PRIMARY)   14   0.25             67         5             1    -19.0      24.0      -2126.0        -2286.0 -1275.0  -3576.0         -0.3
GFC 2007-09 (PRIMARY)   14   0.30             67         5             1    -28.1      28.0      -2218.0        -2865.0 -1885.0  -4303.0         -4.6
GFC 2007-09 (PRIMARY)   14   0.40             67         5             1    -35.1      31.0      -2360.0        -3390.0 -2350.0  -5423.0         -9.4
GFC 2007-09 (PRIMARY)   14   0.50             67         5             2    -50.4      33.0      -2469.0        -4343.0 -3375.0  -6461.0        -18.7
GFC 2007-09 (PRIMARY)   30   0.05             67         5             1    -18.3       4.0      -1443.0        -1802.0 -1223.0  -2923.0          0.5
GFC 2007-09 (PRIMARY)   30   0.10             67         5             1    -22.5       9.0      -1878.0        -2573.0 -1504.0  -4501.0          3.7
GFC 2007-09 (PRIMARY)   30   0.16             67         5             1    -20.4      10.0      -2154.0        -2923.0 -1366.0  -5702.0          5.9
GFC 2007-09 (PRIMARY)   30   0.20             67         5             1    -16.7      13.0      -2281.0        -3069.0 -1117.0  -6287.0          6.1
GFC 2007-09 (PRIMARY)   30   0.25             67         5             1    -12.1      15.0      -2405.0        -3175.0  -810.0  -7034.0          5.7
GFC 2007-09 (PRIMARY)   30   0.30             67         5             1    -12.7      22.0      -2505.0        -3423.0  -849.0  -7867.0          3.1
GFC 2007-09 (PRIMARY)   30   0.40             67         5             1    -42.1      27.0      -2656.0        -5520.0 -2818.0  -9125.0        -11.2
GFC 2007-09 (PRIMARY)   30   0.50             67         5             1    -88.6      39.0      -2769.0        -8398.0 -5934.0 -10856.0        -30.8
GFC 2007-09 (PRIMARY)   45   0.05             67         5             1      5.1       3.0      -1466.0         -392.0   344.0  -1795.0          6.6
GFC 2007-09 (PRIMARY)   45   0.10             67         5             1      1.0       7.0      -1997.0        -1406.0    67.0  -4143.0          2.3
GFC 2007-09 (PRIMARY)   45   0.16             67         5             1     -0.4      15.0      -2332.0        -2266.0   -29.0  -6068.0         -0.6
GFC 2007-09 (PRIMARY)   45   0.20             67         5             1     -6.1      18.0      -2487.0        -2902.0  -410.0  -6971.0         -5.2
GFC 2007-09 (PRIMARY)   45   0.25             67         5             1     -9.0      21.0      -2638.0        -3444.0  -604.0  -7912.0         -9.9
GFC 2007-09 (PRIMARY)   45   0.30             67         5             1    -19.8      21.0      -2762.0        -4365.0 -1325.0  -8761.0        -18.1
GFC 2007-09 (PRIMARY)   45   0.40             67         5             1    -63.1      33.0      -2947.0        -7390.0 -4226.0 -10461.0        -39.5
GFC 2007-09 (PRIMARY)   45   0.50             67         5             1   -121.8      42.0      -3083.0       -11091.0 -8163.0 -13959.0        -69.6

== 1993-2006 (explor.): STRESS-regime puts, one contract per expiry, CENTRAL skew, 1x spread (bp of notional) ==
             window  dte  delta  stress_trades  episodes  episodes_neg  mean_bp  lose_pct  worst_trade  worst_episode  cum_bp  max_dd  all_mean_bp
1993-2006 (explor.)    1   0.05            134        19             5     -3.7       4.0       -464.0         -452.0  -491.0  -684.0         -0.5
1993-2006 (explor.)    1   0.10            134        19             5     -4.0       7.0       -535.0         -507.0  -534.0  -878.0         -0.4
1993-2006 (explor.)    1   0.16            134        19             6     -4.5      13.0       -579.0         -528.0  -604.0  -968.0         -0.2
1993-2006 (explor.)    1   0.20            134        19             6     -4.8      15.0       -599.0         -533.0  -641.0  -995.0         -0.2
1993-2006 (explor.)    1   0.25            134        19             6     -5.3      18.0       -620.0         -533.0  -708.0 -1032.0         -0.2
1993-2006 (explor.)    1   0.30            134        19             6     -4.8      20.0       -636.0         -526.0  -645.0  -995.0         -0.1
1993-2006 (explor.)    1   0.40            134        19             7     -5.1      25.0       -663.0         -544.0  -680.0 -1083.0         -0.7
1993-2006 (explor.)    1   0.50            134        19             7     -5.5      31.0       -683.0         -735.0  -735.0 -1328.0         -1.1
1993-2006 (explor.)    7   0.05            134        19             0      7.9       1.0        -28.0            6.0  1057.0   -28.0          4.0
1993-2006 (explor.)    7   0.10            134        19             0     13.5       3.0       -217.0           12.0  1807.0  -332.0          6.5
1993-2006 (explor.)    7   0.16            134        19             0     18.2       7.0       -341.0           11.0  2442.0  -604.0          8.5
1993-2006 (explor.)    7   0.20            134        19             1     21.2       9.0       -400.0          -11.0  2847.0  -737.0          9.8
1993-2006 (explor.)    7   0.25            134        19             0     23.1      12.0       -460.0           22.0  3097.0  -870.0         10.1
1993-2006 (explor.)    7   0.30            134        19             0     23.2      20.0       -507.0            2.0  3112.0  -978.0          9.8
1993-2006 (explor.)    7   0.40            134        19             4     20.4      23.0       -582.0         -221.0  2740.0 -1145.0          7.2
1993-2006 (explor.)    7   0.50            134        19             4     15.2      34.0       -639.0         -614.0  2030.0 -1287.0          3.2
1993-2006 (explor.)   14   0.05            134        19             1     10.0       1.0       -390.0          -93.0  1342.0  -390.0          7.7
1993-2006 (explor.)   14   0.10            134        19             1     19.8       2.0       -687.0          -64.0  2651.0  -687.0         13.5
1993-2006 (explor.)   14   0.16            134        19             1     26.2       7.0       -877.0          -62.0  3513.0 -1042.0         18.1
1993-2006 (explor.)   14   0.20            134        19             1     28.0      11.0       -965.0         -218.0  3757.0 -1271.0         19.9
1993-2006 (explor.)   14   0.25            134        19             1     27.6      16.0      -1053.0         -502.0  3701.0 -1547.0         20.2
1993-2006 (explor.)   14   0.30            134        19             3     27.6      19.0      -1124.0         -703.0  3704.0 -1770.0         20.5
1993-2006 (explor.)   14   0.40            134        19             3     23.5      24.0      -1232.0        -1307.0  3147.0 -2378.0         18.9
1993-2006 (explor.)   14   0.50            134        19             4     11.4      33.0      -1315.0        -1840.0  1523.0 -3472.0         13.6
1993-2006 (explor.)   30   0.05            134        19             0     20.8       0.0         15.0           15.0  2784.0     0.0         13.0
1993-2006 (explor.)   30   0.10            134        19             0     34.3       3.0       -306.0           31.0  4590.0  -667.0         24.4
1993-2006 (explor.)   30   0.16            134        19             1     44.4       7.0       -595.0         -249.0  5953.0 -1626.0         33.6
1993-2006 (explor.)   30   0.20            134        19             1     45.1      13.0       -728.0         -730.0  6048.0 -2147.0         36.1
1993-2006 (explor.)   30   0.25            134        19             1     48.1      14.0       -859.0        -1115.0  6450.0 -2656.0         37.7
1993-2006 (explor.)   30   0.30            134        19             1     48.9      16.0       -964.0        -1533.0  6550.0 -3065.0         38.6
1993-2006 (explor.)   30   0.40            134        19             2     46.9      25.0      -1125.0        -2369.0  6278.0 -4179.0         37.4
1993-2006 (explor.)   30   0.50            134        19             2     39.9      29.0      -1245.0        -3134.0  5349.0 -6193.0         32.2
1993-2006 (explor.)   45   0.05            134        19             0     23.9       1.0       -291.0           20.0  3204.0  -291.0         16.8
1993-2006 (explor.)   45   0.10            134        19             0     39.8       4.0       -797.0           40.0  5335.0  -900.0         29.3
1993-2006 (explor.)   45   0.16            134        19             1     55.5       7.0      -1112.0         -121.0  7435.0 -1745.0         41.4
1993-2006 (explor.)   45   0.20            134        19             1     65.1       7.0      -1258.0         -376.0  8730.0 -2208.0         47.7
1993-2006 (explor.)   45   0.25            134        19             2     70.4      13.0      -1399.0         -764.0  9428.0 -2808.0         53.1
1993-2006 (explor.)   45   0.30            134        19             2     71.6      17.0      -1513.0        -1319.0  9595.0 -3509.0         56.1
1993-2006 (explor.)   45   0.40            134        19             3     64.8      27.0      -1684.0        -2403.0  8684.0 -5390.0         57.5
1993-2006 (explor.)   45   0.50            134        19             3     59.9      31.0      -1810.0        -3069.0  8020.0 -7293.0         56.0

== GFC sensitivity: STRESS 30/45-DTE puts, cumulative bp and worst episode by skew / spread scenario ==
window  dte  delta  episodes_neg  mean_bp  worst_trade  worst_episode   cum_bp   max_dd
q10 x1   30   0.05             1    -25.7      -1548.0        -2252.0  -1721.0  -3280.0
q10 x1   30   0.10             1    -33.6      -1944.0        -3182.0  -2248.0  -4794.0
q10 x1   30   0.16             1    -32.5      -2203.0        -3571.0  -2179.0  -5919.0
q10 x1   30   0.20             1    -31.6      -2325.0        -3872.0  -2120.0  -6567.0
q10 x1   30   0.25             1    -32.6      -2446.0        -4210.0  -2183.0  -7453.0
q10 x1   30   0.30             1    -37.7      -2543.0        -4635.0  -2524.0  -8287.0
q10 x1   30   0.40             1    -79.7      -2690.0        -7299.0  -5342.0  -9725.0
q10 x1   30   0.50             2   -129.0      -2796.0       -10211.0  -8642.0 -12799.0
q10 x1   45   0.05             1     -4.8      -1586.0        -1003.0   -325.0  -2257.0
q10 x1   45   0.10             1     -9.5      -2071.0        -2016.0   -638.0  -4570.0
q10 x1   45   0.16             1    -18.4      -2393.0        -3237.0  -1233.0  -6421.0
q10 x1   45   0.20             1    -27.9      -2542.0        -4009.0  -1869.0  -7294.0
q10 x1   45   0.25             1    -34.6      -2689.0        -4699.0  -2316.0  -8255.0
q10 x1   45   0.30             1    -50.9      -2806.0        -5877.0  -3413.0  -9272.0
q10 x1   45   0.40             1   -104.3      -2984.0        -9309.0  -6987.0 -11378.0
q10 x1   45   0.50             2   -166.4      -3113.0       -13046.0 -11148.0 -16080.0
q50 x1   30   0.05             1    -18.3      -1443.0        -1802.0  -1223.0  -2923.0
q50 x1   30   0.10             1    -22.5      -1878.0        -2573.0  -1504.0  -4501.0
q50 x1   30   0.16             1    -20.4      -2154.0        -2923.0  -1366.0  -5702.0
q50 x1   30   0.20             1    -16.7      -2281.0        -3069.0  -1117.0  -6287.0
q50 x1   30   0.25             1    -12.1      -2405.0        -3175.0   -810.0  -7034.0
q50 x1   30   0.30             1    -12.7      -2505.0        -3423.0   -849.0  -7867.0
q50 x1   30   0.40             1    -42.1      -2656.0        -5520.0  -2818.0  -9125.0
q50 x1   30   0.50             1    -88.6      -2769.0        -8398.0  -5934.0 -10856.0
q50 x1   45   0.05             1      5.1      -1466.0         -392.0    344.0  -1795.0
q50 x1   45   0.10             1      1.0      -1997.0        -1406.0     67.0  -4143.0
q50 x1   45   0.16             1     -0.4      -2332.0        -2266.0    -29.0  -6068.0
q50 x1   45   0.20             1     -6.1      -2487.0        -2902.0   -410.0  -6971.0
q50 x1   45   0.25             1     -9.0      -2638.0        -3444.0   -604.0  -7912.0
q50 x1   45   0.30             1    -19.8      -2762.0        -4365.0  -1325.0  -8761.0
q50 x1   45   0.40             1    -63.1      -2947.0        -7390.0  -4226.0 -10461.0
q50 x1   45   0.50             1   -121.8      -3083.0       -11091.0  -8163.0 -13959.0
q50 x2   30   0.05             1    -18.4      -1443.0        -1809.0  -1235.0  -2923.0
q50 x2   30   0.10             1    -22.7      -1878.0        -2584.0  -1521.0  -4502.0
q50 x2   30   0.16             1    -20.7      -2154.0        -2937.0  -1388.0  -5703.0
q50 x2   30   0.20             1    -17.0      -2282.0        -3085.0  -1141.0  -6289.0
q50 x2   30   0.25             1    -12.5      -2406.0        -3193.0   -838.0  -7036.0
q50 x2   30   0.30             1    -13.1      -2505.0        -3443.0   -880.0  -7872.0
q50 x2   30   0.40             1    -42.6      -2657.0        -5544.0  -2854.0  -9131.0
q50 x2   30   0.50             1    -89.3      -2770.0        -8430.0  -5983.0 -10891.0
q50 x2   45   0.05             1      4.9      -1467.0         -401.0    329.0  -1796.0
q50 x2   45   0.10             1      0.7      -1997.0        -1418.0     47.0  -4145.0
q50 x2   45   0.16             1     -0.8      -2333.0        -2282.0    -54.0  -6069.0
q50 x2   45   0.20             1     -6.5      -2488.0        -2920.0   -439.0  -6972.0
q50 x2   45   0.25             1     -9.5      -2639.0        -3466.0   -636.0  -7915.0
q50 x2   45   0.30             1    -20.3      -2762.0        -4389.0  -1361.0  -8767.0
q50 x2   45   0.40             1    -63.7      -2947.0        -7418.0  -4268.0 -10468.0
q50 x2   45   0.50             1   -122.8      -3084.0       -11135.0  -8228.0 -14007.0
q90 x1   30   0.05             1    -10.9      -1339.0        -1354.0   -729.0  -2571.0
q90 x1   30   0.10             1    -13.0      -1817.0        -2060.0   -868.0  -4237.0
q90 x1   30   0.16             1     -8.7      -2106.0        -2303.0   -582.0  -5489.0
q90 x1   30   0.20             1     -1.8      -2237.0        -2278.0   -118.0  -6065.0
q90 x1   30   0.25             1      7.9      -2363.0        -2181.0    527.0  -6779.0
q90 x1   30   0.30             1     12.9      -2466.0        -2182.0    865.0  -7441.0
q90 x1   30   0.40             1     -4.3      -2622.0        -3740.0   -287.0  -8688.0
q90 x1   30   0.50             1    -43.6      -2740.0        -6387.0  -2922.0  -9682.0
q90 x1   45   0.05             1     11.8      -1342.0           -6.0    792.0  -1555.0
q90 x1   45   0.10             1     13.3      -1911.0         -692.0    894.0  -3648.0
q90 x1   45   0.16             1     18.3      -2269.0        -1238.0   1225.0  -5696.0
q90 x1   45   0.20             1     16.0      -2431.0        -1788.0   1071.0  -6637.0
q90 x1   45   0.25             1     14.9      -2590.0        -2255.0    999.0  -7583.0
q90 x1   45   0.30             1     12.5      -2717.0        -2803.0    834.0  -8446.0
q90 x1   45   0.40             1    -22.8      -2910.0        -5517.0  -1531.0  -9996.0
q90 x1   45   0.50             1    -78.3      -3054.0        -9187.0  -5248.0 -12239.0

== CONTRAST: ACTUAL v3 2010-2026, same weekly cadence, STRESS-regime puts ==
    window  dte  delta  stress_trades  episodes  episodes_neg  mean_bp  lose_pct  worst_trade  worst_episode  cum_bp  max_dd  all_mean_bp
v3 2010-26    7   0.05            119        14             1      7.5       2.0       -330.0         -267.0   890.0  -330.0          4.1
v3 2010-26    7   0.10            127        14             2     15.6       3.0       -465.0         -335.0  1976.0  -465.0          7.5
v3 2010-26    7   0.16            130        14             2     21.5       8.0       -560.0         -346.0  2800.0  -560.0         10.0
v3 2010-26    7   0.20            130        14             2     23.6      12.0       -590.0         -304.0  3074.0  -590.0         10.5
v3 2010-26    7   0.25            123        14             2     24.3      14.0       -646.0         -284.0  2983.0  -681.0         10.7
v3 2010-26    7   0.30            127        14             3     29.6      15.0       -673.0         -263.0  3757.0  -851.0         12.8
v3 2010-26    7   0.40            123        14             3     46.5      18.0       -734.0         -257.0  5722.0 -1212.0         16.0
v3 2010-26    7   0.50            123        14             3     43.2      22.0       -853.0         -301.0  5311.0 -1473.0         17.7
v3 2010-26   14   0.05            109        13             1     11.3       2.0       -278.0         -131.0  1227.0  -278.0          6.3
v3 2010-26   14   0.10            111        14             1     18.0       4.0       -782.0         -396.0  2002.0  -782.0         11.9
v3 2010-26   14   0.16            111        14             3     27.7       6.0      -1110.0         -454.0  3073.0 -1169.0         16.2
v3 2010-26   14   0.20            111        14             3     35.1       7.0      -1280.0         -420.0  3895.0 -1418.0         18.8
v3 2010-26   14   0.25            111        14             2     46.3      10.0      -1443.0         -350.0  5144.0 -1605.0         21.9
v3 2010-26   14   0.30            112        14             2     49.6      14.0      -1572.0         -337.0  5558.0 -1873.0         23.5
v3 2010-26   14   0.40            110        14             3     68.2      15.0      -1765.0         -430.0  7498.0 -2349.0         28.5
v3 2010-26   14   0.50            107        14             2     79.0      19.0      -1917.0         -559.0  8453.0 -2657.0         31.5
v3 2010-26   30   0.05            114        14             0     23.3       0.0         13.0           16.0  2653.0     0.0          7.5
v3 2010-26   30   0.10            114        14             0     42.4       2.0       -219.0           26.0  4839.0  -219.0         17.0
v3 2010-26   30   0.16            114        14             1     68.7       3.0       -458.0          -83.0  7827.0  -458.0         26.8
v3 2010-26   30   0.20            113        13             1     83.1       4.0       -609.0         -110.0  9395.0  -609.0         32.6
v3 2010-26   30   0.25            111        14             1     95.0       9.0       -681.0         -167.0 10549.0  -694.0         37.2
v3 2010-26   30   0.30            111        14             1    110.9      13.0       -817.0         -253.0 12305.0  -898.0         42.5
v3 2010-26   30   0.40            113        14             1    122.3      18.0       -915.0         -228.0 13817.0 -1122.0         53.7
v3 2010-26   30   0.50            112        14             1    137.1      21.0      -1002.0         -210.0 15354.0 -1459.0         57.7
v3 2010-26   45   0.05            115        14             0     29.1       0.0         17.0           20.0  3350.0     0.0         12.2
v3 2010-26   45   0.10            117        14             0     58.5       0.0         35.0           40.0  6846.0     0.0         24.2
v3 2010-26   45   0.16            118        14             0     94.6       0.0          6.0           53.0 11166.0     0.0         37.0
v3 2010-26   45   0.20            117        14             0    116.8       3.0       -158.0           95.0 13664.0  -158.0         44.7
v3 2010-26   45   0.25            116        14             0    143.8       3.0       -313.0          114.0 16677.0  -313.0         53.8
v3 2010-26   45   0.30            121        14             0    163.3       8.0       -441.0          148.0 19754.0  -441.0         62.7
v3 2010-26   45   0.40            122        14             0    203.8      11.0       -623.0           54.0 24863.0  -707.0         79.8
v3 2010-26   45   0.50            122        14             0    234.0      14.0       -766.0            6.0 28544.0 -1550.0         91.1

== The 2008 path: STRESS 45-DTE 10-delta put, CENTRAL, per expiry month (2008-06 -> 2009-06) ==
            trades  mean_bp   worst  sum_bp   iv     S0
trade_date                                             
2008-06          4     43.7    40.9   174.9  0.3  132.9
2008-07          3     47.5    44.0   142.5  0.3  125.1
2008-08          2     41.6    39.8    83.1  0.3  127.8
2008-09          4   -999.9 -1997.1 -3999.5  0.4  123.9
2008-10          5     77.8  -143.7   389.0  0.8   95.2
2008-11          4    118.9   104.7   475.7  0.7   87.5
2008-12          4     95.8    82.0   383.2  0.6   88.1
2009-01          4     85.5    80.9   342.0  0.5   85.0
2009-02          4     85.9    81.1   343.6  0.5   80.3
2009-03          3     86.5    79.9   259.6  0.5   73.9
