# SPY tail overlay [WL-5f] -- bucket rebuilt from v3: 75 trades, mean net ROC +0.0670 (recorded +0.0676)
overlays priced (of 75): {'B@5%': 75, 'B@10%': 75, 'B@20%': 75, "B'@5%": 75, "B'@10%": 75, "B'@20%": 75, 'C@5%': 61, 'C@10%': 61, 'C@20%': 61}

A (bucket alone): trades 75 | mean ROC +0.0670 | months 37 | worst month -0.2624 | CVaR5% -0.2090 | worst trade -1.0067

## overlays vs A (delta = overlay arm minus bucket alone; ROC on spread risk + overlay premium)
arm  budget  n  d_mean  t_month  d_worst_month  d_cvar5  ovr_mean  ovr_win  LOO 2018-Q4 d_worst  LOO 2020-03 d_worst  LOO 2022-H1 d_worst  LOO 2018-Q4 d_cvar  LOO 2020-03 d_cvar  LOO 2022-H1 d_cvar
  B    0.05 75 -0.0098 -31.6723        -0.0065  -0.0078   -1.0000   0.0000              -0.0091              -0.0065              -0.0065             -0.0094             -0.0078             -0.0081
  B    0.10 75 -0.0194 -31.8796        -0.0130  -0.0155   -1.0000   0.0000              -0.0180              -0.0130              -0.0130             -0.0186             -0.0155             -0.0160
  B    0.20 75 -0.0381 -32.2905        -0.0255  -0.0304   -1.0000   0.0000              -0.0353              -0.0255              -0.0255             -0.0363             -0.0304             -0.0314
 B'    0.05 75 -0.0080 -24.1999        -0.0060  -0.0069   -0.7939   0.0000              -0.0078              -0.0060              -0.0060             -0.0083             -0.0069             -0.0074
 B'    0.10 75 -0.0158 -24.3180        -0.0120  -0.0137   -0.7939   0.0000              -0.0155              -0.0120              -0.0120             -0.0165             -0.0137             -0.0147
 B'    0.20 75 -0.0309 -24.5508        -0.0235  -0.0269   -0.7939   0.0000              -0.0303              -0.0235              -0.0235             -0.0322             -0.0269             -0.0288
  C    0.05 61 -0.0039  -7.2100         0.0046   0.0077   -0.3631   0.0267               0.0108               0.0046               0.0046              0.0044              0.0012              0.0077
  C    0.10 61 -0.0077  -7.2149         0.0090   0.0152   -0.3631   0.0267               0.0215               0.0090               0.0090              0.0086              0.0024              0.0152
  C    0.20 61 -0.0151  -7.2245         0.0177   0.0299   -0.3631   0.0267               0.0422               0.0177               0.0177              0.0170              0.0047              0.0299

PRIMARY B @ 10%: d_mean -0.0194 (month-clustered t -31.88) | d_worst_month -0.0130 | d_CVaR5 -0.0155 | overlay return on premium -100.00% (win 0%)
per year (mean ROC):
entry_date     2018    2019     2020    2021     2022    2023    2024    2025    2026
n           10.0000  1.0000  10.0000  4.0000  32.0000  7.0000  3.0000  7.0000  1.0000
A           -0.0552  0.0867   0.0148  0.0862   0.0932  0.1220  0.0965  0.1132  0.0785
B10         -0.0701  0.0681  -0.0053  0.0710   0.0719  0.1011  0.0794  0.0946  0.0619
delta       -0.0148 -0.0186  -0.0201 -0.0153  -0.0213 -0.0209 -0.0171 -0.0186 -0.0165

the tail trades (A <= -50%):
entry_date     expiry  exit_date    rocA  roc_B_0.1  roc_C_0.1  ovr_B_0.1
2018-12-07 2018-12-26 2018-12-26 -1.0067    -1.0065    -0.9710       -1.0
2020-03-06 2020-03-25 2020-03-25 -0.9980    -0.9981    -0.9106       -1.0
2022-06-03 2022-06-22 2022-06-22 -1.0032    -1.0031        NaN       -1.0

## control: overlay return on its own premium (5-delta same expiry, held; 3-delta ~60 DTE, 20 sessions)
bucket Fridays           n   75 | 5-delta -100.00% (win 0%) | 3-delta 60d -36.31% (win 3%)
NON-bucket, VIX >= 20    n   72 | 5-delta -100.00% (win 0%) | 3-delta 60d -35.36% (win 3%)
all VIX >= 20            n  147 | 5-delta -100.00% (win 0%) | 3-delta 60d -35.83% (win 3%)
all VIX < 20             n  263 | 5-delta -74.07% (win 1%) | 3-delta 60d -12.79% (win 6%)
