stress Fridays 137, episodes 32, CERT take-profit share 92%
 arm     metric   n  episodes  mean_pct      t    h1     h2    worst
cert        RoC 119        31     5.029  1.983 8.247  3.141 -100.000
cert   beta RoC 119        31     5.443  3.850 7.256  4.379  -46.073
cert EXCESS RoC 119        31    -0.414 -0.327 0.991 -1.238  -66.842
 n10        RoC 114        32     4.346  8.697 4.657  4.184  -20.585
 n10   beta RoC 114        32     2.498  5.404 2.635  2.427  -13.026
 n10 EXCESS RoC 114        32     1.847  3.159 2.022  1.756  -12.070
 n05        RoC 114        32     2.728 12.634 2.687  2.750    1.339
 n05   beta RoC 114        32     1.530  5.205 1.654  1.465   -7.003
 n05 EXCESS RoC 114        32     1.199  4.193 1.033  1.285   -8.281

PAIRED N10 - CERT excess RoC: +1.903 pp/trade, t +1.15, n 105, episodes 29, halves -0.824 / +2.994
y     2010  2011  2012  2014   2015  2016  2018  2019   2020  2021   2022  2023  2024  2025  2026
mean  3.87  6.79 -2.02 -0.25  -0.89 -4.51   6.6 -2.74   6.52 -1.39   3.51 -4.83 -1.57  3.53  3.15
size  3.00  3.00  3.00  1.00  11.00  9.00  10.0  1.00  10.00  4.00  32.00  7.00  3.00  7.00  1.00

PAIRED N05 - CERT excess RoC: +1.271 pp/trade, t +0.82, n 105, episodes 29, halves -1.858 / +2.523
y     2010  2011  2012  2014   2015  2016   2018  2019   2020  2021   2022  2023  2024  2025  2026
mean  0.59   3.1 -1.75  1.51  -2.01 -4.55   7.78 -1.31   4.52  -1.4   1.95 -4.19 -1.11  6.01  1.31
size  3.00   3.0  3.00  1.00  11.00  9.00  10.00  1.00  10.00   4.0  32.00  7.00  3.00  7.00  1.00

== 2008 TEST: synthetic 2007-09 stress Fridays (n 67), hold to expiry, mean RoC % / worst / sum ==
        cert     n10     n05
mean   -4.57   -2.34   -1.89
min  -100.00 -192.18 -167.97
sum  -305.86 -156.79 -126.59
VERDICT N10: paired t +1.15 (bar 3), halves -0.82/+2.99, 2008 test PASS -> KEEP the certified vehicle
VERDICT N05: paired t +0.82 (bar 3), halves -1.86/+2.52, 2008 test PASS -> KEEP the certified vehicle
