 dte  delta   n  episodes  put_bp  ctrl_bp  excess_bp  t_excess  share_beta  ep_neg    h1    h2
   7   0.05 119        32    7.48     3.61       3.87      1.35        0.48      17  6.86  2.06
   7   0.10 127        32   15.56     9.14       6.42      1.41        0.59      18 10.62  3.52
   7   0.16 130        32   21.54    13.41       8.13      1.63        0.62      17 13.40  4.27
   7   0.20 130        32   23.64    17.81       5.84      1.21        0.75      17  9.84  2.90
   7   0.25 123        31   24.25    19.05       5.20      0.95        0.79      17  9.05  2.73
   7   0.30 127        31   29.58    24.08       5.50      0.98        0.81      18 10.92  1.74
   7   0.40 123        31   46.52    40.25       6.27      0.89        0.87      20 19.67 -2.30
   7   0.50 123        31   43.18    47.52      -4.35     -0.60        1.10      21  1.50 -8.09
  14   0.05 109        31   11.26     7.55       3.71      1.55        0.67      17  5.08  3.06
  14   0.10 111        32   18.04    13.93       4.10      0.84        0.77      18  8.00  2.23
  14   0.16 111        32   27.69    22.50       5.18      0.75        0.81      18 10.47  2.64
  14   0.20 111        32   35.09    28.11       6.98      0.90        0.80      18 11.61  4.75
  14   0.25 111        32   46.35    36.85       9.50      1.13        0.80      17 17.49  5.66
  14   0.30 112        32   49.63    42.18       7.45      0.79        0.85      19 12.57  4.92
  14   0.40 110        31   68.16    58.48       9.68      0.83        0.86      18 23.60  3.18
  14   0.50 107        30   79.00    75.08       3.92      0.34        0.95      19 12.55  0.23
  30   0.05 114        32   23.27    13.05      10.22      4.15        0.56      11  8.59 11.07
  30   0.10 114        32   42.44    24.99      17.46      3.10        0.59      11 18.53 16.90
  30   0.16 114        32   68.66    41.59      27.08      2.76        0.61      12 25.90 27.69
  30   0.20 113        31   83.14    49.98      33.16      2.96        0.60      12 40.64 29.37
  30   0.25 111        31   95.04    65.07      29.97      2.54        0.68      12 38.89 25.13
  30   0.30 111        32  110.86    82.86      28.00      2.41        0.75      12 46.70 17.47
  30   0.40 113        31  122.27   102.62      19.65      1.74        0.84      12 38.52  9.31
  30   0.50 112        31  137.09   126.45      10.63      0.95        0.92      12 25.52  2.68
  45   0.05 115        28   29.13    20.92       8.21      2.33        0.72      13  9.82  7.22
  45   0.10 117        28   58.51    40.38      18.13      2.76        0.69      12 22.02 15.70
  45   0.16 118        28   94.63    63.50      31.13      2.84        0.67      11 37.52 27.19
  45   0.20 117        28  116.78    78.05      38.74      2.88        0.67      12 53.30 30.27
  45   0.25 116        29  143.77   100.84      42.93      2.60        0.70      14 45.86 41.27
  45   0.30 121        29  163.26   115.53      47.73      2.70        0.71      12 59.31 40.63
  45   0.40 122        29  203.80   156.63      47.17      2.29        0.77      11 61.13 38.42
  45   0.50 122        29  233.97   194.89      39.08      1.83        0.83      12 61.41 25.08
