Fridays 1,841 (1990-03-16 -> 2026-09-25); stress 361 in 61 episodes

                       window  h            control   n  episodes  stress_mean  ctrl_mean  excess      t  boot_p_le0  ep_pos  sd_stress  sd_ctrl   worst
            HOLDOUT 1990-2009 20         non-stress 219        28        0.112      0.676  -0.563 -0.676       0.689   0.714      7.389    3.473 -28.160
            HOLDOUT 1990-2009 20  below-50 & VIX<20 219        28        0.112      1.202  -1.090 -1.308       0.844   0.714      7.389    3.691 -28.160
            HOLDOUT 1990-2009 20 VIX>=20 & above-50 219        28        0.112      0.971  -0.858 -1.030       0.802   0.714      7.389    4.271 -28.160
            HOLDOUT 1990-2009  5         non-stress 219        28        0.103      0.160  -0.057 -0.207       0.554   0.714      3.789    1.819 -18.195
            HOLDOUT 1990-2009 45         non-stress 219        28        0.486      1.566  -1.080 -0.880       0.753   0.679      9.670    5.719 -36.257
2010-2026 (certification era) 20         non-stress 142        33        2.661      0.680   1.980  4.884       0.000   0.939      5.989    3.796 -16.274
2010-2026 (certification era) 20  below-50 & VIX<20 142        33        2.661      0.779   1.882  4.641       0.000   0.939      5.989    3.807 -16.274
2010-2026 (certification era) 20 VIX>=20 & above-50 142        33        2.661      1.524   1.136  2.802       0.000   0.818      5.989    4.215 -16.274
2010-2026 (certification era)  5         non-stress 142        33        0.733      0.148   0.585  2.441       0.002   0.818      3.769    1.776 -14.980
2010-2026 (certification era) 45         non-stress 142        33        5.436      1.726   3.710  4.314       0.000   0.879      6.893    5.311 -14.939
                ALL 1990-2026 20         non-stress 361        61        1.115      0.678   0.437  0.679       0.204   0.836      6.976    3.628 -28.160
                ALL 1990-2026 20  below-50 & VIX<20 361        61        1.115      1.034   0.081  0.126       0.420   0.836      6.976    3.735 -28.160
                ALL 1990-2026 20 VIX>=20 & above-50 361        61        1.115      1.167  -0.052 -0.081       0.478   0.820      6.976    4.252 -28.160
                ALL 1990-2026  5         non-stress 361        61        0.351      0.154   0.197  0.918       0.150   0.770      3.789    1.798 -18.195
                ALL 1990-2026 45         non-stress 361        61        2.433      1.642   0.792  0.759       0.208   0.787      9.006    5.529 -36.257

PRIMARY holdout 1990-2009, 20 sessions: excess -0.56pp, t -0.68, bootstrap P(<=0) 0.689; 2010-26 +1.98pp (t +4.88) -> NOT CONFIRMED

per decade, 20-session (stress mean, n, control mean, excess):
      mean  size  ctrl  excess
dec                           
1990  2.28    61  1.13    1.15
2000 -0.72   158  0.11   -0.84
2010  2.65    73  0.65    2.00
2020  2.67    69  0.73    1.94

2008 episode(s) 2007-06 -> 2009-06: 63 stress Fridays, mean 20s -2.26%, worst -28.16%, share of all stress Fridays 17%
holdout WITHOUT 2007-06..2009-06: excess +0.25pp t +0.36 (25 episodes)
