stage 1: entry chains
  entry 2018: 796,867 rows 13s
  entry 2019: 781,912 rows 12s
  entry 2020: 1,086,502 rows 14s
  entry 2021: 1,053,178 rows 15s
  entry 2022: 1,031,040 rows 14s
  entry 2023: 825,573 rows 14s
  entry 2024: 961,079 rows 15s
  entry 2025: 1,153,791 rows 18s
  entry 2026: 126,946 rows 9s
paired (ticker, Friday) with all 3 legs: 63,925; after <= 20% spread gate: 50,959
stage 2: exit marks
  exit 2018: 4,762,892 rows 44s
  exit 2019: 5,251,689 rows 48s
  exit 2020: 6,628,106 rows 56s
  exit 2021: 6,832,571 rows 54s
  exit 2022: 7,039,623 rows 48s
  exit 2023: 6,899,577 rows 48s
  exit 2024: 7,623,588 rows 56s
  exit 2025: 8,749,896 rows 66s
  exit 2026: 976,327 rows 14s
exit spot recovered: 99.7%; exit quote found A 99.5% B 99.5%
settlement sanity (C expiry-day mid vs chain-intrinsic, n=50,706): corr 0.9986, median |diff|/spot 0.0616%
scored trades: 50,564 (330 names, 409 Fridays)

entry DTE medians: A 91  B 49  C 28;  remaining at exit: A 63  B 21;  entry delta medians A 0.500 B 0.501 C 0.501
entry premium % of spot (median): A 5.90  B 4.67  C 3.38;  entry spread % of mid: A 3.2  B 4.3  C 6.0

######################################################################################################################
RESULTS (per share; %spot = P&L / entry spot x 100; NW t on the weekly entry-date series, lag 4; halves = median entry date)
######################################################################################################################
 fill                  series     n   mean  median   win%   nw_t     h1     h2 yrs+   2022
  mid         arm A P&L %spot 50564  0.758  -0.513 45.360  3.553  0.661  0.789  8/9  0.406
  mid         arm B P&L %spot 50564  0.722  -0.896 42.518  3.375  0.618  0.760  8/9  0.360
  mid         arm C P&L %spot 50564  0.708  -1.783 38.905  3.101  0.538  0.785  8/9  0.293
  mid             A - C %spot 50564  0.049   0.008 50.200  1.929  0.123  0.005  6/9  0.112
  mid             B - C %spot 50564  0.014  -0.086 46.901  1.182  0.080 -0.025  6/9  0.067
  mid             A - B %spot 50564  0.036   0.126 60.462  2.502  0.043  0.029  7/9  0.046
  mid    A - C delta-adjusted 50564  0.049  -0.025 49.403  1.880  0.122  0.001  6/9  0.119
  mid      arm A % of premium 50564 11.089  -9.421 45.360  3.513  8.563 11.593  8/9  5.228
  mid      arm B % of premium 50564 13.072 -21.381 42.518  3.240  9.758 14.039  8/9  4.200
  mid      arm C % of premium 50564 18.261 -74.641 38.905  3.081 11.526 20.717  8/9  4.721
house         arm A P&L %spot 50564  0.577  -0.652 44.269  2.681  0.472  0.610  8/9  0.208
house         arm B P&L %spot 50564  0.532  -1.031 41.454  2.431  0.416  0.564  8/9  0.158
house         arm C P&L %spot 50564  0.626  -1.833 38.573  2.709  0.450  0.703  8/9  0.194
house A - C %spot  <- PRIMARY 50564 -0.049  -0.066 48.434 -1.094  0.022 -0.093  3/9  0.014
house             B - C %spot 50564 -0.094  -0.165 44.273 -3.782 -0.033 -0.139  1/9 -0.036
house             A - B %spot 50564  0.044   0.123 60.612  3.740  0.056  0.046  7/9  0.050
house    A - C delta-adjusted 50564 -0.050  -0.098 47.623 -1.171  0.021 -0.096  4/9  0.021
house      arm A % of premium 50564  8.320 -11.797 44.269  2.584  5.633  8.942  8/9  2.591
house      arm B % of premium 50564  9.328 -24.163 41.454  2.221  5.669 10.305  8/9  0.849
house      arm C % of premium 50564 15.869 -75.157 38.573  2.674  9.008 18.407  8/9  2.459
cross         arm A P&L %spot 50564  0.423  -0.767 43.260  1.928  0.314  0.457  8/9  0.039
cross         arm B P&L %spot 50564  0.370  -1.144 40.541  1.602  0.245  0.394  7/9 -0.015
cross         arm C P&L %spot 50564  0.558  -1.873 38.302  2.380  0.377  0.635  8/9  0.109
cross             A - C %spot 50564 -0.134  -0.124 46.786 -3.748 -0.063 -0.178  1/9 -0.070
cross             B - C %spot 50564 -0.187  -0.227 42.212 -7.899 -0.132 -0.241  0/9 -0.124
cross             A - B %spot 50564  0.053   0.118 59.267  4.897  0.069  0.063  8/9  0.054
cross    A - C delta-adjusted 50564 -0.135  -0.159 46.035 -3.834 -0.064 -0.181  1/9 -0.063
cross      arm A % of premium 50564  6.054 -13.815 43.260  1.800  3.267  6.738  8/9  0.416
cross      arm B % of premium 50564  6.259 -26.283 40.541  1.350  2.343  7.192  7/9 -1.901
cross      arm C % of premium 50564 13.978 -75.550 38.302  2.340  7.032 16.561  8/9  0.643

PER YEAR — A - C and B - C, house fills, %spot
               n    AmC    BmC      A      B      C
trade_date                                         
2018        4857 -0.007 -0.021 -0.504 -0.519 -0.498
2019        5246 -0.085 -0.105  0.644  0.623  0.728
2020        4515  0.207  0.095  1.316  1.203  1.108
2021        5880  0.003 -0.070  0.380  0.308  0.378
2022        6999  0.014 -0.036  0.208  0.158  0.194
2023        7485 -0.194 -0.193  0.542  0.542  0.735
2024        7862 -0.128 -0.177  0.971  0.923  1.099
2025        7281 -0.081 -0.138  0.909  0.853  0.991
2026         439 -0.031 -0.020  0.657  0.669  0.689

EXPLORATORY — by entry-spread tercile of the A leg (house, %spot)
           n    AmC  AmC_mid    BmC
liq                                
tight  16932 -0.103   -0.062 -0.125
mid    16777 -0.016    0.056 -0.084
wide   16855 -0.029    0.155 -0.073

EXPLORATORY — by the underlying's move over the window (S1/S0 - 1), house, %spot
             n       A       B       C    AmC
mv                                           
<-10%     5654  -6.632  -6.076  -5.073 -1.559
-10..-3   9962  -3.683  -3.772  -3.644 -0.040
flat     13847  -1.227  -1.601  -2.649  1.422
+3..+10  12370   2.181   1.994   1.996  0.185
>+10%     8731  10.692  11.034  12.440 -1.748

wrote data/studies/tenor_window_calls_2026-09-23.csv  (1708s)
