control names: 39

  UR: scored 7,171, skipped 0 (no bars/ctx)
  FBO: scored 4,457, skipped 0 (no bars/ctx)

======================================================================================================================
UR  (side LONG)  n=7,171  median emitted stop 0.33 ADR  |  share < 0.4 ADR: 68%
======================================================================================================================

ALL  n=7,171
      arm    n  meanR     t  stop_pct  ret_pct
     base 7171  0.032 2.160    40.524    0.061
floor0.25 7171  0.025 1.798    39.451    0.058
 floor0.4 7171  0.020 1.769    30.749    0.063
 floor0.5 7171  0.018 1.830    23.302    0.061
 floor0.6 7171  0.014 1.632    17.041    0.053
 floor0.8 7171  0.010 1.459     9.204    0.043
   floor1 7171  0.012 2.092     4.351    0.059

curated  n=4,855
      arm    n  meanR     t  stop_pct  ret_pct
     base 4855  0.055 3.037    39.712    0.109
floor0.25 4855  0.047 2.740    38.599    0.104
 floor0.4 4855  0.043 3.013    29.784    0.109
 floor0.5 4855  0.038 3.086    22.616    0.107
 floor0.6 4855  0.029 2.745    16.746    0.097
 floor0.8 4855  0.018 2.151     9.537    0.075
   floor1 4855  0.019 2.828     4.490    0.094

control  n=2,316
      arm    n  meanR      t  stop_pct  ret_pct
     base 2316 -0.017 -0.688    42.228   -0.039
floor0.25 2316 -0.021 -0.870    41.235   -0.037
 floor0.4 2316 -0.026 -1.330    32.772   -0.031
 floor0.5 2316 -0.023 -1.336    24.741   -0.037
 floor0.6 2316 -0.018 -1.181    17.660   -0.040
 floor0.8 2316 -0.007 -0.619     8.506   -0.024
   floor1 2316 -0.005 -0.497     4.059   -0.015

curated · half A  n=2,385
      arm    n  meanR     t  stop_pct  ret_pct
     base 2385  0.091 3.417    40.671    0.160
floor0.25 2385  0.079 3.121    39.832    0.154
 floor0.4 2385  0.074 3.485    31.614    0.171
 floor0.5 2385  0.061 3.343    24.738    0.174
 floor0.6 2385  0.046 2.909    19.036    0.159
 floor0.8 2385  0.036 2.866    10.734    0.164
   floor1 2385  0.034 3.378     5.660    0.186

curated · half B  n=2,470
      arm    n  meanR     t  stop_pct  ret_pct
     base 2470  0.020 0.810    38.785    0.060
floor0.25 2470  0.016 0.703    37.409    0.056
 floor0.4 2470  0.013 0.692    28.016    0.048
 floor0.5 2470  0.016 0.951    20.567    0.043
 floor0.6 2470  0.013 0.907    14.534    0.037
 floor0.8 2470  0.001 0.089     8.381   -0.011
   floor1 2470  0.005 0.524     3.360    0.006

curated · emitted stop < 0.4 ADR  n=3,337
      arm    n  meanR     t  stop_pct  ret_pct
     base 3337  0.058 2.394    47.198    0.076
floor0.25 3337  0.047 2.043    45.580    0.069
 floor0.4 3337  0.040 2.250    32.754    0.076
 floor0.5 3337  0.032 2.174    23.374    0.070
 floor0.6 3337  0.025 1.992    16.452    0.065
 floor0.8 3337  0.015 1.514     8.810    0.047
   floor1 3337  0.015 1.827     3.746    0.062

curated · emitted stop >= 0.4 ADR  n=1,518
      arm    n  meanR     t  stop_pct  ret_pct
     base 1518  0.048 2.131    23.254    0.181
floor0.25 1518  0.048 2.131    23.254    0.181
 floor0.4 1518  0.048 2.131    23.254    0.181
 floor0.5 1518  0.050 2.315    20.949    0.189
 floor0.6 1518  0.038 1.945    17.391    0.168
 floor0.8 1518  0.025 1.577    11.133    0.137
   floor1 1518  0.030 2.284     6.126    0.166

  best floor for UR: floor0.25   meanR +0.047 (t +2.74) vs base +0.055   halves agree on the improvement: True
  PRE-REGISTERED PASS (UR): NO

======================================================================================================================
FBO  (side SHORT)  n=4,457  median emitted stop 0.50 ADR  |  share < 0.4 ADR: 16%
======================================================================================================================

ALL  n=4,457
      arm    n  meanR      t  stop_pct  ret_pct
     base 4457 -0.031 -2.637    21.786   -0.112
floor0.25 4457 -0.031 -2.637    21.786   -0.112
 floor0.4 4457 -0.029 -2.558    21.001   -0.112
 floor0.5 4457 -0.029 -2.742    18.353   -0.113
 floor0.6 4457 -0.032 -3.286    14.718   -0.125
 floor0.8 4457 -0.030 -3.750     8.122   -0.138
   floor1 4457 -0.025 -3.850     3.971   -0.143

curated  n=3,175
      arm    n  meanR      t  stop_pct  ret_pct
     base 3175 -0.045 -3.290    21.953   -0.148
floor0.25 3175 -0.045 -3.290    21.953   -0.148
 floor0.4 3175 -0.044 -3.272    21.134   -0.147
 floor0.5 3175 -0.043 -3.438    18.457   -0.149
 floor0.6 3175 -0.045 -3.962    14.835   -0.163
 floor0.8 3175 -0.042 -4.558     8.283   -0.180
   floor1 3175 -0.036 -4.681     4.031   -0.188

control  n=1,282
      arm    n  meanR     t  stop_pct  ret_pct
     base 1282  0.005 0.208    21.373   -0.022
floor0.25 1282  0.005 0.208    21.373   -0.022
 floor0.4 1282  0.007 0.322    20.671   -0.023
 floor0.5 1282  0.005 0.233    18.097   -0.024
 floor0.6 1282  0.001 0.037    14.431   -0.032
 floor0.8 1282  0.002 0.107     7.722   -0.034
   floor1 1282  0.002 0.129     3.822   -0.032

curated · half A  n=1,495
      arm    n  meanR      t  stop_pct  ret_pct
     base 1495 -0.071 -3.553    23.545   -0.177
floor0.25 1495 -0.071 -3.553    23.545   -0.177
 floor0.4 1495 -0.070 -3.541    22.609   -0.175
 floor0.5 1495 -0.067 -3.589    19.866   -0.176
 floor0.6 1495 -0.065 -3.871    15.920   -0.191
 floor0.8 1495 -0.055 -3.977     8.495   -0.205
   floor1 1495 -0.047 -4.073     4.415   -0.218

curated · half B  n=1,680
      arm    n  meanR      t  stop_pct  ret_pct
     base 1680 -0.021 -1.148    20.536   -0.123
floor0.25 1680 -0.021 -1.148    20.536   -0.123
 floor0.4 1680 -0.021 -1.137    19.821   -0.123
 floor0.5 1680 -0.022 -1.305    17.202   -0.125
 floor0.6 1680 -0.027 -1.754    13.869   -0.138
 floor0.8 1680 -0.031 -2.482     8.095   -0.159
   floor1 1680 -0.026 -2.548     3.690   -0.161

curated · emitted stop < 0.4 ADR  n=544
      arm   n  meanR      t  stop_pct  ret_pct
     base 544 -0.034 -0.873    30.147   -0.066
floor0.25 544 -0.034 -0.873    30.147   -0.066
 floor0.4 544 -0.027 -0.771    25.368   -0.061
 floor0.5 544 -0.013 -0.451    16.360   -0.034
 floor0.6 544 -0.017 -0.689    11.581   -0.048
 floor0.8 544 -0.020 -1.017     6.618   -0.076
   floor1 544 -0.013 -0.856     1.654   -0.070

curated · emitted stop >= 0.4 ADR  n=2,631
      arm    n  meanR      t  stop_pct  ret_pct
     base 2631 -0.047 -3.277    20.258   -0.165
floor0.25 2631 -0.047 -3.277    20.258   -0.165
 floor0.4 2631 -0.047 -3.277    20.258   -0.165
 floor0.5 2631 -0.049 -3.552    18.890   -0.173
 floor0.6 2631 -0.051 -3.997    15.507   -0.187
 floor0.8 2631 -0.047 -4.497     8.628   -0.202
   floor1 2631 -0.040 -4.678     4.523   -0.212

  best floor for FBO: floor1   meanR -0.036 (t -4.68) vs base -0.045   halves agree on the improvement: False
  PRE-REGISTERED PASS (FBO): NO

wrote data/studies/ur_fbo_stop_floor_2026-09-23.csv
