chain rows used 7,494,746; flow dates 3,981 2010-01-04 -> 2026-02-20
sessions 3,981 2010-01-05 -> 2026-02-23
               CF         VEX          VF
count  3981.00000  3981.00000  3981.00000
mean     -0.07590     0.08784     0.00410
std       0.05045     0.05950     0.11006
min      -0.25517     0.00323    -0.28146
25%      -0.09800     0.04587    -0.04792
50%      -0.06511     0.07621    -0.00661
75%      -0.04080     0.11122     0.04167
max      -0.00441     0.29151     0.46072
corr CF with to_opex: 0.105  VEX with lvix: -0.701

====================================================================================================
T1 charm (PRIMARY): r_t on CF
   sample    n        b       t  bps_per_sd
     full 3981  34.0527  0.8941      1.7178
2010-2017 1975 -79.2149 -1.6414     -3.8893
2018-2026 2006 101.7524  1.3045      4.8775
 year   n         b       t
 2010 248 -415.8344 -0.7471
 2011 249 -240.2301 -0.3197
 2012 244  -35.5249 -0.1384
 2013 245 -110.0996 -0.7406
 2014 246  121.4310  0.8664
 2015 248  -13.4804 -0.0415
 2016 249  -56.7369 -0.3235
 2017 246  -29.6309 -0.6056
 2018 245   57.7691  0.2968
 2019 246  260.3184  1.4988
 2020 249 -176.8988 -0.4141
 2021 249  315.6961  1.8706
 2022 248  141.5069  0.4339
 2023 245  366.5264  2.1234
 2024 246   42.6074  0.3082
 2025 243   82.3856  0.4392
 2026  35  743.7915  1.4839
-> |t| 0.89 (bar 3.2), halves same sign False, years same sign 9/17  => below bar; sign + (naive convention: dealers long puts)

====================================================================================================
T2 vanna (PRIMARY): r_t on VF
   sample    n         b       t  bps_per_sd
     full 3981  -63.1271 -1.1783     -6.9476
2010-2017 1975  103.6985  3.0025      9.4773
2018-2026 2006 -171.9199 -2.2596    -21.6231
 year   n         b       t
 2010 248  116.6198  0.1345
 2011 249 -493.0264 -2.1623
 2012 244 -284.2717 -0.7242
 2013 245  190.2046  1.0216
 2014 246  152.9877  1.8038
 2015 248  -52.7157 -0.3566
 2016 249  323.0553  2.7418
 2017 246  -34.2852 -0.9616
 2018 245 -227.5451 -3.3510
 2019 246  208.9885  1.7914
 2020 249  129.6382  0.7715
 2021 249 -189.4388 -1.7501
 2022 248  -16.1919 -0.0374
 2023 245 -314.4733 -0.7816
 2024 246 -270.8117 -7.7280
 2025 243 -157.8236 -2.7508
 2026  35 2219.1622  1.9121
-> |t| 1.18 (bar 3.2), halves same sign False, years same sign 10/17  => below bar; sign - (consistent with dealers SHORT puts)

====================================================================================================
EXPLORATORY (no verdict)
T1 without opex FE: b 48.0012 t 1.48
T1 on open->close: b 58.3167 t 2.14
T1 CF from DTE<=7 only: b 46.4046 t 0.76
T1 2022+: n 1017 b 96.5357 t 1.09
T2 2022+: n 1017 b -191.0400 t -2.15

opex-cycle profile (trading days to monthly expiry; 0 = expiry day; 15 = 15+):
            n  mean_r_bps  mean_CF       t
to_opex                                   
0         195    -21.5842  -0.0887 -3.1338
1         194     -1.2475  -0.0841 -0.1797
2         194     -6.4978  -0.0764 -0.9183
3         194     22.7916  -0.0765  3.2068
4         194      2.4413  -0.1283  0.2740
5         194      8.5836  -0.0639  1.0289
6         194     10.6839  -0.0634  0.9898
7         194      8.6610  -0.0606  1.1215
8         193      6.2498  -0.0659  0.8431
9         193     -8.6322  -0.1058 -0.8902
10        193      9.5133  -0.0606  1.1901
11        193     -2.4133  -0.0692 -0.3026
12        193     15.5365  -0.0661  1.8988
13        193      6.4880  -0.0912  0.9227
14        193     10.6661  -0.0841  1.3710
15       1077      5.6729  -0.0675  1.8431

SUMMARY {'T1 charm': {'t': np.float64(0.8941127088128971), 'b': np.float64(34.05270891685516), 'bps_sd': np.float64(1.717826107410114), 'years': 9, 'passed': np.False_}, 'T2 vanna': {'t': np.float64(-1.1782639034495506), 'b': np.float64(-63.127110038353), 'bps_sd': np.float64(-6.947580768264366), 'years': 10, 'passed': np.False_}}
