# Vol-decay (Hawkes) exit vs the 20-EMA trail (pre-registration in the docstring)

## PRIMARY pool: precision-tier house breakouts: 1,960 trades, 548 names, 832 dates (2019-10-23 -> 2026-09-22)
arm - BASE, paired, t clustered by entry date; % per trade; top10_pct = mean % on BASE's top-decile trades
            arm   pct     R   held  d_pct  t_pct     h1     h2 yrs_neg    d_R  top10_pct    win
           BASE 2.720 0.638 13.827  0.000    NaN  0.000  0.000     0/8  0.000     54.541 30.561
    VD_k0.1_L20 0.961 0.227  7.139 -1.759 -3.617 -0.655 -2.462     5/8 -0.411     22.270 40.561
VD_k0.1_L60 *P* 2.772 0.675 13.215  0.052 -0.763  1.341 -0.768     3/8  0.037     41.892 36.173
   VD_k0.1_L120 3.537 0.851 15.992  0.817  1.094  1.070  0.656     2/8  0.213     51.335 32.296
    VD_k0.2_L20 1.145 0.279  7.331 -1.575 -3.693 -0.781 -2.080     5/8 -0.359     23.269 40.765
    VD_k0.2_L60 2.476 0.606 12.811 -0.244 -1.095  1.036 -1.059     3/8 -0.032     38.784 36.122
   VD_k0.2_L120 3.203 0.783 15.190  0.483  0.985  0.393  0.540     3/8  0.145     47.263 33.520
    VD_k0.3_L20 1.160 0.289  7.271 -1.560 -3.524 -0.919 -1.968     5/8 -0.350     23.970 40.765
    VD_k0.3_L60 3.086 0.739 12.578  0.366  0.277  1.116 -0.111     2/8  0.101     43.517 36.327
   VD_k0.3_L120 3.135 0.765 14.640  0.415  0.993  0.427  0.407     2/8  0.127     46.753 34.286
      VD_SWITCH 2.890 0.684 14.984  0.170  0.680  0.185  0.160     3/8  0.046     53.434 29.337
      VD_OR_EMA 1.926 0.475 10.022 -0.794 -2.397  0.469 -1.598     3/8 -0.163     39.002 36.735
per year, arm - BASE (% per trade):
date           2019    2020    2021    2022    2023    2024    2025    2026
VD_k0.1_L20    0.54   -1.53    0.45   -1.09    1.07   -4.11   -5.87   -0.93
VD_k0.1_L60    0.68    1.90    0.61    1.64    2.24   -3.24   -1.20   -0.50
VD_k0.1_L120  -1.05    1.33    0.94    0.99    1.89   -2.20    1.54    0.75
VD_k0.2_L20    0.49   -1.71    0.42   -1.28    1.14   -5.01   -4.41   -0.67
VD_k0.2_L60    1.77    1.71    0.44    0.72    0.22   -3.21   -1.05   -0.71
VD_k0.2_L120  -1.20    0.73    0.93   -1.11    1.49   -2.11    2.05    0.30
VD_k0.3_L20    0.94   -1.98    0.43   -1.50    1.45   -4.75   -4.26   -0.67
VD_k0.3_L60    2.01    1.48    0.84    0.81    2.18   -3.85   -0.89    0.92
VD_k0.3_L120   2.39    0.49    1.12   -1.17    1.24   -2.02    1.95    0.10
VD_SWITCH     -3.62    0.38   -0.14    0.79    1.20    0.29   -0.30    0.12
VD_OR_EMA      0.68    0.05    0.48    1.28    1.35   -3.55   -1.79   -1.60
n             16.00  307.00  285.00  154.00  138.00  176.00  314.00  570.00
grid: max |t| 3.69, p_opt 0.0005 (2,000 date-level sign flips, all 9 cells); 5/9 cells share the primary's sign

## second pool: generic house breakouts (ADR >= 3): 7,655 trades, 1065 names, 1380 dates (2019-10-07 -> 2026-09-22)
arm - BASE, paired, t clustered by entry date; % per trade; top10_pct = mean % on BASE's top-decile trades
            arm   pct     R   held  d_pct  t_pct    h1     h2 yrs_neg    d_R  top10_pct    win
           BASE 0.562 0.115 13.159  0.000    NaN 0.000  0.000     0/8  0.000     36.647 28.726
    VD_k0.1_L20 0.298 0.058  7.537 -0.264 -2.557 0.235 -0.565     4/8 -0.057     18.531 39.164
VD_k0.1_L60 *P* 1.126 0.256 13.169  0.564  1.472 1.154  0.207     0/8  0.141     29.881 33.246
   VD_k0.1_L120 1.517 0.336 15.308  0.955  3.401 1.305  0.744     0/8  0.221     35.089 30.150
    VD_k0.2_L20 0.321 0.064  7.403 -0.241 -2.633 0.127 -0.463     3/8 -0.051     18.626 39.373
    VD_k0.2_L60 1.058 0.232 12.723  0.496  1.633 1.115  0.122     1/8  0.117     29.503 33.259
   VD_k0.2_L120 1.544 0.343 14.786  0.982  3.678 1.064  0.933     0/8  0.228     34.860 31.025
    VD_k0.3_L20 0.311 0.066  7.310 -0.251 -2.670 0.043 -0.429     3/8 -0.049     18.639 39.582
    VD_k0.3_L60 1.167 0.262 12.314  0.605  2.358 1.011  0.360     1/8  0.147     30.291 33.795
   VD_k0.3_L120 1.510 0.329 14.208  0.948  4.093 1.081  0.869     0/8  0.214     34.169 31.679
      VD_SWITCH 0.768 0.168 14.271  0.206  2.157 0.238  0.187     2/8  0.053     35.702 28.165
      VD_OR_EMA 0.488 0.104  9.898 -0.074 -1.327 0.552 -0.452     3/8 -0.011     28.515 34.239
per year, arm - BASE (% per trade):
date           2019     2020    2021    2022    2023    2024     2025     2026
VD_k0.1_L20    0.67    -0.16    0.36    0.67   -0.33   -0.89    -1.51     0.12
VD_k0.1_L60    0.81     1.90    0.24    1.26    0.33    0.09     0.10     0.28
VD_k0.1_L120   1.44     2.57    0.29    0.63    0.34    0.78     1.24     0.55
VD_k0.2_L20    1.14    -0.28    0.28    0.47    0.09   -1.37    -1.25     0.22
VD_k0.2_L60    1.00     1.88    0.44    0.82    0.42    0.12    -0.09     0.15
VD_k0.2_L120   1.01     2.14    0.44    0.16    0.50    1.09     1.61     0.57
VD_k0.3_L20    1.17    -0.43    0.35    0.25    0.21   -1.48    -1.24     0.30
VD_k0.3_L60    0.93     1.57    0.56    0.72    0.82    0.12    -0.10     0.59
VD_k0.3_L120   1.95     2.05    0.51    0.16    0.51    1.25     1.48     0.43
VD_SWITCH     -0.67     0.72   -0.33    0.35    0.34    0.09     0.16     0.18
VD_OR_EMA      0.37     0.28    0.46    1.17    0.20   -0.42    -0.94    -0.39
n             84.00  1140.00  979.00  679.00  768.00  775.00  1316.00  1914.00
grid: max |t| 4.09, p_opt 0.0005 (2,000 date-level sign flips, all 9 cells); 6/9 cells share the primary's sign

PRIMARY CELL VD_k0.1_L60 - BASE (precision, %): +0.052pp t -0.76 halves +1.341/-0.768 years negative 3/8 | R +0.037 | held 13.2d vs BASE 13.8d | top-decile +41.89% vs BASE +54.54%
BAR: NOT MET (|t| >= 3, halves same sign); grid p_opt precision 0.0005, generic 0.0005
