# Stocks that hold up in a weak tape (pre-registration in the docstring)

breadth = % of eligible names above the 50 SMA; episode = first close < 35% after >= 45%; STRONG = within 10% of the 252d high
61 episodes 2010 -> 2026-09-15
   episode  breadth  n_strong  strong_40  field_40  raw_excess_40  excess_40  days_to_recovery  wait_excess_40
2010-01-28     32.4     124.0       8.21     10.90          -2.69      -0.55              14.0           -0.05
2010-02-04     20.9      88.0      11.53     16.74          -5.21      -1.40               9.0           -0.86
2010-05-06     31.8     117.0      -6.30    -11.90           5.60       1.26               4.0           -0.28
2010-05-14     33.8     146.0      -2.78     -5.24           2.46       0.04              42.0           -0.08
2010-07-16     31.4      82.0       7.28      7.16           0.12       1.66               4.0            1.58
2010-08-24     29.7      81.0       9.47     15.66          -6.19      -4.23               6.0           -4.03
2011-03-16     26.4     158.0       9.09      6.18           2.91       1.92               3.0            1.66
2011-06-03     32.9     160.0      -1.46     -3.73           2.27       0.36              19.0            4.91
2011-07-29     33.7     134.0      -6.85    -15.61           8.76       6.29              50.0           -2.26
2011-11-23     22.2      67.0       9.59     16.18          -6.60      -2.86               4.0           -1.83
2011-12-19     34.0      90.0       7.26     21.43         -14.17      -5.69               1.0           -4.48
2012-04-10     32.7     168.0      -1.30     -5.06           3.76       2.57               2.0            2.97
2012-05-09     34.2     168.0       1.25     -3.63           4.87       2.87              28.0            0.29
2012-06-25     31.8     124.0       4.94     10.57          -5.63      -3.42               4.0           -2.44
2012-11-13     33.5     141.0       7.48     12.37          -4.89      -2.41               7.0           -1.03
2013-06-24     26.4     185.0       7.09      7.42          -0.34       1.34               8.0           -0.66
2014-02-03     29.3     179.0       9.16      9.40          -0.23      -0.28               4.0           -0.74
2014-08-01     31.6     247.0       3.06      2.21           0.85       0.60              11.0            0.57
2014-10-01     32.2     223.0       8.23      5.92           2.31       0.58              19.0            2.11
2014-10-07     27.8     207.0       9.69      5.82           3.87       1.09              15.0            1.79
2015-06-29     28.5     221.0      -7.48    -12.20           4.72       2.98              10.0            1.55
2015-08-20     33.0     196.0      -1.37     -1.73           0.36       0.45              34.0            4.37
2015-12-11     29.2     157.0      -7.81    -11.05           3.23       0.02               3.0           -0.76
2015-12-18     28.2     160.0      -4.11     -5.36           1.25      -0.83               3.0            0.14
2016-01-04     27.0     156.0      -0.58     -1.66           1.08      -0.28              33.0           -1.11
2016-06-27     23.2     184.0       6.61     16.86         -10.25      -7.52               3.0           -5.71
2016-09-14     33.8     233.0       1.85      3.22          -1.37      -0.67               5.0           -3.07
2016-10-13     30.6     233.0       6.85     10.36          -3.50      -2.22              18.0           -1.36
2018-02-05     29.5     227.0       0.92      1.01          -0.09       0.19              13.0            0.92
2018-03-01     32.6     255.0       1.05      1.39          -0.33      -0.59               6.0           -0.55
2018-03-22     31.1     269.0       3.29      3.09           0.21       1.05              16.0            2.64
2018-10-10     18.8     182.0      -2.67     -6.01           3.34       2.99              36.0           -1.50
2018-11-12     31.0     195.0      -5.17     -2.61          -2.56      -1.28              13.0           -1.35
2018-12-07     25.4     152.0       1.56      7.34          -5.78      -4.01              27.0            0.06
2019-05-29     31.7     248.0       7.82      9.86          -2.04      -1.30               7.0           -0.59
2019-08-05     30.1     225.0       3.73      1.09           2.64       0.54               3.0            0.95
2019-08-14     31.6     244.0       2.27      2.51          -0.24      -0.93              15.0           -5.41
2019-08-23     33.5     258.0       1.99      6.94          -4.94      -5.30               8.0           -5.01
2019-10-02     32.2     253.0       5.39     12.48          -7.09      -5.41               7.0           -4.09
2019-10-08     31.1     239.0       3.74     10.78          -7.03      -5.99               3.0           -4.31
2020-02-25     27.3     218.0     -11.94    -19.36           7.43       8.63              43.0           -5.12
2020-09-23     31.8     157.0       9.12     16.73          -7.61      -5.56               3.0           -4.54
2020-10-28     31.6     148.0      12.02     25.52         -13.50      -6.40               4.0           -5.01
2021-07-19     34.0     317.0       5.68      5.94          -0.26       2.55               2.0            2.64
2021-09-30     29.6     276.0       5.78      3.42           2.36       1.27              10.0            1.08
2021-12-01     27.1     240.0      -2.41     -3.68           1.27      -6.34               4.0           -5.12
2021-12-20     31.0     277.0      -2.43      1.26          -3.70      -7.56               3.0           -5.65
2022-01-20     32.1     250.0       3.64      0.25           3.39       4.31              39.0            4.22
2022-02-14     34.0     244.0       5.27     -3.89           9.17       5.76              22.0            5.43
2022-04-26     28.5     190.0      -9.36    -11.38           2.02      -1.18              58.0            2.93
2022-06-09     27.8     147.0      -5.29      5.72         -11.01      -8.17              27.0            5.35
2022-09-16     29.6     118.0       1.67      5.30          -3.63      -4.71              30.0           -1.17
2023-03-09     31.5     205.0       0.26      0.38          -0.12      -0.87              17.0           -0.45
2023-08-17     33.4     252.0      -0.71     -5.41           4.70       4.35              11.0            3.40
2023-09-19     33.8     313.0       0.72     -2.11           2.83       2.66              40.0           -1.62
2024-04-16     32.5     381.0       3.57      4.57          -1.00       0.57              14.0            2.12
2024-12-18     27.9     259.0       6.08      5.28           0.80       1.36              20.0           -1.34
2025-03-04     32.8     245.0      -1.14     -4.38           3.23       2.19              42.0           -3.04
2025-11-17     33.9     320.0       7.11     13.59          -6.48      -2.75               6.0           -1.55
2026-03-12     31.2     301.0       3.20     11.39          -8.19      -3.41              18.0           -4.50
2026-09-15     34.6       NaN        NaN       NaN            NaN        NaN               NaN             NaN

## PRIMARY: 40-session ADR-matched excess of STRONG, one observation per episode
  mean -0.69pp  median -0.28  t -1.50  n 60 episodes  positive 48%
  halves: pre-2018 -0.30 (n 28, t -0.56) / 2018+ -1.04 (n 32, t -1.42)
  bar t >= 3, both halves > 0, >= 70% of episodes positive: FAIL

## SECONDARY (exploratory)
  20-session ADR-matched excess: -0.35pp t -1.02 (53% +)
  60-session ADR-matched excess: -0.87pp t -1.60 (40% +)
  40-session RAW excess (no ADR match): -0.91pp t -1.38  <- what the ADR match removes
  WAIT arm (same names bought at breadth >= 50%, 40 sessions): -0.65pp; washout entry minus wait -0.04pp t -0.10 (n 60)
  every washout day (602 days, overlapping, descriptive): 40d excess -1.28pp

## TODAY: breadth 35.1% on 2026-09-21; in an episode since 2026-09-15; STRONG names that day: 309
